2026-03-19 14:44:56,934 - INFO - Epoch 0, Train loss: 0.0
2026-03-19 14:44:56,935 - INFO - mIoU: 0.8649; OA: 0.9486; AA: 0.9135; F1: 0.9231; cls_weighted_F1: 0.9484; Kappa: 0.9034;
2026-03-19 14:44:56,936 - INFO - spatial_LccAccuracy: 0.7235; spatial_PA: 0.7368; spatial_UA: 0.9726; spatial_F1: 0.8385; weighted_F1: 0.8673
2026-03-19 14:44:56,936 - INFO - temporal_CdAccuracy: 0.7252; temporal_PA: 0.9161; temporal_UA: 0.8292; temporal_F1: 0.8705
2026-03-19 14:44:56,936 - INFO - Confusion Matrix
 [14951.	  593.	    0.	    0.	   81.]
 [  807.	16748.	    3.	    0.	   56.]
 [    0.	    5.	  288.	    0.	    0.]
 [    0.	    0.	    0.	    0.	    0.]
 [   43.	  186.	    0.	    0.	  739.]
2026-03-19 14:44:56,937 - INFO - Change Type PA (Recall) Matrix
 [[0.    	0.9609	0.    	0.    	0.    ]
 [0.5455	0.    	1.    	0.    	0.7091]
 [0.    	1.    	0.    	0.    	0.    ]
 [0.    	0.    	0.    	0.    	0.    ]
 [0.    	0.    	0.    	0.    	0.    ]]
2026-03-19 14:44:56,938 - INFO - Change Type UA (Precision) Matrix
 [[0.    	0.8252	0.    	0.    	0.    ]
 [0.1319	0.    	1.    	0.    	0.7647]
 [0.    	1.    	0.    	0.    	0.    ]
 [0.    	0.    	0.    	0.    	0.    ]
 [0.    	0.    	0.    	0.    	0.    ]]
2026-03-19 14:44:56,939 - INFO - Change Type F1 Matrix
 [[0.    	0.8879	0.    	0.    	0.    ]
 [0.2124	0.    	1.    	0.    	0.7358]
 [0.    	1.    	0.    	0.    	0.    ]
 [0.    	0.    	0.    	0.    	0.    ]
 [0.    	0.    	0.    	0.    	0.    ]]
2026-03-19 14:44:56,939 - INFO - Epoch 0 saved.
