2026-03-19 14:44:57,012 - INFO - Epoch 0, Train loss: 0.0
2026-03-19 14:44:57,012 - INFO - mIoU: 0.9545; OA: 0.9866; AA: 0.9778; F1: 0.9765; cls_weighted_F1: 0.9867; Kappa: 0.9754;
2026-03-19 14:44:57,012 - INFO - spatial_LccAccuracy: 0.873; spatial_PA: 1.0; spatial_UA: 1.0; spatial_F1: 1.0; weighted_F1: 0.9101
2026-03-19 14:44:57,013 - INFO - temporal_CdAccuracy: 0.873; temporal_PA: 0.9035; temporal_UA: 0.8626; temporal_F1: 0.8826
2026-03-19 14:44:57,013 - INFO - Confusion Matrix
 [1506.	  81.	   0.	   0.	   0.]
 [  20.	1273.	   0.	   0.	   0.]
 [   0.	   0.	   0.	   0.	   0.]
 [   0.	   0.	   0.	   0.	   0.]
 [   0.	   0.	   0.	   0.	4680.]
2026-03-19 14:44:57,014 - INFO - Change Type PA (Recall) Matrix
 [[0.    	0.9375	0.    	0.    	0.    ]
 [1.    	0.    	0.    	0.    	0.    ]
 [0.    	0.    	0.    	0.    	0.    ]
 [0.    	0.    	0.    	0.    	0.    ]
 [0.    	0.    	0.    	0.    	0.    ]]
2026-03-19 14:44:57,015 - INFO - Change Type UA (Precision) Matrix
 [[0.    	0.8824	0.    	0.    	0.    ]
 [0.8378	0.    	0.    	0.    	0.    ]
 [0.    	0.    	0.    	0.    	0.    ]
 [0.    	0.    	0.    	0.    	0.    ]
 [0.    	0.    	0.    	0.    	0.    ]]
2026-03-19 14:44:57,015 - INFO - Change Type F1 Matrix
 [[0.    	0.9091	0.    	0.    	0.    ]
 [0.9118	0.    	0.    	0.    	0.    ]
 [0.    	0.    	0.    	0.    	0.    ]
 [0.    	0.    	0.    	0.    	0.    ]
 [0.    	0.    	0.    	0.    	0.    ]]
2026-03-19 14:44:57,016 - INFO - Epoch 0 saved.
