2026-03-19 14:44:57,329 - INFO - Epoch 0, Train loss: 0.0
2026-03-19 14:44:57,329 - INFO - mIoU: 0.9534; OA: 0.988; AA: 0.9868; F1: 0.9756; cls_weighted_F1: 0.988; Kappa: 0.9789;
2026-03-19 14:44:57,330 - INFO - spatial_LccAccuracy: 0.9086; spatial_PA: 0.99; spatial_UA: 0.9948; spatial_F1: 0.9924; weighted_F1: 0.9233
2026-03-19 14:44:57,330 - INFO - temporal_CdAccuracy: 0.9127; temporal_PA: 0.964; temporal_UA: 0.9472; temporal_F1: 0.9555
2026-03-19 14:44:57,330 - INFO - Confusion Matrix
 [24708.	  102.	    2.	    1.	    0.]
 [  279.	12597.	  108.	    0.	    0.]
 [   15.	   15.	  912.	    0.	    0.]
 [    0.	    0.	    0.	   21.	    0.]
 [    0.	    0.	    0.	    0.	 4560.]
2026-03-19 14:44:57,332 - INFO - Change Type PA (Recall) Matrix
 [[0.    	0.9476	0.9512	1.    	0.    ]
 [0.9041	0.    	0.8767	0.    	0.    ]
 [0.    	0.5   	0.    	0.    	0.    ]
 [0.    	0.    	0.    	0.    	0.    ]
 [0.    	0.    	0.    	0.    	0.    ]]
2026-03-19 14:44:57,333 - INFO - Change Type UA (Precision) Matrix
 [[0.    	0.9518	0.7091	1.    	0.    ]
 [0.8354	0.    	0.9014	0.    	0.    ]
 [0.    	0.0909	0.    	0.    	0.    ]
 [0.    	0.    	0.    	0.    	0.    ]
 [0.    	0.    	0.    	0.    	0.    ]]
2026-03-19 14:44:57,334 - INFO - Change Type F1 Matrix
 [[0.    	0.9497	0.8125	1.    	0.    ]
 [0.8684	0.    	0.8889	0.    	0.    ]
 [0.    	0.1538	0.    	0.    	0.    ]
 [0.    	0.    	0.    	0.    	0.    ]
 [0.    	0.    	0.    	0.    	0.    ]]
2026-03-19 14:44:57,334 - INFO - Epoch 0 saved.
