2026-03-19 14:44:57,623 - INFO - Epoch 0, Train loss: 0.0
2026-03-19 14:44:57,623 - INFO - mIoU: 0.8459; OA: 0.9764; AA: 0.906; F1: 0.9081; cls_weighted_F1: 0.9764; Kappa: 0.952;
2026-03-19 14:44:57,623 - INFO - spatial_LccAccuracy: 0.7647; spatial_PA: 1.0; spatial_UA: 1.0; spatial_F1: 1.0; weighted_F1: 0.9387
2026-03-19 14:44:57,624 - INFO - temporal_CdAccuracy: 0.7647; temporal_PA: 0.9358; temporal_UA: 0.9358; temporal_F1: 0.9358
2026-03-19 14:44:57,624 - INFO - Confusion Matrix
 [14356.	  446.	    0.	    0.	    0.]
 [  264.	21239.	   76.	    0.	    0.]
 [    0.	   80.	  259.	    0.	    0.]
 [    0.	    0.	    0.	    0.	    0.]
 [    0.	    0.	    0.	    0.	    0.]
2026-03-19 14:44:57,626 - INFO - Change Type PA (Recall) Matrix
 [[0.    	0.9595	0.    	0.    	0.    ]
 [0.9233	0.    	0.8727	0.    	0.    ]
 [0.    	0.5   	0.    	0.    	0.    ]
 [0.    	0.    	0.    	0.    	0.    ]
 [0.    	0.    	0.    	0.    	0.    ]]
2026-03-19 14:44:57,626 - INFO - Change Type UA (Precision) Matrix
 [[0.    	0.9548	0.    	0.    	0.    ]
 [0.9133	0.    	0.96  	0.    	0.    ]
 [0.    	0.6154	0.    	0.    	0.    ]
 [0.    	0.    	0.    	0.    	0.    ]
 [0.    	0.    	0.    	0.    	0.    ]]
2026-03-19 14:44:57,626 - INFO - Change Type F1 Matrix
 [[0.    	0.9571	0.    	0.    	0.    ]
 [0.9183	0.    	0.9143	0.    	0.    ]
 [0.    	0.5517	0.    	0.    	0.    ]
 [0.    	0.    	0.    	0.    	0.    ]
 [0.    	0.    	0.    	0.    	0.    ]]
2026-03-19 14:44:57,626 - INFO - Epoch 0 saved.
