2026-03-19 14:44:57,804 - INFO - Epoch 0, Train loss: 0.0
2026-03-19 14:44:57,805 - INFO - mIoU: 0.9714; OA: 0.9951; AA: 0.9834; F1: 0.9854; cls_weighted_F1: 0.9951; Kappa: 0.9841;
2026-03-19 14:44:57,805 - INFO - spatial_LccAccuracy: 0.9187; spatial_PA: 0.9968; spatial_UA: 0.9841; spatial_F1: 0.9904; weighted_F1: 0.9505
2026-03-19 14:44:57,806 - INFO - temporal_CdAccuracy: 0.9458; temporal_PA: 0.9832; temporal_UA: 0.9788; temporal_F1: 0.981
2026-03-19 14:44:57,806 - INFO - Confusion Matrix
 [18115.	    6.	    0.	    3.	    0.]
 [   43.	 2692.	    0.	   27.	    0.]
 [    0.	    0.	    0.	    0.	    0.]
 [    6.	   24.	    0.	 1224.	    0.]
 [    0.	    0.	    0.	    0.	    0.]
2026-03-19 14:44:57,807 - INFO - Change Type PA (Recall) Matrix
 [[0.    	0.9469	0.    	0.9385	0.    ]
 [0.7143	0.    	0.    	0.    	0.    ]
 [0.    	0.    	0.    	0.    	0.    ]
 [0.    	0.9821	0.    	0.    	0.    ]
 [0.    	0.    	0.    	0.    	0.    ]]
2026-03-19 14:44:57,808 - INFO - Change Type UA (Precision) Matrix
 [[0.    	0.9304	0.    	0.9581	0.    ]
 [0.8333	0.    	0.    	0.    	0.    ]
 [0.    	0.    	0.    	0.    	0.    ]
 [0.    	0.9735	0.    	0.    	0.    ]
 [0.    	0.    	0.    	0.    	0.    ]]
2026-03-19 14:44:57,809 - INFO - Change Type F1 Matrix
 [[0.    	0.9386	0.    	0.9482	0.    ]
 [0.7692	0.    	0.    	0.    	0.    ]
 [0.    	0.    	0.    	0.    	0.    ]
 [0.    	0.9778	0.    	0.    	0.    ]
 [0.    	0.    	0.    	0.    	0.    ]]
2026-03-19 14:44:57,809 - INFO - Epoch 0 saved.
