2026-03-19 14:44:57,926 - INFO - Epoch 0, Train loss: 0.0
2026-03-19 14:44:57,927 - INFO - mIoU: 0.924; OA: 0.9668; AA: 0.9511; F1: 0.9604; cls_weighted_F1: 0.9668; Kappa: 0.9441;
2026-03-19 14:44:57,927 - INFO - spatial_LccAccuracy: 0.687; spatial_PA: 0.9689; spatial_UA: 0.9818; spatial_F1: 0.9753; weighted_F1: 0.8725
2026-03-19 14:44:57,927 - INFO - temporal_CdAccuracy: 0.687; temporal_PA: 0.9109; temporal_UA: 0.8544; temporal_F1: 0.8817
2026-03-19 14:44:57,927 - INFO - Confusion Matrix
 [5986.	 172.	   2.	   5.	   0.]
 [ 151.	5949.	  39.	   0.	   0.]
 [   0.	  53.	1028.	   0.	   0.]
 [  18.	  18.	   0.	 379.	   0.]
 [   0.	   0.	   0.	   0.	   0.]
2026-03-19 14:44:57,929 - INFO - Change Type PA (Recall) Matrix
 [[0.    	0.9236	0.    	1.    	0.    ]
 [0.9677	0.    	0.6897	0.    	0.    ]
 [1.    	0.9512	0.    	0.    	0.    ]
 [0.    	0.    	0.    	0.    	0.    ]
 [0.    	0.    	0.    	0.    	0.    ]]
2026-03-19 14:44:57,930 - INFO - Change Type UA (Precision) Matrix
 [[0.    	0.8526	0.    	0.975 	0.    ]
 [0.7143	0.    	0.7143	0.    	0.    ]
 [1.    	0.907 	0.    	0.    	0.    ]
 [0.    	0.    	0.    	0.    	0.    ]
 [0.    	0.    	0.    	0.    	0.    ]]
2026-03-19 14:44:57,930 - INFO - Change Type F1 Matrix
 [[0.    	0.8867	0.    	0.9873	0.    ]
 [0.8219	0.    	0.7018	0.    	0.    ]
 [1.    	0.9286	0.    	0.    	0.    ]
 [0.    	0.    	0.    	0.    	0.    ]
 [0.    	0.    	0.    	0.    	0.    ]]
2026-03-19 14:44:57,931 - INFO - Epoch 0 saved.
