2026-03-19 14:44:10,497 - INFO - Epoch 0, Train loss: 0.0
2026-03-19 14:44:10,497 - INFO - mIoU: 0.6732; OA: 0.9584; AA: 0.9237; F1: 0.911; cls_weighted_F1: 0.9593; Kappa: 0.9221;
2026-03-19 14:44:10,498 - INFO - spatial_LccAccuracy: 0.7391; spatial_PA: 0.8402; spatial_UA: 0.9588; spatial_F1: 0.8956; weighted_F1: 0.8643
2026-03-19 14:44:10,499 - INFO - temporal_CdAccuracy: 0.7461; temporal_PA: 0.9097; temporal_UA: 0.8554; temporal_F1: 0.8817
2026-03-19 14:44:10,499 - INFO - Confusion Matrix
 [15192.	  360.	    0.	    4.	   69.]
 [  715.	16838.	   31.	   15.	   15.]
 [    0.	    0.	  293.	    0.	    0.]
 [    0.	    0.	    0.	    0.	    0.]
 [   14.	  109.	   42.	   61.	  742.]
2026-03-19 14:44:10,500 - INFO - Change Type PA (Recall) Matrix
 [[0.    	0.9472	0.    	0.    	0.    ]
 [0.5455	0.    	1.    	0.    	0.4   ]
 [0.    	1.    	0.    	0.    	0.    ]
 [0.    	0.    	0.    	0.    	0.    ]
 [0.    	0.    	0.    	0.    	0.    ]]
2026-03-19 14:44:10,501 - INFO - Change Type UA (Precision) Matrix
 [[0.    	0.8881	0.    	0.    	0.    ]
 [0.2308	0.    	0.7119	0.    	0.7586]
 [0.    	0.9767	0.    	0.    	0.    ]
 [0.    	0.    	0.    	0.    	0.    ]
 [0.    	0.    	0.    	0.    	0.    ]]
2026-03-19 14:44:10,501 - INFO - Change Type F1 Matrix
 [[0.    	0.9167	0.    	0.    	0.    ]
 [0.3243	0.    	0.8317	0.    	0.5238]
 [0.    	0.9882	0.    	0.    	0.    ]
 [0.    	0.    	0.    	0.    	0.    ]
 [0.    	0.    	0.    	0.    	0.    ]]
2026-03-19 14:44:10,501 - INFO - Epoch 0 saved.
