2026-03-19 14:44:10,608 - INFO - Epoch 0, Train loss: 0.0
2026-03-19 14:44:10,609 - INFO - mIoU: 0.9575; OA: 0.9876; AA: 0.9789; F1: 0.9781; cls_weighted_F1: 0.9876; Kappa: 0.9771;
2026-03-19 14:44:10,609 - INFO - spatial_LccAccuracy: 0.8889; spatial_PA: 1.0; spatial_UA: 1.0; spatial_F1: 1.0; weighted_F1: 0.9439
2026-03-19 14:44:10,609 - INFO - temporal_CdAccuracy: 0.8889; temporal_PA: 0.9167; temporal_UA: 0.9016; temporal_F1: 0.909
2026-03-19 14:44:10,609 - INFO - Confusion Matrix
 [1521.	  66.	   0.	   0.	   0.]
 [  28.	1265.	   0.	   0.	   0.]
 [   0.	   0.	   0.	   0.	   0.]
 [   0.	   0.	   0.	   0.	   0.]
 [   0.	   0.	   0.	   0.	4680.]
2026-03-19 14:44:10,610 - INFO - Change Type PA (Recall) Matrix
 [[0.    	0.9375	0.    	0.    	0.    ]
 [1.    	0.    	0.    	0.    	0.    ]
 [0.    	0.    	0.    	0.    	0.    ]
 [0.    	0.    	0.    	0.    	0.    ]
 [0.    	0.    	0.    	0.    	0.    ]]
2026-03-19 14:44:10,611 - INFO - Change Type UA (Precision) Matrix
 [[0.    	0.9375	0.    	0.    	0.    ]
 [0.9118	0.    	0.    	0.    	0.    ]
 [0.    	0.    	0.    	0.    	0.    ]
 [0.    	0.    	0.    	0.    	0.    ]
 [0.    	0.    	0.    	0.    	0.    ]]
2026-03-19 14:44:10,612 - INFO - Change Type F1 Matrix
 [[0.    	0.9375	0.    	0.    	0.    ]
 [0.9538	0.    	0.    	0.    	0.    ]
 [0.    	0.    	0.    	0.    	0.    ]
 [0.    	0.    	0.    	0.    	0.    ]
 [0.    	0.    	0.    	0.    	0.    ]]
2026-03-19 14:44:10,612 - INFO - Epoch 0 saved.
