2026-03-19 14:44:10,937 - INFO - Epoch 0, Train loss: 0.0
2026-03-19 14:44:10,937 - INFO - mIoU: 0.903; OA: 0.9889; AA: 0.9896; F1: 0.9452; cls_weighted_F1: 0.989; Kappa: 0.9806;
2026-03-19 14:44:10,937 - INFO - spatial_LccAccuracy: 0.8975; spatial_PA: 0.986; spatial_UA: 0.9927; spatial_F1: 0.9893; weighted_F1: 0.9148
2026-03-19 14:44:10,937 - INFO - temporal_CdAccuracy: 0.903; temporal_PA: 0.9624; temporal_UA: 0.9418; temporal_F1: 0.952
2026-03-19 14:44:10,937 - INFO - Confusion Matrix
 [24688.	  109.	    3.	    8.	    5.]
 [  211.	12650.	  119.	    1.	    3.]
 [    6.	    5.	  922.	    0.	    9.]
 [    0.	    0.	    0.	   21.	    0.]
 [    0.	    0.	    0.	    0.	 4560.]
2026-03-19 14:44:10,938 - INFO - Change Type PA (Recall) Matrix
 [[0.    	0.9389	0.9756	1.    	0.    ]
 [0.9452	0.    	0.8219	0.    	0.    ]
 [0.    	1.    	0.    	0.    	0.    ]
 [0.    	0.    	0.    	0.    	0.    ]
 [0.    	0.    	0.    	0.    	0.    ]]
2026-03-19 14:44:10,939 - INFO - Change Type UA (Precision) Matrix
 [[0.    	0.9556	0.6557	0.7778	0.    ]
 [0.8313	0.    	0.8451	0.    	0.    ]
 [0.    	0.25  	0.    	0.    	0.    ]
 [0.    	0.    	0.    	0.    	0.    ]
 [0.    	0.    	0.    	0.    	0.    ]]
2026-03-19 14:44:10,940 - INFO - Change Type F1 Matrix
 [[0.    	0.9471	0.7843	0.875 	0.    ]
 [0.8846	0.    	0.8333	0.    	0.    ]
 [0.    	0.4   	0.    	0.    	0.    ]
 [0.    	0.    	0.    	0.    	0.    ]
 [0.    	0.    	0.    	0.    	0.    ]]
2026-03-19 14:44:10,940 - INFO - Epoch 0 saved.
