2026-03-19 14:44:11,242 - INFO - Epoch 0, Train loss: 0.0
2026-03-19 14:44:11,243 - INFO - mIoU: 0.6476; OA: 0.9809; AA: 0.9063; F1: 0.9199; cls_weighted_F1: 0.9809; Kappa: 0.9612;
2026-03-19 14:44:11,243 - INFO - spatial_LccAccuracy: 0.817; spatial_PA: 1.0; spatial_UA: 1.0; spatial_F1: 1.0; weighted_F1: 0.9322
2026-03-19 14:44:11,243 - INFO - temporal_CdAccuracy: 0.817; temporal_PA: 0.9591; temporal_UA: 0.95; temporal_F1: 0.9545
2026-03-19 14:44:11,244 - INFO - Confusion Matrix
 [14447.	  354.	    0.	    1.	    0.]
 [  212.	21317.	   49.	    1.	    0.]
 [    0.	   83.	  256.	    0.	    0.]
 [    0.	    0.	    0.	    0.	    0.]
 [    0.	    0.	    0.	    0.	    0.]
2026-03-19 14:44:11,244 - INFO - Change Type PA (Recall) Matrix
 [[0.    	0.9472	0.    	0.    	0.    ]
 [0.937 	0.    	0.9818	0.    	0.    ]
 [0.    	0.625 	0.    	0.    	0.    ]
 [0.    	0.    	0.    	0.    	0.    ]
 [0.    	0.    	0.    	0.    	0.    ]]
2026-03-19 14:44:11,245 - INFO - Change Type UA (Precision) Matrix
 [[0.    	0.9507	0.    	0.    	0.    ]
 [0.8976	0.    	0.806 	0.    	0.    ]
 [0.    	0.5556	0.    	0.    	0.    ]
 [0.    	0.    	0.    	0.    	0.    ]
 [0.    	0.    	0.    	0.    	0.    ]]
2026-03-19 14:44:11,246 - INFO - Change Type F1 Matrix
 [[0.    	0.9489	0.    	0.    	0.    ]
 [0.9169	0.    	0.8852	0.    	0.    ]
 [0.    	0.5882	0.    	0.    	0.    ]
 [0.    	0.    	0.    	0.    	0.    ]
 [0.    	0.    	0.    	0.    	0.    ]]
2026-03-19 14:44:11,246 - INFO - Epoch 0 saved.
