2026-03-19 14:44:11,413 - INFO - Epoch 0, Train loss: 0.0
2026-03-19 14:44:11,414 - INFO - mIoU: 0.7155; OA: 0.9929; AA: 0.9831; F1: 0.9762; cls_weighted_F1: 0.993; Kappa: 0.9771;
2026-03-19 14:44:11,414 - INFO - spatial_LccAccuracy: 0.8889; spatial_PA: 0.9754; spatial_UA: 0.9952; spatial_F1: 0.9852; weighted_F1: 0.9284
2026-03-19 14:44:11,415 - INFO - temporal_CdAccuracy: 0.9377; temporal_PA: 0.9865; temporal_UA: 0.9714; temporal_F1: 0.9789
2026-03-19 14:44:11,415 - INFO - Confusion Matrix
 [18100.	   12.	    0.	    8.	    4.]
 [   29.	 2630.	    0.	  103.	    0.]
 [    0.	    0.	    0.	    0.	    0.]
 [    0.	    1.	    0.	 1252.	    1.]
 [    0.	    0.	    0.	    0.	    0.]
2026-03-19 14:44:11,416 - INFO - Change Type PA (Recall) Matrix
 [[0.    	0.7788	0.    	0.9949	0.    ]
 [1.    	0.    	0.    	0.    	0.    ]
 [0.    	0.    	0.    	0.    	0.    ]
 [0.    	1.    	0.    	0.    	0.    ]
 [0.    	0.    	0.    	0.    	0.    ]]
2026-03-19 14:44:11,417 - INFO - Change Type UA (Precision) Matrix
 [[0.    	0.9888	0.    	0.8818	0.    ]
 [0.5833	0.    	0.    	0.    	0.    ]
 [0.    	0.    	0.    	0.    	0.    ]
 [0.    	0.9739	0.    	0.    	0.    ]
 [0.    	0.    	0.    	0.    	0.    ]]
2026-03-19 14:44:11,418 - INFO - Change Type F1 Matrix
 [[0.    	0.8713	0.    	0.9349	0.    ]
 [0.7368	0.    	0.    	0.    	0.    ]
 [0.    	0.    	0.    	0.    	0.    ]
 [0.    	0.9868	0.    	0.    	0.    ]
 [0.    	0.    	0.    	0.    	0.    ]]
2026-03-19 14:44:11,418 - INFO - Epoch 0 saved.
