2026-03-19 14:44:11,531 - INFO - Epoch 0, Train loss: 0.0
2026-03-19 14:44:11,532 - INFO - mIoU: 0.744; OA: 0.9667; AA: 0.9634; F1: 0.9637; cls_weighted_F1: 0.9672; Kappa: 0.9442;
2026-03-19 14:44:11,532 - INFO - spatial_LccAccuracy: 0.7565; spatial_PA: 0.9717; spatial_UA: 0.9917; spatial_F1: 0.9816; weighted_F1: 0.9055
2026-03-19 14:44:11,532 - INFO - temporal_CdAccuracy: 0.7565; temporal_PA: 0.9293; temporal_UA: 0.8876; temporal_F1: 0.908
2026-03-19 14:44:11,532 - INFO - Confusion Matrix
 [5923.	 223.	   3.	  14.	   2.]
 [ 105.	5991.	  40.	   3.	   0.]
 [   0.	  56.	1025.	   0.	   0.]
 [   0.	   3.	   0.	 402.	  10.]
 [   0.	   0.	   0.	   0.	   0.]
2026-03-19 14:44:11,534 - INFO - Change Type PA (Recall) Matrix
 [[0.    	0.9444	0.    	0.9744	0.    ]
 [0.9839	0.    	0.8966	0.    	0.    ]
 [0.    	0.9756	0.    	0.    	0.    ]
 [0.    	0.    	0.    	0.    	0.    ]
 [0.    	0.    	0.    	0.    	0.    ]]
2026-03-19 14:44:11,535 - INFO - Change Type UA (Precision) Matrix
 [[0.    	0.8718	0.    	1.    	0.    ]
 [0.7625	0.    	0.8125	0.    	0.    ]
 [0.    	0.9756	0.    	0.    	0.    ]
 [0.    	0.    	0.    	0.    	0.    ]
 [0.    	0.    	0.    	0.    	0.    ]]
2026-03-19 14:44:11,535 - INFO - Change Type F1 Matrix
 [[0.    	0.9067	0.    	0.987 	0.    ]
 [0.8592	0.    	0.8525	0.    	0.    ]
 [0.    	0.9756	0.    	0.    	0.    ]
 [0.    	0.    	0.    	0.    	0.    ]
 [0.    	0.    	0.    	0.    	0.    ]]
2026-03-19 14:44:11,536 - INFO - Epoch 0 saved.
