2026-03-19 14:44:53,191 - INFO - Epoch 0, Train loss: 0.0
2026-03-19 14:44:53,192 - INFO - mIoU: 0.8411; OA: 0.9453; AA: 0.8907; F1: 0.9068; cls_weighted_F1: 0.9446; Kappa: 0.897;
2026-03-19 14:44:53,192 - INFO - spatial_LccAccuracy: 0.7426; spatial_PA: 0.733; spatial_UA: 0.9079; spatial_F1: 0.8111; weighted_F1: 0.8651
2026-03-19 14:44:53,192 - INFO - temporal_CdAccuracy: 0.7443; temporal_PA: 0.9104; temporal_UA: 0.8542; temporal_F1: 0.8814
2026-03-19 14:44:53,193 - INFO - Confusion Matrix
 [15183.	  394.	    0.	    0.	   48.]
 [ 1058.	16504.	   14.	    0.	   38.]
 [    0.	    0.	  293.	    0.	    0.]
 [    0.	    0.	    0.	    0.	    0.]
 [   75.	  260.	    0.	    0.	  633.]
2026-03-19 14:44:53,193 - INFO - Change Type PA (Recall) Matrix
 [[0.    	0.9452	0.    	0.    	0.    ]
 [0.2727	0.    	1.    	0.    	0.6364]
 [0.    	1.    	0.    	0.    	0.    ]
 [0.    	0.    	0.    	0.    	0.    ]
 [0.    	0.    	0.    	0.    	0.    ]]
2026-03-19 14:44:53,195 - INFO - Change Type UA (Precision) Matrix
 [[0.    	0.8504	0.    	0.    	0.    ]
 [0.0938	0.    	0.9333	0.    	0.8333]
 [0.    	0.9333	0.    	0.    	0.    ]
 [0.    	0.    	0.    	0.    	0.    ]
 [0.    	0.    	0.    	0.    	0.    ]]
2026-03-19 14:44:53,196 - INFO - Change Type F1 Matrix
 [[0.    	0.8953	0.    	0.    	0.    ]
 [0.1395	0.    	0.9655	0.    	0.7216]
 [0.    	0.9655	0.    	0.    	0.    ]
 [0.    	0.    	0.    	0.    	0.    ]
 [0.    	0.    	0.    	0.    	0.    ]]
2026-03-19 14:44:53,196 - INFO - Epoch 0 saved.
