2026-03-19 14:44:53,257 - INFO - Epoch 0, Train loss: 0.0
2026-03-19 14:44:53,258 - INFO - mIoU: 0.9526; OA: 0.9861; AA: 0.9755; F1: 0.9754; cls_weighted_F1: 0.9861; Kappa: 0.9744;
2026-03-19 14:44:53,258 - INFO - spatial_LccAccuracy: 0.8968; spatial_PA: 1.0; spatial_UA: 1.0; spatial_F1: 1.0; weighted_F1: 0.95
2026-03-19 14:44:53,259 - INFO - temporal_CdAccuracy: 0.8968; temporal_PA: 0.9167; temporal_UA: 0.9065; temporal_F1: 0.9116
2026-03-19 14:44:53,259 - INFO - Confusion Matrix
 [1534.	  53.	   0.	   0.	   0.]
 [  52.	1241.	   0.	   0.	   0.]
 [   0.	   0.	   0.	   0.	   0.]
 [   0.	   0.	   0.	   0.	   0.]
 [   0.	   0.	   0.	   0.	4680.]
2026-03-19 14:44:53,260 - INFO - Change Type PA (Recall) Matrix
 [[0.    	0.9583	0.    	0.    	0.    ]
 [0.9677	0.    	0.    	0.    	0.    ]
 [0.    	0.    	0.    	0.    	0.    ]
 [0.    	0.    	0.    	0.    	0.    ]
 [0.    	0.    	0.    	0.    	0.    ]]
2026-03-19 14:44:53,261 - INFO - Change Type UA (Precision) Matrix
 [[0.    	0.9388	0.    	0.    	0.    ]
 [0.9375	0.    	0.    	0.    	0.    ]
 [0.    	0.    	0.    	0.    	0.    ]
 [0.    	0.    	0.    	0.    	0.    ]
 [0.    	0.    	0.    	0.    	0.    ]]
2026-03-19 14:44:53,261 - INFO - Change Type F1 Matrix
 [[0.    	0.9485	0.    	0.    	0.    ]
 [0.9524	0.    	0.    	0.    	0.    ]
 [0.    	0.    	0.    	0.    	0.    ]
 [0.    	0.    	0.    	0.    	0.    ]
 [0.    	0.    	0.    	0.    	0.    ]]
2026-03-19 14:44:53,262 - INFO - Epoch 0 saved.
