2026-03-19 14:44:53,530 - INFO - Epoch 0, Train loss: 0.0
2026-03-19 14:44:53,531 - INFO - mIoU: 0.9236; OA: 0.9899; AA: 0.9812; F1: 0.9583; cls_weighted_F1: 0.9899; Kappa: 0.9822;
2026-03-19 14:44:53,531 - INFO - spatial_LccAccuracy: 0.9183; spatial_PA: 0.978; spatial_UA: 0.9886; spatial_F1: 0.9833; weighted_F1: 0.9187
2026-03-19 14:44:53,531 - INFO - temporal_CdAccuracy: 0.9238; temporal_PA: 0.9725; temporal_UA: 0.9554; temporal_F1: 0.9639
2026-03-19 14:44:53,531 - INFO - Confusion Matrix
 [24661.	  144.	    2.	    6.	    0.]
 [  176.	12764.	   44.	    0.	    0.]
 [    9.	   58.	  875.	    0.	    0.]
 [    0.	    0.	    0.	   21.	    0.]
 [    0.	    0.	    0.	    0.	 4560.]
2026-03-19 14:44:53,533 - INFO - Change Type PA (Recall) Matrix
 [[0.    	0.9629	0.8049	1.    	0.    ]
 [0.8767	0.    	0.9178	0.    	0.    ]
 [0.    	0.    	0.    	0.    	0.    ]
 [0.    	0.    	0.    	0.    	0.    ]
 [0.    	0.    	0.    	0.    	0.    ]]
2026-03-19 14:44:53,534 - INFO - Change Type UA (Precision) Matrix
 [[0.    	0.9284	0.8049	0.875 	0.    ]
 [0.8421	0.    	0.8816	0.    	0.    ]
 [0.    	0.    	0.    	0.    	0.    ]
 [0.    	0.    	0.    	0.    	0.    ]
 [0.    	0.    	0.    	0.    	0.    ]]
2026-03-19 14:44:53,534 - INFO - Change Type F1 Matrix
 [[0.    	0.9453	0.8049	0.9333	0.    ]
 [0.8591	0.    	0.8993	0.    	0.    ]
 [0.    	0.    	0.    	0.    	0.    ]
 [0.    	0.    	0.    	0.    	0.    ]
 [0.    	0.    	0.    	0.    	0.    ]]
2026-03-19 14:44:53,534 - INFO - Epoch 0 saved.
