2026-03-19 14:44:53,775 - INFO - Epoch 0, Train loss: 0.0
2026-03-19 14:44:53,775 - INFO - mIoU: 0.845; OA: 0.9791; AA: 0.8929; F1: 0.9066; cls_weighted_F1: 0.979; Kappa: 0.9575;
2026-03-19 14:44:53,776 - INFO - spatial_LccAccuracy: 0.781; spatial_PA: 1.0; spatial_UA: 1.0; spatial_F1: 1.0; weighted_F1: 0.9505
2026-03-19 14:44:53,776 - INFO - temporal_CdAccuracy: 0.781; temporal_PA: 0.9335; temporal_UA: 0.9466; temporal_F1: 0.94
2026-03-19 14:44:53,776 - INFO - Confusion Matrix
 [14471.	  331.	    0.	    0.	    0.]
 [  281.	21239.	   59.	    0.	    0.]
 [    0.	   96.	  243.	    0.	    0.]
 [    0.	    0.	    0.	    0.	    0.]
 [    0.	    0.	    0.	    0.	    0.]
2026-03-19 14:44:53,778 - INFO - Change Type PA (Recall) Matrix
 [[0.    	0.9705	0.    	0.    	0.    ]
 [0.9452	0.    	0.7273	0.    	0.    ]
 [0.    	0.0625	0.    	0.    	0.    ]
 [0.    	0.    	0.    	0.    	0.    ]
 [0.    	0.    	0.    	0.    	0.    ]]
2026-03-19 14:44:53,778 - INFO - Change Type UA (Precision) Matrix
 [[0.    	0.9789	0.    	0.    	0.    ]
 [0.961 	0.    	0.9524	0.    	0.    ]
 [0.    	0.1667	0.    	0.    	0.    ]
 [0.    	0.    	0.    	0.    	0.    ]
 [0.    	0.    	0.    	0.    	0.    ]]
2026-03-19 14:44:53,779 - INFO - Change Type F1 Matrix
 [[0.    	0.9747	0.    	0.    	0.    ]
 [0.953 	0.    	0.8247	0.    	0.    ]
 [0.    	0.0909	0.    	0.    	0.    ]
 [0.    	0.    	0.    	0.    	0.    ]
 [0.    	0.    	0.    	0.    	0.    ]]
2026-03-19 14:44:53,779 - INFO - Epoch 0 saved.
