2026-03-19 14:44:53,946 - INFO - Epoch 0, Train loss: 0.0
2026-03-19 14:44:53,947 - INFO - mIoU: 0.9684; OA: 0.9955; AA: 0.9814; F1: 0.9838; cls_weighted_F1: 0.9955; Kappa: 0.9855;
2026-03-19 14:44:53,947 - INFO - spatial_LccAccuracy: 0.9187; spatial_PA: 0.9836; spatial_UA: 0.9968; spatial_F1: 0.9901; weighted_F1: 0.939
2026-03-19 14:44:53,947 - INFO - temporal_CdAccuracy: 0.9729; temporal_PA: 0.9986; temporal_UA: 0.9874; temporal_F1: 0.993
2026-03-19 14:44:53,947 - INFO - Confusion Matrix
 [18098.	   19.	    0.	    7.	    0.]
 [    4.	 2751.	    0.	    7.	    0.]
 [    0.	    0.	    0.	    0.	    0.]
 [    1.	   62.	    0.	 1191.	    0.]
 [    0.	    0.	    0.	    0.	    0.]
2026-03-19 14:44:53,948 - INFO - Change Type PA (Recall) Matrix
 [[0.    	0.9735	0.    	0.8923	0.    ]
 [1.    	0.    	0.    	0.    	0.    ]
 [0.    	0.    	0.    	0.    	0.    ]
 [0.    	1.    	0.    	0.    	0.    ]
 [0.    	0.    	0.    	0.    	0.    ]]
2026-03-19 14:44:53,949 - INFO - Change Type UA (Precision) Matrix
 [[0.    	0.8333	0.    	0.9775	0.    ]
 [0.875 	0.    	0.    	0.    	0.    ]
 [0.    	0.    	0.    	0.    	0.    ]
 [0.    	0.9825	0.    	0.    	0.    ]
 [0.    	0.    	0.    	0.    	0.    ]]
2026-03-19 14:44:53,950 - INFO - Change Type F1 Matrix
 [[0.    	0.898 	0.    	0.933 	0.    ]
 [0.9333	0.    	0.    	0.    	0.    ]
 [0.    	0.    	0.    	0.    	0.    ]
 [0.    	0.9912	0.    	0.    	0.    ]
 [0.    	0.    	0.    	0.    	0.    ]]
2026-03-19 14:44:53,950 - INFO - Epoch 0 saved.
