2026-03-19 14:44:54,059 - INFO - Epoch 0, Train loss: 0.0
2026-03-19 14:44:54,060 - INFO - mIoU: 0.738; OA: 0.9678; AA: 0.9496; F1: 0.9595; cls_weighted_F1: 0.9681; Kappa: 0.9458;
2026-03-19 14:44:54,060 - INFO - spatial_LccAccuracy: 0.6957; spatial_PA: 0.9811; spatial_UA: 0.9944; spatial_F1: 0.9877; weighted_F1: 0.8549
2026-03-19 14:44:54,060 - INFO - temporal_CdAccuracy: 0.6957; temporal_PA: 0.9165; temporal_UA: 0.8792; temporal_F1: 0.8974
2026-03-19 14:44:54,060 - INFO - Confusion Matrix
 [5976.	 173.	   1.	  10.	   5.]
 [ 108.	6001.	  25.	   2.	   3.]
 [   0.	  90.	 991.	   0.	   0.]
 [   8.	  19.	   0.	 388.	   0.]
 [   0.	   0.	   0.	   0.	   0.]
2026-03-19 14:44:54,062 - INFO - Change Type PA (Recall) Matrix
 [[0.    	0.9028	0.    	0.9744	0.    ]
 [0.9194	0.    	0.5172	0.    	0.    ]
 [1.    	0.9024	0.    	0.    	0.    ]
 [0.    	0.    	0.    	0.    	0.    ]
 [0.    	0.    	0.    	0.    	0.    ]]
2026-03-19 14:44:54,062 - INFO - Change Type UA (Precision) Matrix
 [[0.    	0.8553	0.    	0.95  	0.    ]
 [0.7403	0.    	0.6522	0.    	0.    ]
 [1.    	0.9737	0.    	0.    	0.    ]
 [0.    	0.    	0.    	0.    	0.    ]
 [0.    	0.    	0.    	0.    	0.    ]]
2026-03-19 14:44:54,063 - INFO - Change Type F1 Matrix
 [[0.    	0.8784	0.    	0.962 	0.    ]
 [0.8201	0.    	0.5769	0.    	0.    ]
 [1.    	0.9367	0.    	0.    	0.    ]
 [0.    	0.    	0.    	0.    	0.    ]
 [0.    	0.    	0.    	0.    	0.    ]]
2026-03-19 14:44:54,063 - INFO - Epoch 0 saved.
