2026-01-29 22:26:18,631 - INFO - Epoch 0, Train loss: 0.0
2026-01-29 22:26:18,631 - INFO - mIoU: 0.9574; OA: 0.9936; AA: 0.97; F1: 0.9773; Kappa: 0.9891;
2026-01-29 22:26:18,631 - INFO - spatial_LccAccuracy: 0.9444; spatial_PA: 0.996; spatial_UA: 0.998; spatial_F1: 0.997; weighted_F1: 0.9337
2026-01-29 22:26:18,631 - INFO - temporal_CdAccuracy: 0.9498; temporal_PA: 0.9822; temporal_UA: 0.9692; temporal_F1: 0.9757
2026-01-29 22:26:18,631 - INFO - Confusion Matrix
 [23245.	  118.	    1.	    0.	    0.]
 [   47.	15476.	   30.	    0.	    0.]
 [    7.	   74.	  662.	    0.	    0.]
 [    0.	    0.	    0.	    0.	    0.]
 [    5.	    0.	    0.	    0.	 4555.]
2026-01-29 22:26:18,631 - INFO - Change Type PA (Recall) Matrix
 [[0.    	0.9705	0.8409	0.    	0.    ]
 [0.8354	0.    	0.9211	0.    	0.    ]
 [0.    	0.    	0.    	0.    	0.    ]
 [0.    	0.    	0.    	0.    	0.    ]
 [0.    	0.    	0.    	0.    	0.    ]]
2026-01-29 22:26:18,631 - INFO - Change Type UA (Precision) Matrix
 [[0.    	0.9447	0.9737	0.    	0.    ]
 [0.8684	0.    	0.7778	0.    	0.    ]
 [0.    	0.    	0.    	0.    	0.    ]
 [0.    	0.    	0.    	0.    	0.    ]
 [0.    	0.    	0.    	0.    	0.    ]]
2026-01-29 22:26:18,631 - INFO - Change Type F1 Matrix
 [[0.    	0.9574	0.9024	0.    	0.    ]
 [0.8516	0.    	0.8434	0.    	0.    ]
 [0.    	0.    	0.    	0.    	0.    ]
 [0.    	0.    	0.    	0.    	0.    ]
 [0.    	0.    	0.    	0.    	0.    ]]
2026-01-29 22:26:18,631 - INFO - Epoch 0 saved.
