2026-01-29 22:26:18,863 - INFO - Epoch 0, Train loss: 0.0
2026-01-29 22:26:18,864 - INFO - mIoU: 0.9463; OA: 0.9933; AA: 0.9619; F1: 0.9719; Kappa: 0.9785;
2026-01-29 22:26:18,864 - INFO - spatial_LccAccuracy: 0.9595; spatial_PA: 0.9983; spatial_UA: 0.9929; spatial_F1: 0.9956; weighted_F1: 0.9812
2026-01-29 22:26:18,864 - INFO - temporal_CdAccuracy: 0.9649; temporal_PA: 0.9872; temporal_UA: 0.9848; temporal_F1: 0.986
2026-01-29 22:26:18,864 - INFO - Confusion Matrix
 [18106.	   23.	    0.	    0.	    0.]
 [    4.	 2990.	    0.	    3.	    0.]
 [    0.	    0.	    0.	    0.	    0.]
 [    5.	  114.	    0.	  955.	    0.]
 [    0.	    0.	    0.	    0.	    0.]
2026-01-29 22:26:18,865 - INFO - Change Type PA (Recall) Matrix
 [[0.    	1.    	0.    	0.9529	0.    ]
 [1.    	0.    	0.    	0.    	0.    ]
 [0.    	0.    	0.    	0.    	0.    ]
 [0.    	1.    	0.    	0.    	0.    ]
 [0.    	0.    	0.    	0.    	0.    ]]
2026-01-29 22:26:18,865 - INFO - Change Type UA (Precision) Matrix
 [[0.    	0.9493	0.    	1.    	0.    ]
 [1.    	0.    	0.    	0.    	0.    ]
 [0.    	0.    	0.    	0.    	0.    ]
 [0.    	1.    	0.    	0.    	0.    ]
 [0.    	0.    	0.    	0.    	0.    ]]
2026-01-29 22:26:18,865 - INFO - Change Type F1 Matrix
 [[0.    	0.974 	0.    	0.9759	0.    ]
 [1.    	0.    	0.    	0.    	0.    ]
 [0.    	0.    	0.    	0.    	0.    ]
 [0.    	1.    	0.    	0.    	0.    ]
 [0.    	0.    	0.    	0.    	0.    ]]
2026-01-29 22:26:18,865 - INFO - Epoch 0 saved.
