2026-03-19 14:43:50,202 - INFO - Epoch 0, Train loss: 0.0
2026-03-19 14:43:50,202 - INFO - mIoU: 0.8656; OA: 0.9586; AA: 0.9222; F1: 0.9262; cls_weighted_F1: 0.9583; Kappa: 0.9221;
2026-03-19 14:43:50,203 - INFO - spatial_LccAccuracy: 0.767; spatial_PA: 0.7982; spatial_UA: 0.9787; spatial_F1: 0.8793; weighted_F1: 0.8932
2026-03-19 14:43:50,203 - INFO - temporal_CdAccuracy: 0.767; temporal_PA: 0.9135; temporal_UA: 0.8592; temporal_F1: 0.8855
2026-03-19 14:43:50,204 - INFO - Confusion Matrix
 [15153.	  437.	    0.	    0.	   35.]
 [  689.	16872.	   37.	    0.	   16.]
 [    0.	    7.	  286.	    0.	    0.]
 [    0.	    0.	    0.	    0.	    0.]
 [    4.	  203.	    1.	    0.	  760.]
2026-03-19 14:43:50,205 - INFO - Change Type PA (Recall) Matrix
 [[0.    	0.9687	0.    	0.    	0.    ]
 [0.3636	0.    	1.    	0.    	0.8545]
 [0.    	1.    	0.    	0.    	0.    ]
 [0.    	0.    	0.    	0.    	0.    ]
 [0.    	0.    	0.    	0.    	0.    ]]
2026-03-19 14:43:50,205 - INFO - Change Type UA (Precision) Matrix
 [[0.    	0.8777	0.    	0.    	0.    ]
 [0.1667	0.    	0.84  	0.    	0.8246]
 [0.    	0.913 	0.    	0.    	0.    ]
 [0.    	0.    	0.    	0.    	0.    ]
 [0.    	0.    	0.    	0.    	0.    ]]
2026-03-19 14:43:50,206 - INFO - Change Type F1 Matrix
 [[0.    	0.9209	0.    	0.    	0.    ]
 [0.2286	0.    	0.913 	0.    	0.8393]
 [0.    	0.9545	0.    	0.    	0.    ]
 [0.    	0.    	0.    	0.    	0.    ]
 [0.    	0.    	0.    	0.    	0.    ]]
2026-03-19 14:43:50,206 - INFO - Epoch 0 saved.
