2026-03-19 14:43:50,273 - INFO - Epoch 0, Train loss: 0.0
2026-03-19 14:43:50,274 - INFO - mIoU: 0.9686; OA: 0.9909; AA: 0.9849; F1: 0.9839; cls_weighted_F1: 0.9909; Kappa: 0.9832;
2026-03-19 14:43:50,274 - INFO - spatial_LccAccuracy: 0.9206; spatial_PA: 1.0; spatial_UA: 1.0; spatial_F1: 1.0; weighted_F1: 0.9343
2026-03-19 14:43:50,274 - INFO - temporal_CdAccuracy: 0.9206; temporal_PA: 0.961; temporal_UA: 0.9144; temporal_F1: 0.9371
2026-03-19 14:43:50,274 - INFO - Confusion Matrix
 [1531.	  56.	   0.	   0.	   0.]
 [  13.	1280.	   0.	   0.	   0.]
 [   0.	   0.	   0.	   0.	   0.]
 [   0.	   0.	   0.	   0.	   0.]
 [   0.	   0.	   0.	   0.	4680.]
2026-03-19 14:43:50,275 - INFO - Change Type PA (Recall) Matrix
 [[0.    	0.9792	0.    	0.    	0.    ]
 [1.    	0.    	0.    	0.    	0.    ]
 [0.    	0.    	0.    	0.    	0.    ]
 [0.    	0.    	0.    	0.    	0.    ]
 [0.    	0.    	0.    	0.    	0.    ]]
2026-03-19 14:43:50,276 - INFO - Change Type UA (Precision) Matrix
 [[0.    	0.9038	0.    	0.    	0.    ]
 [0.8611	0.    	0.    	0.    	0.    ]
 [0.    	0.    	0.    	0.    	0.    ]
 [0.    	0.    	0.    	0.    	0.    ]
 [0.    	0.    	0.    	0.    	0.    ]]
2026-03-19 14:43:50,277 - INFO - Change Type F1 Matrix
 [[0.    	0.94  	0.    	0.    	0.    ]
 [0.9254	0.    	0.    	0.    	0.    ]
 [0.    	0.    	0.    	0.    	0.    ]
 [0.    	0.    	0.    	0.    	0.    ]
 [0.    	0.    	0.    	0.    	0.    ]]
2026-03-19 14:43:50,277 - INFO - Epoch 0 saved.
