2026-03-19 14:43:50,602 - INFO - Epoch 0, Train loss: 0.0
2026-03-19 14:43:50,602 - INFO - mIoU: 0.9155; OA: 0.9919; AA: 0.9908; F1: 0.952; cls_weighted_F1: 0.9919; Kappa: 0.9857;
2026-03-19 14:43:50,602 - INFO - spatial_LccAccuracy: 0.9307; spatial_PA: 0.986; spatial_UA: 0.9927; spatial_F1: 0.9893; weighted_F1: 0.9297
2026-03-19 14:43:50,603 - INFO - temporal_CdAccuracy: 0.9363; temporal_PA: 0.9787; temporal_UA: 0.96; temporal_F1: 0.9693
2026-03-19 14:43:50,603 - INFO - Confusion Matrix
 [24703.	  105.	    0.	    5.	    0.]
 [  155.	12764.	   63.	    1.	    1.]
 [    4.	   16.	  919.	    3.	    0.]
 [    0.	    0.	    0.	   21.	    0.]
 [    0.	    0.	    0.	    0.	 4560.]
2026-03-19 14:43:50,604 - INFO - Change Type PA (Recall) Matrix
 [[0.    	0.9672	0.8293	1.    	0.    ]
 [0.9178	0.    	0.9178	0.    	0.    ]
 [0.    	1.    	0.    	0.    	0.    ]
 [0.    	0.    	0.    	0.    	0.    ]
 [0.    	0.    	0.    	0.    	0.    ]]
2026-03-19 14:43:50,605 - INFO - Change Type UA (Precision) Matrix
 [[0.    	0.9466	0.7727	0.875 	0.    ]
 [0.8701	0.    	0.8481	0.    	0.    ]
 [0.    	0.2857	0.    	0.    	0.    ]
 [0.    	0.    	0.    	0.    	0.    ]
 [0.    	0.    	0.    	0.    	0.    ]]
2026-03-19 14:43:50,605 - INFO - Change Type F1 Matrix
 [[0.    	0.9568	0.8   	0.9333	0.    ]
 [0.8933	0.    	0.8816	0.    	0.    ]
 [0.    	0.4444	0.    	0.    	0.    ]
 [0.    	0.    	0.    	0.    	0.    ]
 [0.    	0.    	0.    	0.    	0.    ]]
2026-03-19 14:43:50,606 - INFO - Epoch 0 saved.
