2026-03-19 14:43:50,933 - INFO - Epoch 0, Train loss: 0.0
2026-03-19 14:43:50,934 - INFO - mIoU: 0.6576; OA: 0.9818; AA: 0.9199; F1: 0.9292; cls_weighted_F1: 0.9817; Kappa: 0.9628;
2026-03-19 14:43:50,934 - INFO - spatial_LccAccuracy: 0.8219; spatial_PA: 1.0; spatial_UA: 1.0; spatial_F1: 1.0; weighted_F1: 0.9497
2026-03-19 14:43:50,934 - INFO - temporal_CdAccuracy: 0.8219; temporal_PA: 0.9504; temporal_UA: 0.9525; temporal_F1: 0.9514
2026-03-19 14:43:50,934 - INFO - Confusion Matrix
 [14383.	  416.	    0.	    3.	    0.]
 [  133.	21397.	   48.	    1.	    0.]
 [    0.	   69.	  270.	    0.	    0.]
 [    0.	    0.	    0.	    0.	    0.]
 [    0.	    0.	    0.	    0.	    0.]
2026-03-19 14:43:50,935 - INFO - Change Type PA (Recall) Matrix
 [[0.    	0.9521	0.    	0.    	0.    ]
 [0.9315	0.    	0.9636	0.    	0.    ]
 [0.    	0.9375	0.    	0.    	0.    ]
 [0.    	0.    	0.    	0.    	0.    ]
 [0.    	0.    	0.    	0.    	0.    ]]
2026-03-19 14:43:50,935 - INFO - Change Type UA (Precision) Matrix
 [[0.    	0.9675	0.    	0.    	0.    ]
 [0.9341	0.    	0.9298	0.    	0.    ]
 [0.    	0.75  	0.    	0.    	0.    ]
 [0.    	0.    	0.    	0.    	0.    ]
 [0.    	0.    	0.    	0.    	0.    ]]
2026-03-19 14:43:50,935 - INFO - Change Type F1 Matrix
 [[0.    	0.9598	0.    	0.    	0.    ]
 [0.9328	0.    	0.9464	0.    	0.    ]
 [0.    	0.8333	0.    	0.    	0.    ]
 [0.    	0.    	0.    	0.    	0.    ]
 [0.    	0.    	0.    	0.    	0.    ]]
2026-03-19 14:43:50,936 - INFO - Epoch 0 saved.
