2026-03-19 14:43:51,114 - INFO - Epoch 0, Train loss: 0.0
2026-03-19 14:43:51,115 - INFO - mIoU: 0.9753; OA: 0.9961; AA: 0.991; F1: 0.9874; cls_weighted_F1: 0.9961; Kappa: 0.9874;
2026-03-19 14:43:51,115 - INFO - spatial_LccAccuracy: 0.935; spatial_PA: 1.0; spatial_UA: 1.0; spatial_F1: 1.0; weighted_F1: 0.9576
2026-03-19 14:43:51,116 - INFO - temporal_CdAccuracy: 0.9621; temporal_PA: 0.9962; temporal_UA: 0.9839; temporal_F1: 0.99
2026-03-19 14:43:51,116 - INFO - Confusion Matrix
 [18105.	   16.	    0.	    3.	    0.]
 [   16.	 2697.	    0.	   49.	    0.]
 [    0.	    0.	    0.	    0.	    0.]
 [    0.	    3.	    0.	 1251.	    0.]
 [    0.	    0.	    0.	    0.	    0.]
2026-03-19 14:43:51,117 - INFO - Change Type PA (Recall) Matrix
 [[0.    	0.8761	0.    	0.9949	0.    ]
 [0.8571	0.    	0.    	0.    	0.    ]
 [0.    	0.    	0.    	0.    	0.    ]
 [0.    	0.9911	0.    	0.    	0.    ]
 [0.    	0.    	0.    	0.    	0.    ]]
2026-03-19 14:43:51,118 - INFO - Change Type UA (Precision) Matrix
 [[0.    	0.99  	0.    	0.9327	0.    ]
 [0.75  	0.    	0.    	0.    	0.    ]
 [0.    	0.    	0.    	0.    	0.    ]
 [0.    	0.9823	0.    	0.    	0.    ]
 [0.    	0.    	0.    	0.    	0.    ]]
2026-03-19 14:43:51,119 - INFO - Change Type F1 Matrix
 [[0.    	0.9296	0.    	0.9628	0.    ]
 [0.8   	0.    	0.    	0.    	0.    ]
 [0.    	0.    	0.    	0.    	0.    ]
 [0.    	0.9867	0.    	0.    	0.    ]
 [0.    	0.    	0.    	0.    	0.    ]]
2026-03-19 14:43:51,119 - INFO - Epoch 0 saved.
