2026-03-19 14:43:51,257 - INFO - Epoch 0, Train loss: 0.0
2026-03-19 14:43:51,258 - INFO - mIoU: 0.9513; OA: 0.9743; AA: 0.9746; F1: 0.975; cls_weighted_F1: 0.9744; Kappa: 0.9569;
2026-03-19 14:43:51,258 - INFO - spatial_LccAccuracy: 0.7739; spatial_PA: 0.9811; spatial_UA: 0.9944; spatial_F1: 0.9877; weighted_F1: 0.9044
2026-03-19 14:43:51,259 - INFO - temporal_CdAccuracy: 0.7739; temporal_PA: 0.931; temporal_UA: 0.8936; temporal_F1: 0.9119
2026-03-19 14:43:51,259 - INFO - Confusion Matrix
 [5969.	 187.	   1.	   8.	   0.]
 [  89.	6025.	  25.	   0.	   0.]
 [   0.	  37.	1044.	   0.	   0.]
 [   0.	   3.	   4.	 408.	   0.]
 [   0.	   0.	   0.	   0.	   0.]
2026-03-19 14:43:51,260 - INFO - Change Type PA (Recall) Matrix
 [[0.    	0.9514	0.    	1.    	0.    ]
 [0.9516	0.    	0.8621	0.    	0.    ]
 [1.    	0.9512	0.    	0.    	0.    ]
 [0.    	0.    	0.    	0.    	0.    ]
 [0.    	0.    	0.    	0.    	0.    ]]
2026-03-19 14:43:51,261 - INFO - Change Type UA (Precision) Matrix
 [[0.    	0.8782	0.    	1.    	0.    ]
 [0.7763	0.    	0.7353	0.    	0.    ]
 [0.5   	0.975 	0.    	0.    	0.    ]
 [0.    	0.    	0.    	0.    	0.    ]
 [0.    	0.    	0.    	0.    	0.    ]]
2026-03-19 14:43:51,261 - INFO - Change Type F1 Matrix
 [[0.    	0.9133	0.    	1.    	0.    ]
 [0.8551	0.    	0.7937	0.    	0.    ]
 [0.6667	0.963 	0.    	0.    	0.    ]
 [0.    	0.    	0.    	0.    	0.    ]
 [0.    	0.    	0.    	0.    	0.    ]]
2026-03-19 14:43:51,262 - INFO - Epoch 0 saved.
