2026-01-29 22:27:47,246 - INFO - Epoch 0, Train loss: 0.0
2026-01-29 22:27:47,247 - INFO - mIoU: 0.9083; OA: 0.9677; AA: 0.9417; F1: 0.9512; Kappa: 0.9445;
2026-01-29 22:27:47,247 - INFO - spatial_LccAccuracy: 0.724; spatial_PA: 0.9541; spatial_UA: 0.9785; spatial_F1: 0.9661; weighted_F1: 0.834
2026-01-29 22:27:47,247 - INFO - temporal_CdAccuracy: 0.7344; temporal_PA: 0.8976; temporal_UA: 0.8776; temporal_F1: 0.8875
2026-01-29 22:27:47,247 - INFO - Confusion Matrix
 [76772.	 2011.	    7.	   15.	   59.]
 [ 1861.	58162.	  147.	   74.	   18.]
 [    6.	  382.	 2662.	    1.	    0.]
 [   65.	   44.	    3.	 1402.	    1.]
 [   62.	  257.	    0.	    0.	10969.]
2026-01-29 22:27:47,247 - INFO - Change Type PA (Recall) Matrix
 [[0.    	0.8966	0.7597	0.8958	0.    ]
 [0.7655	0.    	0.5396	0.    	0.7091]
 [0.    	0.9024	0.    	0.    	0.    ]
 [0.    	0.9596	0.    	0.    	0.    ]
 [0.    	0.    	0.    	0.    	0.    ]]
2026-01-29 22:27:47,247 - INFO - Change Type UA (Precision) Matrix
 [[0.    	0.8636	0.9159	0.8689	0.    ]
 [0.7034	0.    	0.6048	0.    	0.7959]
 [0.    	0.6271	0.    	0.    	0.    ]
 [0.    	0.7661	0.    	0.    	0.    ]
 [0.    	0.    	0.    	0.    	0.    ]]
2026-01-29 22:27:47,247 - INFO - Change Type F1 Matrix
 [[0.    	0.8798	0.8305	0.8821	0.    ]
 [0.7332	0.    	0.5703	0.    	0.75  ]
 [0.    	0.74  	0.    	0.    	0.    ]
 [0.    	0.852 	0.    	0.    	0.    ]
 [0.    	0.    	0.    	0.    	0.    ]]
2026-01-29 22:27:47,247 - INFO - Epoch 0 saved.
