2026-01-29 22:27:51,202 - INFO - Epoch 0, Train loss: 0.0
2026-01-29 22:27:51,202 - INFO - mIoU: 0.9291; OA: 0.9722; AA: 0.9568; F1: 0.9624; Kappa: 0.9523;
2026-01-29 22:27:51,202 - INFO - spatial_LccAccuracy: 0.7623; spatial_PA: 0.9556; spatial_UA: 0.984; spatial_F1: 0.9696; weighted_F1: 0.8463
2026-01-29 22:27:51,202 - INFO - temporal_CdAccuracy: 0.7689; temporal_PA: 0.9081; temporal_UA: 0.8994; temporal_F1: 0.9038
2026-01-29 22:27:51,202 - INFO - Confusion Matrix
 [77288.	 1546.	    5.	   21.	    4.]
 [ 1907.	58112.	  170.	   27.	   46.]
 [    0.	  381.	 2669.	    1.	    0.]
 [   20.	   10.	    0.	 1485.	    0.]
 [   26.	  147.	    0.	    0.	11115.]
2026-01-29 22:27:51,202 - INFO - Change Type PA (Recall) Matrix
 [[0.    	0.9155	0.7519	0.8919	0.    ]
 [0.7411	0.    	0.5252	0.    	0.7818]
 [0.    	0.9268	0.    	0.    	0.    ]
 [0.    	0.8889	0.    	0.    	0.    ]
 [0.    	0.    	0.    	0.    	0.    ]]
2026-01-29 22:27:51,202 - INFO - Change Type UA (Precision) Matrix
 [[0.    	0.8713	0.8739	0.8953	0.    ]
 [0.7356	0.    	0.6518	0.    	0.8958]
 [0.    	0.7037	0.    	0.    	0.    ]
 [0.    	0.8627	0.    	0.    	0.    ]
 [0.    	0.    	0.    	0.    	0.    ]]
2026-01-29 22:27:51,202 - INFO - Change Type F1 Matrix
 [[0.    	0.8929	0.8083	0.8936	0.    ]
 [0.7383	0.    	0.5817	0.    	0.835 ]
 [0.    	0.8   	0.    	0.    	0.    ]
 [0.    	0.8756	0.    	0.    	0.    ]
 [0.    	0.    	0.    	0.    	0.    ]]
2026-01-29 22:27:51,202 - INFO - Epoch 0 saved.
