2026-01-29 22:27:49,844 - INFO - Epoch 0, Train loss: 0.0
2026-01-29 22:27:49,844 - INFO - mIoU: 0.9008; OA: 0.9675; AA: 0.9464; F1: 0.9468; Kappa: 0.9443;
2026-01-29 22:27:49,844 - INFO - spatial_LccAccuracy: 0.7313; spatial_PA: 0.9462; spatial_UA: 0.9787; spatial_F1: 0.9622; weighted_F1: 0.8285
2026-01-29 22:27:49,844 - INFO - temporal_CdAccuracy: 0.7507; temporal_PA: 0.903; temporal_UA: 0.8815; temporal_F1: 0.8921
2026-01-29 22:27:49,844 - INFO - Confusion Matrix
 [77185.	 1534.	    9.	   27.	  109.]
 [ 2282.	57505.	  213.	  124.	  138.]
 [    9.	  353.	 2688.	    1.	    0.]
 [   45.	   43.	    8.	 1409.	   10.]
 [    4.	  129.	    0.	    0.	11155.]
2026-01-29 22:27:49,844 - INFO - Change Type PA (Recall) Matrix
 [[0.    	0.8993	0.7519	0.8224	0.    ]
 [0.7786	0.    	0.5827	0.    	0.6909]
 [0.    	0.9268	0.    	0.    	0.    ]
 [0.    	0.8687	0.    	0.    	0.    ]
 [0.    	0.    	0.    	0.    	0.    ]]
2026-01-29 22:27:49,845 - INFO - Change Type UA (Precision) Matrix
 [[0.    	0.8591	0.9238	0.7553	0.    ]
 [0.7131	0.    	0.6532	0.    	0.6552]
 [0.    	0.6441	0.    	0.    	0.    ]
 [0.    	0.8515	0.    	0.    	0.    ]
 [0.    	0.    	0.    	0.    	0.    ]]
2026-01-29 22:27:49,845 - INFO - Change Type F1 Matrix
 [[0.    	0.8787	0.8291	0.7874	0.    ]
 [0.7444	0.    	0.616 	0.    	0.6726]
 [0.    	0.76  	0.    	0.    	0.    ]
 [0.    	0.86  	0.    	0.    	0.    ]
 [0.    	0.    	0.    	0.    	0.    ]]
2026-01-29 22:27:49,845 - INFO - Epoch 0 saved.
