2026-01-29 22:27:52,592 - INFO - Epoch 0, Train loss: 0.0
2026-01-29 22:27:52,593 - INFO - mIoU: 0.9294; OA: 0.9725; AA: 0.9563; F1: 0.9628; Kappa: 0.9528;
2026-01-29 22:27:52,593 - INFO - spatial_LccAccuracy: 0.7859; spatial_PA: 0.9526; spatial_UA: 0.985; spatial_F1: 0.9685; weighted_F1: 0.871
2026-01-29 22:27:52,593 - INFO - temporal_CdAccuracy: 0.7948; temporal_PA: 0.9243; temporal_UA: 0.8996; temporal_F1: 0.9118
2026-01-29 22:27:52,593 - INFO - Confusion Matrix
 [77429.	 1352.	   12.	   26.	   45.]
 [ 2042.	57998.	  163.	   12.	   47.]
 [    4.	  340.	 2707.	    0.	    0.]
 [   13.	   40.	    0.	 1462.	    0.]
 [   26.	  142.	    1.	    0.	11119.]
2026-01-29 22:27:52,593 - INFO - Change Type PA (Recall) Matrix
 [[0.    	0.9295	0.8837	0.9112	0.    ]
 [0.8293	0.    	0.6259	0.    	0.8   ]
 [0.    	0.9756	0.    	0.    	0.    ]
 [0.    	0.9697	0.    	0.    	0.    ]
 [0.    	0.    	0.    	0.    	0.    ]]
2026-01-29 22:27:52,593 - INFO - Change Type UA (Precision) Matrix
 [[0.    	0.8775	0.9421	0.9183	0.    ]
 [0.7246	0.    	0.7311	0.    	0.7719]
 [0.    	0.7547	0.    	0.    	0.    ]
 [0.    	0.96  	0.    	0.    	0.    ]
 [0.    	0.    	0.    	0.    	0.    ]]
2026-01-29 22:27:52,593 - INFO - Change Type F1 Matrix
 [[0.    	0.9027	0.912 	0.9147	0.    ]
 [0.7734	0.    	0.6744	0.    	0.7857]
 [0.    	0.8511	0.    	0.    	0.    ]
 [0.    	0.9648	0.    	0.    	0.    ]
 [0.    	0.    	0.    	0.    	0.    ]]
2026-01-29 22:27:52,593 - INFO - Epoch 0 saved.
