2026-03-19 14:45:27,233 - INFO - Epoch 0, Train loss: 0.0
2026-03-19 14:45:27,234 - INFO - mIoU: 0.8689; OA: 0.9598; AA: 0.9246; F1: 0.9271; cls_weighted_F1: 0.9596; Kappa: 0.9245;
2026-03-19 14:45:27,234 - INFO - spatial_LccAccuracy: 0.7809; spatial_PA: 0.8051; spatial_UA: 0.9525; spatial_F1: 0.8726; weighted_F1: 0.8914
2026-03-19 14:45:27,234 - INFO - temporal_CdAccuracy: 0.7809; temporal_PA: 0.9301; temporal_UA: 0.8713; temporal_F1: 0.8997
2026-03-19 14:45:27,234 - INFO - Confusion Matrix
 [15142.	  424.	    1.	    0.	   58.]
 [  626.	16931.	   27.	    0.	   30.]
 [    0.	    2.	  291.	    0.	    0.]
 [    0.	    0.	    0.	    0.	    0.]
 [   32.	  186.	    0.	    0.	  750.]
2026-03-19 14:45:27,235 - INFO - Change Type PA (Recall) Matrix
 [[0.    	0.9667	0.    	0.    	0.    ]
 [0.5455	0.    	1.    	0.    	0.7636]
 [0.    	1.    	0.    	0.    	0.    ]
 [0.    	0.    	0.    	0.    	0.    ]
 [0.    	0.    	0.    	0.    	0.    ]]
2026-03-19 14:45:27,236 - INFO - Change Type UA (Precision) Matrix
 [[0.    	0.8759	0.    	0.    	0.    ]
 [0.2034	0.    	0.875 	0.    	0.8235]
 [0.    	0.913 	0.    	0.    	0.    ]
 [0.    	0.    	0.    	0.    	0.    ]
 [0.    	0.    	0.    	0.    	0.    ]]
2026-03-19 14:45:27,236 - INFO - Change Type F1 Matrix
 [[0.    	0.9191	0.    	0.    	0.    ]
 [0.2963	0.    	0.9333	0.    	0.7925]
 [0.    	0.9545	0.    	0.    	0.    ]
 [0.    	0.    	0.    	0.    	0.    ]
 [0.    	0.    	0.    	0.    	0.    ]]
2026-03-19 14:45:27,236 - INFO - Epoch 0 saved.
