2026-03-19 14:45:27,299 - INFO - Epoch 0, Train loss: 0.0
2026-03-19 14:45:27,301 - INFO - mIoU: 0.7215; OA: 0.9888; AA: 0.9813; F1: 0.9804; cls_weighted_F1: 0.9889; Kappa: 0.9793;
2026-03-19 14:45:27,301 - INFO - spatial_LccAccuracy: 0.8968; spatial_PA: 1.0; spatial_UA: 1.0; spatial_F1: 1.0; weighted_F1: 0.8889
2026-03-19 14:45:27,301 - INFO - temporal_CdAccuracy: 0.8968; temporal_PA: 0.9414; temporal_UA: 0.8717; temporal_F1: 0.9052
2026-03-19 14:45:27,301 - INFO - Confusion Matrix
 [1519.	  66.	   0.	   2.	   0.]
 [  17.	1276.	   0.	   0.	   0.]
 [   0.	   0.	   0.	   0.	   0.]
 [   0.	   0.	   0.	   0.	   0.]
 [   0.	   0.	   0.	   0.	4680.]
2026-03-19 14:45:27,302 - INFO - Change Type PA (Recall) Matrix
 [[0.    	0.9583	0.    	0.    	0.    ]
 [0.9677	0.    	0.    	0.    	0.    ]
 [0.    	0.    	0.    	0.    	0.    ]
 [0.    	0.    	0.    	0.    	0.    ]
 [0.    	0.    	0.    	0.    	0.    ]]
2026-03-19 14:45:27,303 - INFO - Change Type UA (Precision) Matrix
 [[0.    	0.8364	0.    	0.    	0.    ]
 [0.8108	0.    	0.    	0.    	0.    ]
 [0.    	0.    	0.    	0.    	0.    ]
 [0.    	0.    	0.    	0.    	0.    ]
 [0.    	0.    	0.    	0.    	0.    ]]
2026-03-19 14:45:27,304 - INFO - Change Type F1 Matrix
 [[0.    	0.8932	0.    	0.    	0.    ]
 [0.8824	0.    	0.    	0.    	0.    ]
 [0.    	0.    	0.    	0.    	0.    ]
 [0.    	0.    	0.    	0.    	0.    ]
 [0.    	0.    	0.    	0.    	0.    ]]
2026-03-19 14:45:27,304 - INFO - Epoch 0 saved.
