2026-03-19 14:45:27,618 - INFO - Epoch 0, Train loss: 0.0
2026-03-19 14:45:27,619 - INFO - mIoU: 0.9115; OA: 0.9894; AA: 0.9872; F1: 0.9505; cls_weighted_F1: 0.9894; Kappa: 0.9814;
2026-03-19 14:45:27,620 - INFO - spatial_LccAccuracy: 0.9224; spatial_PA: 0.986; spatial_UA: 0.9927; spatial_F1: 0.9893; weighted_F1: 0.9157
2026-03-19 14:45:27,620 - INFO - temporal_CdAccuracy: 0.9294; temporal_PA: 0.9794; temporal_UA: 0.9541; temporal_F1: 0.9666
2026-03-19 14:45:27,620 - INFO - Confusion Matrix
 [24708.	   99.	    0.	    6.	    0.]
 [  231.	12663.	   90.	    0.	    0.]
 [   15.	   16.	  909.	    2.	    0.]
 [    0.	    0.	    0.	   21.	    0.]
 [    0.	    0.	    0.	    0.	 4560.]
2026-03-19 14:45:27,621 - INFO - Change Type PA (Recall) Matrix
 [[0.    	0.9585	0.9024	0.8571	0.    ]
 [0.863 	0.    	0.9315	0.    	0.    ]
 [0.    	1.    	0.    	0.    	0.    ]
 [0.    	0.    	0.    	0.    	0.    ]
 [0.    	0.    	0.    	0.    	0.    ]]
2026-03-19 14:45:27,622 - INFO - Change Type UA (Precision) Matrix
 [[0.    	0.9281	0.7872	0.6667	0.    ]
 [0.7875	0.    	0.8831	0.    	0.    ]
 [0.    	0.2857	0.    	0.    	0.    ]
 [0.    	0.    	0.    	0.    	0.    ]
 [0.    	0.    	0.    	0.    	0.    ]]
2026-03-19 14:45:27,622 - INFO - Change Type F1 Matrix
 [[0.    	0.9431	0.8409	0.75  	0.    ]
 [0.8235	0.    	0.9067	0.    	0.    ]
 [0.    	0.4444	0.    	0.    	0.    ]
 [0.    	0.    	0.    	0.    	0.    ]
 [0.    	0.    	0.    	0.    	0.    ]]
2026-03-19 14:45:27,623 - INFO - Epoch 0 saved.
