2026-03-19 14:45:27,924 - INFO - Epoch 0, Train loss: 0.0
2026-03-19 14:45:27,926 - INFO - mIoU: 0.6596; OA: 0.9801; AA: 0.9341; F1: 0.9315; cls_weighted_F1: 0.9801; Kappa: 0.9596;
2026-03-19 14:45:27,926 - INFO - spatial_LccAccuracy: 0.8301; spatial_PA: 1.0; spatial_UA: 1.0; spatial_F1: 1.0; weighted_F1: 0.9415
2026-03-19 14:45:27,926 - INFO - temporal_CdAccuracy: 0.8301; temporal_PA: 0.9692; temporal_UA: 0.9442; temporal_F1: 0.9565
2026-03-19 14:45:27,926 - INFO - Confusion Matrix
 [14471.	  330.	    0.	    1.	    0.]
 [  284.	21234.	   61.	    0.	    0.]
 [    0.	   54.	  285.	    0.	    0.]
 [    0.	    0.	    0.	    0.	    0.]
 [    0.	    0.	    0.	    0.	    0.]
2026-03-19 14:45:27,927 - INFO - Change Type PA (Recall) Matrix
 [[0.    	0.973 	0.    	0.    	0.    ]
 [0.9616	0.    	0.9455	0.    	0.    ]
 [0.    	0.9375	0.    	0.    	0.    ]
 [0.    	0.    	0.    	0.    	0.    ]
 [0.    	0.    	0.    	0.    	0.    ]]
2026-03-19 14:45:27,928 - INFO - Change Type UA (Precision) Matrix
 [[0.    	0.9395	0.    	0.    	0.    ]
 [0.8841	0.    	0.8814	0.    	0.    ]
 [0.    	0.6522	0.    	0.    	0.    ]
 [0.    	0.    	0.    	0.    	0.    ]
 [0.    	0.    	0.    	0.    	0.    ]]
2026-03-19 14:45:27,929 - INFO - Change Type F1 Matrix
 [[0.    	0.9559	0.    	0.    	0.    ]
 [0.9213	0.    	0.9123	0.    	0.    ]
 [0.    	0.7692	0.    	0.    	0.    ]
 [0.    	0.    	0.    	0.    	0.    ]
 [0.    	0.    	0.    	0.    	0.    ]]
2026-03-19 14:45:27,929 - INFO - Epoch 0 saved.
