2026-03-19 14:45:28,097 - INFO - Epoch 0, Train loss: 0.0
2026-03-19 14:45:28,098 - INFO - mIoU: 0.9797; OA: 0.9966; AA: 0.9902; F1: 0.9897; cls_weighted_F1: 0.9966; Kappa: 0.989;
2026-03-19 14:45:28,098 - INFO - spatial_LccAccuracy: 0.935; spatial_PA: 0.9984; spatial_UA: 0.9919; spatial_F1: 0.9951; weighted_F1: 0.9486
2026-03-19 14:45:28,098 - INFO - temporal_CdAccuracy: 0.9566; temporal_PA: 0.995; temporal_UA: 0.9828; temporal_F1: 0.9888
2026-03-19 14:45:28,098 - INFO - Confusion Matrix
 [18110.	   10.	    0.	    4.	    0.]
 [   23.	 2714.	    0.	   25.	    0.]
 [    0.	    0.	    0.	    0.	    0.]
 [    2.	   12.	    0.	 1240.	    0.]
 [    0.	    0.	    0.	    0.	    0.]
2026-03-19 14:45:28,099 - INFO - Change Type PA (Recall) Matrix
 [[0.    	0.9381	0.    	0.959 	0.    ]
 [0.5714	0.    	0.    	0.    	0.    ]
 [0.    	0.    	0.    	0.    	0.    ]
 [0.    	0.9732	0.    	0.    	0.    ]
 [0.    	0.    	0.    	0.    	0.    ]]
2026-03-19 14:45:28,100 - INFO - Change Type UA (Precision) Matrix
 [[0.    	0.9464	0.    	0.9492	0.    ]
 [0.5714	0.    	0.    	0.    	0.    ]
 [0.    	0.    	0.    	0.    	0.    ]
 [0.    	0.9646	0.    	0.    	0.    ]
 [0.    	0.    	0.    	0.    	0.    ]]
2026-03-19 14:45:28,100 - INFO - Change Type F1 Matrix
 [[0.    	0.9422	0.    	0.9541	0.    ]
 [0.5714	0.    	0.    	0.    	0.    ]
 [0.    	0.    	0.    	0.    	0.    ]
 [0.    	0.9689	0.    	0.    	0.    ]
 [0.    	0.    	0.    	0.    	0.    ]]
2026-03-19 14:45:28,101 - INFO - Epoch 0 saved.
