2026-03-19 14:45:28,249 - INFO - Epoch 0, Train loss: 0.0
2026-03-19 14:45:28,250 - INFO - mIoU: 0.7488; OA: 0.9705; AA: 0.9612; F1: 0.9669; cls_weighted_F1: 0.9706; Kappa: 0.9504;
2026-03-19 14:45:28,250 - INFO - spatial_LccAccuracy: 0.7826; spatial_PA: 0.9623; spatial_UA: 0.989; spatial_F1: 0.9754; weighted_F1: 0.8911
2026-03-19 14:45:28,250 - INFO - temporal_CdAccuracy: 0.7826; temporal_PA: 0.9369; temporal_UA: 0.8818; temporal_F1: 0.9085
2026-03-19 14:45:28,250 - INFO - Confusion Matrix
 [5948.	 210.	   1.	   5.	   1.]
 [  82.	6023.	  33.	   1.	   0.]
 [   0.	  51.	1029.	   1.	   0.]
 [  16.	   6.	   0.	 393.	   0.]
 [   0.	   0.	   0.	   0.	   0.]
2026-03-19 14:45:28,251 - INFO - Change Type PA (Recall) Matrix
 [[0.    	0.9583	0.    	1.    	0.    ]
 [0.9516	0.    	0.8621	0.    	0.    ]
 [1.    	0.9756	0.    	0.    	0.    ]
 [0.    	0.    	0.    	0.    	0.    ]
 [0.    	0.    	0.    	0.    	0.    ]]
2026-03-19 14:45:28,252 - INFO - Change Type UA (Precision) Matrix
 [[0.    	0.8364	0.    	1.    	0.    ]
 [0.7284	0.    	0.8621	0.    	0.    ]
 [1.    	0.8696	0.    	0.    	0.    ]
 [0.    	0.    	0.    	0.    	0.    ]
 [0.    	0.    	0.    	0.    	0.    ]]
2026-03-19 14:45:28,252 - INFO - Change Type F1 Matrix
 [[0.    	0.8932	0.    	1.    	0.    ]
 [0.8252	0.    	0.8621	0.    	0.    ]
 [1.    	0.9195	0.    	0.    	0.    ]
 [0.    	0.    	0.    	0.    	0.    ]
 [0.    	0.    	0.    	0.    	0.    ]]
2026-03-19 14:45:28,253 - INFO - Epoch 0 saved.
