2026-01-29 22:28:22,953 - INFO - Epoch 0, Train loss: 0.0
2026-01-29 22:28:22,953 - INFO - mIoU: 0.4957; OA: 0.9565; AA: 0.8602; F1: 0.8976; Kappa: 0.9168;
2026-01-29 22:28:22,953 - INFO - spatial_LccAccuracy: 0.7373; spatial_PA: 0.7456; spatial_UA: 0.9713; spatial_F1: 0.8436; weighted_F1: 0.8651
2026-01-29 22:28:22,953 - INFO - temporal_CdAccuracy: 0.7392; temporal_PA: 0.9078; temporal_UA: 0.8366; temporal_F1: 0.8707
2026-01-29 22:28:22,953 - INFO - Confusion Matrix
 [13965.	  281.	    0.	    0.	   35.]
 [  703.	15997.	   26.	    4.	    1.]
 [    0.	    0.	    0.	    0.	    0.]
 [    0.	    0.	    0.	    0.	    0.]
 [   40.	  274.	    0.	   28.	  626.]
2026-01-29 22:28:22,953 - INFO - Change Type PA (Recall) Matrix
 [[0.    	0.9638	0.    	0.    	0.    ]
 [0.4091	0.    	0.    	0.    	0.7273]
 [0.    	0.    	0.    	0.    	0.    ]
 [0.    	0.    	0.    	0.    	0.    ]
 [0.    	0.    	0.    	0.    	0.    ]]
2026-01-29 22:28:22,953 - INFO - Change Type UA (Precision) Matrix
 [[0.    	0.8512	0.    	0.    	0.    ]
 [0.1667	0.    	0.    	0.    	0.8511]
 [0.    	0.    	0.    	0.    	0.    ]
 [0.    	0.    	0.    	0.    	0.    ]
 [0.    	0.    	0.    	0.    	0.    ]]
2026-01-29 22:28:22,953 - INFO - Change Type F1 Matrix
 [[0.    	0.904 	0.    	0.    	0.    ]
 [0.2368	0.    	0.    	0.    	0.7843]
 [0.    	0.    	0.    	0.    	0.    ]
 [0.    	0.    	0.    	0.    	0.    ]
 [0.    	0.    	0.    	0.    	0.    ]]
2026-01-29 22:28:22,953 - INFO - Epoch 0 saved.
