2026-01-29 22:28:23,152 - INFO - Epoch 0, Train loss: 0.0
2026-01-29 22:28:23,152 - INFO - mIoU: 0.9467; OA: 0.9919; AA: 0.9679; F1: 0.9711; Kappa: 0.9861;
2026-01-29 22:28:23,152 - INFO - spatial_LccAccuracy: 0.9308; spatial_PA: 0.998; spatial_UA: 0.999; spatial_F1: 0.9985; weighted_F1: 0.92
2026-01-29 22:28:23,152 - INFO - temporal_CdAccuracy: 0.9403; temporal_PA: 0.9743; temporal_UA: 0.9607; temporal_F1: 0.9674
2026-01-29 22:28:23,152 - INFO - Confusion Matrix
 [23274.	   90.	    0.	    0.	    0.]
 [  110.	15381.	   62.	    0.	    0.]
 [    5.	   77.	  661.	    0.	    0.]
 [    0.	    0.	    0.	    0.	    0.]
 [   15.	    0.	    0.	    0.	 4545.]
2026-01-29 22:28:23,152 - INFO - Change Type PA (Recall) Matrix
 [[0.    	0.9537	0.8409	0.    	0.    ]
 [0.8101	0.    	0.9211	0.    	0.    ]
 [0.    	0.    	0.    	0.    	0.    ]
 [0.    	0.    	0.    	0.    	0.    ]
 [0.    	0.    	0.    	0.    	0.    ]]
2026-01-29 22:28:23,152 - INFO - Change Type UA (Precision) Matrix
 [[0.    	0.936 	0.8409	0.    	0.    ]
 [0.8312	0.    	0.8974	0.    	0.    ]
 [0.    	0.    	0.    	0.    	0.    ]
 [0.    	0.    	0.    	0.    	0.    ]
 [0.    	0.    	0.    	0.    	0.    ]]
2026-01-29 22:28:23,152 - INFO - Change Type F1 Matrix
 [[0.    	0.9447	0.8409	0.    	0.    ]
 [0.8205	0.    	0.9091	0.    	0.    ]
 [0.    	0.    	0.    	0.    	0.    ]
 [0.    	0.    	0.    	0.    	0.    ]
 [0.    	0.    	0.    	0.    	0.    ]]
2026-01-29 22:28:23,152 - INFO - Epoch 0 saved.
