2026-01-29 22:28:23,285 - INFO - Epoch 0, Train loss: 0.0
2026-01-29 22:28:23,285 - INFO - mIoU: 0.6988; OA: 0.9768; AA: 0.7261; F1: 0.7552; Kappa: 0.9506;
2026-01-29 22:28:23,285 - INFO - spatial_LccAccuracy: 0.8073; spatial_PA: 0.9815; spatial_UA: 0.9815; spatial_F1: 0.9815; weighted_F1: 0.9422
2026-01-29 22:28:23,285 - INFO - temporal_CdAccuracy: 0.8092; temporal_PA: 0.9529; temporal_UA: 0.9294; temporal_F1: 0.941
2026-01-29 22:28:23,285 - INFO - Confusion Matrix
 [11769.	  329.	    0.	    0.	    0.]
 [  301.	20143.	   27.	    0.	    0.]
 [    1.	  101.	   29.	    0.	    0.]
 [    0.	    0.	    0.	    0.	    0.]
 [    0.	    0.	    0.	    0.	    0.]
2026-01-29 22:28:23,285 - INFO - Change Type PA (Recall) Matrix
 [[0.    	0.9718	0.    	0.    	0.    ]
 [0.9596	0.    	0.4   	0.    	0.    ]
 [0.    	0.    	0.    	0.    	0.    ]
 [0.    	0.    	0.    	0.    	0.    ]
 [0.    	0.    	0.    	0.    	0.    ]]
2026-01-29 22:28:23,285 - INFO - Change Type UA (Precision) Matrix
 [[0.    	0.9465	0.    	0.    	0.    ]
 [0.8931	0.    	0.1429	0.    	0.    ]
 [0.    	0.    	0.    	0.    	0.    ]
 [0.    	0.    	0.    	0.    	0.    ]
 [0.    	0.    	0.    	0.    	0.    ]]
2026-01-29 22:28:23,285 - INFO - Change Type F1 Matrix
 [[0.    	0.959 	0.    	0.    	0.    ]
 [0.9251	0.    	0.2105	0.    	0.    ]
 [0.    	0.    	0.    	0.    	0.    ]
 [0.    	0.    	0.    	0.    	0.    ]
 [0.    	0.    	0.    	0.    	0.    ]]
2026-01-29 22:28:23,285 - INFO - Epoch 0 saved.
