2026-01-29 22:26:15,982 - INFO - Epoch 0, Train loss: 0.0
2026-01-29 22:26:15,982 - INFO - mIoU: 0.5208; OA: 0.9556; AA: 0.9203; F1: 0.9275; Kappa: 0.9158;
2026-01-29 22:26:15,982 - INFO - spatial_LccAccuracy: 0.7561; spatial_PA: 0.7544; spatial_UA: 0.9722; spatial_F1: 0.8496; weighted_F1: 0.8593
2026-01-29 22:26:15,982 - INFO - temporal_CdAccuracy: 0.7561; temporal_PA: 0.9178; temporal_UA: 0.8384; temporal_F1: 0.8763
2026-01-29 22:26:15,982 - INFO - Confusion Matrix
 [14050.	  173.	    0.	    0.	   58.]
 [  969.	15698.	   18.	    6.	   40.]
 [    0.	    0.	    0.	    0.	    0.]
 [    0.	    0.	    0.	    0.	    0.]
 [   34.	  105.	    3.	   14.	  812.]
2026-01-29 22:26:15,982 - INFO - Change Type PA (Recall) Matrix
 [[0.    	0.9616	0.    	0.    	0.    ]
 [0.3636	0.    	0.    	0.    	0.7273]
 [0.    	0.    	0.    	0.    	0.    ]
 [0.    	0.    	0.    	0.    	0.    ]
 [0.    	0.    	0.    	0.    	0.    ]]
2026-01-29 22:26:15,982 - INFO - Change Type UA (Precision) Matrix
 [[0.    	0.8509	0.    	0.    	0.    ]
 [0.129 	0.    	0.    	0.    	0.7843]
 [0.    	0.    	0.    	0.    	0.    ]
 [0.    	0.    	0.    	0.    	0.    ]
 [0.    	0.    	0.    	0.    	0.    ]]
2026-01-29 22:26:15,982 - INFO - Change Type F1 Matrix
 [[0.    	0.9029	0.    	0.    	0.    ]
 [0.1905	0.    	0.    	0.    	0.7547]
 [0.    	0.    	0.    	0.    	0.    ]
 [0.    	0.    	0.    	0.    	0.    ]
 [0.    	0.    	0.    	0.    	0.    ]]
2026-01-29 22:26:15,982 - INFO - Epoch 0 saved.
