2026-01-29 22:26:16,169 - INFO - Epoch 0, Train loss: 0.0
2026-01-29 22:26:16,169 - INFO - mIoU: 0.9521; OA: 0.9932; AA: 0.9697; F1: 0.9742; Kappa: 0.9885;
2026-01-29 22:26:16,169 - INFO - spatial_LccAccuracy: 0.9349; spatial_PA: 0.998; spatial_UA: 0.999; spatial_F1: 0.9985; weighted_F1: 0.9438
2026-01-29 22:26:16,169 - INFO - temporal_CdAccuracy: 0.9403; temporal_PA: 0.9798; temporal_UA: 0.9647; temporal_F1: 0.9722
2026-01-29 22:26:16,169 - INFO - Confusion Matrix
 [23316.	   47.	    1.	    0.	    0.]
 [  119.	15384.	   49.	    0.	    1.]
 [    2.	   72.	  663.	    0.	    6.]
 [    0.	    0.	    0.	    0.	    0.]
 [    2.	    0.	    0.	    0.	 4558.]
2026-01-29 22:26:16,169 - INFO - Change Type PA (Recall) Matrix
 [[0.    	0.9789	0.8182	0.    	0.    ]
 [0.8987	0.    	0.9211	0.    	0.    ]
 [0.    	0.    	0.    	0.    	0.    ]
 [0.    	0.    	0.    	0.    	0.    ]
 [0.    	0.    	0.    	0.    	0.    ]]
2026-01-29 22:26:16,170 - INFO - Change Type UA (Precision) Matrix
 [[0.    	0.9588	0.9231	0.    	0.    ]
 [0.8987	0.    	0.7292	0.    	0.    ]
 [0.    	0.    	0.    	0.    	0.    ]
 [0.    	0.    	0.    	0.    	0.    ]
 [0.    	0.    	0.    	0.    	0.    ]]
2026-01-29 22:26:16,170 - INFO - Change Type F1 Matrix
 [[0.    	0.9688	0.8675	0.    	0.    ]
 [0.8987	0.    	0.814 	0.    	0.    ]
 [0.    	0.    	0.    	0.    	0.    ]
 [0.    	0.    	0.    	0.    	0.    ]
 [0.    	0.    	0.    	0.    	0.    ]]
2026-01-29 22:26:16,170 - INFO - Epoch 0 saved.
