2026-01-29 22:26:16,451 - INFO - Epoch 0, Train loss: 0.0
2026-01-29 22:26:16,451 - INFO - mIoU: 0.7577; OA: 0.9721; AA: 0.9717; F1: 0.9724; Kappa: 0.9487;
2026-01-29 22:26:16,451 - INFO - spatial_LccAccuracy: 0.8259; spatial_PA: 1.0; spatial_UA: 1.0; spatial_F1: 1.0; weighted_F1: 0.8793
2026-01-29 22:26:16,451 - INFO - temporal_CdAccuracy: 0.8259; temporal_PA: 0.9552; temporal_UA: 0.8944; temporal_F1: 0.9238
2026-01-29 22:26:16,451 - INFO - Confusion Matrix
 [7025.	 145.	   0.	   0.	   1.]
 [ 158.	5336.	  33.	   0.	   3.]
 [   0.	  26.	 573.	   0.	   9.]
 [   0.	   0.	   0.	 131.	   0.]
 [   0.	   0.	   0.	   0.	   0.]
2026-01-29 22:26:16,451 - INFO - Change Type PA (Recall) Matrix
 [[0.    	0.9667	0.5   	1.    	0.    ]
 [0.9348	0.    	0.7895	0.    	0.    ]
 [0.    	0.9474	0.    	0.    	0.    ]
 [0.    	0.    	0.    	0.    	0.    ]
 [0.    	0.    	0.    	0.    	0.    ]]
2026-01-29 22:26:16,451 - INFO - Change Type UA (Precision) Matrix
 [[0.    	0.8878	1.    	1.    	0.    ]
 [0.6515	0.    	0.7692	0.    	0.    ]
 [0.    	0.7826	0.    	0.    	0.    ]
 [0.    	0.    	0.    	0.    	0.    ]
 [0.    	0.    	0.    	0.    	0.    ]]
2026-01-29 22:26:16,451 - INFO - Change Type F1 Matrix
 [[0.    	0.9255	0.6667	1.    	0.    ]
 [0.7679	0.    	0.7792	0.    	0.    ]
 [0.    	0.8571	0.    	0.    	0.    ]
 [0.    	0.    	0.    	0.    	0.    ]
 [0.    	0.    	0.    	0.    	0.    ]]
2026-01-29 22:26:16,451 - INFO - Epoch 0 saved.
