2026-01-29 22:25:38,831 - INFO - Epoch 0, Train loss: 0.0
2026-01-29 22:25:38,831 - INFO - mIoU: 0.5285; OA: 0.9565; AA: 0.911; F1: 0.9356; Kappa: 0.9173;
2026-01-29 22:25:38,831 - INFO - spatial_LccAccuracy: 0.773; spatial_PA: 0.7698; spatial_UA: 0.9437; spatial_F1: 0.8479; weighted_F1: 0.8996
2026-01-29 22:25:38,831 - INFO - temporal_CdAccuracy: 0.773; temporal_PA: 0.9141; temporal_UA: 0.8661; temporal_F1: 0.8894
2026-01-29 22:25:38,831 - INFO - Confusion Matrix
 [13995.	  285.	    0.	    1.	    0.]
 [  857.	15813.	   50.	    0.	   11.]
 [    0.	    0.	    0.	    0.	    0.]
 [    0.	    0.	    0.	    0.	    0.]
 [    1.	  185.	    0.	    0.	  782.]
2026-01-29 22:25:38,831 - INFO - Change Type PA (Recall) Matrix
 [[0.    	0.9659	0.    	0.    	0.    ]
 [0.5455	0.    	0.    	0.    	0.8909]
 [0.    	0.    	0.    	0.    	0.    ]
 [0.    	0.    	0.    	0.    	0.    ]
 [0.    	0.    	0.    	0.    	0.    ]]
2026-01-29 22:25:38,831 - INFO - Change Type UA (Precision) Matrix
 [[0.    	0.8917	0.    	0.    	0.    ]
 [0.2791	0.    	0.    	0.    	0.8596]
 [0.    	0.    	0.    	0.    	0.    ]
 [0.    	0.    	0.    	0.    	0.    ]
 [0.    	0.    	0.    	0.    	0.    ]]
2026-01-29 22:25:38,831 - INFO - Change Type F1 Matrix
 [[0.    	0.9273	0.    	0.    	0.    ]
 [0.3692	0.    	0.    	0.    	0.875 ]
 [0.    	0.    	0.    	0.    	0.    ]
 [0.    	0.    	0.    	0.    	0.    ]
 [0.    	0.    	0.    	0.    	0.    ]]
2026-01-29 22:25:38,831 - INFO - Epoch 0 saved.
