2026-01-29 22:25:38,885 - INFO - Epoch 0, Train loss: 0.0
2026-01-29 22:25:38,885 - INFO - mIoU: 0.4995; OA: 0.999; AA: 0.999; F1: 0.9995; Kappa: 0.0;
2026-01-29 22:25:38,885 - INFO - spatial_LccAccuracy: 0.9912; spatial_PA: 0.7456; spatial_UA: 0.5; spatial_F1: 0.5986; weighted_F1: 0.0
2026-01-29 22:25:38,885 - INFO - temporal_CdAccuracy: 0.9912; temporal_PA: 0.7497; temporal_UA: 0.5; temporal_F1: 0.5999
2026-01-29 22:25:38,885 - INFO - Confusion Matrix
 [   0.	   0.	   0.	   0.	   0.]
 [   0.	   0.	   0.	   0.	   0.]
 [   0.	   0.	   0.	   0.	   0.]
 [   0.	   0.	   0.	   0.	   0.]
 [   7.	   0.	   0.	   0.	6773.]
2026-01-29 22:25:38,885 - INFO - Change Type PA (Recall) Matrix
 [[0.	0.	0.	0.	0.]
 [0.	0.	0.	0.	0.]
 [0.	0.	0.	0.	0.]
 [0.	0.	0.	0.	0.]
 [0.	0.	0.	0.	0.]]
2026-01-29 22:25:38,885 - INFO - Change Type UA (Precision) Matrix
 [[0.	0.	0.	0.	0.]
 [0.	0.	0.	0.	0.]
 [0.	0.	0.	0.	0.]
 [0.	0.	0.	0.	0.]
 [0.	0.	0.	0.	0.]]
2026-01-29 22:25:38,885 - INFO - Change Type F1 Matrix
 [[0.	0.	0.	0.	0.]
 [0.	0.	0.	0.	0.]
 [0.	0.	0.	0.	0.]
 [0.	0.	0.	0.	0.]
 [0.	0.	0.	0.	0.]]
2026-01-29 22:25:38,885 - INFO - Epoch 0 saved.
