2026-01-29 22:25:39,751 - INFO - Epoch 0, Train loss: 0.0
2026-01-29 22:25:39,751 - INFO - mIoU: 0.9543; OA: 0.9782; AA: 0.985; F1: 0.9765; Kappa: 0.96;
2026-01-29 22:25:39,751 - INFO - spatial_LccAccuracy: 0.8438; spatial_PA: 1.0; spatial_UA: 1.0; spatial_F1: 1.0; weighted_F1: 0.8685
2026-01-29 22:25:39,751 - INFO - temporal_CdAccuracy: 0.8438; temporal_PA: 0.9639; temporal_UA: 0.9054; temporal_F1: 0.9337
2026-01-29 22:25:39,751 - INFO - Confusion Matrix
 [7062.	 106.	   0.	   3.	   0.]
 [ 135.	5354.	  41.	   0.	   0.]
 [   0.	   8.	 600.	   0.	   0.]
 [   0.	   0.	   0.	 131.	   0.]
 [   0.	   0.	   0.	   0.	   0.]
2026-01-29 22:25:39,751 - INFO - Change Type PA (Recall) Matrix
 [[0.    	0.95  	0.5   	1.    	0.    ]
 [0.913 	0.    	0.7895	0.    	0.    ]
 [0.    	1.    	0.    	0.    	0.    ]
 [0.    	0.    	0.    	0.    	0.    ]
 [0.    	0.    	0.    	0.    	0.    ]]
2026-01-29 22:25:39,751 - INFO - Change Type UA (Precision) Matrix
 [[0.    	0.8769	0.1667	1.    	0.    ]
 [0.6462	0.    	0.7317	0.    	0.    ]
 [0.    	0.8636	0.    	0.    	0.    ]
 [0.    	0.    	0.    	0.    	0.    ]
 [0.    	0.    	0.    	0.    	0.    ]]
2026-01-29 22:25:39,751 - INFO - Change Type F1 Matrix
 [[0.    	0.912 	0.25  	1.    	0.    ]
 [0.7568	0.    	0.7595	0.    	0.    ]
 [0.    	0.9268	0.    	0.    	0.    ]
 [0.    	0.    	0.    	0.    	0.    ]
 [0.    	0.    	0.    	0.    	0.    ]]
2026-01-29 22:25:39,751 - INFO - Epoch 0 saved.
