2026-01-29 22:25:53,194 - INFO - Epoch 0, Train loss: 0.0
2026-01-29 22:25:53,194 - INFO - mIoU: 0.9836; OA: 0.9972; AA: 0.9893; F1: 0.9917; Kappa: 0.9909;
2026-01-29 22:25:53,194 - INFO - spatial_LccAccuracy: 0.9486; spatial_PA: 0.9894; spatial_UA: 0.984; spatial_F1: 0.9867; weighted_F1: 0.9751
2026-01-29 22:25:53,194 - INFO - temporal_CdAccuracy: 0.9568; temporal_PA: 0.9883; temporal_UA: 0.9789; temporal_F1: 0.9836
2026-01-29 22:25:53,195 - INFO - Confusion Matrix
 [18124.	    2.	    0.	    3.	    0.]
 [   29.	 2960.	    0.	    8.	    0.]
 [    0.	    0.	    0.	    0.	    0.]
 [    7.	   14.	    0.	 1053.	    0.]
 [    0.	    0.	    0.	    0.	    0.]
2026-01-29 22:25:53,195 - INFO - Change Type PA (Recall) Matrix
 [[0.    	0.9847	0.    	0.9647	0.    ]
 [1.    	0.    	0.    	0.    	0.    ]
 [0.    	0.    	0.    	0.    	0.    ]
 [0.    	1.    	0.    	0.    	0.    ]
 [0.    	0.    	0.    	0.    	0.    ]]
2026-01-29 22:25:53,195 - INFO - Change Type UA (Precision) Matrix
 [[0.    	0.9627	0.    	0.982 	0.    ]
 [0.8   	0.    	0.    	0.    	0.    ]
 [0.    	0.    	0.    	0.    	0.    ]
 [0.    	0.9691	0.    	0.    	0.    ]
 [0.    	0.    	0.    	0.    	0.    ]]
2026-01-29 22:25:53,195 - INFO - Change Type F1 Matrix
 [[0.    	0.9736	0.    	0.9733	0.    ]
 [0.8889	0.    	0.    	0.    	0.    ]
 [0.    	0.    	0.    	0.    	0.    ]
 [0.    	0.9843	0.    	0.    	0.    ]
 [0.    	0.    	0.    	0.    	0.    ]]
2026-01-29 22:25:53,195 - INFO - Epoch 0 saved.
