2025-12-13 21:54:13,035 - INFO - Epoch 0, Train loss: 0.0
2025-12-13 21:54:13,036 - INFO - mIoU: 0.5407; OA: 0.9609; AA: 0.5594; F1: 0.5685; Kappa: 0.9257;
2025-12-13 21:54:13,036 - INFO - spatial_LccAccuracy: 0.8799; spatial_PA: 0.8467; spatial_UA: 0.9372; spatial_F1: 0.8896
2025-12-13 21:54:13,036 - INFO - temporal_CdAccuracy: 0.8011; temporal_PA: 0.9252; temporal_UA: 0.8747; temporal_F1: 0.8993
2025-12-13 21:54:13,037 - INFO - Confusion Matrix
 [13905.	  361.	    0.	    0.	   15.]
 [  699.	15985.	   38.	    0.	    9.]
 [    0.	    0.	    0.	    0.	    0.]
 [    0.	    0.	    0.	    0.	    0.]
 [    0.	  128.	    0.	    0.	  840.]
2025-12-13 21:54:13,038 - INFO - Change Type PA (Recall) Matrix
 [[0.    	0.9552	0.    	0.    	0.    ]
 [0.4545	0.    	0.    	0.    	0.8545]
 [0.    	0.    	0.    	0.    	0.    ]
 [0.    	0.    	0.    	0.    	0.    ]
 [0.    	0.    	0.    	0.    	0.    ]]
2025-12-13 21:54:13,039 - INFO - Change Type UA (Precision) Matrix
 [[0.    	0.896 	0.    	0.    	0.    ]
 [0.2703	0.    	0.    	0.    	0.7705]
 [0.    	0.    	0.    	0.    	0.    ]
 [0.    	0.    	0.    	0.    	0.    ]
 [0.    	0.    	0.    	0.    	0.    ]]
2025-12-13 21:54:13,040 - INFO - Change Type F1 Matrix
 [[0.    	0.9247	0.    	0.    	0.    ]
 [0.339 	0.    	0.    	0.    	0.8103]
 [0.    	0.    	0.    	0.    	0.    ]
 [0.    	0.    	0.    	0.    	0.    ]
 [0.    	0.    	0.    	0.    	0.    ]]
2025-12-13 21:54:13,040 - INFO - Epoch 0 saved.
