2025-12-13 21:54:13,531 - INFO - Epoch 0, Train loss: 0.0
2025-12-13 21:54:13,532 - INFO - mIoU: 0.7692; OA: 0.9932; AA: 0.7816; F1: 0.7837; Kappa: 0.9884;
2025-12-13 21:54:13,532 - INFO - spatial_LccAccuracy: 0.9539; spatial_PA: 1.0; spatial_UA: 1.0; spatial_F1: 1.0
2025-12-13 21:54:13,532 - INFO - temporal_CdAccuracy: 0.9444; temporal_PA: 0.9745; temporal_UA: 0.9745; temporal_F1: 0.9745
2025-12-13 21:54:13,533 - INFO - Confusion Matrix
 [23287.	   77.	    0.	    0.	    0.]
 [  125.	15387.	   41.	    0.	    0.]
 [    7.	   51.	  685.	    0.	    0.]
 [    0.	    0.	    0.	    0.	    0.]
 [    0.	    0.	    0.	    0.	 4560.]
2025-12-13 21:54:13,534 - INFO - Change Type PA (Recall) Matrix
 [[0.    	0.9663	0.8864	0.    	0.    ]
 [0.8481	0.    	0.8947	0.    	0.    ]
 [0.    	0.    	0.    	0.    	0.    ]
 [0.    	0.    	0.    	0.    	0.    ]
 [0.    	0.    	0.    	0.    	0.    ]]
2025-12-13 21:54:13,535 - INFO - Change Type UA (Precision) Matrix
 [[0.    	0.9643	0.8864	0.    	0.    ]
 [0.9306	0.    	0.8293	0.    	0.    ]
 [0.    	0.    	0.    	0.    	0.    ]
 [0.    	0.    	0.    	0.    	0.    ]
 [0.    	0.    	0.    	0.    	0.    ]]
2025-12-13 21:54:13,535 - INFO - Change Type F1 Matrix
 [[0.    	0.9653	0.8864	0.    	0.    ]
 [0.8874	0.    	0.8608	0.    	0.    ]
 [0.    	0.    	0.    	0.    	0.    ]
 [0.    	0.    	0.    	0.    	0.    ]
 [0.    	0.    	0.    	0.    	0.    ]]
2025-12-13 21:54:13,536 - INFO - Epoch 0 saved.
