2026-02-22 20:07:16,131 - INFO - Epoch 0, Train loss: 0.0
2026-02-22 20:07:16,131 - INFO - mIoU: 0.883; OA: 0.9785; AA: 0.9479; F1: 0.9342; cls_weighted_F1: 0.9786; Kappa: 0.9563;
2026-02-22 20:07:16,131 - INFO - spatial_LccAccuracy: 0.7763; spatial_PA: 0.9981; spatial_UA: 0.9841; spatial_F1: 0.9911; weighted_F1: 0.9545
2026-02-22 20:07:16,131 - INFO - temporal_CdAccuracy: 0.778; temporal_PA: 0.9384; temporal_UA: 0.9329; temporal_F1: 0.9357
2026-02-22 20:07:16,131 - INFO - Confusion Matrix
 [13660.	  304.	    0.	    0.	    0.]
 [  333.	20649.	   80.	    0.	    0.]
 [    0.	   43.	  331.	    0.	    0.]
 [    0.	    0.	    0.	    0.	    0.]
 [    0.	    0.	    0.	    0.	    0.]
2026-02-22 20:07:16,132 - INFO - Change Type PA (Recall) Matrix
 [[0.    	0.9709	0.    	0.    	0.    ]
 [0.9503	0.    	0.94  	0.    	0.    ]
 [0.    	0.8235	0.    	0.    	0.    ]
 [0.    	0.    	0.    	0.    	0.    ]
 [0.    	0.    	0.    	0.    	0.    ]]
2026-02-22 20:07:16,132 - INFO - Change Type UA (Precision) Matrix
 [[0.    	0.9632	0.    	0.    	0.    ]
 [0.9162	0.    	0.9592	0.    	0.    ]
 [0.    	0.9333	0.    	0.    	0.    ]
 [0.    	0.    	0.    	0.    	0.    ]
 [0.    	0.    	0.    	0.    	0.    ]]
2026-02-22 20:07:16,132 - INFO - Change Type F1 Matrix
 [[0.    	0.967 	0.    	0.    	0.    ]
 [0.9329	0.    	0.9495	0.    	0.    ]
 [0.    	0.875 	0.    	0.    	0.    ]
 [0.    	0.    	0.    	0.    	0.    ]
 [0.    	0.    	0.    	0.    	0.    ]]
2026-02-22 20:07:16,132 - INFO - Epoch 0 saved.
