2026-01-22 16:52:39,407 - INFO - Epoch 0, Train loss: 0.0
2026-01-22 16:52:39,408 - INFO - mIoU: 0.5932; OA: 0.9982; AA: 0.5955; F1: 0.5966; Kappa: 0.9941;
2026-01-22 16:52:39,408 - INFO - spatial_LccAccuracy: 0.9811; spatial_PA: 1.0; spatial_UA: 1.0; spatial_F1: 1.0; weighted_F1: 0.9862
2026-01-22 16:52:39,408 - INFO - temporal_CdAccuracy: 0.9946; temporal_PA: 0.9987; temporal_UA: 0.9975; temporal_F1: 0.9981
2026-01-22 16:52:39,409 - INFO - Confusion Matrix
 [18126.	    2.	    0.	    1.	    0.]
 [   17.	 2975.	    0.	    5.	    0.]
 [    0.	    0.	    0.	    0.	    0.]
 [    2.	   14.	    0.	 1058.	    0.]
 [    0.	    0.	    0.	    0.	    0.]
2026-01-22 16:52:39,409 - INFO - Change Type PA (Recall) Matrix
 [[0.    	0.9924	0.    	0.9765	0.    ]
 [1.    	0.    	0.    	0.    	0.    ]
 [0.    	0.    	0.    	0.    	0.    ]
 [0.    	1.    	0.    	0.    	0.    ]
 [0.    	0.    	0.    	0.    	0.    ]]
2026-01-22 16:52:39,410 - INFO - Change Type UA (Precision) Matrix
 [[0.    	0.9701	0.    	0.994 	0.    ]
 [1.    	0.    	0.    	0.    	0.    ]
 [0.    	0.    	0.    	0.    	0.    ]
 [0.    	0.9895	0.    	0.    	0.    ]
 [0.    	0.    	0.    	0.    	0.    ]]
2026-01-22 16:52:39,411 - INFO - Change Type F1 Matrix
 [[0.    	0.9811	0.    	0.9852	0.    ]
 [1.    	0.    	0.    	0.    	0.    ]
 [0.    	0.    	0.    	0.    	0.    ]
 [0.    	0.9947	0.    	0.    	0.    ]
 [0.    	0.    	0.    	0.    	0.    ]]
2026-01-22 16:52:39,411 - INFO - Epoch 0 saved.
