2026-01-22 16:52:39,560 - INFO - Epoch 0, Train loss: 0.0
2026-01-22 16:52:39,560 - INFO - mIoU: 0.7613; OA: 0.9768; AA: 0.7833; F1: 0.7798; Kappa: 0.9574;
2026-01-22 16:52:39,560 - INFO - spatial_LccAccuracy: 0.8304; spatial_PA: 1.0; spatial_UA: 1.0; spatial_F1: 1.0; weighted_F1: 0.8884
2026-01-22 16:52:39,560 - INFO - temporal_CdAccuracy: 0.8304; temporal_PA: 0.954; temporal_UA: 0.9109; temporal_F1: 0.9319
2026-01-22 16:52:39,560 - INFO - Confusion Matrix
 [7044.	 127.	   0.	   0.	   0.]
 [ 116.	5367.	  47.	   0.	   0.]
 [   0.	  22.	 586.	   0.	   0.]
 [   0.	   0.	   0.	 131.	   0.]
 [   0.	   0.	   0.	   0.	   0.]
2026-01-22 16:52:39,561 - INFO - Change Type PA (Recall) Matrix
 [[0.    	0.9667	0.    	1.    	0.    ]
 [0.9783	0.    	0.7632	0.    	0.    ]
 [0.    	0.8947	0.    	0.    	0.    ]
 [0.    	0.    	0.    	0.    	0.    ]
 [0.    	0.    	0.    	0.    	0.    ]]
2026-01-22 16:52:39,561 - INFO - Change Type UA (Precision) Matrix
 [[0.    	0.9206	0.    	1.    	0.    ]
 [0.75  	0.    	0.6591	0.    	0.    ]
 [0.    	0.8095	0.    	0.    	0.    ]
 [0.    	0.    	0.    	0.    	0.    ]
 [0.    	0.    	0.    	0.    	0.    ]]
2026-01-22 16:52:39,561 - INFO - Change Type F1 Matrix
 [[0.    	0.9431	0.    	1.    	0.    ]
 [0.8491	0.    	0.7073	0.    	0.    ]
 [0.    	0.85  	0.    	0.    	0.    ]
 [0.    	0.    	0.    	0.    	0.    ]
 [0.    	0.    	0.    	0.    	0.    ]]
2026-01-22 16:52:39,561 - INFO - Epoch 0 saved.
