2026-01-29 17:01:51,503 - INFO - Epoch 0, Train loss: 0.0
2026-01-29 17:01:51,503 - INFO - mIoU: 0.846; OA: 0.9485; AA: 0.8915; F1: 0.9141; Kappa: 0.9021;
2026-01-29 17:01:51,504 - INFO - spatial_LccAccuracy: 0.743; spatial_PA: 0.7018; spatial_UA: 0.9667; spatial_F1: 0.8132; weighted_F1: 0.861
2026-01-29 17:01:51,504 - INFO - temporal_CdAccuracy: 0.743; temporal_PA: 0.9162; temporal_UA: 0.844; temporal_F1: 0.8786
2026-01-29 17:01:51,504 - INFO - Confusion Matrix
 [14063.	  201.	    0.	    0.	   17.]
 [ 1162.	15534.	    0.	    0.	   35.]
 [    0.	    0.	    0.	    0.	    0.]
 [    0.	    0.	    0.	    0.	    0.]
 [   39.	  192.	    0.	    0.	  737.]
2026-01-29 17:01:51,506 - INFO - Change Type PA (Recall) Matrix
 [[0.    	0.9595	0.    	0.    	0.    ]
 [0.4091	0.    	0.    	0.    	0.8   ]
 [0.    	0.    	0.    	0.    	0.    ]
 [0.    	0.    	0.    	0.    	0.    ]
 [0.    	0.    	0.    	0.    	0.    ]]
2026-01-29 17:01:51,506 - INFO - Change Type UA (Precision) Matrix
 [[0.    	0.8475	0.    	0.    	0.    ]
 [0.1475	0.    	0.    	0.    	0.7719]
 [0.    	0.    	0.    	0.    	0.    ]
 [0.    	0.    	0.    	0.    	0.    ]
 [0.    	0.    	0.    	0.    	0.    ]]
2026-01-29 17:01:51,507 - INFO - Change Type F1 Matrix
 [[0.    	0.9   	0.    	0.    	0.    ]
 [0.2169	0.    	0.    	0.    	0.7857]
 [0.    	0.    	0.    	0.    	0.    ]
 [0.    	0.    	0.    	0.    	0.    ]
 [0.    	0.    	0.    	0.    	0.    ]]
2026-01-29 17:01:51,507 - INFO - Epoch 0 saved.
