2026-01-29 17:01:52,450 - INFO - Epoch 0, Train loss: 0.0
2026-01-29 17:01:52,450 - INFO - mIoU: 0.9913; OA: 0.9983; AA: 0.9942; F1: 0.9956; Kappa: 0.9945;
2026-01-29 17:01:52,451 - INFO - spatial_LccAccuracy: 0.9838; spatial_PA: 1.0; spatial_UA: 1.0; spatial_F1: 1.0; weighted_F1: 0.9887
2026-01-29 17:01:52,451 - INFO - temporal_CdAccuracy: 0.9892; temporal_PA: 0.9961; temporal_UA: 0.9949; temporal_F1: 0.9955
2026-01-29 17:01:52,451 - INFO - Confusion Matrix
 [18129.	    0.	    0.	    0.	    0.]
 [   25.	 2967.	    0.	    5.	    0.]
 [    0.	    0.	    0.	    0.	    0.]
 [    0.	    8.	    0.	 1066.	    0.]
 [    0.	    0.	    0.	    0.	    0.]
2026-01-29 17:01:52,452 - INFO - Change Type PA (Recall) Matrix
 [[0.    	0.9924	0.    	0.9824	0.    ]
 [1.    	0.    	0.    	0.    	0.    ]
 [0.    	0.    	0.    	0.    	0.    ]
 [0.    	1.    	0.    	0.    	0.    ]
 [0.    	0.    	0.    	0.    	0.    ]]
2026-01-29 17:01:52,453 - INFO - Change Type UA (Precision) Matrix
 [[0.    	0.9774	0.    	0.994 	0.    ]
 [1.    	0.    	0.    	0.    	0.    ]
 [0.    	0.    	0.    	0.    	0.    ]
 [0.    	0.9895	0.    	0.    	0.    ]
 [0.    	0.    	0.    	0.    	0.    ]]
2026-01-29 17:01:52,453 - INFO - Change Type F1 Matrix
 [[0.    	0.9848	0.    	0.9882	0.    ]
 [1.    	0.    	0.    	0.    	0.    ]
 [0.    	0.    	0.    	0.    	0.    ]
 [0.    	0.9947	0.    	0.    	0.    ]
 [0.    	0.    	0.    	0.    	0.    ]]
2026-01-29 17:01:52,454 - INFO - Epoch 0 saved.
