2026-01-29 17:01:52,583 - INFO - Epoch 0, Train loss: 0.0
2026-01-29 17:01:52,583 - INFO - mIoU: 0.9496; OA: 0.9754; AA: 0.9728; F1: 0.9738; Kappa: 0.9546;
2026-01-29 17:01:52,584 - INFO - spatial_LccAccuracy: 0.8348; spatial_PA: 1.0; spatial_UA: 1.0; spatial_F1: 1.0; weighted_F1: 0.9097
2026-01-29 17:01:52,584 - INFO - temporal_CdAccuracy: 0.8348; temporal_PA: 0.9355; temporal_UA: 0.9087; temporal_F1: 0.9219
2026-01-29 17:01:52,584 - INFO - Confusion Matrix
 [7078.	  93.	   0.	   0.	   0.]
 [ 174.	5328.	  27.	   1.	   0.]
 [   0.	  36.	 572.	   0.	   0.]
 [   0.	   0.	   0.	 131.	   0.]
 [   0.	   0.	   0.	   0.	   0.]
2026-01-29 17:01:52,585 - INFO - Change Type PA (Recall) Matrix
 [[0.    	0.9556	0.5   	1.    	0.    ]
 [0.9348	0.    	0.8684	0.    	0.    ]
 [0.    	0.9474	0.    	0.    	0.    ]
 [0.    	0.    	0.    	0.    	0.    ]
 [0.    	0.    	0.    	0.    	0.    ]]
2026-01-29 17:01:52,586 - INFO - Change Type UA (Precision) Matrix
 [[0.    	0.9198	1.    	1.    	0.    ]
 [0.7679	0.    	0.7857	0.    	0.    ]
 [0.    	0.9474	0.    	0.    	0.    ]
 [0.    	0.    	0.    	0.    	0.    ]
 [0.    	0.    	0.    	0.    	0.    ]]
2026-01-29 17:01:52,586 - INFO - Change Type F1 Matrix
 [[0.    	0.9373	0.6667	1.    	0.    ]
 [0.8431	0.    	0.825 	0.    	0.    ]
 [0.    	0.9474	0.    	0.    	0.    ]
 [0.    	0.    	0.    	0.    	0.    ]
 [0.    	0.    	0.    	0.    	0.    ]]
2026-01-29 17:01:52,586 - INFO - Epoch 0 saved.
