2026-01-29 22:28:20,583 - INFO - Epoch 0, Train loss: 0.0
2026-01-29 22:28:20,583 - INFO - mIoU: 0.5156; OA: 0.956; AA: 0.904; F1: 0.9218; Kappa: 0.9163;
2026-01-29 22:28:20,583 - INFO - spatial_LccAccuracy: 0.7542; spatial_PA: 0.7632; spatial_UA: 0.9732; spatial_F1: 0.8555; weighted_F1: 0.8622
2026-01-29 22:28:20,583 - INFO - temporal_CdAccuracy: 0.7542; temporal_PA: 0.9059; temporal_UA: 0.835; temporal_F1: 0.869
2026-01-29 22:28:20,583 - INFO - Confusion Matrix
 [13945.	  300.	    0.	    7.	   29.]
 [  812.	15866.	   11.	    0.	   42.]
 [    0.	    0.	    0.	    0.	    0.]
 [    0.	    0.	    0.	    0.	    0.]
 [   31.	  163.	   10.	    2.	  762.]
2026-01-29 22:28:20,583 - INFO - Change Type PA (Recall) Matrix
 [[0.    	0.9616	0.    	0.    	0.    ]
 [0.3182	0.    	0.    	0.    	0.7455]
 [0.    	0.    	0.    	0.    	0.    ]
 [0.    	0.    	0.    	0.    	0.    ]
 [0.    	0.    	0.    	0.    	0.    ]]
2026-01-29 22:28:20,584 - INFO - Change Type UA (Precision) Matrix
 [[0.    	0.8607	0.    	0.    	0.    ]
 [0.1489	0.    	0.    	0.    	0.7193]
 [0.    	0.    	0.    	0.    	0.    ]
 [0.    	0.    	0.    	0.    	0.    ]
 [0.    	0.    	0.    	0.    	0.    ]]
2026-01-29 22:28:20,584 - INFO - Change Type F1 Matrix
 [[0.    	0.9084	0.    	0.    	0.    ]
 [0.2029	0.    	0.    	0.    	0.7321]
 [0.    	0.    	0.    	0.    	0.    ]
 [0.    	0.    	0.    	0.    	0.    ]
 [0.    	0.    	0.    	0.    	0.    ]]
2026-01-29 22:28:20,584 - INFO - Epoch 0 saved.
