2026-01-29 22:28:20,983 - INFO - Epoch 0, Train loss: 0.0
2026-01-29 22:28:20,983 - INFO - mIoU: 0.955; OA: 0.9932; AA: 0.9793; F1: 0.9767; Kappa: 0.9783;
2026-01-29 22:28:20,983 - INFO - spatial_LccAccuracy: 0.9054; spatial_PA: 0.9476; spatial_UA: 0.9807; spatial_F1: 0.9639; weighted_F1: 0.9226
2026-01-29 22:28:20,983 - INFO - temporal_CdAccuracy: 0.9135; temporal_PA: 0.9905; temporal_UA: 0.9632; temporal_F1: 0.9767
2026-01-29 22:28:20,983 - INFO - Confusion Matrix
 [18117.	    3.	    0.	    9.	    0.]
 [   48.	 2885.	    0.	   64.	    0.]
 [    0.	    0.	    0.	    0.	    0.]
 [    5.	   21.	    0.	 1048.	    0.]
 [    0.	    0.	    0.	    0.	    0.]
2026-01-29 22:28:20,983 - INFO - Change Type PA (Recall) Matrix
 [[0.    	0.9237	0.    	0.9647	0.    ]
 [0.5   	0.    	0.    	0.    	0.    ]
 [0.    	0.    	0.    	0.    	0.    ]
 [0.    	0.9787	0.    	0.    	0.    ]
 [0.    	0.    	0.    	0.    	0.    ]]
2026-01-29 22:28:20,983 - INFO - Change Type UA (Precision) Matrix
 [[0.    	0.9603	0.    	0.8962	0.    ]
 [0.5   	0.    	0.    	0.    	0.    ]
 [0.    	0.    	0.    	0.    	0.    ]
 [0.    	0.8364	0.    	0.    	0.    ]
 [0.    	0.    	0.    	0.    	0.    ]]
2026-01-29 22:28:20,983 - INFO - Change Type F1 Matrix
 [[0.    	0.9416	0.    	0.9292	0.    ]
 [0.5   	0.    	0.    	0.    	0.    ]
 [0.    	0.    	0.    	0.    	0.    ]
 [0.    	0.902 	0.    	0.    	0.    ]
 [0.    	0.    	0.    	0.    	0.    ]]
2026-01-29 22:28:20,983 - INFO - Epoch 0 saved.
