2026-02-22 20:07:04,840 - INFO - Epoch 0, Train loss: 0.0
2026-02-22 20:07:04,841 - INFO - mIoU: 0.5518; OA: 0.9483; AA: 0.7559; F1: 0.7733; cls_weighted_F1: 0.9475; Kappa: 0.9027;
2026-02-22 20:07:04,841 - INFO - spatial_LccAccuracy: 0.6919; spatial_PA: 0.7193; spatial_UA: 0.9705; spatial_F1: 0.8262; weighted_F1: 0.8509
2026-02-22 20:07:04,841 - INFO - temporal_CdAccuracy: 0.6937; temporal_PA: 0.8884; temporal_UA: 0.8242; temporal_F1: 0.8551
2026-02-22 20:07:04,841 - INFO - Confusion Matrix
 [15000.	  306.	    0.	    0.	   95.]
 [  885.	16446.	   83.	    5.	   48.]
 [    0.	  176.	   68.	    0.	    0.]
 [    0.	    0.	    0.	    0.	    0.]
 [    5.	  157.	    1.	    2.	  803.]
2026-02-22 20:07:04,841 - INFO - Change Type PA (Recall) Matrix
 [[0.    	0.9663	0.    	0.    	0.    ]
 [0.7727	0.    	0.6571	0.    	0.7091]
 [0.    	0.6571	0.    	0.    	0.    ]
 [0.    	0.    	0.    	0.    	0.    ]
 [0.    	0.    	0.    	0.    	0.    ]]
2026-02-22 20:07:04,841 - INFO - Change Type UA (Precision) Matrix
 [[0.    	0.8529	0.    	0.    	0.    ]
 [0.2329	0.    	0.7931	0.    	0.6842]
 [0.    	0.8519	0.    	0.    	0.    ]
 [0.    	0.    	0.    	0.    	0.    ]
 [0.    	0.    	0.    	0.    	0.    ]]
2026-02-22 20:07:04,841 - INFO - Change Type F1 Matrix
 [[0.    	0.906 	0.    	0.    	0.    ]
 [0.3579	0.    	0.7188	0.    	0.6964]
 [0.    	0.7419	0.    	0.    	0.    ]
 [0.    	0.    	0.    	0.    	0.    ]
 [0.    	0.    	0.    	0.    	0.    ]]
2026-02-22 20:07:04,841 - INFO - Epoch 0 saved.
