2026-02-22 20:07:05,082 - INFO - Epoch 0, Train loss: 0.0
2026-02-22 20:07:05,082 - INFO - mIoU: 0.7542; OA: 0.9913; AA: 0.963; F1: 0.9687; cls_weighted_F1: 0.9913; Kappa: 0.9851;
2026-02-22 20:07:05,082 - INFO - spatial_LccAccuracy: 0.9104; spatial_PA: 1.0; spatial_UA: 1.0; spatial_F1: 1.0; weighted_F1: 0.902
2026-02-22 20:07:05,082 - INFO - temporal_CdAccuracy: 0.9186; temporal_PA: 0.9654; temporal_UA: 0.9474; temporal_F1: 0.9563
2026-02-22 20:07:05,082 - INFO - Confusion Matrix
 [23240.	  123.	    0.	    1.	    0.]
 [  104.	15390.	   58.	    1.	    0.]
 [    4.	   94.	  645.	    0.	    0.]
 [    0.	    0.	    0.	    0.	    0.]
 [    1.	    0.	    0.	    0.	 4559.]
2026-02-22 20:07:05,082 - INFO - Change Type PA (Recall) Matrix
 [[0.    	0.9558	0.6591	0.    	0.    ]
 [0.8228	0.    	0.8421	0.    	0.    ]
 [0.    	0.    	0.    	0.    	0.    ]
 [0.    	0.    	0.    	0.    	0.    ]
 [0.    	0.    	0.    	0.    	0.    ]]
2026-02-22 20:07:05,082 - INFO - Change Type UA (Precision) Matrix
 [[0.    	0.9303	0.7838	0.    	0.    ]
 [0.8228	0.    	0.7111	0.    	0.    ]
 [0.    	0.    	0.    	0.    	0.    ]
 [0.    	0.    	0.    	0.    	0.    ]
 [0.    	0.    	0.    	0.    	0.    ]]
2026-02-22 20:07:05,082 - INFO - Change Type F1 Matrix
 [[0.    	0.9429	0.716 	0.    	0.    ]
 [0.8228	0.    	0.7711	0.    	0.    ]
 [0.    	0.    	0.    	0.    	0.    ]
 [0.    	0.    	0.    	0.    	0.    ]
 [0.    	0.    	0.    	0.    	0.    ]]
2026-02-22 20:07:05,082 - INFO - Epoch 0 saved.
