2026-01-29 17:03:55,751 - INFO - Epoch 0, Train loss: 0.0
2026-01-29 17:03:55,752 - INFO - mIoU: 0.6905; OA: 0.9766; AA: 0.7276; F1: 0.7426; Kappa: 0.9501;
2026-01-29 17:03:55,752 - INFO - spatial_LccAccuracy: 0.7872; spatial_PA: 0.9897; spatial_UA: 0.9828; spatial_F1: 0.9863; weighted_F1: 0.9209
2026-01-29 17:03:55,752 - INFO - temporal_CdAccuracy: 0.789; temporal_PA: 0.9538; temporal_UA: 0.9291; temporal_F1: 0.9413
2026-01-29 17:03:55,752 - INFO - Confusion Matrix
 [11694.	  404.	    0.	    0.	    0.]
 [  200.	20211.	   60.	    0.	    0.]
 [    0.	  101.	   30.	    0.	    0.]
 [    0.	    0.	    0.	    0.	    0.]
 [    0.	    0.	    0.	    0.	    0.]
2026-01-29 17:03:55,754 - INFO - Change Type PA (Recall) Matrix
 [[0.    	0.9437	0.    	0.    	0.    ]
 [0.9348	0.    	0.4   	0.    	0.    ]
 [0.    	0.    	0.    	0.    	0.    ]
 [0.    	0.    	0.    	0.    	0.    ]
 [0.    	0.    	0.    	0.    	0.    ]]
2026-01-29 17:03:55,754 - INFO - Change Type UA (Precision) Matrix
 [[0.    	0.9358	0.    	0.    	0.    ]
 [0.8674	0.    	0.1   	0.    	0.    ]
 [0.    	0.    	0.    	0.    	0.    ]
 [0.    	0.    	0.    	0.    	0.    ]
 [0.    	0.    	0.    	0.    	0.    ]]
2026-01-29 17:03:55,755 - INFO - Change Type F1 Matrix
 [[0.    	0.9397	0.    	0.    	0.    ]
 [0.8999	0.    	0.16  	0.    	0.    ]
 [0.    	0.    	0.    	0.    	0.    ]
 [0.    	0.    	0.    	0.    	0.    ]
 [0.    	0.    	0.    	0.    	0.    ]]
2026-01-29 17:03:55,755 - INFO - Epoch 0 saved.
