<<<<<<< HEAD
2026-01-22 16:52:24,435 - INFO - Epoch 0, Train loss: 0.0
2026-01-22 16:52:24,436 - INFO - mIoU: 0.5727; OA: 0.9935; AA: 0.5874; F1: 0.5858; Kappa: 0.979;
2026-01-22 16:52:24,436 - INFO - spatial_LccAccuracy: 0.8676; spatial_PA: 0.9911; spatial_UA: 0.9911; spatial_F1: 0.9911; weighted_F1: 0.9233
2026-01-22 16:52:24,436 - INFO - temporal_CdAccuracy: 0.8865; temporal_PA: 0.9576; temporal_UA: 0.9456; temporal_F1: 0.9516
2026-01-22 16:52:24,437 - INFO - Confusion Matrix
=======
2025-12-13 21:54:00,738 - INFO - Epoch 0, Train loss: 0.0
2025-12-13 21:54:00,739 - INFO - mIoU: 0.5727; OA: 0.9935; AA: 0.5874; F1: 0.5858; Kappa: 0.979;
2025-12-13 21:54:00,739 - INFO - spatial_LccAccuracy: 0.9081; spatial_PA: 0.9911; spatial_UA: 0.9911; spatial_F1: 0.9911
2025-12-13 21:54:00,739 - INFO - temporal_CdAccuracy: 0.8865; temporal_PA: 0.9576; temporal_UA: 0.9456; temporal_F1: 0.9516
2025-12-13 21:54:00,739 - INFO - Confusion Matrix
>>>>>>> 93175a06c110e941919a0524e265707df6271051
 [18120.	    8.	    0.	    0.	    1.]
 [   35.	 2890.	    0.	   72.	    0.]
 [    0.	    0.	    0.	    0.	    0.]
 [    6.	   23.	    0.	 1045.	    0.]
 [    0.	    0.	    0.	    0.	    0.]
<<<<<<< HEAD
2026-01-22 16:52:24,437 - INFO - Change Type PA (Recall) Matrix
=======
2025-12-13 21:54:00,740 - INFO - Change Type PA (Recall) Matrix
>>>>>>> 93175a06c110e941919a0524e265707df6271051
 [[0.    	0.8168	0.    	0.9824	0.    ]
 [1.    	0.    	0.    	0.    	0.    ]
 [0.    	0.    	0.    	0.    	0.    ]
 [0.    	0.9894	0.    	0.    	0.    ]
 [0.    	0.    	0.    	0.    	0.    ]]
<<<<<<< HEAD
2026-01-22 16:52:24,438 - INFO - Change Type UA (Precision) Matrix
=======
2025-12-13 21:54:00,740 - INFO - Change Type UA (Precision) Matrix
>>>>>>> 93175a06c110e941919a0524e265707df6271051
 [[0.    	0.9727	0.    	0.8698	0.    ]
 [0.6667	0.    	0.    	0.    	0.    ]
 [0.    	0.    	0.    	0.    	0.    ]
 [0.    	0.9688	0.    	0.    	0.    ]
 [0.    	0.    	0.    	0.    	0.    ]]
<<<<<<< HEAD
2026-01-22 16:52:24,439 - INFO - Change Type F1 Matrix
=======
2025-12-13 21:54:00,740 - INFO - Change Type F1 Matrix
>>>>>>> 93175a06c110e941919a0524e265707df6271051
 [[0.    	0.888 	0.    	0.9227	0.    ]
 [0.8   	0.    	0.    	0.    	0.    ]
 [0.    	0.    	0.    	0.    	0.    ]
 [0.    	0.9789	0.    	0.    	0.    ]
 [0.    	0.    	0.    	0.    	0.    ]]
<<<<<<< HEAD
2026-01-22 16:52:24,439 - INFO - Epoch 0 saved.
=======
2025-12-13 21:54:00,740 - INFO - Epoch 0 saved.
>>>>>>> 93175a06c110e941919a0524e265707df6271051
