<<<<<<< HEAD
2026-01-22 16:52:24,602 - INFO - Epoch 0, Train loss: 0.0
2026-01-22 16:52:24,603 - INFO - mIoU: 0.7476; OA: 0.9722; AA: 0.7748; F1: 0.7727; Kappa: 0.949;
2026-01-22 16:52:24,603 - INFO - spatial_LccAccuracy: 0.7946; spatial_PA: 1.0; spatial_UA: 1.0; spatial_F1: 1.0; weighted_F1: 0.8426
2026-01-22 16:52:24,603 - INFO - temporal_CdAccuracy: 0.7946; temporal_PA: 0.9381; temporal_UA: 0.8851; temporal_F1: 0.9108
2026-01-22 16:52:24,603 - INFO - Confusion Matrix
=======
2025-12-13 21:54:00,855 - INFO - Epoch 0, Train loss: 0.0
2025-12-13 21:54:00,856 - INFO - mIoU: 0.7476; OA: 0.9722; AA: 0.7748; F1: 0.7727; Kappa: 0.949;
2025-12-13 21:54:00,856 - INFO - spatial_LccAccuracy: 0.8705; spatial_PA: 1.0; spatial_UA: 1.0; spatial_F1: 1.0
2025-12-13 21:54:00,857 - INFO - temporal_CdAccuracy: 0.7946; temporal_PA: 0.9381; temporal_UA: 0.8851; temporal_F1: 0.9108
2025-12-13 21:54:00,858 - INFO - Confusion Matrix
>>>>>>> 93175a06c110e941919a0524e265707df6271051
 [7000.	 165.	   0.	   1.	   5.]
 [ 121.	5373.	  33.	   1.	   2.]
 [   0.	  42.	 563.	   3.	   0.]
 [   0.	   0.	   0.	 131.	   0.]
 [   0.	   0.	   0.	   0.	   0.]
<<<<<<< HEAD
2026-01-22 16:52:24,604 - INFO - Change Type PA (Recall) Matrix
=======
2025-12-13 21:54:00,859 - INFO - Change Type PA (Recall) Matrix
>>>>>>> 93175a06c110e941919a0524e265707df6271051
 [[0.    	0.9444	0.    	1.    	0.    ]
 [0.8696	0.    	0.7632	0.    	0.    ]
 [0.    	0.8421	0.    	0.    	0.    ]
 [0.    	0.    	0.    	0.    	0.    ]
 [0.    	0.    	0.    	0.    	0.    ]]
<<<<<<< HEAD
2026-01-22 16:52:24,605 - INFO - Change Type UA (Precision) Matrix
=======
2025-12-13 21:54:00,859 - INFO - Change Type UA (Precision) Matrix
>>>>>>> 93175a06c110e941919a0524e265707df6271051
 [[0.    	0.85  	0.    	0.9231	0.    ]
 [0.625 	0.    	0.7436	0.    	0.    ]
 [0.    	0.8   	0.    	0.    	0.    ]
 [0.    	0.    	0.    	0.    	0.    ]
 [0.    	0.    	0.    	0.    	0.    ]]
<<<<<<< HEAD
2026-01-22 16:52:24,606 - INFO - Change Type F1 Matrix
=======
2025-12-13 21:54:00,860 - INFO - Change Type F1 Matrix
>>>>>>> 93175a06c110e941919a0524e265707df6271051
 [[0.    	0.8947	0.    	0.96  	0.    ]
 [0.7273	0.    	0.7532	0.    	0.    ]
 [0.    	0.8205	0.    	0.    	0.    ]
 [0.    	0.    	0.    	0.    	0.    ]
 [0.    	0.    	0.    	0.    	0.    ]]
<<<<<<< HEAD
2026-01-22 16:52:24,606 - INFO - Epoch 0 saved.
=======
2025-12-13 21:54:00,860 - INFO - Epoch 0 saved.
>>>>>>> 93175a06c110e941919a0524e265707df6271051
