2026-01-22 16:52:03,996 - INFO - Epoch 0, Train loss: 0.0
2026-01-22 16:52:03,997 - INFO - mIoU: 0.4822; OA: 0.9391; AA: 0.5134; F1: 0.5312; Kappa: 0.8836;
2026-01-22 16:52:03,997 - INFO - spatial_LccAccuracy: 0.666; spatial_PA: 0.7084; spatial_UA: 0.929; spatial_F1: 0.8039; weighted_F1: 0.8244
2026-01-22 16:52:03,997 - INFO - temporal_CdAccuracy: 0.666; temporal_PA: 0.8715; temporal_UA: 0.7853; temporal_F1: 0.8261
2026-01-22 16:52:03,997 - INFO - Confusion Matrix
 [13596.	  626.	    0.	    0.	   59.]
 [  895.	15786.	   32.	    1.	   17.]
 [    0.	    0.	    0.	    0.	    0.]
 [    0.	    0.	    0.	    0.	    0.]
 [   60.	  258.	    0.	    0.	  650.]
2026-01-22 16:52:03,998 - INFO - Change Type PA (Recall) Matrix
 [[0.    	0.936 	0.    	0.    	0.    ]
 [0.3636	0.    	0.    	0.    	0.7091]
 [0.    	0.    	0.    	0.    	0.    ]
 [0.    	0.    	0.    	0.    	0.    ]
 [0.    	0.    	0.    	0.    	0.    ]]
2026-01-22 16:52:03,999 - INFO - Change Type UA (Precision) Matrix
 [[0.    	0.804 	0.    	0.    	0.    ]
 [0.0909	0.    	0.    	0.    	0.7959]
 [0.    	0.    	0.    	0.    	0.    ]
 [0.    	0.    	0.    	0.    	0.    ]
 [0.    	0.    	0.    	0.    	0.    ]]
2026-01-22 16:52:04,000 - INFO - Change Type F1 Matrix
 [[0.    	0.865 	0.    	0.    	0.    ]
 [0.1455	0.    	0.    	0.    	0.75  ]
 [0.    	0.    	0.    	0.    	0.    ]
 [0.    	0.    	0.    	0.    	0.    ]
 [0.    	0.    	0.    	0.    	0.    ]]
2026-01-22 16:52:04,000 - INFO - Epoch 0 saved.
