2026-01-29 17:03:36,749 - INFO - Epoch 0, Train loss: 0.0
2026-01-29 17:03:36,749 - INFO - mIoU: 0.7501; OA: 0.99; AA: 0.9636; F1: 0.9656; Kappa: 0.9829;
2026-01-29 17:03:36,750 - INFO - spatial_LccAccuracy: 0.9118; spatial_PA: 1.0; spatial_UA: 1.0; spatial_F1: 1.0; weighted_F1: 0.9172
2026-01-29 17:03:36,750 - INFO - temporal_CdAccuracy: 0.9213; temporal_PA: 0.9615; temporal_UA: 0.949; temporal_F1: 0.9552
2026-01-29 17:03:36,750 - INFO - Confusion Matrix
 [23211.	  150.	    3.	    0.	    0.]
 [  119.	15357.	   76.	    1.	    0.]
 [    5.	   88.	  649.	    1.	    0.]
 [    0.	    0.	    0.	    0.	    0.]
 [    0.	    0.	    0.	    0.	 4560.]
2026-01-29 17:03:36,751 - INFO - Change Type PA (Recall) Matrix
 [[0.    	0.9621	0.7045	0.    	0.    ]
 [0.8608	0.    	0.8684	0.    	0.    ]
 [0.    	0.    	0.    	0.    	0.    ]
 [0.    	0.    	0.    	0.    	0.    ]
 [0.    	0.    	0.    	0.    	0.    ]]
2026-01-29 17:03:36,752 - INFO - Change Type UA (Precision) Matrix
 [[0.    	0.9442	0.7949	0.    	0.    ]
 [0.85  	0.    	0.7333	0.    	0.    ]
 [0.    	0.    	0.    	0.    	0.    ]
 [0.    	0.    	0.    	0.    	0.    ]
 [0.    	0.    	0.    	0.    	0.    ]]
2026-01-29 17:03:36,753 - INFO - Change Type F1 Matrix
 [[0.    	0.9531	0.747 	0.    	0.    ]
 [0.8553	0.    	0.7952	0.    	0.    ]
 [0.    	0.    	0.    	0.    	0.    ]
 [0.    	0.    	0.    	0.    	0.    ]
 [0.    	0.    	0.    	0.    	0.    ]]
2026-01-29 17:03:36,753 - INFO - Epoch 0 saved.
