2026-02-22 20:06:54,512 - INFO - Epoch 0, Train loss: 0.0
2026-02-22 20:06:54,512 - INFO - mIoU: 0.7793; OA: 0.9642; AA: 0.8821; F1: 0.8561; cls_weighted_F1: 0.9647; Kappa: 0.927;
2026-02-22 20:06:54,513 - INFO - spatial_LccAccuracy: 0.6966; spatial_PA: 0.9981; spatial_UA: 0.9841; spatial_F1: 0.9911; weighted_F1: 0.8972
2026-02-22 20:06:54,513 - INFO - temporal_CdAccuracy: 0.6983; temporal_PA: 0.8954; temporal_UA: 0.9078; temporal_F1: 0.9015
2026-02-22 20:06:54,513 - INFO - Confusion Matrix
 [13338.	  626.	    0.	    0.	    0.]
 [  330.	20527.	  205.	    0.	    0.]
 [    0.	  106.	  268.	    0.	    0.]
 [    0.	    0.	    0.	    0.	    0.]
 [    0.	    0.	    0.	    0.	    0.]
2026-02-22 20:06:54,513 - INFO - Change Type PA (Recall) Matrix
 [[0.    	0.9205	0.    	0.    	0.    ]
 [0.8789	0.    	0.58  	0.    	0.    ]
 [0.    	0.1176	0.    	0.    	0.    ]
 [0.    	0.    	0.    	0.    	0.    ]
 [0.    	0.    	0.    	0.    	0.    ]]
2026-02-22 20:06:54,513 - INFO - Change Type UA (Precision) Matrix
 [[0.    	0.9495	0.    	0.    	0.    ]
 [0.8927	0.    	0.8056	0.    	0.    ]
 [0.    	0.2222	0.    	0.    	0.    ]
 [0.    	0.    	0.    	0.    	0.    ]
 [0.    	0.    	0.    	0.    	0.    ]]
2026-02-22 20:06:54,513 - INFO - Change Type F1 Matrix
 [[0.    	0.9348	0.    	0.    	0.    ]
 [0.8858	0.    	0.6744	0.    	0.    ]
 [0.    	0.1538	0.    	0.    	0.    ]
 [0.    	0.    	0.    	0.    	0.    ]
 [0.    	0.    	0.    	0.    	0.    ]]
2026-02-22 20:06:54,513 - INFO - Epoch 0 saved.
