2026-01-22 16:52:04,892 - INFO - Epoch 0, Train loss: 0.0
2026-01-22 16:52:04,892 - INFO - mIoU: 0.5751; OA: 0.9939; AA: 0.5898; F1: 0.5871; Kappa: 0.9804;
2026-01-22 16:52:04,892 - INFO - spatial_LccAccuracy: 0.8622; spatial_PA: 0.9331; spatial_UA: 0.9772; spatial_F1: 0.9547; weighted_F1: 0.9182
2026-01-22 16:52:04,893 - INFO - temporal_CdAccuracy: 0.9054; temporal_PA: 0.9779; temporal_UA: 0.9576; temporal_F1: 0.9677
2026-01-22 16:52:04,893 - INFO - Confusion Matrix
 [18098.	   16.	    0.	   15.	    0.]
 [   26.	 2916.	    0.	   55.	    0.]
 [    0.	    0.	    0.	    0.	    0.]
 [    3.	   21.	    0.	 1050.	    0.]
 [    0.	    0.	    0.	    0.	    0.]
2026-01-22 16:52:04,894 - INFO - Change Type PA (Recall) Matrix
 [[0.    	0.855 	0.    	0.9588	0.    ]
 [1.    	0.    	0.    	0.    	0.    ]
 [0.    	0.    	0.    	0.    	0.    ]
 [0.    	1.    	0.    	0.    	0.    ]
 [0.    	0.    	0.    	0.    	0.    ]]
2026-01-22 16:52:04,895 - INFO - Change Type UA (Precision) Matrix
 [[0.    	0.9333	0.    	0.8624	0.    ]
 [1.    	0.    	0.    	0.    	0.    ]
 [0.    	0.    	0.    	0.    	0.    ]
 [0.    	0.94  	0.    	0.    	0.    ]
 [0.    	0.    	0.    	0.    	0.    ]]
2026-01-22 16:52:04,896 - INFO - Change Type F1 Matrix
 [[0.    	0.8924	0.    	0.9081	0.    ]
 [1.    	0.    	0.    	0.    	0.    ]
 [0.    	0.    	0.    	0.    	0.    ]
 [0.    	0.9691	0.    	0.    	0.    ]
 [0.    	0.    	0.    	0.    	0.    ]]
2026-01-22 16:52:04,896 - INFO - Epoch 0 saved.
