<<<<<<< HEAD
2026-01-22 16:52:05,027 - INFO - Epoch 0, Train loss: 0.0
2026-01-22 16:52:05,027 - INFO - mIoU: 0.7313; OA: 0.9681; AA: 0.7531; F1: 0.764; Kappa: 0.9412;
2026-01-22 16:52:05,028 - INFO - spatial_LccAccuracy: 0.7009; spatial_PA: 0.9973; spatial_UA: 0.9868; spatial_F1: 0.9921; weighted_F1: 0.8741
2026-01-22 16:52:05,028 - INFO - temporal_CdAccuracy: 0.7009; temporal_PA: 0.899; temporal_UA: 0.8632; temporal_F1: 0.8808
2026-01-22 16:52:05,028 - INFO - Confusion Matrix
=======
2025-12-13 21:53:42,373 - INFO - Epoch 0, Train loss: 0.0
2025-12-13 21:53:42,374 - INFO - mIoU: 0.7313; OA: 0.9681; AA: 0.7531; F1: 0.764; Kappa: 0.9412;
2025-12-13 21:53:42,374 - INFO - spatial_LccAccuracy: 0.8214; spatial_PA: 0.9973; spatial_UA: 0.9868; spatial_F1: 0.9921
2025-12-13 21:53:42,375 - INFO - temporal_CdAccuracy: 0.7009; temporal_PA: 0.899; temporal_UA: 0.8632; temporal_F1: 0.8808
2025-12-13 21:53:42,375 - INFO - Confusion Matrix
>>>>>>> 93175a06c110e941919a0524e265707df6271051
 [7033.	 137.	   0.	   1.	   0.]
 [ 204.	5297.	  29.	   0.	   0.]
 [   2.	  43.	 563.	   0.	   0.]
 [   1.	  12.	   0.	 118.	   0.]
 [   0.	   0.	   0.	   0.	   0.]
<<<<<<< HEAD
2026-01-22 16:52:05,030 - INFO - Change Type PA (Recall) Matrix
=======
2025-12-13 21:53:42,377 - INFO - Change Type PA (Recall) Matrix
>>>>>>> 93175a06c110e941919a0524e265707df6271051
 [[0.    	0.9444	0.    	1.    	0.    ]
 [0.8696	0.    	0.7632	0.    	0.    ]
 [0.    	0.8947	0.    	0.    	0.    ]
 [0.    	0.    	0.    	0.    	0.    ]
 [0.    	0.    	0.    	0.    	0.    ]]
<<<<<<< HEAD
2026-01-22 16:52:05,030 - INFO - Change Type UA (Precision) Matrix
=======
2025-12-13 21:53:42,377 - INFO - Change Type UA (Precision) Matrix
>>>>>>> 93175a06c110e941919a0524e265707df6271051
 [[0.    	0.9091	0.    	1.    	0.    ]
 [0.7143	0.    	0.7838	0.    	0.    ]
 [0.    	0.7391	0.    	0.    	0.    ]
 [0.    	0.    	0.    	0.    	0.    ]
 [0.    	0.    	0.    	0.    	0.    ]]
<<<<<<< HEAD
2026-01-22 16:52:05,032 - INFO - Change Type F1 Matrix
=======
2025-12-13 21:53:42,378 - INFO - Change Type F1 Matrix
>>>>>>> 93175a06c110e941919a0524e265707df6271051
 [[0.    	0.9264	0.    	1.    	0.    ]
 [0.7843	0.    	0.7733	0.    	0.    ]
 [0.    	0.8095	0.    	0.    	0.    ]
 [0.    	0.    	0.    	0.    	0.    ]
 [0.    	0.    	0.    	0.    	0.    ]]
<<<<<<< HEAD
2026-01-22 16:52:05,032 - INFO - Epoch 0 saved.
=======
2025-12-13 21:53:42,378 - INFO - Epoch 0 saved.
>>>>>>> 93175a06c110e941919a0524e265707df6271051
