2026-01-29 17:02:04,778 - INFO - Epoch 0, Train loss: 0.0
2026-01-29 17:02:04,778 - INFO - mIoU: 0.5115; OA: 0.9561; AA: 0.8865; F1: 0.9168; Kappa: 0.9164;
2026-01-29 17:02:04,779 - INFO - spatial_LccAccuracy: 0.7523; spatial_PA: 0.8291; spatial_UA: 0.933; spatial_F1: 0.878; weighted_F1: 0.8866
2026-01-29 17:02:04,779 - INFO - temporal_CdAccuracy: 0.7523; temporal_PA: 0.907; temporal_UA: 0.8404; temporal_F1: 0.8724
2026-01-29 17:02:04,779 - INFO - Confusion Matrix
 [13845.	  407.	    0.	    0.	   29.]
 [  650.	16022.	   19.	   31.	    9.]
 [    0.	    0.	    0.	    0.	    0.]
 [    0.	    0.	    0.	    0.	    0.]
 [   37.	  131.	   14.	   77.	  709.]
2026-01-29 17:02:04,780 - INFO - Change Type PA (Recall) Matrix
 [[0.    	0.9616	0.    	0.    	0.    ]
 [0.5909	0.    	0.    	0.    	0.5818]
 [0.    	0.    	0.    	0.    	0.    ]
 [0.    	0.    	0.    	0.    	0.    ]
 [0.    	0.    	0.    	0.    	0.    ]]
2026-01-29 17:02:04,781 - INFO - Change Type UA (Precision) Matrix
 [[0.    	0.902 	0.    	0.    	0.    ]
 [0.2826	0.    	0.    	0.    	0.9143]
 [0.    	0.    	0.    	0.    	0.    ]
 [0.    	0.    	0.    	0.    	0.    ]
 [0.    	0.    	0.    	0.    	0.    ]]
2026-01-29 17:02:04,781 - INFO - Change Type F1 Matrix
 [[0.    	0.9309	0.    	0.    	0.    ]
 [0.3824	0.    	0.    	0.    	0.7111]
 [0.    	0.    	0.    	0.    	0.    ]
 [0.    	0.    	0.    	0.    	0.    ]
 [0.    	0.    	0.    	0.    	0.    ]]
2026-01-29 17:02:04,782 - INFO - Epoch 0 saved.
