2026-01-29 17:02:05,462 - INFO - Epoch 0, Train loss: 0.0
2026-01-29 17:02:05,462 - INFO - mIoU: 0.8945; OA: 0.9835; AA: 0.9455; F1: 0.9411; Kappa: 0.9651;
2026-01-29 17:02:05,463 - INFO - spatial_LccAccuracy: 0.833; spatial_PA: 0.9908; spatial_UA: 0.9908; spatial_F1: 0.9908; weighted_F1: 0.9448
2026-01-29 17:02:05,463 - INFO - temporal_CdAccuracy: 0.833; temporal_PA: 0.9631; temporal_UA: 0.9469; temporal_F1: 0.955
2026-01-29 17:02:05,463 - INFO - Confusion Matrix
 [11852.	  246.	    0.	    0.	    0.]
 [  254.	20196.	   21.	    0.	    0.]
 [    1.	   16.	  114.	    0.	    0.]
 [    0.	    0.	    0.	    0.	    0.]
 [    0.	    0.	    0.	    0.	    0.]
2026-01-29 17:02:05,465 - INFO - Change Type PA (Recall) Matrix
 [[0.    	0.9732	0.    	0.    	0.    ]
 [0.9472	0.    	0.6   	0.    	0.    ]
 [0.    	0.5   	0.    	0.    	0.    ]
 [0.    	0.    	0.    	0.    	0.    ]
 [0.    	0.    	0.    	0.    	0.    ]]
2026-01-29 17:02:05,466 - INFO - Change Type UA (Precision) Matrix
 [[0.    	0.9479	0.    	0.    	0.    ]
 [0.9024	0.    	0.375 	0.    	0.    ]
 [0.    	0.3333	0.    	0.    	0.    ]
 [0.    	0.    	0.    	0.    	0.    ]
 [0.    	0.    	0.    	0.    	0.    ]]
2026-01-29 17:02:05,467 - INFO - Change Type F1 Matrix
 [[0.    	0.9604	0.    	0.    	0.    ]
 [0.9242	0.    	0.4615	0.    	0.    ]
 [0.    	0.4   	0.    	0.    	0.    ]
 [0.    	0.    	0.    	0.    	0.    ]
 [0.    	0.    	0.    	0.    	0.    ]]
2026-01-29 17:02:05,467 - INFO - Epoch 0 saved.
