2026-01-29 17:02:05,631 - INFO - Epoch 0, Train loss: 0.0
2026-01-29 17:02:05,632 - INFO - mIoU: 0.9864; OA: 0.9973; AA: 0.9905; F1: 0.9932; Kappa: 0.9913;
2026-01-29 17:02:05,632 - INFO - spatial_LccAccuracy: 0.9541; spatial_PA: 0.9983; spatial_UA: 0.9929; spatial_F1: 0.9956; weighted_F1: 0.9774
2026-01-29 17:02:05,632 - INFO - temporal_CdAccuracy: 0.9622; temporal_PA: 0.9834; temporal_UA: 0.9834; temporal_F1: 0.9834
2026-01-29 17:02:05,632 - INFO - Confusion Matrix
 [18123.	    6.	    0.	    0.	    0.]
 [   33.	 2960.	    0.	    4.	    0.]
 [    0.	    0.	    0.	    0.	    0.]
 [    3.	   14.	    0.	 1057.	    0.]
 [    0.	    0.	    0.	    0.	    0.]
2026-01-29 17:02:05,633 - INFO - Change Type PA (Recall) Matrix
 [[0.    	0.9847	0.    	0.9706	0.    ]
 [0.75  	0.    	0.    	0.    	0.    ]
 [0.    	0.    	0.    	0.    	0.    ]
 [0.    	0.9894	0.    	0.    	0.    ]
 [0.    	0.    	0.    	0.    	0.    ]]
2026-01-29 17:02:05,634 - INFO - Change Type UA (Precision) Matrix
 [[0.    	0.9699	0.    	0.9821	0.    ]
 [0.75  	0.    	0.    	0.    	0.    ]
 [0.    	0.    	0.    	0.    	0.    ]
 [0.    	0.9894	0.    	0.    	0.    ]
 [0.    	0.    	0.    	0.    	0.    ]]
2026-01-29 17:02:05,634 - INFO - Change Type F1 Matrix
 [[0.    	0.9773	0.    	0.9763	0.    ]
 [0.75  	0.    	0.    	0.    	0.    ]
 [0.    	0.    	0.    	0.    	0.    ]
 [0.    	0.9894	0.    	0.    	0.    ]
 [0.    	0.    	0.    	0.    	0.    ]]
2026-01-29 17:02:05,635 - INFO - Epoch 0 saved.
