2026-03-19 14:42:41,131 - INFO - Epoch 0, Train loss: 0.0
2026-03-19 14:42:41,131 - INFO - mIoU: 0.8496; OA: 0.961; AA: 0.9317; F1: 0.9165; cls_weighted_F1: 0.9609; Kappa: 0.9267;
2026-03-19 14:42:41,132 - INFO - spatial_LccAccuracy: 0.7983; spatial_PA: 0.8207; spatial_UA: 0.9325; spatial_F1: 0.873; weighted_F1: 0.9098
2026-03-19 14:42:41,132 - INFO - temporal_CdAccuracy: 0.7983; temporal_PA: 0.9327; temporal_UA: 0.8846; temporal_F1: 0.908
2026-03-19 14:42:41,132 - INFO - Confusion Matrix
 [15251.	  374.	    0.	    0.	    0.]
 [  668.	16835.	   97.	    0.	   14.]
 [    0.	    2.	  291.	    0.	    0.]
 [    0.	    0.	    0.	    0.	    0.]
 [    1.	  191.	    0.	    0.	  776.]
2026-03-19 14:42:41,134 - INFO - Change Type PA (Recall) Matrix
 [[0.    	0.9765	0.    	0.    	0.    ]
 [0.6364	0.    	1.    	0.    	0.8   ]
 [0.    	1.    	0.    	0.    	0.    ]
 [0.    	0.    	0.    	0.    	0.    ]
 [0.    	0.    	0.    	0.    	0.    ]]
2026-03-19 14:42:41,135 - INFO - Change Type UA (Precision) Matrix
 [[0.    	0.8911	0.    	0.    	0.    ]
 [0.2692	0.    	0.913 	0.    	0.8302]
 [0.    	1.    	0.    	0.    	0.    ]
 [0.    	0.    	0.    	0.    	0.    ]
 [0.    	0.    	0.    	0.    	0.    ]]
2026-03-19 14:42:41,135 - INFO - Change Type F1 Matrix
 [[0.    	0.9318	0.    	0.    	0.    ]
 [0.3784	0.    	0.9545	0.    	0.8148]
 [0.    	1.    	0.    	0.    	0.    ]
 [0.    	0.    	0.    	0.    	0.    ]
 [0.    	0.    	0.    	0.    	0.    ]]
2026-03-19 14:42:41,135 - INFO - Epoch 0 saved.
