2026-03-19 14:42:41,212 - INFO - Epoch 0, Train loss: 0.0
2026-03-19 14:42:41,213 - INFO - mIoU: 0.9593; OA: 0.9881; AA: 0.9803; F1: 0.979; cls_weighted_F1: 0.9881; Kappa: 0.9781;
2026-03-19 14:42:41,213 - INFO - spatial_LccAccuracy: 0.881; spatial_PA: 1.0; spatial_UA: 1.0; spatial_F1: 1.0; weighted_F1: 0.9689
2026-03-19 14:42:41,213 - INFO - temporal_CdAccuracy: 0.881; temporal_PA: 0.9103; temporal_UA: 0.9003; temporal_F1: 0.9053
2026-03-19 14:42:41,213 - INFO - Confusion Matrix
 [1513.	  74.	   0.	   0.	   0.]
 [  16.	1277.	   0.	   0.	   0.]
 [   0.	   0.	   0.	   0.	   0.]
 [   0.	   0.	   0.	   0.	   0.]
 [   0.	   0.	   0.	   0.	4680.]
2026-03-19 14:42:41,214 - INFO - Change Type PA (Recall) Matrix
 [[0.    	0.9792	0.    	0.    	0.    ]
 [1.    	0.    	0.    	0.    	0.    ]
 [0.    	0.    	0.    	0.    	0.    ]
 [0.    	0.    	0.    	0.    	0.    ]
 [0.    	0.    	0.    	0.    	0.    ]]
2026-03-19 14:42:41,216 - INFO - Change Type UA (Precision) Matrix
 [[0.    	0.9592	0.    	0.    	0.    ]
 [0.9394	0.    	0.    	0.    	0.    ]
 [0.    	0.    	0.    	0.    	0.    ]
 [0.    	0.    	0.    	0.    	0.    ]
 [0.    	0.    	0.    	0.    	0.    ]]
2026-03-19 14:42:41,217 - INFO - Change Type F1 Matrix
 [[0.    	0.9691	0.    	0.    	0.    ]
 [0.9688	0.    	0.    	0.    	0.    ]
 [0.    	0.    	0.    	0.    	0.    ]
 [0.    	0.    	0.    	0.    	0.    ]
 [0.    	0.    	0.    	0.    	0.    ]]
2026-03-19 14:42:41,217 - INFO - Epoch 0 saved.
