2026-03-19 14:42:41,577 - INFO - Epoch 0, Train loss: 0.0
2026-03-19 14:42:41,578 - INFO - mIoU: 0.9533; OA: 0.9884; AA: 0.9908; F1: 0.9755; cls_weighted_F1: 0.9885; Kappa: 0.9797;
2026-03-19 14:42:41,578 - INFO - spatial_LccAccuracy: 0.91; spatial_PA: 0.98; spatial_UA: 0.9896; spatial_F1: 0.9848; weighted_F1: 0.915
2026-03-19 14:42:41,578 - INFO - temporal_CdAccuracy: 0.9197; temporal_PA: 0.977; temporal_UA: 0.9506; temporal_F1: 0.9636
2026-03-19 14:42:41,578 - INFO - Confusion Matrix
 [24634.	  175.	    3.	    1.	    0.]
 [  180.	12675.	  129.	    0.	    0.]
 [    7.	    7.	  928.	    0.	    0.]
 [    0.	    0.	    0.	   21.	    0.]
 [    0.	    0.	    0.	    0.	 4560.]
2026-03-19 14:42:41,580 - INFO - Change Type PA (Recall) Matrix
 [[0.    	0.9476	0.9512	0.7143	0.    ]
 [0.9178	0.    	0.9178	0.    	0.    ]
 [0.    	1.    	0.    	0.    	0.    ]
 [0.    	0.    	0.    	0.    	0.    ]
 [0.    	0.    	0.    	0.    	0.    ]]
2026-03-19 14:42:41,581 - INFO - Change Type UA (Precision) Matrix
 [[0.    	0.9374	0.7091	0.7143	0.    ]
 [0.8375	0.    	0.8272	0.    	0.    ]
 [0.    	0.3333	0.    	0.    	0.    ]
 [0.    	0.    	0.    	0.    	0.    ]
 [0.    	0.    	0.    	0.    	0.    ]]
2026-03-19 14:42:41,581 - INFO - Change Type F1 Matrix
 [[0.    	0.9425	0.8125	0.7143	0.    ]
 [0.8758	0.    	0.8701	0.    	0.    ]
 [0.    	0.5   	0.    	0.    	0.    ]
 [0.    	0.    	0.    	0.    	0.    ]
 [0.    	0.    	0.    	0.    	0.    ]]
2026-03-19 14:42:41,581 - INFO - Epoch 0 saved.
