2026-03-19 14:42:41,937 - INFO - Epoch 0, Train loss: 0.0
2026-03-19 14:42:41,938 - INFO - mIoU: 0.8674; OA: 0.9786; AA: 0.9456; F1: 0.9234; cls_weighted_F1: 0.9787; Kappa: 0.9564;
2026-03-19 14:42:41,938 - INFO - spatial_LccAccuracy: 0.7761; spatial_PA: 1.0; spatial_UA: 1.0; spatial_F1: 1.0; weighted_F1: 0.9315
2026-03-19 14:42:41,938 - INFO - temporal_CdAccuracy: 0.7761; temporal_PA: 0.9422; temporal_UA: 0.9368; temporal_F1: 0.9395
2026-03-19 14:42:41,938 - INFO - Confusion Matrix
 [14304.	  498.	    0.	    0.	    0.]
 [  149.	21330.	  100.	    0.	    0.]
 [    0.	   40.	  299.	    0.	    0.]
 [    0.	    0.	    0.	    0.	    0.]
 [    0.	    0.	    0.	    0.	    0.]
2026-03-19 14:42:41,939 - INFO - Change Type PA (Recall) Matrix
 [[0.    	0.9447	0.    	0.    	0.    ]
 [0.9096	0.    	0.9818	0.    	0.    ]
 [0.    	1.    	0.    	0.    	0.    ]
 [0.    	0.    	0.    	0.    	0.    ]
 [0.    	0.    	0.    	0.    	0.    ]]
2026-03-19 14:42:41,940 - INFO - Change Type UA (Precision) Matrix
 [[0.    	0.9517	0.    	0.    	0.    ]
 [0.8997	0.    	0.8308	0.    	0.    ]
 [0.    	0.6667	0.    	0.    	0.    ]
 [0.    	0.    	0.    	0.    	0.    ]
 [0.    	0.    	0.    	0.    	0.    ]]
2026-03-19 14:42:41,941 - INFO - Change Type F1 Matrix
 [[0.    	0.9482	0.    	0.    	0.    ]
 [0.9046	0.    	0.9   	0.    	0.    ]
 [0.    	0.8   	0.    	0.    	0.    ]
 [0.    	0.    	0.    	0.    	0.    ]
 [0.    	0.    	0.    	0.    	0.    ]]
2026-03-19 14:42:41,941 - INFO - Epoch 0 saved.
