2026-03-19 14:42:42,143 - INFO - Epoch 0, Train loss: 0.0
2026-03-19 14:42:42,143 - INFO - mIoU: 0.97; OA: 0.9957; AA: 0.9832; F1: 0.9846; cls_weighted_F1: 0.9957; Kappa: 0.9861;
2026-03-19 14:42:42,144 - INFO - spatial_LccAccuracy: 0.9187; spatial_PA: 0.9984; spatial_UA: 0.9919; spatial_F1: 0.9951; weighted_F1: 0.94
2026-03-19 14:42:42,144 - INFO - temporal_CdAccuracy: 0.9675; temporal_PA: 0.9927; temporal_UA: 0.9849; temporal_F1: 0.9888
2026-03-19 14:42:42,144 - INFO - Confusion Matrix
 [18100.	   22.	    0.	    2.	    0.]
 [    2.	 2743.	    0.	   17.	    0.]
 [    0.	    0.	    0.	    0.	    0.]
 [    4.	   49.	    0.	 1201.	    0.]
 [    0.	    0.	    0.	    0.	    0.]
2026-03-19 14:42:42,145 - INFO - Change Type PA (Recall) Matrix
 [[0.    	0.9558	0.    	0.9128	0.    ]
 [1.    	0.    	0.    	0.    	0.    ]
 [0.    	0.    	0.    	0.    	0.    ]
 [0.    	0.9911	0.    	0.    	0.    ]
 [0.    	0.    	0.    	0.    	0.    ]]
2026-03-19 14:42:42,146 - INFO - Change Type UA (Precision) Matrix
 [[0.    	0.8571	0.    	0.978 	0.    ]
 [0.875 	0.    	0.    	0.    	0.    ]
 [0.    	0.    	0.    	0.    	0.    ]
 [0.    	0.9487	0.    	0.    	0.    ]
 [0.    	0.    	0.    	0.    	0.    ]]
2026-03-19 14:42:42,147 - INFO - Change Type F1 Matrix
 [[0.    	0.9038	0.    	0.9443	0.    ]
 [0.9333	0.    	0.    	0.    	0.    ]
 [0.    	0.    	0.    	0.    	0.    ]
 [0.    	0.9694	0.    	0.    	0.    ]
 [0.    	0.    	0.    	0.    	0.    ]]
2026-03-19 14:42:42,147 - INFO - Epoch 0 saved.
