2026-03-19 14:42:42,306 - INFO - Epoch 0, Train loss: 0.0
2026-03-19 14:42:42,307 - INFO - mIoU: 0.9514; OA: 0.9717; AA: 0.9758; F1: 0.9751; cls_weighted_F1: 0.9717; Kappa: 0.9525;
2026-03-19 14:42:42,307 - INFO - spatial_LccAccuracy: 0.7913; spatial_PA: 0.9811; spatial_UA: 0.9944; spatial_F1: 0.9877; weighted_F1: 0.8896
2026-03-19 14:42:42,308 - INFO - temporal_CdAccuracy: 0.7913; temporal_PA: 0.9502; temporal_UA: 0.9054; temporal_F1: 0.9273
2026-03-19 14:42:42,308 - INFO - Confusion Matrix
 [5934.	 224.	   2.	   5.	   0.]
 [ 105.	6001.	  32.	   1.	   0.]
 [   0.	  11.	1070.	   0.	   0.]
 [   7.	   4.	   0.	 404.	   0.]
 [   0.	   0.	   0.	   0.	   0.]
2026-03-19 14:42:42,309 - INFO - Change Type PA (Recall) Matrix
 [[0.    	0.9375	0.    	1.    	0.    ]
 [0.9677	0.    	0.8276	0.    	0.    ]
 [0.    	0.9512	0.    	0.    	0.    ]
 [0.    	0.    	0.    	0.    	0.    ]
 [0.    	0.    	0.    	0.    	0.    ]]
2026-03-19 14:42:42,309 - INFO - Change Type UA (Precision) Matrix
 [[0.    	0.8599	0.    	1.    	0.    ]
 [0.75  	0.    	0.7273	0.    	0.    ]
 [0.    	0.9512	0.    	0.    	0.    ]
 [0.    	0.    	0.    	0.    	0.    ]
 [0.    	0.    	0.    	0.    	0.    ]]
2026-03-19 14:42:42,310 - INFO - Change Type F1 Matrix
 [[0.    	0.897 	0.    	1.    	0.    ]
 [0.8451	0.    	0.7742	0.    	0.    ]
 [0.    	0.9512	0.    	0.    	0.    ]
 [0.    	0.    	0.    	0.    	0.    ]
 [0.    	0.    	0.    	0.    	0.    ]]
2026-03-19 14:42:42,310 - INFO - Epoch 0 saved.
