2026-03-19 14:44:29,762 - INFO - Epoch 0, Train loss: 0.0
2026-03-19 14:44:29,763 - INFO - mIoU: 0.8807; OA: 0.9598; AA: 0.9366; F1: 0.9358; cls_weighted_F1: 0.9598; Kappa: 0.9246;
2026-03-19 14:44:29,763 - INFO - spatial_LccAccuracy: 0.7861; spatial_PA: 0.8363; spatial_UA: 0.9164; spatial_F1: 0.8745; weighted_F1: 0.8865
2026-03-19 14:44:29,763 - INFO - temporal_CdAccuracy: 0.7878; temporal_PA: 0.9326; temporal_UA: 0.8796; temporal_F1: 0.9053
2026-03-19 14:44:29,764 - INFO - Confusion Matrix
 [15060.	  526.	    0.	    0.	   39.]
 [  613.	16928.	   28.	    0.	   45.]
 [    0.	   16.	  277.	    0.	    0.]
 [    0.	    0.	    0.	    0.	    0.]
 [    1.	  119.	    0.	    0.	  848.]
2026-03-19 14:44:29,765 - INFO - Change Type PA (Recall) Matrix
 [[0.    	0.9491	0.    	0.    	0.    ]
 [0.5   	0.    	1.    	0.    	0.7455]
 [0.    	1.    	0.    	0.    	0.    ]
 [0.    	0.    	0.    	0.    	0.    ]
 [0.    	0.    	0.    	0.    	0.    ]]
2026-03-19 14:44:29,765 - INFO - Change Type UA (Precision) Matrix
 [[0.    	0.8786	0.    	0.    	0.    ]
 [0.2115	0.    	0.913 	0.    	0.7736]
 [0.    	0.9545	0.    	0.    	0.    ]
 [0.    	0.    	0.    	0.    	0.    ]
 [0.    	0.    	0.    	0.    	0.    ]]
2026-03-19 14:44:29,766 - INFO - Change Type F1 Matrix
 [[0.    	0.9125	0.    	0.    	0.    ]
 [0.2973	0.    	0.9545	0.    	0.7593]
 [0.    	0.9767	0.    	0.    	0.    ]
 [0.    	0.    	0.    	0.    	0.    ]
 [0.    	0.    	0.    	0.    	0.    ]]
2026-03-19 14:44:29,766 - INFO - Epoch 0 saved.
