2026-03-19 14:44:29,868 - INFO - Epoch 0, Train loss: 0.0
2026-03-19 14:44:29,868 - INFO - mIoU: 0.9593; OA: 0.9881; AA: 0.9802; F1: 0.979; cls_weighted_F1: 0.9881; Kappa: 0.9781;
2026-03-19 14:44:29,868 - INFO - spatial_LccAccuracy: 0.8571; spatial_PA: 1.0; spatial_UA: 1.0; spatial_F1: 1.0; weighted_F1: 0.9571
2026-03-19 14:44:29,868 - INFO - temporal_CdAccuracy: 0.8571; temporal_PA: 0.9037; temporal_UA: 0.8799; temporal_F1: 0.8917
2026-03-19 14:44:29,868 - INFO - Confusion Matrix
 [1515.	  72.	   0.	   0.	   0.]
 [  18.	1275.	   0.	   0.	   0.]
 [   0.	   0.	   0.	   0.	   0.]
 [   0.	   0.	   0.	   0.	   0.]
 [   0.	   0.	   0.	   0.	4680.]
2026-03-19 14:44:29,870 - INFO - Change Type PA (Recall) Matrix
 [[0.    	0.9792	0.    	0.    	0.    ]
 [1.    	0.    	0.    	0.    	0.    ]
 [0.    	0.    	0.    	0.    	0.    ]
 [0.    	0.    	0.    	0.    	0.    ]
 [0.    	0.    	0.    	0.    	0.    ]]
2026-03-19 14:44:29,870 - INFO - Change Type UA (Precision) Matrix
 [[0.    	0.94  	0.    	0.    	0.    ]
 [0.9118	0.    	0.    	0.    	0.    ]
 [0.    	0.    	0.    	0.    	0.    ]
 [0.    	0.    	0.    	0.    	0.    ]
 [0.    	0.    	0.    	0.    	0.    ]]
2026-03-19 14:44:29,871 - INFO - Change Type F1 Matrix
 [[0.    	0.9592	0.    	0.    	0.    ]
 [0.9538	0.    	0.    	0.    	0.    ]
 [0.    	0.    	0.    	0.    	0.    ]
 [0.    	0.    	0.    	0.    	0.    ]
 [0.    	0.    	0.    	0.    	0.    ]]
2026-03-19 14:44:29,871 - INFO - Epoch 0 saved.
