2026-03-19 14:44:30,277 - INFO - Epoch 0, Train loss: 0.0
2026-03-19 14:44:30,278 - INFO - mIoU: 0.9794; OA: 0.9925; AA: 0.9925; F1: 0.9894; cls_weighted_F1: 0.9925; Kappa: 0.9868;
2026-03-19 14:44:30,278 - INFO - spatial_LccAccuracy: 0.9377; spatial_PA: 0.986; spatial_UA: 0.9927; spatial_F1: 0.9893; weighted_F1: 0.9399
2026-03-19 14:44:30,278 - INFO - temporal_CdAccuracy: 0.9418; temporal_PA: 0.9834; temporal_UA: 0.9632; temporal_F1: 0.9731
2026-03-19 14:44:30,279 - INFO - Confusion Matrix
 [24722.	   89.	    2.	    0.	    0.]
 [  169.	12765.	   50.	    0.	    0.]
 [   10.	    6.	  926.	    0.	    0.]
 [    0.	    0.	    0.	   21.	    0.]
 [    0.	    0.	    0.	    0.	 4560.]
2026-03-19 14:44:30,280 - INFO - Change Type PA (Recall) Matrix
 [[0.    	0.9738	0.9268	0.8571	0.    ]
 [0.9315	0.    	0.9315	0.    	0.    ]
 [0.    	1.    	0.    	0.    	0.    ]
 [0.    	0.    	0.    	0.    	0.    ]
 [0.    	0.    	0.    	0.    	0.    ]]
2026-03-19 14:44:30,281 - INFO - Change Type UA (Precision) Matrix
 [[0.    	0.951 	0.8444	0.8571	0.    ]
 [0.85  	0.    	0.8718	0.    	0.    ]
 [0.    	0.4   	0.    	0.    	0.    ]
 [0.    	0.    	0.    	0.    	0.    ]
 [0.    	0.    	0.    	0.    	0.    ]]
2026-03-19 14:44:30,282 - INFO - Change Type F1 Matrix
 [[0.    	0.9622	0.8837	0.8571	0.    ]
 [0.8889	0.    	0.9007	0.    	0.    ]
 [0.    	0.5714	0.    	0.    	0.    ]
 [0.    	0.    	0.    	0.    	0.    ]
 [0.    	0.    	0.    	0.    	0.    ]]
2026-03-19 14:44:30,282 - INFO - Epoch 0 saved.
