2026-03-19 14:44:30,647 - INFO - Epoch 0, Train loss: 0.0
2026-03-19 14:44:30,648 - INFO - mIoU: 0.6599; OA: 0.9803; AA: 0.9247; F1: 0.9317; cls_weighted_F1: 0.9803; Kappa: 0.9597;
2026-03-19 14:44:30,648 - INFO - spatial_LccAccuracy: 0.8072; spatial_PA: 1.0; spatial_UA: 1.0; spatial_F1: 1.0; weighted_F1: 0.9391
2026-03-19 14:44:30,648 - INFO - temporal_CdAccuracy: 0.8072; temporal_PA: 0.9456; temporal_UA: 0.9515; temporal_F1: 0.9485
2026-03-19 14:44:30,648 - INFO - Confusion Matrix
 [14355.	  442.	    0.	    5.	    0.]
 [  167.	21364.	   48.	    0.	    0.]
 [    0.	   63.	  276.	    0.	    0.]
 [    0.	    0.	    0.	    0.	    0.]
 [    0.	    0.	    0.	    0.	    0.]
2026-03-19 14:44:30,649 - INFO - Change Type PA (Recall) Matrix
 [[0.    	0.9459	0.    	0.    	0.    ]
 [0.8986	0.    	0.9455	0.    	0.    ]
 [0.    	0.9375	0.    	0.    	0.    ]
 [0.    	0.    	0.    	0.    	0.    ]
 [0.    	0.    	0.    	0.    	0.    ]]
2026-03-19 14:44:30,650 - INFO - Change Type UA (Precision) Matrix
 [[0.    	0.9553	0.    	0.    	0.    ]
 [0.9213	0.    	0.9811	0.    	0.    ]
 [0.    	0.9375	0.    	0.    	0.    ]
 [0.    	0.    	0.    	0.    	0.    ]
 [0.    	0.    	0.    	0.    	0.    ]]
2026-03-19 14:44:30,651 - INFO - Change Type F1 Matrix
 [[0.    	0.9506	0.    	0.    	0.    ]
 [0.9098	0.    	0.963 	0.    	0.    ]
 [0.    	0.9375	0.    	0.    	0.    ]
 [0.    	0.    	0.    	0.    	0.    ]
 [0.    	0.    	0.    	0.    	0.    ]]
2026-03-19 14:44:30,651 - INFO - Epoch 0 saved.
