2026-03-19 14:44:30,861 - INFO - Epoch 0, Train loss: 0.0
2026-03-19 14:44:30,861 - INFO - mIoU: 0.9844; OA: 0.9976; AA: 0.9929; F1: 0.9921; cls_weighted_F1: 0.9976; Kappa: 0.9923;
2026-03-19 14:44:30,862 - INFO - spatial_LccAccuracy: 0.9675; spatial_PA: 1.0; spatial_UA: 1.0; spatial_F1: 1.0; weighted_F1: 0.9708
2026-03-19 14:44:30,862 - INFO - temporal_CdAccuracy: 0.9864; temporal_PA: 0.9975; temporal_UA: 0.993; temporal_F1: 0.9953
2026-03-19 14:44:30,862 - INFO - Confusion Matrix
 [18110.	   11.	    0.	    3.	    0.]
 [    6.	 2738.	    0.	   18.	    0.]
 [    0.	    0.	    0.	    0.	    0.]
 [    2.	   13.	    0.	 1239.	    0.]
 [    0.	    0.	    0.	    0.	    0.]
2026-03-19 14:44:30,863 - INFO - Change Type PA (Recall) Matrix
 [[0.    	0.9646	0.    	0.9744	0.    ]
 [0.8571	0.    	0.    	0.    	0.    ]
 [0.    	0.    	0.    	0.    	0.    ]
 [0.    	0.9911	0.    	0.    	0.    ]
 [0.    	0.    	0.    	0.    	0.    ]]
2026-03-19 14:44:30,864 - INFO - Change Type UA (Precision) Matrix
 [[0.    	0.9646	0.    	0.9744	0.    ]
 [1.    	0.    	0.    	0.    	0.    ]
 [0.    	0.    	0.    	0.    	0.    ]
 [0.    	0.9569	0.    	0.    	0.    ]
 [0.    	0.    	0.    	0.    	0.    ]]
2026-03-19 14:44:30,864 - INFO - Change Type F1 Matrix
 [[0.    	0.9646	0.    	0.9744	0.    ]
 [0.9231	0.    	0.    	0.    	0.    ]
 [0.    	0.    	0.    	0.    	0.    ]
 [0.    	0.9737	0.    	0.    	0.    ]
 [0.    	0.    	0.    	0.    	0.    ]]
2026-03-19 14:44:30,864 - INFO - Epoch 0 saved.
