2026-03-19 14:44:31,008 - INFO - Epoch 0, Train loss: 0.0
2026-03-19 14:44:31,009 - INFO - mIoU: 0.9601; OA: 0.9765; AA: 0.9783; F1: 0.9796; cls_weighted_F1: 0.9765; Kappa: 0.9605;
2026-03-19 14:44:31,009 - INFO - spatial_LccAccuracy: 0.8217; spatial_PA: 0.9811; spatial_UA: 0.9944; spatial_F1: 0.9877; weighted_F1: 0.8937
2026-03-19 14:44:31,009 - INFO - temporal_CdAccuracy: 0.8217; temporal_PA: 0.9466; temporal_UA: 0.8903; temporal_F1: 0.9176
2026-03-19 14:44:31,009 - INFO - Confusion Matrix
 [6063.	  98.	   0.	   4.	   0.]
 [ 162.	5958.	  19.	   0.	   0.]
 [   0.	  39.	1042.	   0.	   0.]
 [   2.	   0.	   0.	 413.	   0.]
 [   0.	   0.	   0.	   0.	   0.]
2026-03-19 14:44:31,010 - INFO - Change Type PA (Recall) Matrix
 [[0.    	0.9792	0.    	1.    	0.    ]
 [0.9516	0.    	0.8276	0.    	0.    ]
 [1.    	0.9756	0.    	0.    	0.    ]
 [0.    	0.    	0.    	0.    	0.    ]
 [0.    	0.    	0.    	0.    	0.    ]]
2026-03-19 14:44:31,011 - INFO - Change Type UA (Precision) Matrix
 [[0.    	0.8494	0.    	1.    	0.    ]
 [0.7284	0.    	0.7059	0.    	0.    ]
 [1.    	0.9302	0.    	0.    	0.    ]
 [0.    	0.    	0.    	0.    	0.    ]
 [0.    	0.    	0.    	0.    	0.    ]]
2026-03-19 14:44:31,012 - INFO - Change Type F1 Matrix
 [[0.    	0.9097	0.    	1.    	0.    ]
 [0.8252	0.    	0.7619	0.    	0.    ]
 [1.    	0.9524	0.    	0.    	0.    ]
 [0.    	0.    	0.    	0.    	0.    ]
 [0.    	0.    	0.    	0.    	0.    ]]
2026-03-19 14:44:31,012 - INFO - Epoch 0 saved.
