2026-01-29 22:27:58,276 - INFO - Epoch 0, Train loss: 0.0
2026-01-29 22:27:58,276 - INFO - mIoU: 0.7556; OA: 0.975; AA: 0.9724; F1: 0.971; Kappa: 0.954;
2026-01-29 22:27:58,276 - INFO - spatial_LccAccuracy: 0.8304; spatial_PA: 1.0; spatial_UA: 1.0; spatial_F1: 1.0; weighted_F1: 0.9022
2026-01-29 22:27:58,276 - INFO - temporal_CdAccuracy: 0.8304; temporal_PA: 0.9471; temporal_UA: 0.9046; temporal_F1: 0.9254
2026-01-29 22:27:58,276 - INFO - Confusion Matrix
 [7064.	 106.	   0.	   1.	   0.]
 [ 149.	5338.	  41.	   0.	   2.]
 [   0.	  37.	 571.	   0.	   0.]
 [   0.	   0.	   0.	 131.	   0.]
 [   0.	   0.	   0.	   0.	   0.]
2026-01-29 22:27:58,276 - INFO - Change Type PA (Recall) Matrix
 [[0.    	0.9722	0.5   	1.    	0.    ]
 [0.9565	0.    	0.8421	0.    	0.    ]
 [0.    	0.9474	0.    	0.    	0.    ]
 [0.    	0.    	0.    	0.    	0.    ]
 [0.    	0.    	0.    	0.    	0.    ]]
2026-01-29 22:27:58,276 - INFO - Change Type UA (Precision) Matrix
 [[0.    	0.9067	1.    	1.    	0.    ]
 [0.7213	0.    	0.7805	0.    	0.    ]
 [0.    	0.8571	0.    	0.    	0.    ]
 [0.    	0.    	0.    	0.    	0.    ]
 [0.    	0.    	0.    	0.    	0.    ]]
2026-01-29 22:27:58,276 - INFO - Change Type F1 Matrix
 [[0.    	0.9383	0.6667	1.    	0.    ]
 [0.8224	0.    	0.8101	0.    	0.    ]
 [0.    	0.9   	0.    	0.    	0.    ]
 [0.    	0.    	0.    	0.    	0.    ]
 [0.    	0.    	0.    	0.    	0.    ]]
2026-01-29 22:27:58,276 - INFO - Epoch 0 saved.
