2026-02-22 20:07:30,437 - INFO - Epoch 0, Train loss: 0.0
2026-02-22 20:07:30,437 - INFO - mIoU: 0.5033; OA: 0.9488; AA: 0.6687; F1: 0.9082; cls_weighted_F1: 0.9453; Kappa: 0.903;
2026-02-22 20:07:30,437 - INFO - spatial_LccAccuracy: 0.6954; spatial_PA: 0.771; spatial_UA: 0.9601; spatial_F1: 0.8552; weighted_F1: 0.7679
2026-02-22 20:07:30,437 - INFO - temporal_CdAccuracy: 0.6954; temporal_PA: 0.8659; temporal_UA: 0.8319; temporal_F1: 0.8486
2026-02-22 20:07:30,437 - INFO - Confusion Matrix
 [15117.	  234.	    0.	    0.	   50.]
 [  912.	16492.	   18.	    1.	   44.]
 [    0.	  244.	    0.	    0.	    0.]
 [    0.	    0.	    0.	    0.	    0.]
 [   16.	  220.	    4.	    3.	  725.]
2026-02-22 20:07:30,437 - INFO - Change Type PA (Recall) Matrix
 [[0.    	0.9603	0.    	0.    	0.    ]
 [0.4091	0.    	0.    	0.    	0.7273]
 [0.    	0.    	0.    	0.    	0.    ]
 [0.    	0.    	0.    	0.    	0.    ]
 [0.    	0.    	0.    	0.    	0.    ]]
2026-02-22 20:07:30,437 - INFO - Change Type UA (Precision) Matrix
 [[0.    	0.8612	0.    	0.    	0.    ]
 [0.1698	0.    	0.    	0.    	0.625 ]
 [0.    	0.    	0.    	0.    	0.    ]
 [0.    	0.    	0.    	0.    	0.    ]
 [0.    	0.    	0.    	0.    	0.    ]]
2026-02-22 20:07:30,437 - INFO - Change Type F1 Matrix
 [[0.    	0.9081	0.    	0.    	0.    ]
 [0.24  	0.    	0.    	0.    	0.6723]
 [0.    	0.    	0.    	0.    	0.    ]
 [0.    	0.    	0.    	0.    	0.    ]
 [0.    	0.    	0.    	0.    	0.    ]]
2026-02-22 20:07:30,437 - INFO - Epoch 0 saved.
