2025-12-13 21:54:36,426 - INFO - Epoch 0, Train loss: 0.0
2025-12-13 21:54:36,426 - INFO - mIoU: 0.757; OA: 0.9922; AA: 0.7703; F1: 0.7766; Kappa: 0.9866;
2025-12-13 21:54:36,427 - INFO - spatial_LccAccuracy: 0.943; spatial_PA: 0.996; spatial_UA: 0.998; spatial_F1: 0.997
2025-12-13 21:54:36,427 - INFO - temporal_CdAccuracy: 0.9403; temporal_PA: 0.9774; temporal_UA: 0.9624; temporal_F1: 0.9698
2025-12-13 21:54:36,427 - INFO - Confusion Matrix
 [23281.	   83.	    0.	    0.	    0.]
 [  113.	15394.	   46.	    0.	    0.]
 [   12.	   87.	  644.	    0.	    0.]
 [    0.	    0.	    0.	    0.	    0.]
 [    2.	    4.	    0.	    0.	 4554.]
2025-12-13 21:54:36,428 - INFO - Change Type PA (Recall) Matrix
 [[0.    	0.9642	0.7955	0.    	0.    ]
 [0.8354	0.    	0.8947	0.    	0.    ]
 [0.    	0.    	0.    	0.    	0.    ]
 [0.    	0.    	0.    	0.    	0.    ]
 [0.    	0.    	0.    	0.    	0.    ]]
2025-12-13 21:54:36,428 - INFO - Change Type UA (Precision) Matrix
 [[0.    	0.9366	0.875 	0.    	0.    ]
 [0.825 	0.    	0.8095	0.    	0.    ]
 [0.    	0.    	0.    	0.    	0.    ]
 [0.    	0.    	0.    	0.    	0.    ]
 [0.    	0.    	0.    	0.    	0.    ]]
2025-12-13 21:54:36,428 - INFO - Change Type F1 Matrix
 [[0.    	0.9502	0.8333	0.    	0.    ]
 [0.8302	0.    	0.85  	0.    	0.    ]
 [0.    	0.    	0.    	0.    	0.    ]
 [0.    	0.    	0.    	0.    	0.    ]
 [0.    	0.    	0.    	0.    	0.    ]]
2025-12-13 21:54:36,428 - INFO - Epoch 0 saved.
