2026-01-29 17:04:29,934 - INFO - Epoch 0, Train loss: 0.0
2026-01-29 17:04:29,935 - INFO - mIoU: 0.7461; OA: 0.9782; AA: 0.7875; F1: 0.8146; Kappa: 0.9535;
2026-01-29 17:04:29,935 - INFO - spatial_LccAccuracy: 0.7945; spatial_PA: 0.9744; spatial_UA: 0.9884; spatial_F1: 0.9814; weighted_F1: 0.9347
2026-01-29 17:04:29,936 - INFO - temporal_CdAccuracy: 0.7963; temporal_PA: 0.9571; temporal_UA: 0.9266; temporal_F1: 0.9416
2026-01-29 17:04:29,936 - INFO - Confusion Matrix
 [11774.	  324.	    0.	    0.	    0.]
 [  278.	20159.	   34.	    0.	    0.]
 [    1.	   77.	   53.	    0.	    0.]
 [    0.	    0.	    0.	    0.	    0.]
 [    0.	    0.	    0.	    0.	    0.]
2026-01-29 17:04:29,937 - INFO - Change Type PA (Recall) Matrix
 [[0.    	0.9732	0.    	0.    	0.    ]
 [0.9565	0.    	0.6   	0.    	0.    ]
 [0.    	0.5   	0.    	0.    	0.    ]
 [0.    	0.    	0.    	0.    	0.    ]
 [0.    	0.    	0.    	0.    	0.    ]]
2026-01-29 17:04:29,938 - INFO - Change Type UA (Precision) Matrix
 [[0.    	0.9325	0.    	0.    	0.    ]
 [0.8725	0.    	0.2308	0.    	0.    ]
 [0.    	0.1   	0.    	0.    	0.    ]
 [0.    	0.    	0.    	0.    	0.    ]
 [0.    	0.    	0.    	0.    	0.    ]]
2026-01-29 17:04:29,939 - INFO - Change Type F1 Matrix
 [[0.    	0.9524	0.    	0.    	0.    ]
 [0.9126	0.    	0.3333	0.    	0.    ]
 [0.    	0.1667	0.    	0.    	0.    ]
 [0.    	0.    	0.    	0.    	0.    ]
 [0.    	0.    	0.    	0.    	0.    ]]
2026-01-29 17:04:29,939 - INFO - Epoch 0 saved.
