2025-12-13 21:54:36,817 - INFO - Epoch 0, Train loss: 0.0
2025-12-13 21:54:36,818 - INFO - mIoU: 0.5828; OA: 0.9954; AA: 0.5874; F1: 0.5912; Kappa: 0.9851;
2025-12-13 21:54:36,818 - INFO - spatial_LccAccuracy: 0.9297; spatial_PA: 0.9894; spatial_UA: 0.984; spatial_F1: 0.9867
2025-12-13 21:54:36,818 - INFO - temporal_CdAccuracy: 0.9486; temporal_PA: 0.9908; temporal_UA: 0.9767; temporal_F1: 0.9837
2025-12-13 21:54:36,819 - INFO - Confusion Matrix
 [18125.	    4.	    0.	    0.	    0.]
 [   44.	 2948.	    0.	    5.	    0.]
 [    0.	    0.	    0.	    0.	    0.]
 [    6.	   44.	    0.	 1024.	    0.]
 [    0.	    0.	    0.	    0.	    0.]
2025-12-13 21:54:36,820 - INFO - Change Type PA (Recall) Matrix
 [[0.    	1.    	0.    	0.9176	0.    ]
 [1.    	0.    	0.    	0.    	0.    ]
 [0.    	0.    	0.    	0.    	0.    ]
 [0.    	1.    	0.    	0.    	0.    ]
 [0.    	0.    	0.    	0.    	0.    ]]
2025-12-13 21:54:36,821 - INFO - Change Type UA (Precision) Matrix
 [[0.    	0.9097	0.    	1.    	0.    ]
 [1.    	0.    	0.    	0.    	0.    ]
 [0.    	0.    	0.    	0.    	0.    ]
 [0.    	0.8952	0.    	0.    	0.    ]
 [0.    	0.    	0.    	0.    	0.    ]]
2025-12-13 21:54:36,821 - INFO - Change Type F1 Matrix
 [[0.    	0.9527	0.    	0.9571	0.    ]
 [1.    	0.    	0.    	0.    	0.    ]
 [0.    	0.    	0.    	0.    	0.    ]
 [0.    	0.9447	0.    	0.    	0.    ]
 [0.    	0.    	0.    	0.    	0.    ]]
2025-12-13 21:54:36,822 - INFO - Epoch 0 saved.
