2025-12-13 21:54:36,926 - INFO - Epoch 0, Train loss: 0.0
2025-12-13 21:54:36,927 - INFO - mIoU: 0.7534; OA: 0.9746; AA: 0.7727; F1: 0.7755; Kappa: 0.9531;
2025-12-13 21:54:36,927 - INFO - spatial_LccAccuracy: 0.8839; spatial_PA: 1.0; spatial_UA: 1.0; spatial_F1: 1.0
2025-12-13 21:54:36,927 - INFO - temporal_CdAccuracy: 0.8125; temporal_PA: 0.9473; temporal_UA: 0.9084; temporal_F1: 0.9274
2025-12-13 21:54:36,928 - INFO - Confusion Matrix
 [7063.	 107.	   0.	   1.	   0.]
 [ 151.	5350.	  29.	   0.	   0.]
 [   0.	  54.	 554.	   0.	   0.]
 [   0.	   0.	   0.	 131.	   0.]
 [   0.	   0.	   0.	   0.	   0.]
2025-12-13 21:54:36,929 - INFO - Change Type PA (Recall) Matrix
 [[0.    	0.9444	0.5   	1.    	0.    ]
 [0.8261	0.    	0.7105	0.    	0.    ]
 [0.    	1.    	0.    	0.    	0.    ]
 [0.    	0.    	0.    	0.    	0.    ]
 [0.    	0.    	0.    	0.    	0.    ]]
2025-12-13 21:54:36,930 - INFO - Change Type UA (Precision) Matrix
 [[0.    	0.85  	1.    	1.    	0.    ]
 [0.6333	0.    	0.8182	0.    	0.    ]
 [0.    	0.95  	0.    	0.    	0.    ]
 [0.    	0.    	0.    	0.    	0.    ]
 [0.    	0.    	0.    	0.    	0.    ]]
2025-12-13 21:54:36,931 - INFO - Change Type F1 Matrix
 [[0.    	0.8947	0.6667	1.    	0.    ]
 [0.717 	0.    	0.7606	0.    	0.    ]
 [0.    	0.9744	0.    	0.    	0.    ]
 [0.    	0.    	0.    	0.    	0.    ]
 [0.    	0.    	0.    	0.    	0.    ]]
2025-12-13 21:54:36,931 - INFO - Epoch 0 saved.
