2026-01-29 17:01:17,057 - INFO - Epoch 0, Train loss: 0.0
2026-01-29 17:01:17,058 - INFO - mIoU: 0.63; OA: 0.9466; AA: 0.8916; F1: 0.9102; Kappa: 0.8983;
2026-01-29 17:01:17,058 - INFO - spatial_LccAccuracy: 0.7242; spatial_PA: 0.7895; spatial_UA: 0.976; spatial_F1: 0.8729; weighted_F1: 0.8566
2026-01-29 17:01:17,058 - INFO - temporal_CdAccuracy: 0.7242; temporal_PA: 0.8945; temporal_UA: 0.8181; temporal_F1: 0.8546
2026-01-29 17:01:17,059 - INFO - Confusion Matrix
 [13776.	  462.	    0.	    0.	   43.]
 [  917.	15752.	   24.	    0.	   38.]
 [    0.	    0.	    0.	    0.	    0.]
 [    0.	    0.	    0.	    0.	    0.]
 [   20.	  204.	    0.	    0.	  744.]
2026-01-29 17:01:17,060 - INFO - Change Type PA (Recall) Matrix
 [[0.    	0.9531	0.    	0.    	0.    ]
 [0.5909	0.    	0.    	0.    	0.7818]
 [0.    	0.    	0.    	0.    	0.    ]
 [0.    	0.    	0.    	0.    	0.    ]
 [0.    	0.    	0.    	0.    	0.    ]]
2026-01-29 17:01:17,061 - INFO - Change Type UA (Precision) Matrix
 [[0.    	0.8434	0.    	0.    	0.    ]
 [0.1831	0.    	0.    	0.    	0.7414]
 [0.    	0.    	0.    	0.    	0.    ]
 [0.    	0.    	0.    	0.    	0.    ]
 [0.    	0.    	0.    	0.    	0.    ]]
2026-01-29 17:01:17,062 - INFO - Change Type F1 Matrix
 [[0.    	0.8949	0.    	0.    	0.    ]
 [0.2796	0.    	0.    	0.    	0.7611]
 [0.    	0.    	0.    	0.    	0.    ]
 [0.    	0.    	0.    	0.    	0.    ]
 [0.    	0.    	0.    	0.    	0.    ]]
2026-01-29 17:01:17,062 - INFO - Epoch 0 saved.
