2026-01-29 17:01:17,650 - INFO - Epoch 0, Train loss: 0.0
2026-01-29 17:01:17,651 - INFO - mIoU: 0.932; OA: 0.9905; AA: 0.9418; F1: 0.9634; Kappa: 0.9798;
2026-01-29 17:01:17,651 - INFO - spatial_LccAccuracy: 0.9083; spatial_PA: 0.9918; spatial_UA: 0.999; spatial_F1: 0.9954; weighted_F1: 0.9723
2026-01-29 17:01:17,652 - INFO - temporal_CdAccuracy: 0.9083; temporal_PA: 0.9711; temporal_UA: 0.9814; temporal_F1: 0.9762
2026-01-29 17:01:17,652 - INFO - Confusion Matrix
 [11869.	  229.	    0.	    0.	    0.]
 [   59.	20410.	    2.	    0.	    0.]
 [    0.	   20.	  111.	    0.	    0.]
 [    0.	    0.	    0.	    0.	    0.]
 [    0.	    0.	    0.	    0.	    0.]
2026-01-29 17:01:17,653 - INFO - Change Type PA (Recall) Matrix
 [[0.    	0.9704	0.    	0.    	0.    ]
 [0.9441	0.    	0.8   	0.    	0.    ]
 [1.    	1.    	0.    	0.    	0.    ]
 [0.    	0.    	0.    	0.    	0.    ]
 [0.    	0.    	0.    	0.    	0.    ]]
2026-01-29 17:01:17,653 - INFO - Change Type UA (Precision) Matrix
 [[0.    	0.9871	0.    	0.    	0.    ]
 [0.9775	0.    	0.8   	0.    	0.    ]
 [1.    	1.    	0.    	0.    	0.    ]
 [0.    	0.    	0.    	0.    	0.    ]
 [0.    	0.    	0.    	0.    	0.    ]]
2026-01-29 17:01:17,654 - INFO - Change Type F1 Matrix
 [[0.    	0.9787	0.    	0.    	0.    ]
 [0.9605	0.    	0.8   	0.    	0.    ]
 [1.    	1.    	0.    	0.    	0.    ]
 [0.    	0.    	0.    	0.    	0.    ]
 [0.    	0.    	0.    	0.    	0.    ]]
2026-01-29 17:01:17,654 - INFO - Epoch 0 saved.
