2026-01-29 17:01:17,804 - INFO - Epoch 0, Train loss: 0.0
2026-01-29 17:01:17,805 - INFO - mIoU: 0.9903; OA: 0.9979; AA: 0.9936; F1: 0.9951; Kappa: 0.9934;
2026-01-29 17:01:17,805 - INFO - spatial_LccAccuracy: 0.9703; spatial_PA: 0.9934; spatial_UA: 0.9726; spatial_F1: 0.9829; weighted_F1: 0.9825
2026-01-29 17:01:17,805 - INFO - temporal_CdAccuracy: 0.973; temporal_PA: 0.9898; temporal_UA: 0.991; temporal_F1: 0.9904
2026-01-29 17:01:17,805 - INFO - Confusion Matrix
 [18124.	    5.	    0.	    0.	    0.]
 [   26.	 2965.	    0.	    6.	    0.]
 [    0.	    0.	    0.	    0.	    0.]
 [    6.	    3.	    0.	 1065.	    0.]
 [    0.	    0.	    0.	    0.	    0.]
2026-01-29 17:01:17,806 - INFO - Change Type PA (Recall) Matrix
 [[0.    	0.9618	0.    	0.9824	0.    ]
 [1.    	0.    	0.    	0.    	0.    ]
 [0.    	0.    	0.    	0.    	0.    ]
 [0.    	1.    	0.    	0.    	0.    ]
 [0.    	0.    	0.    	0.    	0.    ]]
2026-01-29 17:01:17,807 - INFO - Change Type UA (Precision) Matrix
 [[0.    	0.9844	0.    	0.9824	0.    ]
 [0.8   	0.    	0.    	0.    	0.    ]
 [0.    	0.    	0.    	0.    	0.    ]
 [0.    	1.    	0.    	0.    	0.    ]
 [0.    	0.    	0.    	0.    	0.    ]]
2026-01-29 17:01:17,808 - INFO - Change Type F1 Matrix
 [[0.    	0.973 	0.    	0.9824	0.    ]
 [0.8889	0.    	0.    	0.    	0.    ]
 [0.    	0.    	0.    	0.    	0.    ]
 [0.    	1.    	0.    	0.    	0.    ]
 [0.    	0.    	0.    	0.    	0.    ]]
2026-01-29 17:01:17,808 - INFO - Epoch 0 saved.
