2026-01-29 17:01:17,918 - INFO - Epoch 0, Train loss: 0.0
2026-01-29 17:01:17,918 - INFO - mIoU: 0.764; OA: 0.9743; AA: 0.976; F1: 0.9767; Kappa: 0.9527;
2026-01-29 17:01:17,919 - INFO - spatial_LccAccuracy: 0.8482; spatial_PA: 1.0; spatial_UA: 1.0; spatial_F1: 1.0; weighted_F1: 0.9081
2026-01-29 17:01:17,919 - INFO - temporal_CdAccuracy: 0.8482; temporal_PA: 0.9523; temporal_UA: 0.9106; temporal_F1: 0.931
2026-01-29 17:01:17,919 - INFO - Confusion Matrix
 [7023.	 139.	   0.	   0.	   9.]
 [ 146.	5359.	  24.	   0.	   1.]
 [   0.	  27.	 581.	   0.	   0.]
 [   0.	   0.	   0.	 131.	   0.]
 [   0.	   0.	   0.	   0.	   0.]
2026-01-29 17:01:17,919 - INFO - Change Type PA (Recall) Matrix
 [[0.    	0.9556	0.5   	1.    	0.    ]
 [0.9783	0.    	0.8684	0.    	0.    ]
 [0.    	1.    	0.    	0.    	0.    ]
 [0.    	0.    	0.    	0.    	0.    ]
 [0.    	0.    	0.    	0.    	0.    ]]
2026-01-29 17:01:17,919 - INFO - Change Type UA (Precision) Matrix
 [[0.    	0.9149	0.5   	1.    	0.    ]
 [0.6923	0.    	0.825 	0.    	0.    ]
 [0.    	1.    	0.    	0.    	0.    ]
 [0.    	0.    	0.    	0.    	0.    ]
 [0.    	0.    	0.    	0.    	0.    ]]
2026-01-29 17:01:17,919 - INFO - Change Type F1 Matrix
 [[0.    	0.9348	0.5   	1.    	0.    ]
 [0.8108	0.    	0.8462	0.    	0.    ]
 [0.    	1.    	0.    	0.    	0.    ]
 [0.    	0.    	0.    	0.    	0.    ]
 [0.    	0.    	0.    	0.    	0.    ]]
2026-01-29 17:01:17,920 - INFO - Epoch 0 saved.
