2026-03-19 14:45:30,011 - INFO - Epoch 0, Train loss: 0.0
2026-03-19 14:45:30,012 - INFO - mIoU: 0.6932; OA: 0.961; AA: 0.9276; F1: 0.9264; cls_weighted_F1: 0.9608; Kappa: 0.9268;
2026-03-19 14:45:30,012 - INFO - spatial_LccAccuracy: 0.7704; spatial_PA: 0.7807; spatial_UA: 0.977; spatial_F1: 0.8679; weighted_F1: 0.8783
2026-03-19 14:45:30,012 - INFO - temporal_CdAccuracy: 0.7722; temporal_PA: 0.9289; temporal_UA: 0.8577; temporal_F1: 0.8919
2026-03-19 14:45:30,013 - INFO - Confusion Matrix
 [15315.	  280.	    0.	    0.	   30.]
 [  753.	16794.	   37.	    3.	   27.]
 [    0.	    0.	  293.	    0.	    0.]
 [    0.	    0.	    0.	    0.	    0.]
 [   26.	  180.	    7.	    3.	  752.]
2026-03-19 14:45:30,013 - INFO - Change Type PA (Recall) Matrix
 [[0.    	0.9628	0.    	0.    	0.    ]
 [0.5909	0.    	1.    	0.    	0.6545]
 [0.    	1.    	0.    	0.    	0.    ]
 [0.    	0.    	0.    	0.    	0.    ]
 [0.    	0.    	0.    	0.    	0.    ]]
2026-03-19 14:45:30,014 - INFO - Change Type UA (Precision) Matrix
 [[0.    	0.8693	0.    	0.    	0.    ]
 [0.1831	0.    	0.7778	0.    	0.75  ]
 [0.    	1.    	0.    	0.    	0.    ]
 [0.    	0.    	0.    	0.    	0.    ]
 [0.    	0.    	0.    	0.    	0.    ]]
2026-03-19 14:45:30,014 - INFO - Change Type F1 Matrix
 [[0.    	0.9136	0.    	0.    	0.    ]
 [0.2796	0.    	0.875 	0.    	0.699 ]
 [0.    	1.    	0.    	0.    	0.    ]
 [0.    	0.    	0.    	0.    	0.    ]
 [0.    	0.    	0.    	0.    	0.    ]]
2026-03-19 14:45:30,014 - INFO - Epoch 0 saved.
