2026-03-19 14:45:30,088 - INFO - Epoch 0, Train loss: 0.0
2026-03-19 14:45:30,089 - INFO - mIoU: 0.9579; OA: 0.9877; AA: 0.9788; F1: 0.9783; cls_weighted_F1: 0.9877; Kappa: 0.9774;
2026-03-19 14:45:30,089 - INFO - spatial_LccAccuracy: 0.881; spatial_PA: 1.0; spatial_UA: 1.0; spatial_F1: 1.0; weighted_F1: 0.9624
2026-03-19 14:45:30,089 - INFO - temporal_CdAccuracy: 0.881; temporal_PA: 0.9167; temporal_UA: 0.9065; temporal_F1: 0.9116
2026-03-19 14:45:30,089 - INFO - Confusion Matrix
 [1529.	  58.	   0.	   0.	   0.]
 [  35.	1258.	   0.	   0.	   0.]
 [   0.	   0.	   0.	   0.	   0.]
 [   0.	   0.	   0.	   0.	   0.]
 [   0.	   0.	   0.	   0.	4680.]
2026-03-19 14:45:30,090 - INFO - Change Type PA (Recall) Matrix
 [[0.    	0.9583	0.    	0.    	0.    ]
 [1.    	0.    	0.    	0.    	0.    ]
 [0.    	0.    	0.    	0.    	0.    ]
 [0.    	0.    	0.    	0.    	0.    ]
 [0.    	0.    	0.    	0.    	0.    ]]
2026-03-19 14:45:30,090 - INFO - Change Type UA (Precision) Matrix
 [[0.    	0.9583	0.    	0.    	0.    ]
 [0.9394	0.    	0.    	0.    	0.    ]
 [0.    	0.    	0.    	0.    	0.    ]
 [0.    	0.    	0.    	0.    	0.    ]
 [0.    	0.    	0.    	0.    	0.    ]]
2026-03-19 14:45:30,090 - INFO - Change Type F1 Matrix
 [[0.    	0.9583	0.    	0.    	0.    ]
 [0.9688	0.    	0.    	0.    	0.    ]
 [0.    	0.    	0.    	0.    	0.    ]
 [0.    	0.    	0.    	0.    	0.    ]
 [0.    	0.    	0.    	0.    	0.    ]]
2026-03-19 14:45:30,090 - INFO - Epoch 0 saved.
