2026-03-19 14:45:30,441 - INFO - Epoch 0, Train loss: 0.0
2026-03-19 14:45:30,442 - INFO - mIoU: 0.8648; OA: 0.99; AA: 0.9887; F1: 0.9148; cls_weighted_F1: 0.9901; Kappa: 0.9824;
2026-03-19 14:45:30,442 - INFO - spatial_LccAccuracy: 0.8961; spatial_PA: 0.988; spatial_UA: 0.9937; spatial_F1: 0.9909; weighted_F1: 0.9246
2026-03-19 14:45:30,442 - INFO - temporal_CdAccuracy: 0.903; temporal_PA: 0.9579; temporal_UA: 0.9465; temporal_F1: 0.9521
2026-03-19 14:45:30,442 - INFO - Confusion Matrix
 [24692.	  105.	    1.	   15.	    0.]
 [  175.	12698.	  110.	    1.	    0.]
 [    5.	   14.	  914.	    5.	    4.]
 [    0.	    0.	    0.	   21.	    0.]
 [    0.	    0.	    0.	    0.	 4560.]
2026-03-19 14:45:30,443 - INFO - Change Type PA (Recall) Matrix
 [[0.    	0.952 	0.9756	0.8571	0.    ]
 [0.9315	0.    	0.8356	0.    	0.    ]
 [0.    	0.    	0.    	0.    	0.    ]
 [0.    	0.    	0.    	0.    	0.    ]
 [0.    	0.    	0.    	0.    	0.    ]]
2026-03-19 14:45:30,444 - INFO - Change Type UA (Precision) Matrix
 [[0.    	0.9625	0.7143	0.6667	0.    ]
 [0.8947	0.    	0.8243	0.    	0.    ]
 [0.    	0.    	0.    	0.    	0.    ]
 [0.    	0.    	0.    	0.    	0.    ]
 [0.    	0.    	0.    	0.    	0.    ]]
2026-03-19 14:45:30,445 - INFO - Change Type F1 Matrix
 [[0.    	0.9572	0.8247	0.75  	0.    ]
 [0.9128	0.    	0.8299	0.    	0.    ]
 [0.    	0.    	0.    	0.    	0.    ]
 [0.    	0.    	0.    	0.    	0.    ]
 [0.    	0.    	0.    	0.    	0.    ]]
2026-03-19 14:45:30,445 - INFO - Epoch 0 saved.
