2026-03-19 14:45:30,779 - INFO - Epoch 0, Train loss: 0.0
2026-03-19 14:45:30,779 - INFO - mIoU: 0.5354; OA: 0.9806; AA: 0.9394; F1: 0.94; cls_weighted_F1: 0.9807; Kappa: 0.9604;
2026-03-19 14:45:30,780 - INFO - spatial_LccAccuracy: 0.8121; spatial_PA: 0.9861; spatial_UA: 0.9991; spatial_F1: 0.9926; weighted_F1: 0.9497
2026-03-19 14:45:30,780 - INFO - temporal_CdAccuracy: 0.8121; temporal_PA: 0.9517; temporal_UA: 0.9455; temporal_F1: 0.9486
2026-03-19 14:45:30,780 - INFO - Confusion Matrix
 [14368.	  429.	    0.	    5.	    0.]
 [  179.	21347.	   49.	    1.	    3.]
 [    0.	   48.	  291.	    0.	    0.]
 [    0.	    0.	    0.	    0.	    0.]
 [    0.	    0.	    0.	    0.	    0.]
2026-03-19 14:45:30,781 - INFO - Change Type PA (Recall) Matrix
 [[0.    	0.9619	0.    	0.    	0.    ]
 [0.937 	0.    	0.9818	0.    	0.    ]
 [0.    	0.9375	0.    	0.    	0.    ]
 [0.    	0.    	0.    	0.    	0.    ]
 [0.    	0.    	0.    	0.    	0.    ]]
2026-03-19 14:45:30,782 - INFO - Change Type UA (Precision) Matrix
 [[0.    	0.9596	0.    	0.    	0.    ]
 [0.9169	0.    	0.9643	0.    	0.    ]
 [0.    	0.75  	0.    	0.    	0.    ]
 [0.    	0.    	0.    	0.    	0.    ]
 [0.    	0.    	0.    	0.    	0.    ]]
2026-03-19 14:45:30,782 - INFO - Change Type F1 Matrix
 [[0.    	0.9607	0.    	0.    	0.    ]
 [0.9268	0.    	0.973 	0.    	0.    ]
 [0.    	0.8333	0.    	0.    	0.    ]
 [0.    	0.    	0.    	0.    	0.    ]
 [0.    	0.    	0.    	0.    	0.    ]]
2026-03-19 14:45:30,782 - INFO - Epoch 0 saved.
