2026-03-19 14:45:30,964 - INFO - Epoch 0, Train loss: 0.0
2026-03-19 14:45:30,965 - INFO - mIoU: 0.7297; OA: 0.9956; AA: 0.9886; F1: 0.9862; cls_weighted_F1: 0.9957; Kappa: 0.9858;
2026-03-19 14:45:30,965 - INFO - spatial_LccAccuracy: 0.9322; spatial_PA: 0.9754; spatial_UA: 0.9952; spatial_F1: 0.9852; weighted_F1: 0.9498
2026-03-19 14:45:30,966 - INFO - temporal_CdAccuracy: 0.9593; temporal_PA: 0.9868; temporal_UA: 0.9812; temporal_F1: 0.984
2026-03-19 14:45:30,966 - INFO - Confusion Matrix
 [18110.	    9.	    0.	    5.	    0.]
 [   25.	 2685.	    4.	   48.	    0.]
 [    0.	    0.	    0.	    0.	    0.]
 [    1.	    6.	    0.	 1247.	    0.]
 [    0.	    0.	    0.	    0.	    0.]
2026-03-19 14:45:30,966 - INFO - Change Type PA (Recall) Matrix
 [[0.    	0.8761	0.    	0.9795	0.    ]
 [1.    	0.    	0.    	0.    	0.    ]
 [0.    	0.    	0.    	0.    	0.    ]
 [0.    	0.9911	0.    	0.    	0.    ]
 [0.    	0.    	0.    	0.    	0.    ]]
2026-03-19 14:45:30,968 - INFO - Change Type UA (Precision) Matrix
 [[0.    	0.9612	0.    	0.9183	0.    ]
 [0.7778	0.    	0.    	0.    	0.    ]
 [0.    	0.    	0.    	0.    	0.    ]
 [0.    	0.9911	0.    	0.    	0.    ]
 [0.    	0.    	0.    	0.    	0.    ]]
2026-03-19 14:45:30,968 - INFO - Change Type F1 Matrix
 [[0.    	0.9167	0.    	0.9479	0.    ]
 [0.875 	0.    	0.    	0.    	0.    ]
 [0.    	0.    	0.    	0.    	0.    ]
 [0.    	0.9911	0.    	0.    	0.    ]
 [0.    	0.    	0.    	0.    	0.    ]]
2026-03-19 14:45:30,969 - INFO - Epoch 0 saved.
