2026-03-19 14:45:31,082 - INFO - Epoch 0, Train loss: 0.0
2026-03-19 14:45:31,083 - INFO - mIoU: 0.7483; OA: 0.972; AA: 0.9743; F1: 0.9666; cls_weighted_F1: 0.9721; Kappa: 0.9532;
2026-03-19 14:45:31,083 - INFO - spatial_LccAccuracy: 0.787; spatial_PA: 0.9717; spatial_UA: 0.9917; spatial_F1: 0.9816; weighted_F1: 0.9196
2026-03-19 14:45:31,083 - INFO - temporal_CdAccuracy: 0.787; temporal_PA: 0.9437; temporal_UA: 0.8985; temporal_F1: 0.9205
2026-03-19 14:45:31,083 - INFO - Confusion Matrix
 [5989.	 154.	   2.	  20.	   0.]
 [ 107.	5962.	  68.	   1.	   1.]
 [   0.	  23.	1058.	   0.	   0.]
 [   1.	   3.	   6.	 405.	   0.]
 [   0.	   0.	   0.	   0.	   0.]
2026-03-19 14:45:31,085 - INFO - Change Type PA (Recall) Matrix
 [[0.    	0.9792	0.    	1.    	0.    ]
 [0.9677	0.    	0.8621	0.    	0.    ]
 [1.    	0.9756	0.    	0.    	0.    ]
 [0.    	0.    	0.    	0.    	0.    ]
 [0.    	0.    	0.    	0.    	0.    ]]
2026-03-19 14:45:31,086 - INFO - Change Type UA (Precision) Matrix
 [[0.    	0.8924	0.    	1.    	0.    ]
 [0.7792	0.    	0.7353	0.    	0.    ]
 [1.    	1.    	0.    	0.    	0.    ]
 [0.    	0.    	0.    	0.    	0.    ]
 [0.    	0.    	0.    	0.    	0.    ]]
2026-03-19 14:45:31,087 - INFO - Change Type F1 Matrix
 [[0.    	0.9338	0.    	1.    	0.    ]
 [0.8633	0.    	0.7937	0.    	0.    ]
 [1.    	0.9877	0.    	0.    	0.    ]
 [0.    	0.    	0.    	0.    	0.    ]
 [0.    	0.    	0.    	0.    	0.    ]]
2026-03-19 14:45:31,087 - INFO - Epoch 0 saved.
