2026-01-29 22:27:41,549 - INFO - Epoch 0, Train loss: 0.0
2026-01-29 22:27:41,549 - INFO - mIoU: 0.8022; OA: 0.9812; AA: 0.8134; F1: 0.8706; Kappa: 0.9597;
2026-01-29 22:27:41,549 - INFO - spatial_LccAccuracy: 0.7982; spatial_PA: 0.999; spatial_UA: 0.9919; spatial_F1: 0.9954; weighted_F1: 0.9354
2026-01-29 22:27:41,549 - INFO - temporal_CdAccuracy: 0.8; temporal_PA: 0.9447; temporal_UA: 0.9406; temporal_F1: 0.9427
2026-01-29 22:27:41,549 - INFO - Confusion Matrix
 [11687.	  411.	    0.	    0.	    0.]
 [  137.	20334.	    0.	    0.	    0.]
 [    0.	   68.	   63.	    0.	    0.]
 [    0.	    0.	    0.	    0.	    0.]
 [    0.	    0.	    0.	    0.	    0.]
2026-01-29 22:27:41,549 - INFO - Change Type PA (Recall) Matrix
 [[0.    	0.9563	0.    	0.    	0.    ]
 [0.9317	0.    	0.2   	0.    	0.    ]
 [0.    	0.    	0.    	0.    	0.    ]
 [0.    	0.    	0.    	0.    	0.    ]
 [0.    	0.    	0.    	0.    	0.    ]]
2026-01-29 22:27:41,549 - INFO - Change Type UA (Precision) Matrix
 [[0.    	0.951 	0.    	0.    	0.    ]
 [0.8955	0.    	1.    	0.    	0.    ]
 [0.    	0.    	0.    	0.    	0.    ]
 [0.    	0.    	0.    	0.    	0.    ]
 [0.    	0.    	0.    	0.    	0.    ]]
2026-01-29 22:27:41,551 - INFO - Change Type F1 Matrix
 [[0.    	0.9537	0.    	0.    	0.    ]
 [0.9132	0.    	0.3333	0.    	0.    ]
 [0.    	0.    	0.    	0.    	0.    ]
 [0.    	0.    	0.    	0.    	0.    ]
 [0.    	0.    	0.    	0.    	0.    ]]
2026-01-29 22:27:41,551 - INFO - Epoch 0 saved.
