2026-01-29 22:25:57,901 - INFO - Epoch 0, Train loss: 0.0
2026-01-29 22:25:57,901 - INFO - mIoU: 0.9672; OA: 0.995; AA: 0.9821; F1: 0.9828; Kappa: 0.9914;
2026-01-29 22:25:57,901 - INFO - spatial_LccAccuracy: 0.9566; spatial_PA: 0.998; spatial_UA: 0.999; spatial_F1: 0.9985; weighted_F1: 0.9628
2026-01-29 22:25:57,901 - INFO - temporal_CdAccuracy: 0.9607; temporal_PA: 0.9839; temporal_UA: 0.9751; temporal_F1: 0.9795
2026-01-29 22:25:57,901 - INFO - Confusion Matrix
 [23331.	   33.	    0.	    0.	    0.]
 [   93.	15418.	   42.	    0.	    0.]
 [    9.	   35.	  699.	    0.	    0.]
 [    0.	    0.	    0.	    0.	    0.]
 [   11.	    0.	    0.	    0.	 4549.]
2026-01-29 22:25:57,901 - INFO - Change Type PA (Recall) Matrix
 [[0.    	0.9789	0.9091	0.    	0.    ]
 [0.9494	0.    	0.9211	0.    	0.    ]
 [0.    	0.    	0.    	0.    	0.    ]
 [0.    	0.    	0.    	0.    	0.    ]
 [0.    	0.    	0.    	0.    	0.    ]]
2026-01-29 22:25:57,902 - INFO - Change Type UA (Precision) Matrix
 [[0.    	0.981 	0.8511	0.    	0.    ]
 [0.9259	0.    	0.875 	0.    	0.    ]
 [0.    	0.    	0.    	0.    	0.    ]
 [0.    	0.    	0.    	0.    	0.    ]
 [0.    	0.    	0.    	0.    	0.    ]]
2026-01-29 22:25:57,902 - INFO - Change Type F1 Matrix
 [[0.    	0.98  	0.8791	0.    	0.    ]
 [0.9375	0.    	0.8974	0.    	0.    ]
 [0.    	0.    	0.    	0.    	0.    ]
 [0.    	0.    	0.    	0.    	0.    ]
 [0.    	0.    	0.    	0.    	0.    ]]
2026-01-29 22:25:57,902 - INFO - Epoch 0 saved.
