2026-01-29 22:25:58,165 - INFO - Epoch 0, Train loss: 0.0
2026-01-29 22:25:58,165 - INFO - mIoU: 0.8939; OA: 0.9859; AA: 0.9367; F1: 0.9402; Kappa: 0.9701;
2026-01-29 22:25:58,165 - INFO - spatial_LccAccuracy: 0.8587; spatial_PA: 0.999; spatial_UA: 0.9919; spatial_F1: 0.9954; weighted_F1: 0.9481
2026-01-29 22:25:58,165 - INFO - temporal_CdAccuracy: 0.8587; temporal_PA: 0.9573; temporal_UA: 0.9582; temporal_F1: 0.9578
2026-01-29 22:25:58,165 - INFO - Confusion Matrix
 [11860.	  238.	    0.	    0.	    0.]
 [  184.	20269.	   18.	    0.	    0.]
 [    1.	   20.	  110.	    0.	    0.]
 [    0.	    0.	    0.	    0.	    0.]
 [    0.	    0.	    0.	    0.	    0.]
2026-01-29 22:25:58,165 - INFO - Change Type PA (Recall) Matrix
 [[0.    	0.962 	0.    	0.    	0.    ]
 [0.9317	0.    	0.6   	0.    	0.    ]
 [0.    	0.    	0.    	0.    	0.    ]
 [0.    	0.    	0.    	0.    	0.    ]
 [0.    	0.    	0.    	0.    	0.    ]]
2026-01-29 22:25:58,165 - INFO - Change Type UA (Precision) Matrix
 [[0.    	0.9647	0.    	0.    	0.    ]
 [0.9259	0.    	0.6   	0.    	0.    ]
 [0.    	0.    	0.    	0.    	0.    ]
 [0.    	0.    	0.    	0.    	0.    ]
 [0.    	0.    	0.    	0.    	0.    ]]
2026-01-29 22:25:58,165 - INFO - Change Type F1 Matrix
 [[0.    	0.9633	0.    	0.    	0.    ]
 [0.9288	0.    	0.6   	0.    	0.    ]
 [0.    	0.    	0.    	0.    	0.    ]
 [0.    	0.    	0.    	0.    	0.    ]
 [0.    	0.    	0.    	0.    	0.    ]]
2026-01-29 22:25:58,165 - INFO - Epoch 0 saved.
