2026-01-29 22:25:58,337 - INFO - Epoch 0, Train loss: 0.0
2026-01-29 22:25:58,337 - INFO - mIoU: 0.9875; OA: 0.9978; AA: 0.9956; F1: 0.9937; Kappa: 0.9931;
2026-01-29 22:25:58,337 - INFO - spatial_LccAccuracy: 0.973; spatial_PA: 0.9783; spatial_UA: 0.9951; spatial_F1: 0.9866; weighted_F1: 0.9773
2026-01-29 22:25:58,337 - INFO - temporal_CdAccuracy: 0.9811; temporal_PA: 0.9973; temporal_UA: 0.9877; temporal_F1: 0.9924
2026-01-29 22:25:58,337 - INFO - Confusion Matrix
 [18104.	   22.	    0.	    3.	    0.]
 [    3.	 2981.	    0.	   13.	    0.]
 [    0.	    0.	    0.	    0.	    0.]
 [    0.	    7.	    0.	 1067.	    0.]
 [    0.	    0.	    0.	    0.	    0.]
2026-01-29 22:25:58,337 - INFO - Change Type PA (Recall) Matrix
 [[0.    	0.9695	0.    	0.9882	0.    ]
 [1.    	0.    	0.    	0.    	0.    ]
 [0.    	0.    	0.    	0.    	0.    ]
 [0.    	1.    	0.    	0.    	0.    ]
 [0.    	0.    	0.    	0.    	0.    ]]
2026-01-29 22:25:58,337 - INFO - Change Type UA (Precision) Matrix
 [[0.    	0.9695	0.    	0.9767	0.    ]
 [0.5714	0.    	0.    	0.    	0.    ]
 [0.    	0.    	0.    	0.    	0.    ]
 [0.    	0.9792	0.    	0.    	0.    ]
 [0.    	0.    	0.    	0.    	0.    ]]
2026-01-29 22:25:58,337 - INFO - Change Type F1 Matrix
 [[0.    	0.9695	0.    	0.9825	0.    ]
 [0.7273	0.    	0.    	0.    	0.    ]
 [0.    	0.    	0.    	0.    	0.    ]
 [0.    	0.9895	0.    	0.    	0.    ]
 [0.    	0.    	0.    	0.    	0.    ]]
2026-01-29 22:25:58,337 - INFO - Epoch 0 saved.
