2026-02-22 20:07:17,915 - INFO - Epoch 0, Train loss: 0.0
2026-02-22 20:07:17,915 - INFO - mIoU: 0.5259; OA: 0.9536; AA: 0.6831; F1: 0.9328; cls_weighted_F1: 0.9505; Kappa: 0.912;
2026-02-22 20:07:17,915 - INFO - spatial_LccAccuracy: 0.7324; spatial_PA: 0.8664; spatial_UA: 0.8845; spatial_F1: 0.8754; weighted_F1: 0.8096
2026-02-22 20:07:17,915 - INFO - temporal_CdAccuracy: 0.7324; temporal_PA: 0.8702; temporal_UA: 0.8764; temporal_F1: 0.8733
2026-02-22 20:07:17,915 - INFO - Confusion Matrix
 [14783.	  605.	    0.	    0.	   13.]
 [  482.	16940.	   34.	    0.	   11.]
 [    0.	  244.	    0.	    0.	    0.]
 [    0.	    0.	    0.	    0.	    0.]
 [   11.	  179.	    0.	    1.	  777.]
2026-02-22 20:07:17,915 - INFO - Change Type PA (Recall) Matrix
 [[0.    	0.9583	0.    	0.    	0.    ]
 [0.6364	0.    	0.    	0.    	0.8   ]
 [0.    	0.    	0.    	0.    	0.    ]
 [0.    	0.    	0.    	0.    	0.    ]
 [0.    	0.    	0.    	0.    	0.    ]]
2026-02-22 20:07:17,915 - INFO - Change Type UA (Precision) Matrix
 [[0.    	0.9183	0.    	0.    	0.    ]
 [0.35  	0.    	0.    	0.    	0.8148]
 [0.    	0.    	0.    	0.    	0.    ]
 [0.    	0.    	0.    	0.    	0.    ]
 [0.    	0.    	0.    	0.    	0.    ]]
2026-02-22 20:07:17,916 - INFO - Change Type F1 Matrix
 [[0.    	0.9379	0.    	0.    	0.    ]
 [0.4516	0.    	0.    	0.    	0.8073]
 [0.    	0.    	0.    	0.    	0.    ]
 [0.    	0.    	0.    	0.    	0.    ]
 [0.    	0.    	0.    	0.    	0.    ]]
2026-02-22 20:07:17,916 - INFO - Epoch 0 saved.
