2026-01-29 17:04:10,677 - INFO - Epoch 0, Train loss: 0.0
2026-01-29 17:04:10,677 - INFO - mIoU: 1.0; OA: 1.0; AA: 1.0; F1: 1.0; Kappa: nan;
2026-01-29 17:04:10,677 - INFO - spatial_LccAccuracy: 1.0; spatial_PA: 0.75; spatial_UA: 0.75; spatial_F1: 0.75; weighted_F1: 0.0
2026-01-29 17:04:10,678 - INFO - temporal_CdAccuracy: 1.0; temporal_PA: 0.75; temporal_UA: 0.75; temporal_F1: 0.75
2026-01-29 17:04:10,678 - INFO - Confusion Matrix
 [   0.	   0.	   0.	   0.	   0.]
 [   0.	   0.	   0.	   0.	   0.]
 [   0.	   0.	   0.	   0.	   0.]
 [   0.	   0.	   0.	   0.	   0.]
 [   0.	   0.	   0.	   0.	6780.]
2026-01-29 17:04:10,679 - INFO - Change Type PA (Recall) Matrix
 [[0.	0.	0.	0.	0.]
 [0.	0.	0.	0.	0.]
 [0.	0.	0.	0.	0.]
 [0.	0.	0.	0.	0.]
 [0.	0.	0.	0.	0.]]
2026-01-29 17:04:10,680 - INFO - Change Type UA (Precision) Matrix
 [[0.	0.	0.	0.	0.]
 [0.	0.	0.	0.	0.]
 [0.	0.	0.	0.	0.]
 [0.	0.	0.	0.	0.]
 [0.	0.	0.	0.	0.]]
2026-01-29 17:04:10,681 - INFO - Change Type F1 Matrix
 [[0.	0.	0.	0.	0.]
 [0.	0.	0.	0.	0.]
 [0.	0.	0.	0.	0.]
 [0.	0.	0.	0.	0.]
 [0.	0.	0.	0.	0.]]
2026-01-29 17:04:10,681 - INFO - Epoch 0 saved.
