<<<<<<< HEAD
2026-01-22 16:52:41,939 - INFO - Epoch 0, Train loss: 0.0
2026-01-22 16:52:41,940 - INFO - mIoU: 0.7665; OA: 0.9931; AA: 0.7764; F1: 0.7822; Kappa: 0.9882;
2026-01-22 16:52:41,940 - INFO - spatial_LccAccuracy: 0.9335; spatial_PA: 1.0; spatial_UA: 1.0; spatial_F1: 1.0; weighted_F1: 0.924
2026-01-22 16:52:41,941 - INFO - temporal_CdAccuracy: 0.9389; temporal_PA: 0.9736; temporal_UA: 0.9656; temporal_F1: 0.9696
2026-01-22 16:52:41,941 - INFO - Confusion Matrix
=======
2025-12-13 21:54:17,820 - INFO - Epoch 0, Train loss: 0.0
2025-12-13 21:54:17,821 - INFO - mIoU: 0.7665; OA: 0.9931; AA: 0.7764; F1: 0.7822; Kappa: 0.9882;
2025-12-13 21:54:17,821 - INFO - spatial_LccAccuracy: 0.9471; spatial_PA: 1.0; spatial_UA: 1.0; spatial_F1: 1.0
2025-12-13 21:54:17,821 - INFO - temporal_CdAccuracy: 0.9389; temporal_PA: 0.9736; temporal_UA: 0.9656; temporal_F1: 0.9696
2025-12-13 21:54:17,822 - INFO - Confusion Matrix
>>>>>>> 93175a06c110e941919a0524e265707df6271051
 [23293.	   70.	    1.	    0.	    0.]
 [  127.	15396.	   29.	    1.	    0.]
 [    7.	   71.	  665.	    0.	    0.]
 [    0.	    0.	    0.	    0.	    0.]
 [    0.	    0.	    0.	    0.	 4560.]
<<<<<<< HEAD
2026-01-22 16:52:41,942 - INFO - Change Type PA (Recall) Matrix
=======
2025-12-13 21:54:17,823 - INFO - Change Type PA (Recall) Matrix
>>>>>>> 93175a06c110e941919a0524e265707df6271051
 [[0.    	0.9621	0.7955	0.    	0.    ]
 [0.8734	0.    	0.7895	0.    	0.    ]
 [0.    	0.    	0.    	0.    	0.    ]
 [0.    	0.    	0.    	0.    	0.    ]
 [0.    	0.    	0.    	0.    	0.    ]]
<<<<<<< HEAD
2026-01-22 16:52:41,942 - INFO - Change Type UA (Precision) Matrix
=======
2025-12-13 21:54:17,824 - INFO - Change Type UA (Precision) Matrix
>>>>>>> 93175a06c110e941919a0524e265707df6271051
 [[0.    	0.9501	0.7778	0.    	0.    ]
 [0.8415	0.    	0.8571	0.    	0.    ]
 [0.    	0.    	0.    	0.    	0.    ]
 [0.    	0.    	0.    	0.    	0.    ]
 [0.    	0.    	0.    	0.    	0.    ]]
<<<<<<< HEAD
2026-01-22 16:52:41,943 - INFO - Change Type F1 Matrix
=======
2025-12-13 21:54:17,825 - INFO - Change Type F1 Matrix
>>>>>>> 93175a06c110e941919a0524e265707df6271051
 [[0.    	0.9561	0.7865	0.    	0.    ]
 [0.8571	0.    	0.8219	0.    	0.    ]
 [0.    	0.    	0.    	0.    	0.    ]
 [0.    	0.    	0.    	0.    	0.    ]
 [0.    	0.    	0.    	0.    	0.    ]]
<<<<<<< HEAD
2026-01-22 16:52:41,943 - INFO - Epoch 0 saved.
=======
2025-12-13 21:54:17,825 - INFO - Epoch 0 saved.
>>>>>>> 93175a06c110e941919a0524e265707df6271051
