<<<<<<< HEAD
2026-01-22 16:52:42,606 - INFO - Epoch 0, Train loss: 0.0
2026-01-22 16:52:42,607 - INFO - mIoU: 0.5846; OA: 0.9964; AA: 0.5925; F1: 0.5921; Kappa: 0.9883;
2026-01-22 16:52:42,607 - INFO - spatial_LccAccuracy: 0.9378; spatial_PA: 0.995; spatial_UA: 0.9792; spatial_F1: 0.987; weighted_F1: 0.9561
2026-01-22 16:52:42,607 - INFO - temporal_CdAccuracy: 0.9676; temporal_PA: 0.9935; temporal_UA: 0.9875; temporal_F1: 0.9905
2026-01-22 16:52:42,607 - INFO - Confusion Matrix
=======
2025-12-13 21:54:18,378 - INFO - Epoch 0, Train loss: 0.0
2025-12-13 21:54:18,378 - INFO - mIoU: 0.5846; OA: 0.9964; AA: 0.5925; F1: 0.5921; Kappa: 0.9883;
2025-12-13 21:54:18,379 - INFO - spatial_LccAccuracy: 0.9405; spatial_PA: 0.995; spatial_UA: 0.9792; spatial_F1: 0.987
2025-12-13 21:54:18,379 - INFO - temporal_CdAccuracy: 0.9676; temporal_PA: 0.9935; temporal_UA: 0.9875; temporal_F1: 0.9905
2025-12-13 21:54:18,380 - INFO - Confusion Matrix
>>>>>>> 93175a06c110e941919a0524e265707df6271051
 [18124.	    5.	    0.	    0.	    0.]
 [   18.	 2941.	    0.	   38.	    0.]
 [    0.	    0.	    0.	    0.	    0.]
 [   12.	    8.	    0.	 1054.	    0.]
 [    0.	    0.	    0.	    0.	    0.]
<<<<<<< HEAD
2026-01-22 16:52:42,608 - INFO - Change Type PA (Recall) Matrix
=======
2025-12-13 21:54:18,381 - INFO - Change Type PA (Recall) Matrix
>>>>>>> 93175a06c110e941919a0524e265707df6271051
 [[0.    	0.916 	0.    	0.9706	0.    ]
 [1.    	0.    	0.    	0.    	0.    ]
 [0.    	0.    	0.    	0.    	0.    ]
 [0.    	0.9894	0.    	0.    	0.    ]
 [0.    	0.    	0.    	0.    	0.    ]]
<<<<<<< HEAD
2026-01-22 16:52:42,609 - INFO - Change Type UA (Precision) Matrix
=======
2025-12-13 21:54:18,381 - INFO - Change Type UA (Precision) Matrix
>>>>>>> 93175a06c110e941919a0524e265707df6271051
 [[0.    	0.9677	0.    	0.9375	0.    ]
 [0.8   	0.    	0.    	0.    	0.    ]
 [0.    	0.    	0.    	0.    	0.    ]
 [0.    	0.9789	0.    	0.    	0.    ]
 [0.    	0.    	0.    	0.    	0.    ]]
<<<<<<< HEAD
2026-01-22 16:52:42,610 - INFO - Change Type F1 Matrix
=======
2025-12-13 21:54:18,382 - INFO - Change Type F1 Matrix
>>>>>>> 93175a06c110e941919a0524e265707df6271051
 [[0.    	0.9412	0.    	0.9538	0.    ]
 [0.8889	0.    	0.    	0.    	0.    ]
 [0.    	0.    	0.    	0.    	0.    ]
 [0.    	0.9841	0.    	0.    	0.    ]
 [0.    	0.    	0.    	0.    	0.    ]]
<<<<<<< HEAD
2026-01-22 16:52:42,610 - INFO - Epoch 0 saved.
=======
2025-12-13 21:54:18,382 - INFO - Epoch 0 saved.
>>>>>>> 93175a06c110e941919a0524e265707df6271051
