<<<<<<< HEAD
2026-01-22 16:52:42,803 - INFO - Epoch 0, Train loss: 0.0
2026-01-22 16:52:42,803 - INFO - mIoU: 0.7611; OA: 0.9767; AA: 0.7798; F1: 0.7798; Kappa: 0.9571;
2026-01-22 16:52:42,803 - INFO - spatial_LccAccuracy: 0.8214; spatial_PA: 0.9973; spatial_UA: 0.9868; spatial_F1: 0.9921; weighted_F1: 0.8854
2026-01-22 16:52:42,803 - INFO - temporal_CdAccuracy: 0.8214; temporal_PA: 0.9297; temporal_UA: 0.8809; temporal_F1: 0.9046
2026-01-22 16:52:42,803 - INFO - Confusion Matrix
=======
2025-12-13 21:54:18,537 - INFO - Epoch 0, Train loss: 0.0
2025-12-13 21:54:18,537 - INFO - mIoU: 0.7611; OA: 0.9767; AA: 0.7798; F1: 0.7798; Kappa: 0.9571;
2025-12-13 21:54:18,537 - INFO - spatial_LccAccuracy: 0.8839; spatial_PA: 0.9973; spatial_UA: 0.9868; spatial_F1: 0.9921
2025-12-13 21:54:18,538 - INFO - temporal_CdAccuracy: 0.8214; temporal_PA: 0.9297; temporal_UA: 0.8809; temporal_F1: 0.9046
2025-12-13 21:54:18,538 - INFO - Confusion Matrix
>>>>>>> 93175a06c110e941919a0524e265707df6271051
 [7082.	  88.	   1.	   0.	   0.]
 [ 157.	5339.	  34.	   0.	   0.]
 [   2.	  31.	 575.	   0.	   0.]
 [   0.	   0.	   0.	 131.	   0.]
 [   0.	   0.	   0.	   0.	   0.]
<<<<<<< HEAD
2026-01-22 16:52:42,804 - INFO - Change Type PA (Recall) Matrix
=======
2025-12-13 21:54:18,539 - INFO - Change Type PA (Recall) Matrix
>>>>>>> 93175a06c110e941919a0524e265707df6271051
 [[0.    	0.9556	0.5   	1.    	0.    ]
 [0.9565	0.    	0.8421	0.    	0.    ]
 [0.    	0.8947	0.    	0.    	0.    ]
 [0.    	0.    	0.    	0.    	0.    ]
 [0.    	0.    	0.    	0.    	0.    ]]
<<<<<<< HEAD
2026-01-22 16:52:42,805 - INFO - Change Type UA (Precision) Matrix
=======
2025-12-13 21:54:18,540 - INFO - Change Type UA (Precision) Matrix
>>>>>>> 93175a06c110e941919a0524e265707df6271051
 [[0.    	0.9053	1.    	1.    	0.    ]
 [0.7586	0.    	0.7111	0.    	0.    ]
 [0.    	0.6296	0.    	0.    	0.    ]
 [0.    	0.    	0.    	0.    	0.    ]
 [0.    	0.    	0.    	0.    	0.    ]]
<<<<<<< HEAD
2026-01-22 16:52:42,806 - INFO - Change Type F1 Matrix
=======
2025-12-13 21:54:18,541 - INFO - Change Type F1 Matrix
>>>>>>> 93175a06c110e941919a0524e265707df6271051
 [[0.    	0.9297	0.6667	1.    	0.    ]
 [0.8462	0.    	0.7711	0.    	0.    ]
 [0.    	0.7391	0.    	0.    	0.    ]
 [0.    	0.    	0.    	0.    	0.    ]
 [0.    	0.    	0.    	0.    	0.    ]]
<<<<<<< HEAD
2026-01-22 16:52:42,806 - INFO - Epoch 0 saved.
=======
2025-12-13 21:54:18,541 - INFO - Epoch 0 saved.
>>>>>>> 93175a06c110e941919a0524e265707df6271051
