2026-01-29 17:04:15,983 - INFO - Epoch 0, Train loss: 0.0
2026-01-29 17:04:15,983 - INFO - mIoU: 0.6262; OA: 0.9457; AA: 0.884; F1: 0.9069; Kappa: 0.8966;
2026-01-29 17:04:15,984 - INFO - spatial_LccAccuracy: 0.7036; spatial_PA: 0.7544; spatial_UA: 0.9722; spatial_F1: 0.8496; weighted_F1: 0.8629
2026-01-29 17:04:15,984 - INFO - temporal_CdAccuracy: 0.7054; temporal_PA: 0.8814; temporal_UA: 0.8076; temporal_F1: 0.8429
2026-01-29 17:04:15,984 - INFO - Confusion Matrix
 [13816.	  424.	    0.	    0.	   41.]
 [  986.	15706.	   13.	    0.	   26.]
 [    0.	    0.	    0.	    0.	    0.]
 [    0.	    0.	    0.	    0.	    0.]
 [   33.	  213.	    0.	    0.	  722.]
2026-01-29 17:04:15,985 - INFO - Change Type PA (Recall) Matrix
 [[0.    	0.9595	0.    	0.    	0.    ]
 [0.4545	0.    	0.    	0.    	0.8   ]
 [0.    	0.    	0.    	0.    	0.    ]
 [0.    	0.    	0.    	0.    	0.    ]
 [0.    	0.    	0.    	0.    	0.    ]]
2026-01-29 17:04:15,985 - INFO - Change Type UA (Precision) Matrix
 [[0.    	0.8427	0.    	0.    	0.    ]
 [0.137 	0.    	0.    	0.    	0.8627]
 [0.    	0.    	0.    	0.    	0.    ]
 [0.    	0.    	0.    	0.    	0.    ]
 [0.    	0.    	0.    	0.    	0.    ]]
2026-01-29 17:04:15,986 - INFO - Change Type F1 Matrix
 [[0.    	0.8973	0.    	0.    	0.    ]
 [0.2105	0.    	0.    	0.    	0.8302]
 [0.    	0.    	0.    	0.    	0.    ]
 [0.    	0.    	0.    	0.    	0.    ]
 [0.    	0.    	0.    	0.    	0.    ]]
2026-01-29 17:04:15,986 - INFO - Epoch 0 saved.
