2026-01-29 17:04:16,367 - INFO - Epoch 0, Train loss: 0.0
2026-01-29 17:04:16,367 - INFO - mIoU: 0.9451; OA: 0.9918; AA: 0.962; F1: 0.9701; Kappa: 0.9859;
2026-01-29 17:04:16,367 - INFO - spatial_LccAccuracy: 0.9308; spatial_PA: 1.0; spatial_UA: 1.0; spatial_F1: 1.0; weighted_F1: 0.9272
2026-01-29 17:04:16,368 - INFO - temporal_CdAccuracy: 0.9417; temporal_PA: 0.9736; temporal_UA: 0.9692; temporal_F1: 0.9714
2026-01-29 17:04:16,368 - INFO - Confusion Matrix
 [23261.	   98.	    5.	    0.	    0.]
 [  118.	15394.	   41.	    0.	    0.]
 [   10.	   92.	  641.	    0.	    0.]
 [    0.	    0.	    0.	    0.	    0.]
 [    0.	    0.	    0.	    0.	 4560.]
2026-01-29 17:04:16,369 - INFO - Change Type PA (Recall) Matrix
 [[0.    	0.9579	0.7955	0.    	0.    ]
 [0.8354	0.    	0.8947	0.    	0.    ]
 [0.    	0.    	0.    	0.    	0.    ]
 [0.    	0.    	0.    	0.    	0.    ]
 [0.    	0.    	0.    	0.    	0.    ]]
2026-01-29 17:04:16,369 - INFO - Change Type UA (Precision) Matrix
 [[0.    	0.9459	0.8333	0.    	0.    ]
 [0.88  	0.    	0.8947	0.    	0.    ]
 [0.    	0.    	0.    	0.    	0.    ]
 [0.    	0.    	0.    	0.    	0.    ]
 [0.    	0.    	0.    	0.    	0.    ]]
2026-01-29 17:04:16,370 - INFO - Change Type F1 Matrix
 [[0.    	0.9519	0.814 	0.    	0.    ]
 [0.8571	0.    	0.8947	0.    	0.    ]
 [0.    	0.    	0.    	0.    	0.    ]
 [0.    	0.    	0.    	0.    	0.    ]
 [0.    	0.    	0.    	0.    	0.    ]]
2026-01-29 17:04:16,370 - INFO - Epoch 0 saved.
