2026-01-22 16:52:48,398 - INFO - Epoch 0, Train loss: 0.0
2026-01-22 16:52:48,399 - INFO - mIoU: 0.4988; OA: 0.9774; AA: 0.5168; F1: 0.5383; Kappa: 0.9518;
2026-01-22 16:52:48,399 - INFO - spatial_LccAccuracy: 0.7725; spatial_PA: 0.9908; spatial_UA: 0.9908; spatial_F1: 0.9908; weighted_F1: 0.927
2026-01-22 16:52:48,399 - INFO - temporal_CdAccuracy: 0.7743; temporal_PA: 0.9234; temporal_UA: 0.9458; temporal_F1: 0.9345
2026-01-22 16:52:48,400 - INFO - Confusion Matrix
 [11626.	  472.	    0.	    0.	    0.]
 [  208.	20252.	   11.	    0.	    0.]
 [    1.	   47.	   83.	    0.	    0.]
 [    0.	    0.	    0.	    0.	    0.]
 [    0.	    0.	    0.	    0.	    0.]
2026-01-22 16:52:48,400 - INFO - Change Type PA (Recall) Matrix
 [[0.    	0.9296	0.    	0.    	0.    ]
 [0.8571	0.    	0.4   	0.    	0.    ]
 [0.    	0.    	0.    	0.    	0.    ]
 [0.    	0.    	0.    	0.    	0.    ]
 [0.    	0.    	0.    	0.    	0.    ]]
2026-01-22 16:52:48,401 - INFO - Change Type UA (Precision) Matrix
 [[0.    	0.9677	0.    	0.    	0.    ]
 [0.942 	0.    	0.3333	0.    	0.    ]
 [0.    	0.    	0.    	0.    	0.    ]
 [0.    	0.    	0.    	0.    	0.    ]
 [0.    	0.    	0.    	0.    	0.    ]]
2026-01-22 16:52:48,402 - INFO - Change Type F1 Matrix
 [[0.    	0.9483	0.    	0.    	0.    ]
 [0.8976	0.    	0.3636	0.    	0.    ]
 [0.    	0.    	0.    	0.    	0.    ]
 [0.    	0.    	0.    	0.    	0.    ]
 [0.    	0.    	0.    	0.    	0.    ]]
2026-01-22 16:52:48,402 - INFO - Epoch 0 saved.
