2026-02-22 20:07:22,786 - INFO - Epoch 0, Train loss: 0.0
2026-02-22 20:07:22,786 - INFO - mIoU: 0.9808; OA: 0.9968; AA: 0.9859; F1: 0.9903; cls_weighted_F1: 0.9968; Kappa: 0.9899;
2026-02-22 20:07:22,786 - INFO - spatial_LccAccuracy: 0.9378; spatial_PA: 0.9983; spatial_UA: 0.9929; spatial_F1: 0.9956; weighted_F1: 0.9577
2026-02-22 20:07:22,786 - INFO - temporal_CdAccuracy: 0.9649; temporal_PA: 0.9835; temporal_UA: 0.9871; temporal_F1: 0.9853
2026-02-22 20:07:22,786 - INFO - Confusion Matrix
 [18124.	    5.	    0.	    0.	    0.]
 [   29.	 2966.	    0.	    2.	    0.]
 [    0.	    0.	    0.	    0.	    0.]
 [    3.	   31.	    0.	 1040.	    0.]
 [    0.	    0.	    0.	    0.	    0.]
2026-02-22 20:07:22,786 - INFO - Change Type PA (Recall) Matrix
 [[0.    	0.9924	0.    	0.9235	0.    ]
 [0.5   	0.    	0.    	0.    	0.    ]
 [0.    	0.    	0.    	0.    	0.    ]
 [0.    	0.9787	0.    	0.    	0.    ]
 [0.    	0.    	0.    	0.    	0.    ]]
2026-02-22 20:07:22,786 - INFO - Change Type UA (Precision) Matrix
 [[0.    	0.9286	0.    	0.9812	0.    ]
 [1.    	0.    	0.    	0.    	0.    ]
 [0.    	0.    	0.    	0.    	0.    ]
 [0.    	0.9787	0.    	0.    	0.    ]
 [0.    	0.    	0.    	0.    	0.    ]]
2026-02-22 20:07:22,786 - INFO - Change Type F1 Matrix
 [[0.    	0.9594	0.    	0.9515	0.    ]
 [0.6667	0.    	0.    	0.    	0.    ]
 [0.    	0.    	0.    	0.    	0.    ]
 [0.    	0.9787	0.    	0.    	0.    ]
 [0.    	0.    	0.    	0.    	0.    ]]
2026-02-22 20:07:22,786 - INFO - Epoch 0 saved.
