2026-01-29 17:04:16,900 - INFO - Epoch 0, Train loss: 0.0
2026-01-29 17:04:16,901 - INFO - mIoU: 0.7608; OA: 0.9751; AA: 0.9766; F1: 0.9746; Kappa: 0.9542;
2026-01-29 17:04:16,901 - INFO - spatial_LccAccuracy: 0.7946; spatial_PA: 1.0; spatial_UA: 1.0; spatial_F1: 1.0; weighted_F1: 0.89
2026-01-29 17:04:16,902 - INFO - temporal_CdAccuracy: 0.7946; temporal_PA: 0.9281; temporal_UA: 0.8851; temporal_F1: 0.9061
2026-01-29 17:04:16,902 - INFO - Confusion Matrix
 [7012.	 158.	   0.	   1.	   0.]
 [ 116.	5381.	  32.	   0.	   1.]
 [   0.	  27.	 581.	   0.	   0.]
 [   0.	   0.	   0.	 131.	   0.]
 [   0.	   0.	   0.	   0.	   0.]
2026-01-29 17:04:16,903 - INFO - Change Type PA (Recall) Matrix
 [[0.    	0.9611	0.5   	1.    	0.    ]
 [0.9348	0.    	0.8158	0.    	0.    ]
 [0.    	1.    	0.    	0.    	0.    ]
 [0.    	0.    	0.    	0.    	0.    ]
 [0.    	0.    	0.    	0.    	0.    ]]
2026-01-29 17:04:16,903 - INFO - Change Type UA (Precision) Matrix
 [[0.    	0.8918	1.    	1.    	0.    ]
 [0.6825	0.    	0.8158	0.    	0.    ]
 [0.    	0.8261	0.    	0.    	0.    ]
 [0.    	0.    	0.    	0.    	0.    ]
 [0.    	0.    	0.    	0.    	0.    ]]
2026-01-29 17:04:16,904 - INFO - Change Type F1 Matrix
 [[0.    	0.9251	0.6667	1.    	0.    ]
 [0.789 	0.    	0.8158	0.    	0.    ]
 [0.    	0.9048	0.    	0.    	0.    ]
 [0.    	0.    	0.    	0.    	0.    ]
 [0.    	0.    	0.    	0.    	0.    ]]
2026-01-29 17:04:16,904 - INFO - Epoch 0 saved.
