2026-03-19 14:45:43,443 - INFO - Epoch 0, Train loss: 0.0
2026-03-19 14:45:43,444 - INFO - mIoU: 0.6996; OA: 0.959; AA: 0.9398; F1: 0.9314; cls_weighted_F1: 0.959; Kappa: 0.9232;
2026-03-19 14:45:43,444 - INFO - spatial_LccAccuracy: 0.7635; spatial_PA: 0.847; spatial_UA: 0.9385; spatial_F1: 0.8904; weighted_F1: 0.9026
2026-03-19 14:45:43,445 - INFO - temporal_CdAccuracy: 0.7652; temporal_PA: 0.9152; temporal_UA: 0.8676; temporal_F1: 0.8908
2026-03-19 14:45:43,445 - INFO - Confusion Matrix
 [15058.	  506.	    0.	    0.	   61.]
 [  604.	16920.	   31.	    0.	   59.]
 [    0.	    3.	  290.	    0.	    0.]
 [    0.	    0.	    0.	    0.	    0.]
 [   10.	  136.	    1.	    3.	  818.]
2026-03-19 14:45:43,446 - INFO - Change Type PA (Recall) Matrix
 [[0.    	0.9609	0.    	0.    	0.    ]
 [0.5   	0.    	1.    	0.    	0.8   ]
 [0.    	1.    	0.    	0.    	0.    ]
 [0.    	0.    	0.    	0.    	0.    ]
 [0.    	0.    	0.    	0.    	0.    ]]
2026-03-19 14:45:43,447 - INFO - Change Type UA (Precision) Matrix
 [[0.    	0.8911	0.    	0.    	0.    ]
 [0.1964	0.    	0.9545	0.    	0.8302]
 [0.    	1.    	0.    	0.    	0.    ]
 [0.    	0.    	0.    	0.    	0.    ]
 [0.    	0.    	0.    	0.    	0.    ]]
2026-03-19 14:45:43,447 - INFO - Change Type F1 Matrix
 [[0.    	0.9247	0.    	0.    	0.    ]
 [0.2821	0.    	0.9767	0.    	0.8148]
 [0.    	1.    	0.    	0.    	0.    ]
 [0.    	0.    	0.    	0.    	0.    ]
 [0.    	0.    	0.    	0.    	0.    ]]
2026-03-19 14:45:43,448 - INFO - Epoch 0 saved.
