2026-03-19 14:45:43,505 - INFO - Epoch 0, Train loss: 0.0
2026-03-19 14:45:43,506 - INFO - mIoU: 0.958; OA: 0.9877; AA: 0.9791; F1: 0.9783; cls_weighted_F1: 0.9877; Kappa: 0.9774;
2026-03-19 14:45:43,506 - INFO - spatial_LccAccuracy: 0.9048; spatial_PA: 1.0; spatial_UA: 1.0; spatial_F1: 1.0; weighted_F1: 0.9689
2026-03-19 14:45:43,506 - INFO - temporal_CdAccuracy: 0.9048; temporal_PA: 0.9167; temporal_UA: 0.9016; temporal_F1: 0.909
2026-03-19 14:45:43,507 - INFO - Confusion Matrix
 [1523.	  64.	   0.	   0.	   0.]
 [  29.	1264.	   0.	   0.	   0.]
 [   0.	   0.	   0.	   0.	   0.]
 [   0.	   0.	   0.	   0.	   0.]
 [   0.	   0.	   0.	   0.	4680.]
2026-03-19 14:45:43,508 - INFO - Change Type PA (Recall) Matrix
 [[0.    	0.9792	0.    	0.    	0.    ]
 [1.    	0.    	0.    	0.    	0.    ]
 [0.    	0.    	0.    	0.    	0.    ]
 [0.    	0.    	0.    	0.    	0.    ]
 [0.    	0.    	0.    	0.    	0.    ]]
2026-03-19 14:45:43,509 - INFO - Change Type UA (Precision) Matrix
 [[0.    	0.9592	0.    	0.    	0.    ]
 [0.9394	0.    	0.    	0.    	0.    ]
 [0.    	0.    	0.    	0.    	0.    ]
 [0.    	0.    	0.    	0.    	0.    ]
 [0.    	0.    	0.    	0.    	0.    ]]
2026-03-19 14:45:43,510 - INFO - Change Type F1 Matrix
 [[0.    	0.9691	0.    	0.    	0.    ]
 [0.9688	0.    	0.    	0.    	0.    ]
 [0.    	0.    	0.    	0.    	0.    ]
 [0.    	0.    	0.    	0.    	0.    ]
 [0.    	0.    	0.    	0.    	0.    ]]
2026-03-19 14:45:43,510 - INFO - Epoch 0 saved.
