2026-03-19 14:45:43,760 - INFO - Epoch 0, Train loss: 0.0
2026-03-19 14:45:43,761 - INFO - mIoU: 0.9432; OA: 0.9897; AA: 0.9853; F1: 0.9701; cls_weighted_F1: 0.9897; Kappa: 0.9819;
2026-03-19 14:45:43,761 - INFO - spatial_LccAccuracy: 0.91; spatial_PA: 0.992; spatial_UA: 0.9958; spatial_F1: 0.9939; weighted_F1: 0.9148
2026-03-19 14:45:43,762 - INFO - temporal_CdAccuracy: 0.9141; temporal_PA: 0.9616; temporal_UA: 0.9436; temporal_F1: 0.9526
2026-03-19 14:45:43,762 - INFO - Confusion Matrix
 [24698.	  112.	    0.	    3.	    0.]
 [  219.	12695.	   69.	    0.	    1.]
 [   12.	   32.	  898.	    0.	    0.]
 [    0.	    0.	    0.	   21.	    0.]
 [    0.	    0.	    0.	    0.	 4560.]
2026-03-19 14:45:43,763 - INFO - Change Type PA (Recall) Matrix
 [[0.    	0.952 	0.9756	1.    	0.    ]
 [0.8767	0.    	0.863 	0.    	0.    ]
 [0.    	0.    	0.    	0.    	0.    ]
 [0.    	0.    	0.    	0.    	0.    ]
 [0.    	0.    	0.    	0.    	0.    ]]
2026-03-19 14:45:43,764 - INFO - Change Type UA (Precision) Matrix
 [[0.    	0.9356	0.7843	0.875 	0.    ]
 [0.7619	0.    	0.9   	0.    	0.    ]
 [0.    	0.    	0.    	0.    	0.    ]
 [0.    	0.    	0.    	0.    	0.    ]
 [0.    	0.    	0.    	0.    	0.    ]]
2026-03-19 14:45:43,764 - INFO - Change Type F1 Matrix
 [[0.    	0.9437	0.8696	0.9333	0.    ]
 [0.8153	0.    	0.8811	0.    	0.    ]
 [0.    	0.    	0.    	0.    	0.    ]
 [0.    	0.    	0.    	0.    	0.    ]
 [0.    	0.    	0.    	0.    	0.    ]]
2026-03-19 14:45:43,765 - INFO - Epoch 0 saved.
