2026-03-19 14:45:44,022 - INFO - Epoch 0, Train loss: 0.0
2026-03-19 14:45:44,023 - INFO - mIoU: 0.6505; OA: 0.9788; AA: 0.9219; F1: 0.9232; cls_weighted_F1: 0.9789; Kappa: 0.9569;
2026-03-19 14:45:44,023 - INFO - spatial_LccAccuracy: 0.7729; spatial_PA: 1.0; spatial_UA: 1.0; spatial_F1: 1.0; weighted_F1: 0.9282
2026-03-19 14:45:44,023 - INFO - temporal_CdAccuracy: 0.7729; temporal_PA: 0.9532; temporal_UA: 0.9332; temporal_F1: 0.9431
2026-03-19 14:45:44,023 - INFO - Confusion Matrix
 [14354.	  440.	    0.	    8.	    0.]
 [  200.	21315.	   64.	    0.	    0.]
 [    0.	   65.	  274.	    0.	    0.]
 [    0.	    0.	    0.	    0.	    0.]
 [    0.	    0.	    0.	    0.	    0.]
2026-03-19 14:45:44,025 - INFO - Change Type PA (Recall) Matrix
 [[0.    	0.9545	0.    	0.    	0.    ]
 [0.9562	0.    	0.9273	0.    	0.    ]
 [0.    	0.5625	0.    	0.    	0.    ]
 [0.    	0.    	0.    	0.    	0.    ]
 [0.    	0.    	0.    	0.    	0.    ]]
2026-03-19 14:45:44,026 - INFO - Change Type UA (Precision) Matrix
 [[0.    	0.9317	0.    	0.    	0.    ]
 [0.8747	0.    	0.9107	0.    	0.    ]
 [0.    	0.5294	0.    	0.    	0.    ]
 [0.    	0.    	0.    	0.    	0.    ]
 [0.    	0.    	0.    	0.    	0.    ]]
2026-03-19 14:45:44,026 - INFO - Change Type F1 Matrix
 [[0.    	0.943 	0.    	0.    	0.    ]
 [0.9136	0.    	0.9189	0.    	0.    ]
 [0.    	0.5455	0.    	0.    	0.    ]
 [0.    	0.    	0.    	0.    	0.    ]
 [0.    	0.    	0.    	0.    	0.    ]]
2026-03-19 14:45:44,027 - INFO - Epoch 0 saved.
