2026-03-19 14:45:44,167 - INFO - Epoch 0, Train loss: 0.0
2026-03-19 14:45:44,168 - INFO - mIoU: 0.7218; OA: 0.994; AA: 0.9784; F1: 0.9807; cls_weighted_F1: 0.994; Kappa: 0.9807;
2026-03-19 14:45:44,168 - INFO - spatial_LccAccuracy: 0.8726; spatial_PA: 0.9951; spatial_UA: 0.9766; spatial_F1: 0.9858; weighted_F1: 0.9211
2026-03-19 14:45:44,168 - INFO - temporal_CdAccuracy: 0.9024; temporal_PA: 0.9898; temporal_UA: 0.9613; temporal_F1: 0.9753
2026-03-19 14:45:44,168 - INFO - Confusion Matrix
 [18106.	   18.	    0.	    0.	    0.]
 [   32.	 2698.	    0.	   32.	    0.]
 [    0.	    0.	    0.	    0.	    0.]
 [    4.	   46.	    0.	 1203.	    1.]
 [    0.	    0.	    0.	    0.	    0.]
2026-03-19 14:45:44,169 - INFO - Change Type PA (Recall) Matrix
 [[0.    	0.9027	0.    	0.8974	0.    ]
 [0.8571	0.    	0.    	0.    	0.    ]
 [0.    	0.    	0.    	0.    	0.    ]
 [0.    	0.9911	0.    	0.    	0.    ]
 [0.    	0.    	0.    	0.    	0.    ]]
2026-03-19 14:45:44,170 - INFO - Change Type UA (Precision) Matrix
 [[0.    	0.843 	0.    	0.9409	0.    ]
 [0.5455	0.    	0.    	0.    	0.    ]
 [0.    	0.    	0.    	0.    	0.    ]
 [0.    	0.9911	0.    	0.    	0.    ]
 [0.    	0.    	0.    	0.    	0.    ]]
2026-03-19 14:45:44,171 - INFO - Change Type F1 Matrix
 [[0.    	0.8718	0.    	0.9186	0.    ]
 [0.6667	0.    	0.    	0.    	0.    ]
 [0.    	0.    	0.    	0.    	0.    ]
 [0.    	0.9911	0.    	0.    	0.    ]
 [0.    	0.    	0.    	0.    	0.    ]]
2026-03-19 14:45:44,171 - INFO - Epoch 0 saved.
