2026-03-19 14:45:44,269 - INFO - Epoch 0, Train loss: 0.0
2026-03-19 14:45:44,269 - INFO - mIoU: 0.9336; OA: 0.9691; AA: 0.9574; F1: 0.9656; cls_weighted_F1: 0.9691; Kappa: 0.9481;
2026-03-19 14:45:44,270 - INFO - spatial_LccAccuracy: 0.7478; spatial_PA: 0.9717; spatial_UA: 0.9917; spatial_F1: 0.9816; weighted_F1: 0.8981
2026-03-19 14:45:44,270 - INFO - temporal_CdAccuracy: 0.7522; temporal_PA: 0.9086; temporal_UA: 0.8773; temporal_F1: 0.8927
2026-03-19 14:45:44,270 - INFO - Confusion Matrix
 [5946.	 215.	   1.	   3.	   0.]
 [  92.	6014.	  33.	   0.	   0.]
 [   2.	  54.	1025.	   0.	   0.]
 [  17.	   9.	   0.	 389.	   0.]
 [   0.	   0.	   0.	   0.	   0.]
2026-03-19 14:45:44,271 - INFO - Change Type PA (Recall) Matrix
 [[0.    	0.9583	0.    	1.    	0.    ]
 [0.9355	0.    	0.7241	0.    	0.    ]
 [1.    	0.9512	0.    	0.    	0.    ]
 [0.    	0.    	0.    	0.    	0.    ]
 [0.    	0.    	0.    	0.    	0.    ]]
2026-03-19 14:45:44,272 - INFO - Change Type UA (Precision) Matrix
 [[0.    	0.8734	0.    	1.    	0.    ]
 [0.7532	0.    	0.75  	0.    	0.    ]
 [1.    	1.    	0.    	0.    	0.    ]
 [0.    	0.    	0.    	0.    	0.    ]
 [0.    	0.    	0.    	0.    	0.    ]]
2026-03-19 14:45:44,273 - INFO - Change Type F1 Matrix
 [[0.    	0.9139	0.    	1.    	0.    ]
 [0.8345	0.    	0.7368	0.    	0.    ]
 [1.    	0.975 	0.    	0.    	0.    ]
 [0.    	0.    	0.    	0.    	0.    ]
 [0.    	0.    	0.    	0.    	0.    ]]
2026-03-19 14:45:44,273 - INFO - Epoch 0 saved.
