2026-01-29 22:25:47,349 - INFO - Epoch 0, Train loss: 0.0
2026-01-29 22:25:47,349 - INFO - mIoU: 0.9325; OA: 0.9728; AA: 0.9565; F1: 0.9643; Kappa: 0.9533;
2026-01-29 22:25:47,349 - INFO - spatial_LccAccuracy: 0.7921; spatial_PA: 0.9593; spatial_UA: 0.986; spatial_F1: 0.9725; weighted_F1: 0.8724
2026-01-29 22:25:47,350 - INFO - temporal_CdAccuracy: 0.7991; temporal_PA: 0.9245; temporal_UA: 0.9073; temporal_F1: 0.9158
2026-01-29 22:25:47,350 - INFO - Confusion Matrix
 [77746.	 1014.	    0.	   11.	   93.]
 [ 2287.	57734.	  109.	   21.	  111.]
 [   12.	  406.	 2633.	    0.	    0.]
 [   10.	    9.	    0.	 1496.	    0.]
 [   25.	  109.	    0.	    0.	11154.]
2026-01-29 22:25:47,350 - INFO - Change Type PA (Recall) Matrix
 [[0.    	0.9305	0.8295	0.9459	0.    ]
 [0.8143	0.    	0.5468	0.    	0.8   ]
 [0.    	0.9268	0.    	0.    	0.    ]
 [0.    	0.9697	0.    	0.    	0.    ]
 [0.    	0.    	0.    	0.    	0.    ]]
2026-01-29 22:25:47,350 - INFO - Change Type UA (Precision) Matrix
 [[0.    	0.8816	0.964 	0.9351	0.    ]
 [0.7444	0.    	0.7103	0.    	0.7097]
 [0.    	0.9048	0.    	0.    	0.    ]
 [0.    	0.96  	0.    	0.    	0.    ]
 [0.    	0.    	0.    	0.    	0.    ]]
2026-01-29 22:25:47,350 - INFO - Change Type F1 Matrix
 [[0.    	0.9054	0.8917	0.9405	0.    ]
 [0.7778	0.    	0.6179	0.    	0.7521]
 [0.    	0.9157	0.    	0.    	0.    ]
 [0.    	0.9648	0.    	0.    	0.    ]
 [0.    	0.    	0.    	0.    	0.    ]]
2026-01-29 22:25:47,350 - INFO - Epoch 0 saved.
