2026-01-29 22:25:44,445 - INFO - Epoch 0, Train loss: 0.0
2026-01-29 22:25:44,445 - INFO - mIoU: 0.932; OA: 0.9732; AA: 0.9556; F1: 0.9641; Kappa: 0.954;
2026-01-29 22:25:44,445 - INFO - spatial_LccAccuracy: 0.794; spatial_PA: 0.9615; spatial_UA: 0.9823; spatial_F1: 0.9718; weighted_F1: 0.8691
2026-01-29 22:25:44,445 - INFO - temporal_CdAccuracy: 0.8018; temporal_PA: 0.9198; temporal_UA: 0.9141; temporal_F1: 0.917
2026-01-29 22:25:44,445 - INFO - Confusion Matrix
 [77649.	 1148.	    0.	   11.	   56.]
 [ 2081.	58001.	  118.	   24.	   38.]
 [    1.	  409.	 2639.	    2.	    0.]
 [    5.	   14.	    0.	 1496.	    0.]
 [   43.	  196.	    3.	    0.	11046.]
2026-01-29 22:25:44,445 - INFO - Change Type PA (Recall) Matrix
 [[0.    	0.9203	0.8605	0.9266	0.    ]
 [0.7749	0.    	0.5396	0.    	0.7636]
 [0.    	1.    	0.    	0.    	0.    ]
 [0.    	0.9394	0.    	0.    	0.    ]
 [0.    	0.    	0.    	0.    	0.    ]]
2026-01-29 22:25:44,445 - INFO - Change Type UA (Precision) Matrix
 [[0.    	0.8892	0.9174	0.9057	0.    ]
 [0.7734	0.    	0.7732	0.    	0.7636]
 [0.    	0.8367	0.    	0.    	0.    ]
 [0.    	0.9394	0.    	0.    	0.    ]
 [0.    	0.    	0.    	0.    	0.    ]]
2026-01-29 22:25:44,445 - INFO - Change Type F1 Matrix
 [[0.    	0.9045	0.888 	0.916 	0.    ]
 [0.7741	0.    	0.6356	0.    	0.7636]
 [0.    	0.9111	0.    	0.    	0.    ]
 [0.    	0.9394	0.    	0.    	0.    ]
 [0.    	0.    	0.    	0.    	0.    ]]
2026-01-29 22:25:44,445 - INFO - Epoch 0 saved.
