2026-01-29 22:25:43,042 - INFO - Epoch 0, Train loss: 0.0
2026-01-29 22:25:43,044 - INFO - mIoU: 0.9349; OA: 0.9719; AA: 0.9639; F1: 0.9658; Kappa: 0.9518;
2026-01-29 22:25:43,044 - INFO - spatial_LccAccuracy: 0.7816; spatial_PA: 0.9487; spatial_UA: 0.9821; spatial_F1: 0.9651; weighted_F1: 0.8662
2026-01-29 22:25:43,044 - INFO - temporal_CdAccuracy: 0.7875; temporal_PA: 0.9243; temporal_UA: 0.9054; temporal_F1: 0.9147
2026-01-29 22:25:43,044 - INFO - Confusion Matrix
 [77742.	 1047.	    1.	   23.	   51.]
 [ 2480.	57493.	  166.	   29.	   94.]
 [    7.	  306.	 2738.	    0.	    0.]
 [    4.	    4.	    0.	 1507.	    0.]
 [    9.	  129.	    0.	    0.	11150.]
2026-01-29 22:25:43,044 - INFO - Change Type PA (Recall) Matrix
 [[0.    	0.9171	0.9225	0.9344	0.    ]
 [0.8049	0.    	0.6115	0.    	0.7636]
 [0.    	1.    	0.    	0.    	0.    ]
 [0.    	0.9495	0.    	0.    	0.    ]
 [0.    	0.    	0.    	0.    	0.    ]]
2026-01-29 22:25:43,044 - INFO - Change Type UA (Precision) Matrix
 [[0.    	0.8815	0.8881	0.88  	0.    ]
 [0.7346	0.    	0.787 	0.    	0.75  ]
 [0.    	0.7321	0.    	0.    	0.    ]
 [0.    	0.94  	0.    	0.    	0.    ]
 [0.    	0.    	0.    	0.    	0.    ]]
2026-01-29 22:25:43,044 - INFO - Change Type F1 Matrix
 [[0.    	0.8989	0.9049	0.9064	0.    ]
 [0.7681	0.    	0.6883	0.    	0.7568]
 [0.    	0.8454	0.    	0.    	0.    ]
 [0.    	0.9447	0.    	0.    	0.    ]
 [0.    	0.    	0.    	0.    	0.    ]]
2026-01-29 22:25:43,044 - INFO - Epoch 0 saved.
