2026-01-29 22:25:48,872 - INFO - Epoch 0, Train loss: 0.0
2026-01-29 22:25:48,872 - INFO - mIoU: 0.9353; OA: 0.9732; AA: 0.9605; F1: 0.9659; Kappa: 0.954;
2026-01-29 22:25:48,872 - INFO - spatial_LccAccuracy: 0.8026; spatial_PA: 0.9633; spatial_UA: 0.9888; spatial_F1: 0.9759; weighted_F1: 0.8774
2026-01-29 22:25:48,872 - INFO - temporal_CdAccuracy: 0.8087; temporal_PA: 0.9306; temporal_UA: 0.917; temporal_F1: 0.9238
2026-01-29 22:25:48,872 - INFO - Confusion Matrix
 [77711.	 1056.	    4.	    7.	   86.]
 [ 2202.	57824.	  147.	   23.	   66.]
 [    1.	  365.	 2685.	    0.	    0.]
 [    1.	    8.	    0.	 1506.	    0.]
 [   23.	  166.	    0.	    0.	11099.]
2026-01-29 22:25:48,872 - INFO - Change Type PA (Recall) Matrix
 [[0.    	0.9268	0.8992	0.9498	0.    ]
 [0.833 	0.    	0.518 	0.    	0.7636]
 [0.    	0.9756	0.    	0.    	0.    ]
 [0.    	0.9495	0.    	0.    	0.    ]
 [0.    	0.    	0.    	0.    	0.    ]]
2026-01-29 22:25:48,872 - INFO - Change Type UA (Precision) Matrix
 [[0.    	0.8922	0.8992	0.9318	0.    ]
 [0.7668	0.    	0.7579	0.    	0.7119]
 [0.    	0.8333	0.    	0.    	0.    ]
 [0.    	0.9495	0.    	0.    	0.    ]
 [0.    	0.    	0.    	0.    	0.    ]]
2026-01-29 22:25:48,872 - INFO - Change Type F1 Matrix
 [[0.    	0.9091	0.8992	0.9407	0.    ]
 [0.7986	0.    	0.6154	0.    	0.7368]
 [0.    	0.8989	0.    	0.    	0.    ]
 [0.    	0.9495	0.    	0.    	0.    ]
 [0.    	0.    	0.    	0.    	0.    ]]
2026-01-29 22:25:48,872 - INFO - Epoch 0 saved.
