2026-01-29 22:25:45,875 - INFO - Epoch 0, Train loss: 0.0
2026-01-29 22:25:45,875 - INFO - mIoU: 0.9305; OA: 0.9725; AA: 0.954; F1: 0.9633; Kappa: 0.9529;
2026-01-29 22:25:45,875 - INFO - spatial_LccAccuracy: 0.7828; spatial_PA: 0.9663; spatial_UA: 0.9764; spatial_F1: 0.9713; weighted_F1: 0.8669
2026-01-29 22:25:45,875 - INFO - temporal_CdAccuracy: 0.7882; temporal_PA: 0.9165; temporal_UA: 0.9028; temporal_F1: 0.9096
2026-01-29 22:25:45,875 - INFO - Confusion Matrix
 [77292.	 1503.	    9.	    7.	   53.]
 [ 1837.	58235.	  135.	   16.	   39.]
 [   12.	  377.	 2662.	    0.	    0.]
 [   37.	    7.	    0.	 1471.	    0.]
 [   20.	  204.	    0.	    0.	11064.]
2026-01-29 22:25:45,875 - INFO - Change Type PA (Recall) Matrix
 [[0.    	0.9149	0.8915	0.9035	0.    ]
 [0.8368	0.    	0.518 	0.    	0.7818]
 [0.    	0.9512	0.    	0.    	0.    ]
 [0.    	0.9293	0.    	0.    	0.    ]
 [0.    	0.    	0.    	0.    	0.    ]]
2026-01-29 22:25:45,875 - INFO - Change Type UA (Precision) Matrix
 [[0.    	0.8928	0.935 	0.9141	0.    ]
 [0.7194	0.    	0.7129	0.    	0.7288]
 [0.    	0.8667	0.    	0.    	0.    ]
 [0.    	0.9293	0.    	0.    	0.    ]
 [0.    	0.    	0.    	0.    	0.    ]]
2026-01-29 22:25:45,876 - INFO - Change Type F1 Matrix
 [[0.    	0.9037	0.9127	0.9087	0.    ]
 [0.7736	0.    	0.6   	0.    	0.7544]
 [0.    	0.907 	0.    	0.    	0.    ]
 [0.    	0.9293	0.    	0.    	0.    ]
 [0.    	0.    	0.    	0.    	0.    ]]
2026-01-29 22:25:45,876 - INFO - Epoch 0 saved.
