2026-03-19 14:44:47,255 - INFO - Epoch 0, Train loss: 0.0
2026-03-19 14:44:47,255 - INFO - mIoU: 0.8561; OA: 0.9609; AA: 0.8943; F1: 0.919; cls_weighted_F1: 0.9602; Kappa: 0.9261;
2026-03-19 14:44:47,255 - INFO - spatial_LccAccuracy: 0.7913; spatial_PA: 0.8119; spatial_UA: 0.9304; spatial_F1: 0.8671; weighted_F1: 0.9056
2026-03-19 14:44:47,255 - INFO - temporal_CdAccuracy: 0.7913; temporal_PA: 0.9366; temporal_UA: 0.8916; temporal_F1: 0.9135
2026-03-19 14:44:47,255 - INFO - Confusion Matrix
 [15197.	  420.	    0.	    0.	    8.]
 [  581.	17007.	   24.	    0.	    2.]
 [    0.	   15.	  278.	    0.	    0.]
 [    0.	    0.	    0.	    0.	    0.]
 [    7.	  293.	    0.	    0.	  668.]
2026-03-19 14:44:47,256 - INFO - Change Type PA (Recall) Matrix
 [[0.    	0.9648	0.    	0.    	0.    ]
 [0.6818	0.    	1.    	0.    	0.7636]
 [0.    	1.    	0.    	0.    	0.    ]
 [0.    	0.    	0.    	0.    	0.    ]
 [0.    	0.    	0.    	0.    	0.    ]]
2026-03-19 14:44:47,256 - INFO - Change Type UA (Precision) Matrix
 [[0.    	0.8947	0.    	0.    	0.    ]
 [0.2885	0.    	0.9545	0.    	0.8077]
 [0.    	0.9545	0.    	0.    	0.    ]
 [0.    	0.    	0.    	0.    	0.    ]
 [0.    	0.    	0.    	0.    	0.    ]]
2026-03-19 14:44:47,256 - INFO - Change Type F1 Matrix
 [[0.    	0.9284	0.    	0.    	0.    ]
 [0.4054	0.    	0.9767	0.    	0.785 ]
 [0.    	0.9767	0.    	0.    	0.    ]
 [0.    	0.    	0.    	0.    	0.    ]
 [0.    	0.    	0.    	0.    	0.    ]]
2026-03-19 14:44:47,256 - INFO - Epoch 0 saved.
