2026-03-19 14:44:47,332 - INFO - Epoch 0, Train loss: 0.0
2026-03-19 14:44:47,332 - INFO - mIoU: 0.949; OA: 0.9849; AA: 0.9752; F1: 0.9735; cls_weighted_F1: 0.985; Kappa: 0.9723;
2026-03-19 14:44:47,332 - INFO - spatial_LccAccuracy: 0.8651; spatial_PA: 1.0; spatial_UA: 1.0; spatial_F1: 1.0; weighted_F1: 0.9324
2026-03-19 14:44:47,333 - INFO - temporal_CdAccuracy: 0.8651; temporal_PA: 0.9037; temporal_UA: 0.8799; temporal_F1: 0.8917
2026-03-19 14:44:47,334 - INFO - Confusion Matrix
 [1490.	  97.	   0.	   0.	   0.]
 [  17.	1276.	   0.	   0.	   0.]
 [   0.	   0.	   0.	   0.	   0.]
 [   0.	   0.	   0.	   0.	   0.]
 [   0.	   0.	   0.	   0.	4680.]
2026-03-19 14:44:47,335 - INFO - Change Type PA (Recall) Matrix
 [[0.    	0.9375	0.    	0.    	0.    ]
 [1.    	0.    	0.    	0.    	0.    ]
 [0.    	0.    	0.    	0.    	0.    ]
 [0.    	0.    	0.    	0.    	0.    ]
 [0.    	0.    	0.    	0.    	0.    ]]
2026-03-19 14:44:47,335 - INFO - Change Type UA (Precision) Matrix
 [[0.    	0.9184	0.    	0.    	0.    ]
 [0.8857	0.    	0.    	0.    	0.    ]
 [0.    	0.    	0.    	0.    	0.    ]
 [0.    	0.    	0.    	0.    	0.    ]
 [0.    	0.    	0.    	0.    	0.    ]]
2026-03-19 14:44:47,335 - INFO - Change Type F1 Matrix
 [[0.    	0.9278	0.    	0.    	0.    ]
 [0.9394	0.    	0.    	0.    	0.    ]
 [0.    	0.    	0.    	0.    	0.    ]
 [0.    	0.    	0.    	0.    	0.    ]
 [0.    	0.    	0.    	0.    	0.    ]]
2026-03-19 14:44:47,335 - INFO - Epoch 0 saved.
