2026-03-19 14:44:47,673 - INFO - Epoch 0, Train loss: 0.0
2026-03-19 14:44:47,674 - INFO - mIoU: 0.9549; OA: 0.9907; AA: 0.9911; F1: 0.9765; cls_weighted_F1: 0.9907; Kappa: 0.9837;
2026-03-19 14:44:47,674 - INFO - spatial_LccAccuracy: 0.9183; spatial_PA: 0.98; spatial_UA: 0.9896; spatial_F1: 0.9848; weighted_F1: 0.9194
2026-03-19 14:44:47,674 - INFO - temporal_CdAccuracy: 0.9224; temporal_PA: 0.9756; temporal_UA: 0.955; temporal_F1: 0.9652
2026-03-19 14:44:47,674 - INFO - Confusion Matrix
 [24668.	  140.	    3.	    2.	    0.]
 [  164.	12744.	   76.	    0.	    0.]
 [    9.	   10.	  923.	    0.	    0.]
 [    0.	    0.	    0.	   21.	    0.]
 [    0.	    0.	    0.	    0.	 4560.]
2026-03-19 14:44:47,676 - INFO - Change Type PA (Recall) Matrix
 [[0.    	0.9607	0.9024	0.8571	0.    ]
 [0.9041	0.    	0.8767	0.    	0.    ]
 [0.    	1.    	0.    	0.    	0.    ]
 [0.    	0.    	0.    	0.    	0.    ]
 [0.    	0.    	0.    	0.    	0.    ]]
2026-03-19 14:44:47,676 - INFO - Change Type UA (Precision) Matrix
 [[0.    	0.9342	0.7551	0.75  	0.    ]
 [0.825 	0.    	0.8533	0.    	0.    ]
 [0.    	1.    	0.    	0.    	0.    ]
 [0.    	0.    	0.    	0.    	0.    ]
 [0.    	0.    	0.    	0.    	0.    ]]
2026-03-19 14:44:47,676 - INFO - Change Type F1 Matrix
 [[0.    	0.9473	0.8222	0.8   	0.    ]
 [0.8627	0.    	0.8649	0.    	0.    ]
 [0.    	1.    	0.    	0.    	0.    ]
 [0.    	0.    	0.    	0.    	0.    ]
 [0.    	0.    	0.    	0.    	0.    ]]
2026-03-19 14:44:47,676 - INFO - Epoch 0 saved.
