2026-03-19 14:44:47,996 - INFO - Epoch 0, Train loss: 0.0
2026-03-19 14:44:47,997 - INFO - mIoU: 0.653; OA: 0.9817; AA: 0.9164; F1: 0.9249; cls_weighted_F1: 0.9817; Kappa: 0.9628;
2026-03-19 14:44:47,997 - INFO - spatial_LccAccuracy: 0.8203; spatial_PA: 1.0; spatial_UA: 1.0; spatial_F1: 1.0; weighted_F1: 0.941
2026-03-19 14:44:47,997 - INFO - temporal_CdAccuracy: 0.8203; temporal_PA: 0.9531; temporal_UA: 0.9503; temporal_F1: 0.9517
2026-03-19 14:44:47,997 - INFO - Confusion Matrix
 [14440.	  358.	    0.	    4.	    0.]
 [  183.	21343.	   53.	    0.	    0.]
 [    0.	   73.	  266.	    0.	    0.]
 [    0.	    0.	    0.	    0.	    0.]
 [    0.	    0.	    0.	    0.	    0.]
2026-03-19 14:44:47,998 - INFO - Change Type PA (Recall) Matrix
 [[0.    	0.9484	0.    	0.    	0.    ]
 [0.926 	0.    	0.9455	0.    	0.    ]
 [0.    	1.    	0.    	0.    	0.    ]
 [0.    	0.    	0.    	0.    	0.    ]
 [0.    	0.    	0.    	0.    	0.    ]]
2026-03-19 14:44:47,999 - INFO - Change Type UA (Precision) Matrix
 [[0.    	0.9519	0.    	0.    	0.    ]
 [0.9111	0.    	0.963 	0.    	0.    ]
 [0.    	0.8889	0.    	0.    	0.    ]
 [0.    	0.    	0.    	0.    	0.    ]
 [0.    	0.    	0.    	0.    	0.    ]]
2026-03-19 14:44:48,000 - INFO - Change Type F1 Matrix
 [[0.    	0.9502	0.    	0.    	0.    ]
 [0.9185	0.    	0.9541	0.    	0.    ]
 [0.    	0.9412	0.    	0.    	0.    ]
 [0.    	0.    	0.    	0.    	0.    ]
 [0.    	0.    	0.    	0.    	0.    ]]
2026-03-19 14:44:48,000 - INFO - Epoch 0 saved.
