2026-03-19 14:44:48,174 - INFO - Epoch 0, Train loss: 0.0
2026-03-19 14:44:48,175 - INFO - mIoU: 0.9762; OA: 0.9965; AA: 0.9847; F1: 0.9879; cls_weighted_F1: 0.9965; Kappa: 0.9888;
2026-03-19 14:44:48,175 - INFO - spatial_LccAccuracy: 0.9404; spatial_PA: 1.0; spatial_UA: 1.0; spatial_F1: 1.0; weighted_F1: 0.9536
2026-03-19 14:44:48,175 - INFO - temporal_CdAccuracy: 0.9675; temporal_PA: 0.9915; temporal_UA: 0.9848; temporal_F1: 0.9882
2026-03-19 14:44:48,175 - INFO - Confusion Matrix
 [18119.	    2.	    0.	    3.	    0.]
 [   19.	 2735.	    0.	    8.	    0.]
 [    0.	    0.	    0.	    0.	    0.]
 [    2.	   43.	    0.	 1209.	    0.]
 [    0.	    0.	    0.	    0.	    0.]
2026-03-19 14:44:48,177 - INFO - Change Type PA (Recall) Matrix
 [[0.    	0.9823	0.    	0.9385	0.    ]
 [0.8571	0.    	0.    	0.    	0.    ]
 [0.    	0.    	0.    	0.    	0.    ]
 [0.    	0.9732	0.    	0.    	0.    ]
 [0.    	0.    	0.    	0.    	0.    ]]
2026-03-19 14:44:48,177 - INFO - Change Type UA (Precision) Matrix
 [[0.    	0.9024	0.    	0.9839	0.    ]
 [0.8571	0.    	0.    	0.    	0.    ]
 [0.    	0.    	0.    	0.    	0.    ]
 [0.    	0.9478	0.    	0.    	0.    ]
 [0.    	0.    	0.    	0.    	0.    ]]
2026-03-19 14:44:48,177 - INFO - Change Type F1 Matrix
 [[0.    	0.9407	0.    	0.9606	0.    ]
 [0.8571	0.    	0.    	0.    	0.    ]
 [0.    	0.    	0.    	0.    	0.    ]
 [0.    	0.9604	0.    	0.    	0.    ]
 [0.    	0.    	0.    	0.    	0.    ]]
2026-03-19 14:44:48,178 - INFO - Epoch 0 saved.
