2026-03-19 14:44:48,315 - INFO - Epoch 0, Train loss: 0.0
2026-03-19 14:44:48,316 - INFO - mIoU: 0.9574; OA: 0.9758; AA: 0.9773; F1: 0.9782; cls_weighted_F1: 0.9758; Kappa: 0.9593;
2026-03-19 14:44:48,316 - INFO - spatial_LccAccuracy: 0.8174; spatial_PA: 0.9811; spatial_UA: 0.9944; spatial_F1: 0.9877; weighted_F1: 0.8975
2026-03-19 14:44:48,316 - INFO - temporal_CdAccuracy: 0.8174; temporal_PA: 0.9449; temporal_UA: 0.8867; temporal_F1: 0.9149
2026-03-19 14:44:48,317 - INFO - Confusion Matrix
 [5992.	 170.	   0.	   3.	   0.]
 [  93.	6016.	  30.	   0.	   0.]
 [   0.	  33.	1048.	   0.	   0.]
 [   4.	   1.	   0.	 410.	   0.]
 [   0.	   0.	   0.	   0.	   0.]
2026-03-19 14:44:48,318 - INFO - Change Type PA (Recall) Matrix
 [[0.    	0.9792	0.    	1.    	0.    ]
 [0.9677	0.    	0.8621	0.    	0.    ]
 [1.    	0.9756	0.    	0.    	0.    ]
 [0.    	0.    	0.    	0.    	0.    ]
 [0.    	0.    	0.    	0.    	0.    ]]
2026-03-19 14:44:48,319 - INFO - Change Type UA (Precision) Matrix
 [[0.    	0.8704	0.    	1.    	0.    ]
 [0.7595	0.    	0.641 	0.    	0.    ]
 [1.    	0.8696	0.    	0.    	0.    ]
 [0.    	0.    	0.    	0.    	0.    ]
 [0.    	0.    	0.    	0.    	0.    ]]
2026-03-19 14:44:48,319 - INFO - Change Type F1 Matrix
 [[0.    	0.9216	0.    	1.    	0.    ]
 [0.8511	0.    	0.7353	0.    	0.    ]
 [1.    	0.9195	0.    	0.    	0.    ]
 [0.    	0.    	0.    	0.    	0.    ]
 [0.    	0.    	0.    	0.    	0.    ]]
2026-03-19 14:44:48,320 - INFO - Epoch 0 saved.
