2026-03-19 14:45:38,101 - INFO - Epoch 0, Train loss: 0.0
2026-03-19 14:45:38,102 - INFO - mIoU: 0.9267; OA: 0.9748; AA: 0.9583; F1: 0.9611; cls_weighted_F1: 0.9747; Kappa: 0.9565;
2026-03-19 14:45:38,102 - INFO - spatial_LccAccuracy: 0.7959; spatial_PA: 0.962; spatial_UA: 0.9875; spatial_F1: 0.9746; weighted_F1: 0.8719
2026-03-19 14:45:38,102 - INFO - temporal_CdAccuracy: 0.7992; temporal_PA: 0.9366; temporal_UA: 0.9062; temporal_F1: 0.9211
2026-03-19 14:45:38,103 - INFO - Confusion Matrix
 [83742.	 1443.	    6.	   44.	   52.]
 [ 1650.	60965.	  232.	   26.	   32.]
 [   11.	  434.	 3198.	    2.	    0.]
 [    7.	   20.	    1.	 1485.	    2.]
 [   17.	  170.	    0.	    4.	11097.]
2026-03-19 14:45:38,104 - INFO - Change Type PA (Recall) Matrix
 [[0.    	0.9415	0.8837	0.9382	0.    ]
 [0.8315	0.    	0.7046	0.    	0.6909]
 [0.    	0.9592	0.    	0.    	0.    ]
 [0.    	0.9394	0.    	0.    	0.    ]
 [0.    	0.    	0.    	0.    	0.    ]]
2026-03-19 14:45:38,104 - INFO - Change Type UA (Precision) Matrix
 [[0.    	0.8813	0.9661	0.8967	0.    ]
 [0.7284	0.    	0.8068	0.    	0.6786]
 [0.    	0.6861	0.    	0.    	0.    ]
 [0.    	0.8692	0.    	0.    	0.    ]
 [0.    	0.    	0.    	0.    	0.    ]]
2026-03-19 14:45:38,105 - INFO - Change Type F1 Matrix
 [[0.    	0.9104	0.9231	0.917 	0.    ]
 [0.7766	0.    	0.7523	0.    	0.6847]
 [0.    	0.8   	0.    	0.    	0.    ]
 [0.    	0.9029	0.    	0.    	0.    ]
 [0.    	0.    	0.    	0.    	0.    ]]
2026-03-19 14:45:38,105 - INFO - Epoch 0 saved.
