2026-03-19 14:45:26,955 - INFO - Epoch 0, Train loss: 0.0
2026-03-19 14:45:26,956 - INFO - mIoU: 0.9343; OA: 0.9761; AA: 0.9614; F1: 0.9653; cls_weighted_F1: 0.976; Kappa: 0.9587;
2026-03-19 14:45:26,956 - INFO - spatial_LccAccuracy: 0.8116; spatial_PA: 0.9605; spatial_UA: 0.9879; spatial_F1: 0.974; weighted_F1: 0.8816
2026-03-19 14:45:26,956 - INFO - temporal_CdAccuracy: 0.8145; temporal_PA: 0.944; temporal_UA: 0.9127; temporal_F1: 0.9281
2026-03-19 14:45:26,957 - INFO - Confusion Matrix
 [83797.	 1397.	    4.	   30.	   59.]
 [ 1529.	61110.	  224.	   12.	   30.]
 [   11.	  397.	 3235.	    2.	    0.]
 [    7.	   15.	    0.	 1493.	    0.]
 [   38.	  187.	    0.	    0.	11063.]
2026-03-19 14:45:26,958 - INFO - Change Type PA (Recall) Matrix
 [[0.    	0.9519	0.9147	0.9382	0.    ]
 [0.8423	0.    	0.73  	0.    	0.7636]
 [0.    	0.9796	0.    	0.    	0.    ]
 [0.    	0.899 	0.    	0.    	0.    ]
 [0.    	0.    	0.    	0.    	0.    ]]
2026-03-19 14:45:26,959 - INFO - Change Type UA (Precision) Matrix
 [[0.    	0.882 	0.9833	0.9067	0.    ]
 [0.7264	0.    	0.816 	0.    	0.8235]
 [0.    	0.7869	0.    	0.    	0.    ]
 [0.    	0.8812	0.    	0.    	0.    ]
 [0.    	0.    	0.    	0.    	0.    ]]
2026-03-19 14:45:26,959 - INFO - Change Type F1 Matrix
 [[0.    	0.9156	0.9478	0.9222	0.    ]
 [0.7801	0.    	0.7706	0.    	0.7925]
 [0.    	0.8727	0.    	0.    	0.    ]
 [0.    	0.89  	0.    	0.    	0.    ]
 [0.    	0.    	0.    	0.    	0.    ]]
2026-03-19 14:45:26,960 - INFO - Epoch 0 saved.
