2026-03-19 14:45:45,364 - INFO - Epoch 0, Train loss: 0.0
2026-03-19 14:45:45,365 - INFO - mIoU: 0.9324; OA: 0.976; AA: 0.9568; F1: 0.9641; cls_weighted_F1: 0.976; Kappa: 0.9587;
2026-03-19 14:45:45,365 - INFO - spatial_LccAccuracy: 0.7824; spatial_PA: 0.9583; spatial_UA: 0.9892; spatial_F1: 0.9735; weighted_F1: 0.8728
2026-03-19 14:45:45,365 - INFO - temporal_CdAccuracy: 0.7846; temporal_PA: 0.9234; temporal_UA: 0.9007; temporal_F1: 0.9119
2026-03-19 14:45:45,365 - INFO - Confusion Matrix
 [83704.	 1509.	    3.	   27.	   44.]
 [ 1458.	61245.	  159.	   12.	   31.]
 [   11.	  496.	 3138.	    0.	    0.]
 [    7.	   15.	    0.	 1489.	    4.]
 [    3.	  159.	    0.	    7.	11119.]
2026-03-19 14:45:45,366 - INFO - Change Type PA (Recall) Matrix
 [[0.    	0.9361	0.876 	0.9653	0.    ]
 [0.8226	0.    	0.6667	0.    	0.7636]
 [0.    	0.9184	0.    	0.    	0.    ]
 [0.    	0.9596	0.    	0.    	0.    ]
 [0.    	0.    	0.    	0.    	0.    ]]
2026-03-19 14:45:45,367 - INFO - Change Type UA (Precision) Matrix
 [[0.    	0.8835	0.9262	0.9328	0.    ]
 [0.7172	0.    	0.8316	0.    	0.7119]
 [0.    	0.8257	0.    	0.    	0.    ]
 [0.    	0.8407	0.    	0.    	0.    ]
 [0.    	0.    	0.    	0.    	0.    ]]
2026-03-19 14:45:45,368 - INFO - Change Type F1 Matrix
 [[0.    	0.909 	0.9004	0.9488	0.    ]
 [0.7663	0.    	0.74  	0.    	0.7368]
 [0.    	0.8696	0.    	0.    	0.    ]
 [0.    	0.8962	0.    	0.    	0.    ]
 [0.    	0.    	0.    	0.    	0.    ]]
2026-03-19 14:45:45,368 - INFO - Epoch 0 saved.
