2026-03-19 14:45:29,727 - INFO - Epoch 0, Train loss: 0.0
2026-03-19 14:45:29,727 - INFO - mIoU: 0.926; OA: 0.9764; AA: 0.9654; F1: 0.9609; cls_weighted_F1: 0.9764; Kappa: 0.9592;
2026-03-19 14:45:29,728 - INFO - spatial_LccAccuracy: 0.8017; spatial_PA: 0.957; spatial_UA: 0.987; spatial_F1: 0.9718; weighted_F1: 0.8894
2026-03-19 14:45:29,728 - INFO - temporal_CdAccuracy: 0.8072; temporal_PA: 0.9352; temporal_UA: 0.9131; temporal_F1: 0.924
2026-03-19 14:45:29,728 - INFO - Confusion Matrix
 [83959.	 1221.	    5.	   72.	   30.]
 [ 1615.	60931.	  272.	   59.	   28.]
 [    3.	  346.	 3293.	    1.	    2.]
 [    4.	    8.	    1.	 1500.	    2.]
 [   33.	  180.	    7.	    3.	11065.]
2026-03-19 14:45:29,729 - INFO - Change Type PA (Recall) Matrix
 [[0.    	0.9386	0.9457	0.9421	0.    ]
 [0.8548	0.    	0.7426	0.    	0.6545]
 [0.    	0.9796	0.    	0.    	0.    ]
 [0.    	0.9596	0.    	0.    	0.    ]
 [0.    	0.    	0.    	0.    	0.    ]]
2026-03-19 14:45:29,730 - INFO - Change Type UA (Precision) Matrix
 [[0.    	0.9054	1.    	0.8472	0.    ]
 [0.7536	0.    	0.8   	0.    	0.75  ]
 [0.    	0.8972	0.    	0.    	0.    ]
 [0.    	0.9596	0.    	0.    	0.    ]
 [0.    	0.    	0.    	0.    	0.    ]]
2026-03-19 14:45:29,730 - INFO - Change Type F1 Matrix
 [[0.    	0.9217	0.9721	0.8921	0.    ]
 [0.801 	0.    	0.7702	0.    	0.699 ]
 [0.    	0.9366	0.    	0.    	0.    ]
 [0.    	0.9596	0.    	0.    	0.    ]
 [0.    	0.    	0.    	0.    	0.    ]]
2026-03-19 14:45:29,731 - INFO - Epoch 0 saved.
