2026-03-19 14:45:23,730 - INFO - Epoch 0, Train loss: 0.0
2026-03-19 14:45:23,731 - INFO - mIoU: 0.9242; OA: 0.9746; AA: 0.9607; F1: 0.96; cls_weighted_F1: 0.9745; Kappa: 0.9561;
2026-03-19 14:45:23,731 - INFO - spatial_LccAccuracy: 0.7857; spatial_PA: 0.9544; spatial_UA: 0.9864; spatial_F1: 0.9701; weighted_F1: 0.8683
2026-03-19 14:45:23,731 - INFO - temporal_CdAccuracy: 0.7901; temporal_PA: 0.9323; temporal_UA: 0.9051; temporal_F1: 0.9185
2026-03-19 14:45:23,731 - INFO - Confusion Matrix
 [84073.	 1084.	    6.	   47.	   77.]
 [ 1994.	60624.	  227.	   43.	   17.]
 [    8.	  385.	 3252.	    0.	    0.]
 [    7.	   12.	    2.	 1494.	    0.]
 [  106.	  139.	    0.	   30.	11013.]
2026-03-19 14:45:23,733 - INFO - Change Type PA (Recall) Matrix
 [[0.    	0.9366	0.938 	0.9344	0.    ]
 [0.8351	0.    	0.692 	0.    	0.2727]
 [0.    	0.9286	0.    	0.    	0.    ]
 [0.    	0.899 	0.    	0.    	0.    ]
 [0.    	0.    	0.    	0.    	0.    ]]
2026-03-19 14:45:23,734 - INFO - Change Type UA (Precision) Matrix
 [[0.    	0.8953	0.9528	0.8612	0.    ]
 [0.718 	0.    	0.8079	0.    	0.6522]
 [0.    	0.8273	0.    	0.    	0.    ]
 [0.    	0.7739	0.    	0.    	0.    ]
 [0.    	0.    	0.    	0.    	0.    ]]
2026-03-19 14:45:23,734 - INFO - Change Type F1 Matrix
 [[0.    	0.9155	0.9453	0.8963	0.    ]
 [0.7722	0.    	0.7455	0.    	0.3846]
 [0.    	0.875 	0.    	0.    	0.    ]
 [0.    	0.8318	0.    	0.    	0.    ]
 [0.    	0.    	0.    	0.    	0.    ]]
2026-03-19 14:45:23,734 - INFO - Epoch 0 saved.
