2026-03-19 14:45:43,233 - INFO - Epoch 0, Train loss: 0.0
2026-03-19 14:45:43,234 - INFO - mIoU: 0.9262; OA: 0.9754; AA: 0.9562; F1: 0.961; cls_weighted_F1: 0.9754; Kappa: 0.9576;
2026-03-19 14:45:43,235 - INFO - spatial_LccAccuracy: 0.7744; spatial_PA: 0.9699; spatial_UA: 0.9837; spatial_F1: 0.9767; weighted_F1: 0.8812
2026-03-19 14:45:43,235 - INFO - temporal_CdAccuracy: 0.7813; temporal_PA: 0.925; temporal_UA: 0.9039; temporal_F1: 0.9143
2026-03-19 14:45:43,235 - INFO - Confusion Matrix
 [83644.	 1551.	    0.	   31.	   61.]
 [ 1475.	61134.	  199.	   38.	   59.]
 [   10.	  413.	 3222.	    0.	    0.]
 [   26.	   32.	    3.	 1451.	    3.]
 [   10.	  136.	    1.	    3.	11138.]
2026-03-19 14:45:43,235 - INFO - Change Type PA (Recall) Matrix
 [[0.    	0.9341	0.9225	0.9151	0.    ]
 [0.8602	0.    	0.6751	0.    	0.8   ]
 [0.    	0.898 	0.    	0.    	0.    ]
 [0.    	0.9495	0.    	0.    	0.    ]
 [0.    	0.    	0.    	0.    	0.    ]]
2026-03-19 14:45:43,236 - INFO - Change Type UA (Precision) Matrix
 [[0.    	0.8963	0.9015	0.8876	0.    ]
 [0.7328	0.    	0.8511	0.    	0.8302]
 [0.    	0.88  	0.    	0.    	0.    ]
 [0.    	0.94  	0.    	0.    	0.    ]
 [0.    	0.    	0.    	0.    	0.    ]]
2026-03-19 14:45:43,237 - INFO - Change Type F1 Matrix
 [[0.    	0.9148	0.9119	0.9011	0.    ]
 [0.7914	0.    	0.7529	0.    	0.8148]
 [0.    	0.8889	0.    	0.    	0.    ]
 [0.    	0.9447	0.    	0.    	0.    ]
 [0.    	0.    	0.    	0.    	0.    ]]
2026-03-19 14:45:43,238 - INFO - Epoch 0 saved.
