2026-03-19 14:45:47,750 - INFO - Epoch 0, Train loss: 0.0
2026-03-19 14:45:47,750 - INFO - mIoU: 0.9205; OA: 0.9745; AA: 0.961; F1: 0.9578; cls_weighted_F1: 0.9745; Kappa: 0.956;
2026-03-19 14:45:47,750 - INFO - spatial_LccAccuracy: 0.7777; spatial_PA: 0.9592; spatial_UA: 0.9894; spatial_F1: 0.9741; weighted_F1: 0.8838
2026-03-19 14:45:47,750 - INFO - temporal_CdAccuracy: 0.7813; temporal_PA: 0.93; temporal_UA: 0.9025; temporal_F1: 0.916
2026-03-19 14:45:47,751 - INFO - Confusion Matrix
 [83759.	 1411.	   20.	   50.	   47.]
 [ 1666.	60848.	  322.	   52.	   17.]
 [    5.	  341.	 3299.	    0.	    0.]
 [    8.	   36.	    0.	 1471.	    0.]
 [   20.	  185.	   11.	   13.	11059.]
2026-03-19 14:45:47,751 - INFO - Change Type PA (Recall) Matrix
 [[0.    	0.9455	0.9147	0.9421	0.    ]
 [0.853 	0.    	0.7215	0.    	0.7091]
 [0.    	0.8469	0.    	0.    	0.    ]
 [0.    	0.9697	0.    	0.    	0.    ]
 [0.    	0.    	0.    	0.    	0.    ]]
2026-03-19 14:45:47,751 - INFO - Change Type UA (Precision) Matrix
 [[0.    	0.8883	0.9752	0.9037	0.    ]
 [0.7312	0.    	0.8143	0.    	0.8298]
 [0.    	0.8737	0.    	0.    	0.    ]
 [0.    	0.96  	0.    	0.    	0.    ]
 [0.    	0.    	0.    	0.    	0.    ]]
2026-03-19 14:45:47,752 - INFO - Change Type F1 Matrix
 [[0.    	0.916 	0.944 	0.9225	0.    ]
 [0.7874	0.    	0.7651	0.    	0.7647]
 [0.    	0.8601	0.    	0.    	0.    ]
 [0.    	0.9648	0.    	0.    	0.    ]
 [0.    	0.    	0.    	0.    	0.    ]]
2026-03-19 14:45:47,752 - INFO - Epoch 0 saved.
