2026-03-19 14:45:35,285 - INFO - Epoch 0, Train loss: 0.0
2026-03-19 14:45:35,285 - INFO - mIoU: 0.9343; OA: 0.9765; AA: 0.9646; F1: 0.9652; cls_weighted_F1: 0.9765; Kappa: 0.9595;
2026-03-19 14:45:35,285 - INFO - spatial_LccAccuracy: 0.8047; spatial_PA: 0.9585; spatial_UA: 0.9866; spatial_F1: 0.9723; weighted_F1: 0.8892
2026-03-19 14:45:35,286 - INFO - temporal_CdAccuracy: 0.8079; temporal_PA: 0.937; temporal_UA: 0.914; temporal_F1: 0.9254
2026-03-19 14:45:35,286 - INFO - Confusion Matrix
 [83715.	 1465.	    5.	   45.	   57.]
 [ 1425.	61192.	  256.	    8.	   24.]
 [    8.	  383.	 3253.	    0.	    1.]
 [    4.	    8.	    0.	 1503.	    0.]
 [    9.	  162.	    0.	    8.	11109.]
2026-03-19 14:45:35,287 - INFO - Change Type PA (Recall) Matrix
 [[0.    	0.9519	0.876 	0.9305	0.    ]
 [0.8405	0.    	0.7173	0.    	0.8364]
 [0.    	0.9796	0.    	0.    	0.    ]
 [0.    	0.9293	0.    	0.    	0.    ]
 [0.    	0.    	0.    	0.    	0.    ]]
2026-03-19 14:45:35,288 - INFO - Change Type UA (Precision) Matrix
 [[0.    	0.8977	0.9912	0.8926	0.    ]
 [0.7752	0.    	0.7727	0.    	0.7077]
 [0.    	0.8496	0.    	0.    	0.    ]
 [0.    	0.9293	0.    	0.    	0.    ]
 [0.    	0.    	0.    	0.    	0.    ]]
2026-03-19 14:45:35,289 - INFO - Change Type F1 Matrix
 [[0.    	0.924 	0.93  	0.9112	0.    ]
 [0.8065	0.    	0.744 	0.    	0.7667]
 [0.    	0.91  	0.    	0.    	0.    ]
 [0.    	0.9293	0.    	0.    	0.    ]
 [0.    	0.    	0.    	0.    	0.    ]]
2026-03-19 14:45:35,289 - INFO - Epoch 0 saved.
