2026-03-19 14:45:32,684 - INFO - Epoch 0, Train loss: 0.0
2026-03-19 14:45:32,684 - INFO - mIoU: 0.9209; OA: 0.974; AA: 0.9566; F1: 0.9578; cls_weighted_F1: 0.974; Kappa: 0.9551;
2026-03-19 14:45:32,684 - INFO - spatial_LccAccuracy: 0.7679; spatial_PA: 0.9524; spatial_UA: 0.9814; spatial_F1: 0.9667; weighted_F1: 0.8794
2026-03-19 14:45:32,684 - INFO - temporal_CdAccuracy: 0.7704; temporal_PA: 0.9182; temporal_UA: 0.9008; temporal_F1: 0.9094
2026-03-19 14:45:32,684 - INFO - Confusion Matrix
 [83847.	 1303.	    4.	   46.	   87.]
 [ 1764.	60754.	  352.	   14.	   21.]
 [   10.	  396.	 3236.	    1.	    2.]
 [   25.	   10.	    5.	 1465.	   10.]
 [   76.	  149.	    5.	    2.	11056.]
2026-03-19 14:45:32,684 - INFO - Change Type PA (Recall) Matrix
 [[0.    	0.9311	0.9147	0.9537	0.    ]
 [0.8297	0.    	0.7384	0.    	0.6182]
 [0.    	0.8367	0.    	0.    	0.    ]
 [0.    	0.9596	0.    	0.    	0.    ]
 [0.    	0.    	0.    	0.    	0.    ]]
2026-03-19 14:45:32,685 - INFO - Change Type UA (Precision) Matrix
 [[0.    	0.8986	0.8939	0.9182	0.    ]
 [0.742 	0.    	0.7743	0.    	0.7907]
 [0.    	0.8367	0.    	0.    	0.    ]
 [0.    	0.9694	0.    	0.    	0.    ]
 [0.    	0.    	0.    	0.    	0.    ]]
2026-03-19 14:45:32,685 - INFO - Change Type F1 Matrix
 [[0.    	0.9146	0.9042	0.9356	0.    ]
 [0.7834	0.    	0.7559	0.    	0.6939]
 [0.    	0.8367	0.    	0.    	0.    ]
 [0.    	0.9645	0.    	0.    	0.    ]
 [0.    	0.    	0.    	0.    	0.    ]]
2026-03-19 14:45:32,685 - INFO - Epoch 0 saved.
