2026-03-19 14:45:40,732 - INFO - Epoch 0, Train loss: 0.0
2026-03-19 14:45:40,733 - INFO - mIoU: 0.9289; OA: 0.9754; AA: 0.9563; F1: 0.9625; cls_weighted_F1: 0.9753; Kappa: 0.9575;
2026-03-19 14:45:40,733 - INFO - spatial_LccAccuracy: 0.7846; spatial_PA: 0.9546; spatial_UA: 0.9838; spatial_F1: 0.969; weighted_F1: 0.8764
2026-03-19 14:45:40,733 - INFO - temporal_CdAccuracy: 0.7879; temporal_PA: 0.9251; temporal_UA: 0.9098; temporal_F1: 0.9174
2026-03-19 14:45:40,733 - INFO - Confusion Matrix
 [83790.	 1407.	    2.	   43.	   45.]
 [ 1629.	61128.	  105.	   22.	   21.]
 [   13.	  487.	 3145.	    0.	    0.]
 [    1.	   12.	    0.	 1496.	    6.]
 [   10.	  221.	    0.	   26.	11031.]
2026-03-19 14:45:40,734 - INFO - Change Type PA (Recall) Matrix
 [[0.    	0.9386	0.8527	0.9151	0.    ]
 [0.8405	0.    	0.6371	0.    	0.7091]
 [0.    	0.8673	0.    	0.    	0.    ]
 [0.    	0.9091	0.    	0.    	0.    ]
 [0.    	0.    	0.    	0.    	0.    ]]
2026-03-19 14:45:40,734 - INFO - Change Type UA (Precision) Matrix
 [[0.    	0.901 	0.9167	0.8556	0.    ]
 [0.7714	0.    	0.7744	0.    	0.6842]
 [0.    	0.8947	0.    	0.    	0.    ]
 [0.    	0.8824	0.    	0.    	0.    ]
 [0.    	0.    	0.    	0.    	0.    ]]
2026-03-19 14:45:40,735 - INFO - Change Type F1 Matrix
 [[0.    	0.9194	0.8835	0.8843	0.    ]
 [0.8045	0.    	0.6991	0.    	0.6964]
 [0.    	0.8808	0.    	0.    	0.    ]
 [0.    	0.8955	0.    	0.    	0.    ]
 [0.    	0.    	0.    	0.    	0.    ]]
2026-03-19 14:45:40,735 - INFO - Epoch 0 saved.
