2026-03-19 14:43:39,274 - INFO - Epoch 0, Train loss: 0.0
2026-03-19 14:43:39,275 - INFO - mIoU: 0.8088; OA: 0.9354; AA: 0.8689; F1: 0.8869; cls_weighted_F1: 0.9343; Kappa: 0.878;
2026-03-19 14:43:39,275 - INFO - spatial_LccAccuracy: 0.6783; spatial_PA: 0.7339; spatial_UA: 0.9225; spatial_F1: 0.8175; weighted_F1: 0.8639
2026-03-19 14:43:39,275 - INFO - temporal_CdAccuracy: 0.6783; temporal_PA: 0.8868; temporal_UA: 0.8136; temporal_F1: 0.8486
2026-03-19 14:43:39,276 - INFO - Confusion Matrix
 [14845.	  743.	    0.	    0.	   37.]
 [ 1009.	16563.	   32.	    0.	   10.]
 [    0.	    2.	  291.	    0.	    0.]
 [    0.	    0.	    0.	    0.	    0.]
 [   22.	  373.	    0.	    0.	  573.]
2026-03-19 14:43:39,276 - INFO - Change Type PA (Recall) Matrix
 [[0.    	0.9491	0.    	0.    	0.    ]
 [0.6818	0.    	1.    	0.    	0.6909]
 [0.    	1.    	0.    	0.    	0.    ]
 [0.    	0.    	0.    	0.    	0.    ]
 [0.    	0.    	0.    	0.    	0.    ]]
2026-03-19 14:43:39,277 - INFO - Change Type UA (Precision) Matrix
 [[0.    	0.8291	0.    	0.    	0.    ]
 [0.163 	0.    	0.913 	0.    	0.8261]
 [0.    	0.9545	0.    	0.    	0.    ]
 [0.    	0.    	0.    	0.    	0.    ]
 [0.    	0.    	0.    	0.    	0.    ]]
2026-03-19 14:43:39,278 - INFO - Change Type F1 Matrix
 [[0.    	0.885 	0.    	0.    	0.    ]
 [0.2632	0.    	0.9545	0.    	0.7525]
 [0.    	0.9767	0.    	0.    	0.    ]
 [0.    	0.    	0.    	0.    	0.    ]
 [0.    	0.    	0.    	0.    	0.    ]]
2026-03-19 14:43:39,278 - INFO - Epoch 0 saved.
