2026-03-19 14:43:39,336 - INFO - Epoch 0, Train loss: 0.0
2026-03-19 14:43:39,337 - INFO - mIoU: 0.9523; OA: 0.986; AA: 0.9761; F1: 0.9753; cls_weighted_F1: 0.986; Kappa: 0.9742;
2026-03-19 14:43:39,337 - INFO - spatial_LccAccuracy: 0.8333; spatial_PA: 1.0; spatial_UA: 1.0; spatial_F1: 1.0; weighted_F1: 0.9455
2026-03-19 14:43:39,337 - INFO - temporal_CdAccuracy: 0.8333; temporal_PA: 0.878; temporal_UA: 0.8476; temporal_F1: 0.8625
2026-03-19 14:43:39,337 - INFO - Confusion Matrix
 [1515.	  72.	   0.	   0.	   0.]
 [  34.	1259.	   0.	   0.	   0.]
 [   0.	   0.	   0.	   0.	   0.]
 [   0.	   0.	   0.	   0.	   0.]
 [   0.	   0.	   0.	   0.	4680.]
2026-03-19 14:43:39,339 - INFO - Change Type PA (Recall) Matrix
 [[0.    	0.9792	0.    	0.    	0.    ]
 [1.    	0.    	0.    	0.    	0.    ]
 [0.    	0.    	0.    	0.    	0.    ]
 [0.    	0.    	0.    	0.    	0.    ]
 [0.    	0.    	0.    	0.    	0.    ]]
2026-03-19 14:43:39,340 - INFO - Change Type UA (Precision) Matrix
 [[0.    	0.9216	0.    	0.    	0.    ]
 [0.8857	0.    	0.    	0.    	0.    ]
 [0.    	0.    	0.    	0.    	0.    ]
 [0.    	0.    	0.    	0.    	0.    ]
 [0.    	0.    	0.    	0.    	0.    ]]
2026-03-19 14:43:39,340 - INFO - Change Type F1 Matrix
 [[0.    	0.9495	0.    	0.    	0.    ]
 [0.9394	0.    	0.    	0.    	0.    ]
 [0.    	0.    	0.    	0.    	0.    ]
 [0.    	0.    	0.    	0.    	0.    ]
 [0.    	0.    	0.    	0.    	0.    ]]
2026-03-19 14:43:39,341 - INFO - Epoch 0 saved.
