2026-03-19 14:43:39,626 - INFO - Epoch 0, Train loss: 0.0
2026-03-19 14:43:39,627 - INFO - mIoU: 0.9507; OA: 0.9867; AA: 0.9804; F1: 0.974; cls_weighted_F1: 0.9868; Kappa: 0.9768;
2026-03-19 14:43:39,627 - INFO - spatial_LccAccuracy: 0.8712; spatial_PA: 0.964; spatial_UA: 0.9816; spatial_F1: 0.9727; weighted_F1: 0.8897
2026-03-19 14:43:39,628 - INFO - temporal_CdAccuracy: 0.8767; temporal_PA: 0.966; temporal_UA: 0.9298; temporal_F1: 0.9475
2026-03-19 14:43:39,628 - INFO - Confusion Matrix
 [24509.	  302.	    1.	    1.	    0.]
 [  128.	12779.	   77.	    0.	    0.]
 [    4.	   62.	  876.	    0.	    0.]
 [    0.	    0.	    0.	   21.	    0.]
 [    0.	    0.	    0.	    0.	 4560.]
2026-03-19 14:43:39,629 - INFO - Change Type PA (Recall) Matrix
 [[0.    	0.9694	0.561 	1.    	0.    ]
 [0.8493	0.    	0.9589	0.    	0.    ]
 [0.    	0.5   	0.    	0.    	0.    ]
 [0.    	0.    	0.    	0.    	0.    ]
 [0.    	0.    	0.    	0.    	0.    ]]
2026-03-19 14:43:39,629 - INFO - Change Type UA (Precision) Matrix
 [[0.    	0.8934	0.8846	1.    	0.    ]
 [0.8052	0.    	0.7216	0.    	0.    ]
 [0.    	0.125 	0.    	0.    	0.    ]
 [0.    	0.    	0.    	0.    	0.    ]
 [0.    	0.    	0.    	0.    	0.    ]]
2026-03-19 14:43:39,630 - INFO - Change Type F1 Matrix
 [[0.    	0.9298	0.6866	1.    	0.    ]
 [0.8267	0.    	0.8235	0.    	0.    ]
 [0.    	0.2   	0.    	0.    	0.    ]
 [0.    	0.    	0.    	0.    	0.    ]
 [0.    	0.    	0.    	0.    	0.    ]]
2026-03-19 14:43:39,630 - INFO - Epoch 0 saved.
