2026-03-19 14:43:39,905 - INFO - Epoch 0, Train loss: 0.0
2026-03-19 14:43:39,905 - INFO - mIoU: 0.8576; OA: 0.977; AA: 0.9068; F1: 0.9167; cls_weighted_F1: 0.9769; Kappa: 0.953;
2026-03-19 14:43:39,905 - INFO - spatial_LccAccuracy: 0.7451; spatial_PA: 0.9983; spatial_UA: 0.9737; spatial_F1: 0.9858; weighted_F1: 0.9362
2026-03-19 14:43:39,905 - INFO - temporal_CdAccuracy: 0.7451; temporal_PA: 0.9258; temporal_UA: 0.9349; temporal_F1: 0.9304
2026-03-19 14:43:39,905 - INFO - Confusion Matrix
 [14283.	  519.	    0.	    0.	    0.]
 [  192.	21331.	   56.	    0.	    0.]
 [    0.	   79.	  260.	    0.	    0.]
 [    0.	    0.	    0.	    0.	    0.]
 [    0.	    0.	    0.	    0.	    0.]
2026-03-19 14:43:39,906 - INFO - Change Type PA (Recall) Matrix
 [[0.    	0.9472	0.    	0.    	0.    ]
 [0.9014	0.    	0.8909	0.    	0.    ]
 [0.    	0.5625	0.    	0.    	0.    ]
 [0.    	0.    	0.    	0.    	0.    ]
 [0.    	0.    	0.    	0.    	0.    ]]
2026-03-19 14:43:39,906 - INFO - Change Type UA (Precision) Matrix
 [[0.    	0.9625	0.    	0.    	0.    ]
 [0.9242	0.    	0.9423	0.    	0.    ]
 [0.    	0.6429	0.    	0.    	0.    ]
 [0.    	0.    	0.    	0.    	0.    ]
 [0.    	0.    	0.    	0.    	0.    ]]
2026-03-19 14:43:39,906 - INFO - Change Type F1 Matrix
 [[0.    	0.9548	0.    	0.    	0.    ]
 [0.9126	0.    	0.9159	0.    	0.    ]
 [0.    	0.6   	0.    	0.    	0.    ]
 [0.    	0.    	0.    	0.    	0.    ]
 [0.    	0.    	0.    	0.    	0.    ]]
2026-03-19 14:43:39,906 - INFO - Epoch 0 saved.
