2026-03-19 14:43:40,057 - INFO - Epoch 0, Train loss: 0.0
2026-03-19 14:43:40,057 - INFO - mIoU: 0.9603; OA: 0.9939; AA: 0.9789; F1: 0.9795; cls_weighted_F1: 0.9939; Kappa: 0.9803;
2026-03-19 14:43:40,058 - INFO - spatial_LccAccuracy: 0.8835; spatial_PA: 0.9394; spatial_UA: 0.971; spatial_F1: 0.9549; weighted_F1: 0.9111
2026-03-19 14:43:40,058 - INFO - temporal_CdAccuracy: 0.9268; temporal_PA: 0.9865; temporal_UA: 0.9682; temporal_F1: 0.9773
2026-03-19 14:43:40,058 - INFO - Confusion Matrix
 [18083.	   27.	    0.	   14.	    0.]
 [   12.	 2728.	    0.	   22.	    0.]
 [    0.	    0.	    0.	    0.	    0.]
 [    6.	   55.	    0.	 1193.	    0.]
 [    0.	    0.	    0.	    0.	    0.]
2026-03-19 14:43:40,059 - INFO - Change Type PA (Recall) Matrix
 [[0.    	0.9204	0.    	0.8974	0.    ]
 [1.    	0.    	0.    	0.    	0.    ]
 [0.    	0.    	0.    	0.    	0.    ]
 [0.    	0.9821	0.    	0.    	0.    ]
 [0.    	0.    	0.    	0.    	0.    ]]
2026-03-19 14:43:40,060 - INFO - Change Type UA (Precision) Matrix
 [[0.    	0.8387	0.    	0.9211	0.    ]
 [0.6364	0.    	0.    	0.    	0.    ]
 [0.    	0.    	0.    	0.    	0.    ]
 [0.    	0.9322	0.    	0.    	0.    ]
 [0.    	0.    	0.    	0.    	0.    ]]
2026-03-19 14:43:40,061 - INFO - Change Type F1 Matrix
 [[0.    	0.8776	0.    	0.9091	0.    ]
 [0.7778	0.    	0.    	0.    	0.    ]
 [0.    	0.    	0.    	0.    	0.    ]
 [0.    	0.9565	0.    	0.    	0.    ]
 [0.    	0.    	0.    	0.    	0.    ]]
2026-03-19 14:43:40,061 - INFO - Epoch 0 saved.
