2026-03-19 14:43:40,158 - INFO - Epoch 0, Train loss: 0.0
2026-03-19 14:43:40,159 - INFO - mIoU: 0.898; OA: 0.9606; AA: 0.9291; F1: 0.9454; cls_weighted_F1: 0.9604; Kappa: 0.9336;
2026-03-19 14:43:40,159 - INFO - spatial_LccAccuracy: 0.5609; spatial_PA: 0.9717; spatial_UA: 0.9917; spatial_F1: 0.9816; weighted_F1: 0.8912
2026-03-19 14:43:40,159 - INFO - temporal_CdAccuracy: 0.5609; temporal_PA: 0.8756; temporal_UA: 0.8282; temporal_F1: 0.8512
2026-03-19 14:43:40,160 - INFO - Confusion Matrix
 [5908.	 250.	   3.	   4.	   0.]
 [ 142.	5960.	  37.	   0.	   0.]
 [   1.	  31.	1049.	   0.	   0.]
 [  24.	  42.	  10.	 339.	   0.]
 [   0.	   0.	   0.	   0.	   0.]
2026-03-19 14:43:40,160 - INFO - Change Type PA (Recall) Matrix
 [[0.    	0.9306	0.    	1.    	0.    ]
 [0.9194	0.    	0.7586	0.    	0.    ]
 [1.    	0.9268	0.    	0.    	0.    ]
 [0.    	0.    	0.    	0.    	0.    ]
 [0.    	0.    	0.    	0.    	0.    ]]
2026-03-19 14:43:40,161 - INFO - Change Type UA (Precision) Matrix
 [[0.    	0.8645	0.    	1.    	0.    ]
 [0.75  	0.    	0.8148	0.    	0.    ]
 [1.    	1.    	0.    	0.    	0.    ]
 [0.    	0.    	0.    	0.    	0.    ]
 [0.    	0.    	0.    	0.    	0.    ]]
2026-03-19 14:43:40,162 - INFO - Change Type F1 Matrix
 [[0.    	0.8963	0.    	1.    	0.    ]
 [0.8261	0.    	0.7857	0.    	0.    ]
 [1.    	0.962 	0.    	0.    	0.    ]
 [0.    	0.    	0.    	0.    	0.    ]
 [0.    	0.    	0.    	0.    	0.    ]]
2026-03-19 14:43:40,162 - INFO - Epoch 0 saved.
