2026-01-29 22:27:48,663 - INFO - Epoch 0, Train loss: 0.0
2026-01-29 22:27:48,663 - INFO - mIoU: 0.6421; OA: 0.9467; AA: 0.9284; F1: 0.9209; Kappa: 0.8992;
2026-01-29 22:27:48,663 - INFO - spatial_LccAccuracy: 0.7261; spatial_PA: 0.7544; spatial_UA: 0.9722; spatial_F1: 0.8496; weighted_F1: 0.8454
2026-01-29 22:27:48,663 - INFO - temporal_CdAccuracy: 0.728; temporal_PA: 0.909; temporal_UA: 0.8202; temporal_F1: 0.8623
2026-01-29 22:27:48,663 - INFO - Confusion Matrix
 [13801.	  418.	    1.	    0.	   61.]
 [  957.	15618.	   54.	    0.	  102.]
 [    0.	    0.	    0.	    0.	    0.]
 [    0.	    0.	    0.	    0.	    0.]
 [    8.	  103.	    0.	    0.	  857.]
2026-01-29 22:27:48,663 - INFO - Change Type PA (Recall) Matrix
 [[0.    	0.9488	0.    	0.    	0.    ]
 [0.5455	0.    	0.    	0.    	0.8   ]
 [0.    	0.    	0.    	0.    	0.    ]
 [0.    	0.    	0.    	0.    	0.    ]
 [0.    	0.    	0.    	0.    	0.    ]]
2026-01-29 22:27:48,664 - INFO - Change Type UA (Precision) Matrix
 [[0.    	0.8271	0.    	0.    	0.    ]
 [0.1429	0.    	0.    	0.    	0.7333]
 [0.    	0.    	0.    	0.    	0.    ]
 [0.    	0.    	0.    	0.    	0.    ]
 [0.    	0.    	0.    	0.    	0.    ]]
2026-01-29 22:27:48,664 - INFO - Change Type F1 Matrix
 [[0.    	0.8838	0.    	0.    	0.    ]
 [0.2264	0.    	0.    	0.    	0.7652]
 [0.    	0.    	0.    	0.    	0.    ]
 [0.    	0.    	0.    	0.    	0.    ]
 [0.    	0.    	0.    	0.    	0.    ]]
2026-01-29 22:27:48,664 - INFO - Epoch 0 saved.
