2026-01-29 22:27:48,882 - INFO - Epoch 0, Train loss: 0.0
2026-01-29 22:27:48,882 - INFO - mIoU: 0.9395; OA: 0.9905; AA: 0.9714; F1: 0.9667; Kappa: 0.9838;
2026-01-29 22:27:48,882 - INFO - spatial_LccAccuracy: 0.9227; spatial_PA: 1.0; spatial_UA: 1.0; spatial_F1: 1.0; weighted_F1: 0.9226
2026-01-29 22:27:48,882 - INFO - temporal_CdAccuracy: 0.9335; temporal_PA: 0.9634; temporal_UA: 0.9685; temporal_F1: 0.9659
2026-01-29 22:27:48,882 - INFO - Confusion Matrix
 [23258.	   89.	   17.	    0.	    0.]
 [  158.	15308.	   87.	    0.	    0.]
 [   13.	   57.	  673.	    0.	    0.]
 [    0.	    0.	    0.	    0.	    0.]
 [    0.	    0.	    0.	    0.	 4560.]
2026-01-29 22:27:48,882 - INFO - Change Type PA (Recall) Matrix
 [[0.    	0.9474	0.8409	0.    	0.    ]
 [0.8354	0.    	0.7632	0.    	0.    ]
 [0.    	0.    	0.    	0.    	0.    ]
 [0.    	0.    	0.    	0.    	0.    ]
 [0.    	0.    	0.    	0.    	0.    ]]
2026-01-29 22:27:48,882 - INFO - Change Type UA (Precision) Matrix
 [[0.    	0.9595	0.7255	0.    	0.    ]
 [0.9041	0.    	0.8788	0.    	0.    ]
 [0.    	0.    	0.    	0.    	0.    ]
 [0.    	0.    	0.    	0.    	0.    ]
 [0.    	0.    	0.    	0.    	0.    ]]
2026-01-29 22:27:48,882 - INFO - Change Type F1 Matrix
 [[0.    	0.9534	0.7789	0.    	0.    ]
 [0.8684	0.    	0.8169	0.    	0.    ]
 [0.    	0.    	0.    	0.    	0.    ]
 [0.    	0.    	0.    	0.    	0.    ]
 [0.    	0.    	0.    	0.    	0.    ]]
2026-01-29 22:27:48,882 - INFO - Epoch 0 saved.
