2026-02-22 20:06:52,136 - INFO - Epoch 0, Train loss: 0.0
2026-02-22 20:06:52,136 - INFO - mIoU: 0.9306; OA: 0.9782; AA: 0.9564; F1: 0.963; cls_weighted_F1: 0.9781; Kappa: 0.9625;
2026-02-22 20:06:52,136 - INFO - spatial_LccAccuracy: 0.8175; spatial_PA: 0.9671; spatial_UA: 0.9851; spatial_F1: 0.976; weighted_F1: 0.896
2026-02-22 20:06:52,136 - INFO - temporal_CdAccuracy: 0.8261; temporal_PA: 0.9352; temporal_UA: 0.9261; temporal_F1: 0.9306
2026-02-22 20:06:52,136 - INFO - Confusion Matrix
 [80783.	 1031.	    0.	   21.	   15.]
 [ 1455.	59906.	  152.	   53.	   23.]
 [    2.	  530.	 3006.	    0.	    0.]
 [    9.	    7.	    0.	 1499.	    0.]
 [   29.	  161.	    0.	    0.	11098.]
2026-02-22 20:06:52,136 - INFO - Change Type PA (Recall) Matrix
 [[0.    	0.936 	0.9225	0.9846	0.    ]
 [0.8931	0.    	0.6484	0.    	0.8545]
 [0.    	0.6374	0.    	0.    	0.    ]
 [0.    	0.9798	0.    	0.    	0.    ]
 [0.    	0.    	0.    	0.    	0.    ]]
2026-02-22 20:06:52,137 - INFO - Change Type UA (Precision) Matrix
 [[0.    	0.9222	0.9444	0.8947	0.    ]
 [0.7973	0.    	0.8353	0.    	0.7833]
 [0.    	0.7945	0.    	0.    	0.    ]
 [0.    	0.951 	0.    	0.    	0.    ]
 [0.    	0.    	0.    	0.    	0.    ]]
2026-02-22 20:06:52,137 - INFO - Change Type F1 Matrix
 [[0.    	0.929 	0.9333	0.9375	0.    ]
 [0.8425	0.    	0.7301	0.    	0.8174]
 [0.    	0.7073	0.    	0.    	0.    ]
 [0.    	0.9652	0.    	0.    	0.    ]
 [0.    	0.    	0.    	0.    	0.    ]]
2026-02-22 20:06:52,137 - INFO - Epoch 0 saved.
