2026-02-22 20:06:45,137 - INFO - Epoch 0, Train loss: 0.0
2026-02-22 20:06:45,137 - INFO - mIoU: 0.9181; OA: 0.9756; AA: 0.9409; F1: 0.956; cls_weighted_F1: 0.9755; Kappa: 0.9581;
2026-02-22 20:06:45,137 - INFO - spatial_LccAccuracy: 0.7916; spatial_PA: 0.9651; spatial_UA: 0.9837; spatial_F1: 0.9743; weighted_F1: 0.8783
2026-02-22 20:06:45,137 - INFO - temporal_CdAccuracy: 0.7991; temporal_PA: 0.9228; temporal_UA: 0.9141; temporal_F1: 0.9184
2026-02-22 20:06:45,137 - INFO - Confusion Matrix
 [80378.	 1451.	    0.	   14.	    7.]
 [ 1298.	60068.	  193.	   16.	   14.]
 [    1.	  578.	 2959.	    0.	    0.]
 [   34.	   72.	    0.	 1409.	    0.]
 [   28.	  187.	    0.	    0.	11073.]
2026-02-22 20:06:45,137 - INFO - Change Type PA (Recall) Matrix
 [[0.    	0.9417	0.876 	0.8996	0.    ]
 [0.8462	0.    	0.5708	0.    	0.8364]
 [0.    	0.6264	0.    	0.    	0.    ]
 [0.    	0.9697	0.    	0.    	0.    ]
 [0.    	0.    	0.    	0.    	0.    ]]
2026-02-22 20:06:45,137 - INFO - Change Type UA (Precision) Matrix
 [[0.    	0.9012	0.9741	0.9395	0.    ]
 [0.7736	0.    	0.7812	0.    	0.7797]
 [0.    	0.8261	0.    	0.    	0.    ]
 [0.    	0.8972	0.    	0.    	0.    ]
 [0.    	0.    	0.    	0.    	0.    ]]
2026-02-22 20:06:45,137 - INFO - Change Type F1 Matrix
 [[0.    	0.921 	0.9224	0.9191	0.    ]
 [0.8082	0.    	0.6596	0.    	0.807 ]
 [0.    	0.7125	0.    	0.    	0.    ]
 [0.    	0.932 	0.    	0.    	0.    ]
 [0.    	0.    	0.    	0.    	0.    ]]
2026-02-22 20:06:45,137 - INFO - Epoch 0 saved.
