2026-02-22 20:06:47,474 - INFO - Epoch 0, Train loss: 0.0
2026-02-22 20:06:47,474 - INFO - mIoU: 0.9261; OA: 0.9773; AA: 0.9493; F1: 0.9602; cls_weighted_F1: 0.9771; Kappa: 0.9609;
2026-02-22 20:06:47,474 - INFO - spatial_LccAccuracy: 0.8002; spatial_PA: 0.9731; spatial_UA: 0.9927; spatial_F1: 0.9828; weighted_F1: 0.8786
2026-02-22 20:06:47,474 - INFO - temporal_CdAccuracy: 0.8081; temporal_PA: 0.9212; temporal_UA: 0.9173; temporal_F1: 0.9192
2026-02-22 20:06:47,474 - INFO - Confusion Matrix
 [80587.	 1231.	    0.	   27.	    5.]
 [ 1384.	60035.	   93.	   44.	   33.]
 [    0.	  673.	 2865.	    0.	    0.]
 [    2.	   15.	    0.	 1498.	    0.]
 [    9.	  117.	    0.	    0.	11162.]
2026-02-22 20:06:47,474 - INFO - Change Type PA (Recall) Matrix
 [[0.    	0.9468	0.8217	0.9537	0.    ]
 [0.8499	0.    	0.5114	0.    	0.8909]
 [0.    	0.5055	0.    	0.    	0.    ]
 [0.    	0.9596	0.    	0.    	0.    ]
 [0.    	0.    	0.    	0.    	0.    ]]
2026-02-22 20:06:47,474 - INFO - Change Type UA (Precision) Matrix
 [[0.    	0.9084	1.    	0.8949	0.    ]
 [0.7947	0.    	0.7568	0.    	0.7903]
 [0.    	0.807 	0.    	0.    	0.    ]
 [0.    	0.9223	0.    	0.    	0.    ]
 [0.    	0.    	0.    	0.    	0.    ]]
2026-02-22 20:06:47,474 - INFO - Change Type F1 Matrix
 [[0.    	0.9272	0.9021	0.9234	0.    ]
 [0.8214	0.    	0.6104	0.    	0.8376]
 [0.    	0.6216	0.    	0.    	0.    ]
 [0.    	0.9406	0.    	0.    	0.    ]
 [0.    	0.    	0.    	0.    	0.    ]]
2026-02-22 20:06:47,475 - INFO - Epoch 0 saved.
