2026-02-22 20:06:49,799 - INFO - Epoch 0, Train loss: 0.0
2026-02-22 20:06:49,799 - INFO - mIoU: 0.9209; OA: 0.9756; AA: 0.9552; F1: 0.9576; cls_weighted_F1: 0.9756; Kappa: 0.9581;
2026-02-22 20:06:49,799 - INFO - spatial_LccAccuracy: 0.7901; spatial_PA: 0.9585; spatial_UA: 0.9862; spatial_F1: 0.9721; weighted_F1: 0.8804
2026-02-22 20:06:49,799 - INFO - temporal_CdAccuracy: 0.798; temporal_PA: 0.9282; temporal_UA: 0.9047; temporal_F1: 0.9163
2026-02-22 20:06:49,799 - INFO - Confusion Matrix
 [80798.	 1034.	    1.	    9.	    8.]
 [ 1721.	59344.	  505.	    8.	   11.]
 [    2.	  306.	 3230.	    0.	    0.]
 [   43.	   65.	    0.	 1407.	    0.]
 [    4.	  181.	    0.	    0.	11103.]
2026-02-22 20:06:49,799 - INFO - Change Type PA (Recall) Matrix
 [[0.    	0.9386	0.9302	0.8726	0.    ]
 [0.8311	0.    	0.7443	0.    	0.8182]
 [0.    	0.956 	0.    	0.    	0.    ]
 [0.    	0.9697	0.    	0.    	0.    ]
 [0.    	0.    	0.    	0.    	0.    ]]
2026-02-22 20:06:49,799 - INFO - Change Type UA (Precision) Matrix
 [[0.    	0.8978	0.8759	0.9617	0.    ]
 [0.8025	0.    	0.6573	0.    	0.8333]
 [0.    	0.5649	0.    	0.    	0.    ]
 [0.    	0.96  	0.    	0.    	0.    ]
 [0.    	0.    	0.    	0.    	0.    ]]
2026-02-22 20:06:49,799 - INFO - Change Type F1 Matrix
 [[0.    	0.9177	0.9023	0.915 	0.    ]
 [0.8166	0.    	0.6981	0.    	0.8257]
 [0.    	0.7102	0.    	0.    	0.    ]
 [0.    	0.9648	0.    	0.    	0.    ]
 [0.    	0.    	0.    	0.    	0.    ]]
2026-02-22 20:06:49,800 - INFO - Epoch 0 saved.
