2026-02-22 20:06:42,817 - INFO - Epoch 0, Train loss: 0.0
2026-02-22 20:06:42,817 - INFO - mIoU: 0.9312; OA: 0.9785; AA: 0.9701; F1: 0.9635; cls_weighted_F1: 0.9786; Kappa: 0.9632;
2026-02-22 20:06:42,818 - INFO - spatial_LccAccuracy: 0.8205; spatial_PA: 0.9648; spatial_UA: 0.9887; spatial_F1: 0.9766; weighted_F1: 0.8947
2026-02-22 20:06:42,818 - INFO - temporal_CdAccuracy: 0.834; temporal_PA: 0.944; temporal_UA: 0.9234; temporal_F1: 0.9336
2026-02-22 20:06:42,818 - INFO - Confusion Matrix
 [80780.	 1026.	    1.	   17.	   26.]
 [ 1426.	59679.	  375.	   85.	   24.]
 [    0.	  277.	 3261.	    0.	    0.]
 [   15.	    6.	    0.	 1494.	    0.]
 [    0.	  151.	    0.	    0.	11137.]
2026-02-22 20:06:42,818 - INFO - Change Type PA (Recall) Matrix
 [[0.    	0.9313	0.938 	0.973 	0.    ]
 [0.8668	0.    	0.8174	0.    	0.7273]
 [0.    	0.9341	0.    	0.    	0.    ]
 [0.    	0.9798	0.    	0.    	0.    ]
 [0.    	0.    	0.    	0.    	0.    ]]
2026-02-22 20:06:42,818 - INFO - Change Type UA (Precision) Matrix
 [[0.    	0.9107	0.903 	0.8514	0.    ]
 [0.8021	0.    	0.7991	0.    	0.7018]
 [0.    	0.787 	0.    	0.    	0.    ]
 [0.    	0.97  	0.    	0.    	0.    ]
 [0.    	0.    	0.    	0.    	0.    ]]
2026-02-22 20:06:42,818 - INFO - Change Type F1 Matrix
 [[0.    	0.9209	0.9202	0.9081	0.    ]
 [0.8332	0.    	0.8081	0.    	0.7143]
 [0.    	0.8543	0.    	0.    	0.    ]
 [0.    	0.9749	0.    	0.    	0.    ]
 [0.    	0.    	0.    	0.    	0.    ]]
2026-02-22 20:06:42,818 - INFO - Epoch 0 saved.
