2026-01-29 17:03:44,357 - INFO - Epoch 0, Train loss: 0.0
2026-01-29 17:03:44,358 - INFO - mIoU: 0.9291; OA: 0.9722; AA: 0.9567; F1: 0.9624; Kappa: 0.9523;
2026-01-29 17:03:44,358 - INFO - spatial_LccAccuracy: 0.7623; spatial_PA: 0.9556; spatial_UA: 0.984; spatial_F1: 0.9696; weighted_F1: 0.8458
2026-01-29 17:03:44,358 - INFO - temporal_CdAccuracy: 0.7689; temporal_PA: 0.9083; temporal_UA: 0.8995; temporal_F1: 0.9039
2026-01-29 17:03:44,358 - INFO - Confusion Matrix
 [77291.	 1543.	    5.	   21.	    4.]
 [ 1908.	58111.	  170.	   27.	   46.]
 [    0.	  382.	 2668.	    1.	    0.]
 [   20.	   10.	    0.	 1485.	    0.]
 [   26.	  147.	    0.	    0.	11115.]
2026-01-29 17:03:44,359 - INFO - Change Type PA (Recall) Matrix
 [[0.    	0.9155	0.7442	0.8919	0.    ]
 [0.7411	0.    	0.5252	0.    	0.7818]
 [0.    	0.9268	0.    	0.    	0.    ]
 [0.    	0.8889	0.    	0.    	0.    ]
 [0.    	0.    	0.    	0.    	0.    ]]
2026-01-29 17:03:44,360 - INFO - Change Type UA (Precision) Matrix
 [[0.    	0.8709	0.8727	0.8953	0.    ]
 [0.7356	0.    	0.646 	0.    	0.8958]
 [0.    	0.7037	0.    	0.    	0.    ]
 [0.    	0.8627	0.    	0.    	0.    ]
 [0.    	0.    	0.    	0.    	0.    ]]
2026-01-29 17:03:44,361 - INFO - Change Type F1 Matrix
 [[0.    	0.8926	0.8033	0.8936	0.    ]
 [0.7383	0.    	0.5794	0.    	0.835 ]
 [0.    	0.8   	0.    	0.    	0.    ]
 [0.    	0.8756	0.    	0.    	0.    ]
 [0.    	0.    	0.    	0.    	0.    ]]
2026-01-29 17:03:44,362 - INFO - Epoch 0 saved.
