2026-02-22 20:07:00,160 - INFO - Epoch 0, Train loss: 0.0
2026-02-22 20:07:00,160 - INFO - mIoU: 0.912; OA: 0.9697; AA: 0.9437; F1: 0.9521; cls_weighted_F1: 0.9695; Kappa: 0.9479;
2026-02-22 20:07:00,160 - INFO - spatial_LccAccuracy: 0.7623; spatial_PA: 0.9526; spatial_UA: 0.9855; spatial_F1: 0.9688; weighted_F1: 0.8605
2026-02-22 20:07:00,160 - INFO - temporal_CdAccuracy: 0.7709; temporal_PA: 0.9059; temporal_UA: 0.8923; temporal_F1: 0.8991
2026-02-22 20:07:00,160 - INFO - Confusion Matrix
 [80400.	 1367.	   12.	   26.	   45.]
 [ 2202.	59023.	  305.	   12.	   47.]
 [    4.	  605.	 2929.	    0.	    0.]
 [   13.	   40.	    0.	 1462.	    0.]
 [   26.	  142.	    1.	    0.	11119.]
2026-02-22 20:07:00,160 - INFO - Change Type PA (Recall) Matrix
 [[0.    	0.9303	0.8837	0.9112	0.    ]
 [0.8293	0.    	0.5799	0.    	0.8   ]
 [0.    	0.5055	0.    	0.    	0.    ]
 [0.    	0.9697	0.    	0.    	0.    ]
 [0.    	0.    	0.    	0.    	0.    ]]
2026-02-22 20:07:00,160 - INFO - Change Type UA (Precision) Matrix
 [[0.    	0.882 	0.9048	0.9183	0.    ]
 [0.7222	0.    	0.7937	0.    	0.7719]
 [0.    	0.7667	0.    	0.    	0.    ]
 [0.    	0.96  	0.    	0.    	0.    ]
 [0.    	0.    	0.    	0.    	0.    ]]
2026-02-22 20:07:00,160 - INFO - Change Type F1 Matrix
 [[0.    	0.9055	0.8941	0.9147	0.    ]
 [0.7721	0.    	0.6702	0.    	0.7857]
 [0.    	0.6093	0.    	0.    	0.    ]
 [0.    	0.9648	0.    	0.    	0.    ]
 [0.    	0.    	0.    	0.    	0.    ]]
2026-02-22 20:07:00,160 - INFO - Epoch 0 saved.
