<<<<<<< HEAD
2026-01-22 16:52:03,734 - INFO - Epoch 0, Train loss: 0.0
2026-01-22 16:52:03,735 - INFO - mIoU: 0.9084; OA: 0.9676; AA: 0.9416; F1: 0.9513; Kappa: 0.9445;
2026-01-22 16:52:03,735 - INFO - spatial_LccAccuracy: 0.724; spatial_PA: 0.9541; spatial_UA: 0.9785; spatial_F1: 0.9661; weighted_F1: 0.8345
2026-01-22 16:52:03,735 - INFO - temporal_CdAccuracy: 0.7344; temporal_PA: 0.8975; temporal_UA: 0.8779; temporal_F1: 0.8876
2026-01-22 16:52:03,735 - INFO - Confusion Matrix
=======
2025-12-13 21:53:41,052 - INFO - Epoch 0, Train loss: 0.0
2025-12-13 21:53:41,053 - INFO - mIoU: 0.9084; OA: 0.9676; AA: 0.9416; F1: 0.9513; Kappa: 0.9445;
2025-12-13 21:53:41,053 - INFO - spatial_LccAccuracy: 0.8111; spatial_PA: 0.9541; spatial_UA: 0.9785; spatial_F1: 0.9661
2025-12-13 21:53:41,053 - INFO - temporal_CdAccuracy: 0.7344; temporal_PA: 0.8975; temporal_UA: 0.8779; temporal_F1: 0.8876
2025-12-13 21:53:41,054 - INFO - Confusion Matrix
>>>>>>> 93175a06c110e941919a0524e265707df6271051
 [76771.	 2012.	    7.	   15.	   59.]
 [ 1863.	58161.	  146.	   74.	   18.]
 [    6.	  382.	 2662.	    1.	    0.]
 [   65.	   44.	    3.	 1402.	    1.]
 [   62.	  258.	    0.	    0.	10968.]
<<<<<<< HEAD
2026-01-22 16:52:03,736 - INFO - Change Type PA (Recall) Matrix
=======
2025-12-13 21:53:41,055 - INFO - Change Type PA (Recall) Matrix
>>>>>>> 93175a06c110e941919a0524e265707df6271051
 [[0.    	0.8966	0.7597	0.8958	0.    ]
 [0.7655	0.    	0.5396	0.    	0.7091]
 [0.    	0.9024	0.    	0.    	0.    ]
 [0.    	0.9596	0.    	0.    	0.    ]
 [0.    	0.    	0.    	0.    	0.    ]]
<<<<<<< HEAD
2026-01-22 16:52:03,737 - INFO - Change Type UA (Precision) Matrix
=======
2025-12-13 21:53:41,056 - INFO - Change Type UA (Precision) Matrix
>>>>>>> 93175a06c110e941919a0524e265707df6271051
 [[0.    	0.8645	0.9159	0.8689	0.    ]
 [0.7059	0.    	0.6048	0.    	0.7959]
 [0.    	0.6271	0.    	0.    	0.    ]
 [0.    	0.7661	0.    	0.    	0.    ]
 [0.    	0.    	0.    	0.    	0.    ]]
<<<<<<< HEAD
2026-01-22 16:52:03,738 - INFO - Change Type F1 Matrix
=======
2025-12-13 21:53:41,057 - INFO - Change Type F1 Matrix
>>>>>>> 93175a06c110e941919a0524e265707df6271051
 [[0.    	0.8803	0.8305	0.8821	0.    ]
 [0.7345	0.    	0.5703	0.    	0.75  ]
 [0.    	0.74  	0.    	0.    	0.    ]
 [0.    	0.852 	0.    	0.    	0.    ]
 [0.    	0.    	0.    	0.    	0.    ]]
<<<<<<< HEAD
2026-01-22 16:52:03,738 - INFO - Epoch 0 saved.
=======
2025-12-13 21:53:41,057 - INFO - Epoch 0 saved.
>>>>>>> 93175a06c110e941919a0524e265707df6271051
