2026-02-22 20:06:56,821 - INFO - Epoch 0, Train loss: 0.0
2026-02-22 20:06:56,821 - INFO - mIoU: 0.8861; OA: 0.9653; AA: 0.9362; F1: 0.9377; cls_weighted_F1: 0.9651; Kappa: 0.9404;
2026-02-22 20:06:56,822 - INFO - spatial_LccAccuracy: 0.7112; spatial_PA: 0.9462; spatial_UA: 0.9793; spatial_F1: 0.9625; weighted_F1: 0.8273
2026-02-22 20:06:56,822 - INFO - temporal_CdAccuracy: 0.73; temporal_PA: 0.8889; temporal_UA: 0.8751; temporal_F1: 0.882
2026-02-22 20:06:56,822 - INFO - Confusion Matrix
 [80132.	 1573.	    9.	   27.	  109.]
 [ 2377.	58588.	  362.	  124.	  138.]
 [    9.	  583.	 2945.	    1.	    0.]
 [   45.	   43.	    8.	 1409.	   10.]
 [    4.	  129.	    0.	    0.	11155.]
2026-02-22 20:06:56,822 - INFO - Change Type PA (Recall) Matrix
 [[0.    	0.9035	0.7519	0.8224	0.    ]
 [0.7786	0.    	0.6073	0.    	0.6909]
 [0.    	0.6374	0.    	0.    	0.    ]
 [0.    	0.8687	0.    	0.    	0.    ]
 [0.    	0.    	0.    	0.    	0.    ]]
2026-02-22 20:06:56,822 - INFO - Change Type UA (Precision) Matrix
 [[0.    	0.8646	0.9238	0.7553	0.    ]
 [0.7131	0.    	0.7472	0.    	0.6552]
 [0.    	0.6905	0.    	0.    	0.    ]
 [0.    	0.8515	0.    	0.    	0.    ]
 [0.    	0.    	0.    	0.    	0.    ]]
2026-02-22 20:06:56,822 - INFO - Change Type F1 Matrix
 [[0.    	0.8836	0.8291	0.7874	0.    ]
 [0.7444	0.    	0.67  	0.    	0.6726]
 [0.    	0.6629	0.    	0.    	0.    ]
 [0.    	0.86  	0.    	0.    	0.    ]
 [0.    	0.    	0.    	0.    	0.    ]]
2026-02-22 20:06:56,822 - INFO - Epoch 0 saved.
