2025-12-13 21:53:43,664 - INFO - Epoch 0, Train loss: 0.0
2025-12-13 21:53:43,664 - INFO - mIoU: 0.9137; OA: 0.9706; AA: 0.9585; F1: 0.9539; Kappa: 0.9496;
2025-12-13 21:53:43,664 - INFO - spatial_LccAccuracy: 0.8374; spatial_PA: 0.9544; spatial_UA: 0.9855; spatial_F1: 0.9697
2025-12-13 21:53:43,665 - INFO - temporal_CdAccuracy: 0.7704; temporal_PA: 0.9109; temporal_UA: 0.8951; temporal_F1: 0.9029
2025-12-13 21:53:43,666 - INFO - Confusion Matrix
 [77234.	 1495.	   34.	   29.	   72.]
 [ 1963.	57819.	  288.	   88.	  104.]
 [    5.	  327.	 2719.	    0.	    0.]
 [   29.	   13.	    0.	 1473.	    0.]
 [    8.	  103.	    0.	    0.	11177.]
2025-12-13 21:53:43,667 - INFO - Change Type PA (Recall) Matrix
 [[0.    	0.8998	0.8837	0.9305	0.    ]
 [0.7786	0.    	0.482 	0.    	0.8   ]
 [0.    	0.9512	0.    	0.    	0.    ]
 [0.    	0.9596	0.    	0.    	0.    ]
 [0.    	0.    	0.    	0.    	0.    ]]
2025-12-13 21:53:43,668 - INFO - Change Type UA (Precision) Matrix
 [[0.    	0.8785	0.8702	0.8368	0.    ]
 [0.7205	0.    	0.6505	0.    	0.7333]
 [0.    	0.6842	0.    	0.    	0.    ]
 [0.    	0.9048	0.    	0.    	0.    ]
 [0.    	0.    	0.    	0.    	0.    ]]
2025-12-13 21:53:43,669 - INFO - Change Type F1 Matrix
 [[0.    	0.8891	0.8769	0.8812	0.    ]
 [0.7484	0.    	0.5537	0.    	0.7652]
 [0.    	0.7959	0.    	0.    	0.    ]
 [0.    	0.9314	0.    	0.    	0.    ]
 [0.    	0.    	0.    	0.    	0.    ]]
2025-12-13 21:53:43,669 - INFO - Epoch 0 saved.
