2026-03-19 14:43:36,451 - INFO - Epoch 0, Train loss: 0.0
2026-03-19 14:43:36,452 - INFO - mIoU: 0.8833; OA: 0.9503; AA: 0.945; F1: 0.9369; cls_weighted_F1: 0.9503; Kappa: 0.907;
2026-03-19 14:43:36,452 - INFO - spatial_LccAccuracy: 0.7391; spatial_PA: 0.7632; spatial_UA: 0.9752; spatial_F1: 0.8563; weighted_F1: 0.8894
2026-03-19 14:43:36,452 - INFO - temporal_CdAccuracy: 0.7391; temporal_PA: 0.9133; temporal_UA: 0.8523; temporal_F1: 0.8817
2026-03-19 14:43:36,453 - INFO - Confusion Matrix
 [15104.	  473.	    0.	    0.	   48.]
 [  981.	16543.	   20.	    0.	   70.]
 [    0.	    0.	  293.	    0.	    0.]
 [    0.	    0.	    0.	    0.	    0.]
 [    6.	  116.	    0.	    0.	  846.]
2026-03-19 14:43:36,454 - INFO - Change Type PA (Recall) Matrix
 [[0.    	0.9609	0.    	0.    	0.    ]
 [0.5909	0.    	1.    	0.    	0.8182]
 [0.    	1.    	0.    	0.    	0.    ]
 [0.    	0.    	0.    	0.    	0.    ]
 [0.    	0.    	0.    	0.    	0.    ]]
2026-03-19 14:43:36,454 - INFO - Change Type UA (Precision) Matrix
 [[0.    	0.8629	0.    	0.    	0.    ]
 [0.194 	0.    	0.9545	0.    	0.8036]
 [0.    	0.9545	0.    	0.    	0.    ]
 [0.    	0.    	0.    	0.    	0.    ]
 [0.    	0.    	0.    	0.    	0.    ]]
2026-03-19 14:43:36,455 - INFO - Change Type F1 Matrix
 [[0.    	0.9093	0.    	0.    	0.    ]
 [0.2921	0.    	0.9767	0.    	0.8108]
 [0.    	0.9767	0.    	0.    	0.    ]
 [0.    	0.    	0.    	0.    	0.    ]
 [0.    	0.    	0.    	0.    	0.    ]]
2026-03-19 14:43:36,456 - INFO - Epoch 0 saved.
