2026-03-19 14:43:36,531 - INFO - Epoch 0, Train loss: 0.0
2026-03-19 14:43:36,532 - INFO - mIoU: 0.9601; OA: 0.9884; AA: 0.9793; F1: 0.9794; cls_weighted_F1: 0.9884; Kappa: 0.9786;
2026-03-19 14:43:36,532 - INFO - spatial_LccAccuracy: 0.9127; spatial_PA: 1.0; spatial_UA: 1.0; spatial_F1: 1.0; weighted_F1: 0.9811
2026-03-19 14:43:36,532 - INFO - temporal_CdAccuracy: 0.9127; temporal_PA: 0.9168; temporal_UA: 0.9116; temporal_F1: 0.9142
2026-03-19 14:43:36,533 - INFO - Confusion Matrix
 [1546.	  41.	   0.	   0.	   0.]
 [  47.	1246.	   0.	   0.	   0.]
 [   0.	   0.	   0.	   0.	   0.]
 [   0.	   0.	   0.	   0.	   0.]
 [   0.	   0.	   0.	   0.	4680.]
2026-03-19 14:43:36,533 - INFO - Change Type PA (Recall) Matrix
 [[0.    	0.9792	0.    	0.    	0.    ]
 [1.    	0.    	0.    	0.    	0.    ]
 [0.    	0.    	0.    	0.    	0.    ]
 [0.    	0.    	0.    	0.    	0.    ]
 [0.    	0.    	0.    	0.    	0.    ]]
2026-03-19 14:43:36,535 - INFO - Change Type UA (Precision) Matrix
 [[0.    	0.9792	0.    	0.    	0.    ]
 [0.9688	0.    	0.    	0.    	0.    ]
 [0.    	0.    	0.    	0.    	0.    ]
 [0.    	0.    	0.    	0.    	0.    ]
 [0.    	0.    	0.    	0.    	0.    ]]
2026-03-19 14:43:36,536 - INFO - Change Type F1 Matrix
 [[0.    	0.9792	0.    	0.    	0.    ]
 [0.9841	0.    	0.    	0.    	0.    ]
 [0.    	0.    	0.    	0.    	0.    ]
 [0.    	0.    	0.    	0.    	0.    ]
 [0.    	0.    	0.    	0.    	0.    ]]
2026-03-19 14:43:36,536 - INFO - Epoch 0 saved.
