2026-03-19 14:43:36,917 - INFO - Epoch 0, Train loss: 0.0
2026-03-19 14:43:36,917 - INFO - mIoU: 0.9402; OA: 0.9912; AA: 0.9902; F1: 0.9682; cls_weighted_F1: 0.9912; Kappa: 0.9845;
2026-03-19 14:43:36,918 - INFO - spatial_LccAccuracy: 0.9238; spatial_PA: 0.984; spatial_UA: 0.9917; spatial_F1: 0.9878; weighted_F1: 0.9416
2026-03-19 14:43:36,918 - INFO - temporal_CdAccuracy: 0.928; temporal_PA: 0.9743; temporal_UA: 0.9686; temporal_F1: 0.9715
2026-03-19 14:43:36,918 - INFO - Confusion Matrix
 [24750.	   57.	    2.	    4.	    0.]
 [  221.	12686.	   77.	    0.	    0.]
 [    8.	   14.	  920.	    0.	    0.]
 [    0.	    0.	    0.	   21.	    0.]
 [    0.	    0.	    0.	    0.	 4560.]
2026-03-19 14:43:36,919 - INFO - Change Type PA (Recall) Matrix
 [[0.    	0.9541	1.    	1.    	0.    ]
 [0.9315	0.    	0.863 	0.    	0.    ]
 [0.    	1.    	0.    	0.    	0.    ]
 [0.    	0.    	0.    	0.    	0.    ]
 [0.    	0.    	0.    	0.    	0.    ]]
2026-03-19 14:43:36,920 - INFO - Change Type UA (Precision) Matrix
 [[0.    	0.9711	0.7193	0.875 	0.    ]
 [0.9444	0.    	0.913 	0.    	0.    ]
 [0.    	0.2857	0.    	0.    	0.    ]
 [0.    	0.    	0.    	0.    	0.    ]
 [0.    	0.    	0.    	0.    	0.    ]]
2026-03-19 14:43:36,921 - INFO - Change Type F1 Matrix
 [[0.    	0.9626	0.8367	0.9333	0.    ]
 [0.9379	0.    	0.8873	0.    	0.    ]
 [0.    	0.4444	0.    	0.    	0.    ]
 [0.    	0.    	0.    	0.    	0.    ]
 [0.    	0.    	0.    	0.    	0.    ]]
2026-03-19 14:43:36,921 - INFO - Epoch 0 saved.
