2026-03-19 14:43:37,261 - INFO - Epoch 0, Train loss: 0.0
2026-03-19 14:43:37,261 - INFO - mIoU: 0.8842; OA: 0.983; AA: 0.9305; F1: 0.9341; cls_weighted_F1: 0.9829; Kappa: 0.9654;
2026-03-19 14:43:37,262 - INFO - spatial_LccAccuracy: 0.8497; spatial_PA: 1.0; spatial_UA: 1.0; spatial_F1: 1.0; weighted_F1: 0.9599
2026-03-19 14:43:37,262 - INFO - temporal_CdAccuracy: 0.8497; temporal_PA: 0.9578; temporal_UA: 0.9592; temporal_F1: 0.9585
2026-03-19 14:43:37,262 - INFO - Confusion Matrix
 [14554.	  248.	    0.	    0.	    0.]
 [  267.	21261.	   51.	    0.	    0.]
 [    0.	   60.	  279.	    0.	    0.]
 [    0.	    0.	    0.	    0.	    0.]
 [    0.	    0.	    0.	    0.	    0.]
2026-03-19 14:43:37,263 - INFO - Change Type PA (Recall) Matrix
 [[0.    	0.9681	0.    	0.    	0.    ]
 [0.9425	0.    	0.9636	0.    	0.    ]
 [0.    	0.8125	0.    	0.    	0.    ]
 [0.    	0.    	0.    	0.    	0.    ]
 [0.    	0.    	0.    	0.    	0.    ]]
2026-03-19 14:43:37,264 - INFO - Change Type UA (Precision) Matrix
 [[0.    	0.9716	0.    	0.    	0.    ]
 [0.9425	0.    	0.9636	0.    	0.    ]
 [0.    	0.8667	0.    	0.    	0.    ]
 [0.    	0.    	0.    	0.    	0.    ]
 [0.    	0.    	0.    	0.    	0.    ]]
2026-03-19 14:43:37,264 - INFO - Change Type F1 Matrix
 [[0.    	0.9698	0.    	0.    	0.    ]
 [0.9425	0.    	0.9636	0.    	0.    ]
 [0.    	0.8387	0.    	0.    	0.    ]
 [0.    	0.    	0.    	0.    	0.    ]
 [0.    	0.    	0.    	0.    	0.    ]]
2026-03-19 14:43:37,264 - INFO - Epoch 0 saved.
