2026-03-19 14:43:37,461 - INFO - Epoch 0, Train loss: 0.0
2026-03-19 14:43:37,462 - INFO - mIoU: 0.9749; OA: 0.9962; AA: 0.988; F1: 0.9872; cls_weighted_F1: 0.9962; Kappa: 0.9876;
2026-03-19 14:43:37,462 - INFO - spatial_LccAccuracy: 0.9079; spatial_PA: 1.0; spatial_UA: 1.0; spatial_F1: 1.0; weighted_F1: 0.9526
2026-03-19 14:43:37,462 - INFO - temporal_CdAccuracy: 0.9268; temporal_PA: 0.9759; temporal_UA: 0.9674; temporal_F1: 0.9716
2026-03-19 14:43:37,462 - INFO - Confusion Matrix
 [18118.	    5.	    0.	    1.	    0.]
 [   23.	 2699.	    0.	   40.	    0.]
 [    0.	    0.	    0.	    0.	    0.]
 [    2.	   14.	    0.	 1238.	    0.]
 [    0.	    0.	    0.	    0.	    0.]
2026-03-19 14:43:37,463 - INFO - Change Type PA (Recall) Matrix
 [[0.    	0.8584	0.    	0.9846	0.    ]
 [1.    	0.    	0.    	0.    	0.    ]
 [0.    	0.    	0.    	0.    	0.    ]
 [0.    	1.    	0.    	0.    	0.    ]
 [0.    	0.    	0.    	0.    	0.    ]]
2026-03-19 14:43:37,464 - INFO - Change Type UA (Precision) Matrix
 [[0.    	0.9604	0.    	0.9231	0.    ]
 [0.875 	0.    	0.    	0.    	0.    ]
 [0.    	0.    	0.    	0.    	0.    ]
 [0.    	1.    	0.    	0.    	0.    ]
 [0.    	0.    	0.    	0.    	0.    ]]
2026-03-19 14:43:37,465 - INFO - Change Type F1 Matrix
 [[0.    	0.9065	0.    	0.9529	0.    ]
 [0.9333	0.    	0.    	0.    	0.    ]
 [0.    	0.    	0.    	0.    	0.    ]
 [0.    	1.    	0.    	0.    	0.    ]
 [0.    	0.    	0.    	0.    	0.    ]]
2026-03-19 14:43:37,465 - INFO - Epoch 0 saved.
