2026-03-19 14:43:37,591 - INFO - Epoch 0, Train loss: 0.0
2026-03-19 14:43:37,592 - INFO - mIoU: 0.7557; OA: 0.9707; AA: 0.9714; F1: 0.9714; cls_weighted_F1: 0.971; Kappa: 0.9509;
2026-03-19 14:43:37,592 - INFO - spatial_LccAccuracy: 0.7913; spatial_PA: 0.9811; spatial_UA: 0.9944; spatial_F1: 0.9877; weighted_F1: 0.9035
2026-03-19 14:43:37,592 - INFO - temporal_CdAccuracy: 0.7913; temporal_PA: 0.9314; temporal_UA: 0.904; temporal_F1: 0.9175
2026-03-19 14:43:37,593 - INFO - Confusion Matrix
 [6021.	 127.	   2.	   7.	   8.]
 [ 162.	5933.	  43.	   0.	   1.]
 [   0.	  49.	1032.	   0.	   0.]
 [   2.	   3.	   0.	 410.	   0.]
 [   0.	   0.	   0.	   0.	   0.]
2026-03-19 14:43:37,594 - INFO - Change Type PA (Recall) Matrix
 [[0.    	0.9306	0.    	1.    	0.    ]
 [0.9355	0.    	0.7586	0.    	0.    ]
 [1.    	0.9512	0.    	0.    	0.    ]
 [0.    	0.    	0.    	0.    	0.    ]
 [0.    	0.    	0.    	0.    	0.    ]]
2026-03-19 14:43:37,594 - INFO - Change Type UA (Precision) Matrix
 [[0.    	0.8993	0.    	1.    	0.    ]
 [0.8169	0.    	0.7333	0.    	0.    ]
 [1.    	0.9512	0.    	0.    	0.    ]
 [0.    	0.    	0.    	0.    	0.    ]
 [0.    	0.    	0.    	0.    	0.    ]]
2026-03-19 14:43:37,595 - INFO - Change Type F1 Matrix
 [[0.    	0.9147	0.    	1.    	0.    ]
 [0.8722	0.    	0.7458	0.    	0.    ]
 [1.    	0.9512	0.    	0.    	0.    ]
 [0.    	0.    	0.    	0.    	0.    ]
 [0.    	0.    	0.    	0.    	0.    ]]
2026-03-19 14:43:37,595 - INFO - Epoch 0 saved.
