2026-03-19 14:43:41,790 - INFO - Epoch 0, Train loss: 0.0
2026-03-19 14:43:41,791 - INFO - mIoU: 0.6498; OA: 0.9417; AA: 0.8679; F1: 0.8905; cls_weighted_F1: 0.9411; Kappa: 0.8904;
2026-03-19 14:43:41,791 - INFO - spatial_LccAccuracy: 0.6957; spatial_PA: 0.7008; spatial_UA: 0.9483; spatial_F1: 0.806; weighted_F1: 0.8616
2026-03-19 14:43:41,792 - INFO - temporal_CdAccuracy: 0.6991; temporal_PA: 0.8948; temporal_UA: 0.8305; temporal_F1: 0.8615
2026-03-19 14:43:41,792 - INFO - Confusion Matrix
 [15334.	  230.	    0.	    0.	   61.]
 [ 1300.	16248.	   17.	    0.	   49.]
 [    0.	   28.	  265.	    0.	    0.]
 [    0.	    0.	    0.	    0.	    0.]
 [  110.	  215.	    0.	    1.	  642.]
2026-03-19 14:43:41,793 - INFO - Change Type PA (Recall) Matrix
 [[0.    	0.955 	0.    	0.    	0.    ]
 [0.3182	0.    	0.9286	0.    	0.6545]
 [0.    	0.9286	0.    	0.    	0.    ]
 [0.    	0.    	0.    	0.    	0.    ]
 [0.    	0.    	0.    	0.    	0.    ]]
2026-03-19 14:43:41,793 - INFO - Change Type UA (Precision) Matrix
 [[0.    	0.8458	0.    	0.    	0.    ]
 [0.1061	0.    	0.907 	0.    	0.8182]
 [0.    	0.907 	0.    	0.    	0.    ]
 [0.    	0.    	0.    	0.    	0.    ]
 [0.    	0.    	0.    	0.    	0.    ]]
2026-03-19 14:43:41,793 - INFO - Change Type F1 Matrix
 [[0.    	0.8971	0.    	0.    	0.    ]
 [0.1591	0.    	0.9176	0.    	0.7273]
 [0.    	0.9176	0.    	0.    	0.    ]
 [0.    	0.    	0.    	0.    	0.    ]
 [0.    	0.    	0.    	0.    	0.    ]]
2026-03-19 14:43:41,795 - INFO - Epoch 0 saved.
