2026-03-19 14:43:41,859 - INFO - Epoch 0, Train loss: 0.0
2026-03-19 14:43:41,859 - INFO - mIoU: 0.9431; OA: 0.9832; AA: 0.9697; F1: 0.9702; cls_weighted_F1: 0.9832; Kappa: 0.9691;
2026-03-19 14:43:41,859 - INFO - spatial_LccAccuracy: 0.8254; spatial_PA: 1.0; spatial_UA: 1.0; spatial_F1: 1.0; weighted_F1: 0.8956
2026-03-19 14:43:41,860 - INFO - temporal_CdAccuracy: 0.8254; temporal_PA: 0.8647; temporal_UA: 0.8104; temporal_F1: 0.8367
2026-03-19 14:43:41,860 - INFO - Confusion Matrix
 [1535.	  52.	   0.	   0.	   0.]
 [  75.	1218.	   0.	   0.	   0.]
 [   0.	   0.	   0.	   0.	   0.]
 [   0.	   0.	   0.	   0.	   0.]
 [   0.	   0.	   0.	   0.	4680.]
2026-03-19 14:43:41,861 - INFO - Change Type PA (Recall) Matrix
 [[0.    	0.9583	0.    	0.    	0.    ]
 [1.    	0.    	0.    	0.    	0.    ]
 [0.    	0.    	0.    	0.    	0.    ]
 [0.    	0.    	0.    	0.    	0.    ]
 [0.    	0.    	0.    	0.    	0.    ]]
2026-03-19 14:43:41,861 - INFO - Change Type UA (Precision) Matrix
 [[0.    	0.8519	0.    	0.    	0.    ]
 [0.7949	0.    	0.    	0.    	0.    ]
 [0.    	0.    	0.    	0.    	0.    ]
 [0.    	0.    	0.    	0.    	0.    ]
 [0.    	0.    	0.    	0.    	0.    ]]
2026-03-19 14:43:41,862 - INFO - Change Type F1 Matrix
 [[0.    	0.902 	0.    	0.    	0.    ]
 [0.8857	0.    	0.    	0.    	0.    ]
 [0.    	0.    	0.    	0.    	0.    ]
 [0.    	0.    	0.    	0.    	0.    ]
 [0.    	0.    	0.    	0.    	0.    ]]
2026-03-19 14:43:41,862 - INFO - Epoch 0 saved.
