2026-03-19 14:43:42,166 - INFO - Epoch 0, Train loss: 0.0
2026-03-19 14:43:42,167 - INFO - mIoU: 0.9131; OA: 0.9853; AA: 0.9644; F1: 0.9526; cls_weighted_F1: 0.9852; Kappa: 0.9742;
2026-03-19 14:43:42,167 - INFO - spatial_LccAccuracy: 0.8823; spatial_PA: 0.968; spatial_UA: 0.9836; spatial_F1: 0.9757; weighted_F1: 0.897
2026-03-19 14:43:42,167 - INFO - temporal_CdAccuracy: 0.8878; temporal_PA: 0.9622; temporal_UA: 0.9348; temporal_F1: 0.9483
2026-03-19 14:43:42,168 - INFO - Confusion Matrix
 [24548.	  260.	    0.	    5.	    0.]
 [  201.	12752.	   31.	    0.	    0.]
 [    8.	  133.	  801.	    0.	    0.]
 [    0.	    0.	    0.	   21.	    0.]
 [    0.	    0.	    0.	    0.	 4560.]
2026-03-19 14:43:42,169 - INFO - Change Type PA (Recall) Matrix
 [[0.    	0.9672	0.561 	1.    	0.    ]
 [0.8493	0.    	0.9315	0.    	0.    ]
 [0.    	0.5   	0.    	0.    	0.    ]
 [0.    	0.    	0.    	0.    	0.    ]
 [0.    	0.    	0.    	0.    	0.    ]]
2026-03-19 14:43:42,170 - INFO - Change Type UA (Precision) Matrix
 [[0.    	0.9041	0.8519	0.7778	0.    ]
 [0.8267	0.    	0.8095	0.    	0.    ]
 [0.    	0.1   	0.    	0.    	0.    ]
 [0.    	0.    	0.    	0.    	0.    ]
 [0.    	0.    	0.    	0.    	0.    ]]
2026-03-19 14:43:42,171 - INFO - Change Type F1 Matrix
 [[0.    	0.9346	0.6765	0.875 	0.    ]
 [0.8378	0.    	0.8662	0.    	0.    ]
 [0.    	0.1667	0.    	0.    	0.    ]
 [0.    	0.    	0.    	0.    	0.    ]
 [0.    	0.    	0.    	0.    	0.    ]]
2026-03-19 14:43:42,171 - INFO - Epoch 0 saved.
