2026-03-19 14:43:42,437 - INFO - Epoch 0, Train loss: 0.0
2026-03-19 14:43:42,438 - INFO - mIoU: 0.8242; OA: 0.9724; AA: 0.8673; F1: 0.8924; cls_weighted_F1: 0.9722; Kappa: 0.9439;
2026-03-19 14:43:42,438 - INFO - spatial_LccAccuracy: 0.7222; spatial_PA: 0.9991; spatial_UA: 0.9865; spatial_F1: 0.9928; weighted_F1: 0.9233
2026-03-19 14:43:42,438 - INFO - temporal_CdAccuracy: 0.7222; temporal_PA: 0.932; temporal_UA: 0.9203; temporal_F1: 0.9261
2026-03-19 14:43:42,438 - INFO - Confusion Matrix
 [14394.	  408.	    0.	    0.	    0.]
 [  440.	21093.	   46.	    0.	    0.]
 [    0.	  118.	  221.	    0.	    0.]
 [    0.	    0.	    0.	    0.	    0.]
 [    0.	    0.	    0.	    0.	    0.]
2026-03-19 14:43:42,439 - INFO - Change Type PA (Recall) Matrix
 [[0.    	0.9509	0.    	0.    	0.    ]
 [0.9342	0.    	0.8909	0.    	0.    ]
 [0.    	0.5   	0.    	0.    	0.    ]
 [0.    	0.    	0.    	0.    	0.    ]
 [0.    	0.    	0.    	0.    	0.    ]]
2026-03-19 14:43:42,439 - INFO - Change Type UA (Precision) Matrix
 [[0.    	0.9292	0.    	0.    	0.    ]
 [0.8611	0.    	0.98  	0.    	0.    ]
 [0.    	1.    	0.    	0.    	0.    ]
 [0.    	0.    	0.    	0.    	0.    ]
 [0.    	0.    	0.    	0.    	0.    ]]
2026-03-19 14:43:42,439 - INFO - Change Type F1 Matrix
 [[0.    	0.9399	0.    	0.    	0.    ]
 [0.8962	0.    	0.9333	0.    	0.    ]
 [0.    	0.6667	0.    	0.    	0.    ]
 [0.    	0.    	0.    	0.    	0.    ]
 [0.    	0.    	0.    	0.    	0.    ]]
2026-03-19 14:43:42,440 - INFO - Epoch 0 saved.
