2026-03-19 14:43:42,597 - INFO - Epoch 0, Train loss: 0.0
2026-03-19 14:43:42,598 - INFO - mIoU: 0.7208; OA: 0.993; AA: 0.9806; F1: 0.98; cls_weighted_F1: 0.993; Kappa: 0.9775;
2026-03-19 14:43:42,599 - INFO - spatial_LccAccuracy: 0.8591; spatial_PA: 0.941; spatial_UA: 0.9798; spatial_F1: 0.96; weighted_F1: 0.8955
2026-03-19 14:43:42,599 - INFO - temporal_CdAccuracy: 0.897; temporal_PA: 0.9839; temporal_UA: 0.9556; temporal_F1: 0.9695
2026-03-19 14:43:42,599 - INFO - Confusion Matrix
 [18085.	   24.	    0.	   15.	    0.]
 [   47.	 2678.	    0.	   37.	    0.]
 [    0.	    0.	    0.	    0.	    0.]
 [    6.	   25.	    0.	 1222.	    1.]
 [    0.	    0.	    0.	    0.	    0.]
2026-03-19 14:43:42,599 - INFO - Change Type PA (Recall) Matrix
 [[0.    	0.8673	0.    	0.9436	0.    ]
 [0.4286	0.    	0.    	0.    	0.    ]
 [0.    	0.    	0.    	0.    	0.    ]
 [0.    	0.9643	0.    	0.    	0.    ]
 [0.    	0.    	0.    	0.    	0.    ]]
2026-03-19 14:43:42,600 - INFO - Change Type UA (Precision) Matrix
 [[0.    	0.875 	0.    	0.8889	0.    ]
 [0.3   	0.    	0.    	0.    	0.    ]
 [0.    	0.    	0.    	0.    	0.    ]
 [0.    	0.878 	0.    	0.    	0.    ]
 [0.    	0.    	0.    	0.    	0.    ]]
2026-03-19 14:43:42,601 - INFO - Change Type F1 Matrix
 [[0.    	0.8711	0.    	0.9154	0.    ]
 [0.3529	0.    	0.    	0.    	0.    ]
 [0.    	0.    	0.    	0.    	0.    ]
 [0.    	0.9191	0.    	0.    	0.    ]
 [0.    	0.    	0.    	0.    	0.    ]]
2026-03-19 14:43:42,602 - INFO - Epoch 0 saved.
