2026-03-19 14:43:42,721 - INFO - Epoch 0, Train loss: 0.0
2026-03-19 14:43:42,721 - INFO - mIoU: 0.6884; OA: 0.9567; AA: 0.8868; F1: 0.9216; cls_weighted_F1: 0.9561; Kappa: 0.9265;
2026-03-19 14:43:42,722 - INFO - spatial_LccAccuracy: 0.6217; spatial_PA: 0.9717; spatial_UA: 0.9917; spatial_F1: 0.9816; weighted_F1: 0.8685
2026-03-19 14:43:42,722 - INFO - temporal_CdAccuracy: 0.6261; temporal_PA: 0.8996; temporal_UA: 0.8456; temporal_F1: 0.8718
2026-03-19 14:43:42,722 - INFO - Confusion Matrix
 [6007.	 149.	   4.	   1.	   4.]
 [ 208.	5916.	  13.	   2.	   0.]
 [   0.	  89.	 992.	   0.	   0.]
 [  41.	  87.	   0.	 287.	   0.]
 [   0.	   0.	   0.	   0.	   0.]
2026-03-19 14:43:42,723 - INFO - Change Type PA (Recall) Matrix
 [[0.    	0.9306	0.    	0.9744	0.    ]
 [0.9516	0.    	0.5517	0.    	0.    ]
 [0.    	0.878 	0.    	0.    	0.    ]
 [0.    	0.    	0.    	0.    	0.    ]
 [0.    	0.    	0.    	0.    	0.    ]]
2026-03-19 14:43:42,724 - INFO - Change Type UA (Precision) Matrix
 [[0.    	0.8535	0.    	0.95  	0.    ]
 [0.7973	0.    	0.8421	0.    	0.    ]
 [0.    	0.9   	0.    	0.    	0.    ]
 [0.    	0.    	0.    	0.    	0.    ]
 [0.    	0.    	0.    	0.    	0.    ]]
2026-03-19 14:43:42,724 - INFO - Change Type F1 Matrix
 [[0.    	0.8904	0.    	0.962 	0.    ]
 [0.8676	0.    	0.6667	0.    	0.    ]
 [0.    	0.8889	0.    	0.    	0.    ]
 [0.    	0.    	0.    	0.    	0.    ]
 [0.    	0.    	0.    	0.    	0.    ]]
2026-03-19 14:43:42,725 - INFO - Epoch 0 saved.
