2026-01-29 17:04:21,274 - INFO - Epoch 0, Train loss: 0.0
2026-01-29 17:04:21,275 - INFO - mIoU: 0.5032; OA: 0.9468; AA: 0.8986; F1: 0.9092; Kappa: 0.899;
2026-01-29 17:04:21,276 - INFO - spatial_LccAccuracy: 0.7092; spatial_PA: 0.7632; spatial_UA: 0.9732; spatial_F1: 0.8555; weighted_F1: 0.873
2026-01-29 17:04:21,276 - INFO - temporal_CdAccuracy: 0.7092; temporal_PA: 0.8912; temporal_UA: 0.8282; temporal_F1: 0.8585
2026-01-29 17:04:21,276 - INFO - Confusion Matrix
 [13798.	  437.	    0.	    1.	   45.]
 [  899.	15716.	   39.	    1.	   76.]
 [    0.	    0.	    0.	    0.	    0.]
 [    0.	    0.	    0.	    0.	    0.]
 [   18.	  182.	    3.	    0.	  765.]
2026-01-29 17:04:21,276 - INFO - Change Type PA (Recall) Matrix
 [[0.    	0.9638	0.    	0.    	0.    ]
 [0.4091	0.    	0.    	0.    	0.7818]
 [0.    	0.    	0.    	0.    	0.    ]
 [0.    	0.    	0.    	0.    	0.    ]
 [0.    	0.    	0.    	0.    	0.    ]]
2026-01-29 17:04:21,278 - INFO - Change Type UA (Precision) Matrix
 [[0.    	0.8676	0.    	0.    	0.    ]
 [0.1765	0.    	0.    	0.    	0.7818]
 [0.    	0.    	0.    	0.    	0.    ]
 [0.    	0.    	0.    	0.    	0.    ]
 [0.    	0.    	0.    	0.    	0.    ]]
2026-01-29 17:04:21,278 - INFO - Change Type F1 Matrix
 [[0.    	0.9131	0.    	0.    	0.    ]
 [0.2466	0.    	0.    	0.    	0.7818]
 [0.    	0.    	0.    	0.    	0.    ]
 [0.    	0.    	0.    	0.    	0.    ]
 [0.    	0.    	0.    	0.    	0.    ]]
2026-01-29 17:04:21,278 - INFO - Epoch 0 saved.
