2026-01-29 17:04:21,724 - INFO - Epoch 0, Train loss: 0.0
2026-01-29 17:04:21,724 - INFO - mIoU: 0.9467; OA: 0.9919; AA: 0.9619; F1: 0.971; Kappa: 0.9861;
2026-01-29 17:04:21,724 - INFO - spatial_LccAccuracy: 0.9254; spatial_PA: 1.0; spatial_UA: 1.0; spatial_F1: 1.0; weighted_F1: 0.9232
2026-01-29 17:04:21,724 - INFO - temporal_CdAccuracy: 0.9349; temporal_PA: 0.9642; temporal_UA: 0.9685; temporal_F1: 0.9663
2026-01-29 17:04:21,725 - INFO - Confusion Matrix
 [23234.	  129.	    1.	    0.	    0.]
 [   88.	15427.	   38.	    0.	    0.]
 [   13.	   90.	  640.	    0.	    0.]
 [    0.	    0.	    0.	    0.	    0.]
 [    0.	    0.	    0.	    0.	 4560.]
2026-01-29 17:04:21,725 - INFO - Change Type PA (Recall) Matrix
 [[0.    	0.9579	0.75  	0.    	0.    ]
 [0.8101	0.    	0.8684	0.    	0.    ]
 [0.    	0.    	0.    	0.    	0.    ]
 [0.    	0.    	0.    	0.    	0.    ]
 [0.    	0.    	0.    	0.    	0.    ]]
2026-01-29 17:04:21,726 - INFO - Change Type UA (Precision) Matrix
 [[0.    	0.9459	0.825 	0.    	0.    ]
 [0.9014	0.    	0.8684	0.    	0.    ]
 [0.    	0.    	0.    	0.    	0.    ]
 [0.    	0.    	0.    	0.    	0.    ]
 [0.    	0.    	0.    	0.    	0.    ]]
2026-01-29 17:04:21,726 - INFO - Change Type F1 Matrix
 [[0.    	0.9519	0.7857	0.    	0.    ]
 [0.8533	0.    	0.8684	0.    	0.    ]
 [0.    	0.    	0.    	0.    	0.    ]
 [0.    	0.    	0.    	0.    	0.    ]
 [0.    	0.    	0.    	0.    	0.    ]]
2026-01-29 17:04:21,726 - INFO - Epoch 0 saved.
