2025-12-13 21:54:29,139 - INFO - Epoch 0, Train loss: 0.0
2025-12-13 21:54:29,140 - INFO - mIoU: 0.5798; OA: 0.995; AA: 0.5883; F1: 0.5897; Kappa: 0.984;
2025-12-13 21:54:29,140 - INFO - spatial_LccAccuracy: 0.9324; spatial_PA: 0.9928; spatial_UA: 0.9983; spatial_F1: 0.9955
2025-12-13 21:54:29,140 - INFO - temporal_CdAccuracy: 0.9541; temporal_PA: 0.9845; temporal_UA: 0.9775; temporal_F1: 0.981
2025-12-13 21:54:29,141 - INFO - Confusion Matrix
 [18092.	   34.	    0.	    3.	    0.]
 [    8.	 2976.	    0.	   13.	    0.]
 [    0.	    0.	    0.	    0.	    0.]
 [    0.	   53.	    0.	 1021.	    0.]
 [    0.	    0.	    0.	    0.	    0.]
2025-12-13 21:54:29,142 - INFO - Change Type PA (Recall) Matrix
 [[0.    	0.9618	0.    	0.8941	0.    ]
 [1.    	0.    	0.    	0.    	0.    ]
 [0.    	0.    	0.    	0.    	0.    ]
 [0.    	1.    	0.    	0.    	0.    ]
 [0.    	0.    	0.    	0.    	0.    ]]
2025-12-13 21:54:29,143 - INFO - Change Type UA (Precision) Matrix
 [[0.   	0.875	0.   	0.956	0.   ]
 [0.8  	0.   	0.   	0.   	0.   ]
 [0.   	0.   	0.   	0.   	0.   ]
 [0.   	1.   	0.   	0.   	0.   ]
 [0.   	0.   	0.   	0.   	0.   ]]
2025-12-13 21:54:29,143 - INFO - Change Type F1 Matrix
 [[0.    	0.9164	0.    	0.924 	0.    ]
 [0.8889	0.    	0.    	0.    	0.    ]
 [0.    	0.    	0.    	0.    	0.    ]
 [0.    	1.    	0.    	0.    	0.    ]
 [0.    	0.    	0.    	0.    	0.    ]]
2025-12-13 21:54:29,144 - INFO - Epoch 0 saved.
