2026-02-22 20:07:26,174 - INFO - Epoch 0, Train loss: 0.0
2026-02-22 20:07:26,174 - INFO - mIoU: 0.7431; OA: 0.9695; AA: 0.9735; F1: 0.9628; cls_weighted_F1: 0.97; Kappa: 0.9441;
2026-02-22 20:07:26,174 - INFO - spatial_LccAccuracy: 0.8125; spatial_PA: 1.0; spatial_UA: 1.0; spatial_F1: 1.0; weighted_F1: 0.8747
2026-02-22 20:07:26,174 - INFO - temporal_CdAccuracy: 0.8125; temporal_PA: 0.9416; temporal_UA: 0.8881; temporal_F1: 0.9141
2026-02-22 20:07:26,174 - INFO - Confusion Matrix
 [6987.	 176.	   1.	   3.	   4.]
 [ 131.	5331.	  57.	   3.	   8.]
 [   0.	  27.	 581.	   0.	   0.]
 [   0.	   0.	   0.	 131.	   0.]
 [   0.	   0.	   0.	   0.	   0.]
2026-02-22 20:07:26,174 - INFO - Change Type PA (Recall) Matrix
 [[0.    	0.9667	0.    	1.    	0.    ]
 [0.9783	0.    	0.7368	0.    	0.    ]
 [0.    	0.9474	0.    	0.    	0.    ]
 [0.    	0.    	0.    	0.    	0.    ]
 [0.    	0.    	0.    	0.    	0.    ]]
2026-02-22 20:07:26,174 - INFO - Change Type UA (Precision) Matrix
 [[0.    	0.8878	0.    	0.9231	0.    ]
 [0.6923	0.    	0.7   	0.    	0.    ]
 [0.    	0.8571	0.    	0.    	0.    ]
 [0.    	0.    	0.    	0.    	0.    ]
 [0.    	0.    	0.    	0.    	0.    ]]
2026-02-22 20:07:26,174 - INFO - Change Type F1 Matrix
 [[0.    	0.9255	0.    	0.96  	0.    ]
 [0.8108	0.    	0.7179	0.    	0.    ]
 [0.    	0.9   	0.    	0.    	0.    ]
 [0.    	0.    	0.    	0.    	0.    ]
 [0.    	0.    	0.    	0.    	0.    ]]
2026-02-22 20:07:26,174 - INFO - Epoch 0 saved.
