2026-01-29 22:28:03,731 - INFO - Epoch 0, Train loss: 0.0
2026-01-29 22:28:03,732 - INFO - mIoU: 0.6693; OA: 0.9581; AA: 0.9358; F1: 0.9426; Kappa: 0.9203;
2026-01-29 22:28:03,732 - INFO - spatial_LccAccuracy: 0.7692; spatial_PA: 0.8158; spatial_UA: 0.9789; spatial_F1: 0.8899; weighted_F1: 0.8841
2026-01-29 22:28:03,732 - INFO - temporal_CdAccuracy: 0.7711; temporal_PA: 0.9157; temporal_UA: 0.8607; temporal_F1: 0.8874
2026-01-29 22:28:03,732 - INFO - Confusion Matrix
 [13847.	  403.	    0.	    0.	   31.]
 [  738.	15935.	   26.	    0.	   32.]
 [    0.	    0.	    0.	    0.	    0.]
 [    0.	    0.	    0.	    0.	    0.]
 [    0.	  111.	    0.	    0.	  857.]
2026-01-29 22:28:03,732 - INFO - Change Type PA (Recall) Matrix
 [[0.    	0.9574	0.    	0.    	0.    ]
 [0.4545	0.    	0.    	0.    	0.8545]
 [0.    	0.    	0.    	0.    	0.    ]
 [0.    	0.    	0.    	0.    	0.    ]
 [0.    	0.    	0.    	0.    	0.    ]]
2026-01-29 22:28:03,732 - INFO - Change Type UA (Precision) Matrix
 [[0.    	0.8804	0.    	0.    	0.    ]
 [0.2128	0.    	0.    	0.    	0.8246]
 [0.    	0.    	0.    	0.    	0.    ]
 [0.    	0.    	0.    	0.    	0.    ]
 [0.    	0.    	0.    	0.    	0.    ]]
2026-01-29 22:28:03,732 - INFO - Change Type F1 Matrix
 [[0.    	0.9173	0.    	0.    	0.    ]
 [0.2899	0.    	0.    	0.    	0.8393]
 [0.    	0.    	0.    	0.    	0.    ]
 [0.    	0.    	0.    	0.    	0.    ]
 [0.    	0.    	0.    	0.    	0.    ]]
2026-01-29 22:28:03,732 - INFO - Epoch 0 saved.
