2026-01-29 22:28:04,121 - INFO - Epoch 0, Train loss: 0.0
2026-01-29 22:28:04,121 - INFO - mIoU: 0.9598; OA: 0.9931; AA: 0.9751; F1: 0.9787; Kappa: 0.9882;
2026-01-29 22:28:04,121 - INFO - spatial_LccAccuracy: 0.9362; spatial_PA: 0.999; spatial_UA: 0.998; spatial_F1: 0.9985; weighted_F1: 0.932
2026-01-29 22:28:04,121 - INFO - temporal_CdAccuracy: 0.9417; temporal_PA: 0.976; temporal_UA: 0.9709; temporal_F1: 0.9734
2026-01-29 22:28:04,121 - INFO - Confusion Matrix
 [23262.	  101.	    1.	    0.	    0.]
 [  100.	15414.	   39.	    0.	    0.]
 [    7.	   57.	  679.	    0.	    0.]
 [    0.	    0.	    0.	    0.	    0.]
 [    1.	    0.	    0.	    0.	 4559.]
2026-01-29 22:28:04,121 - INFO - Change Type PA (Recall) Matrix
 [[0.    	0.96  	0.8409	0.    	0.    ]
 [0.8608	0.    	0.8684	0.    	0.    ]
 [0.    	0.    	0.    	0.    	0.    ]
 [0.    	0.    	0.    	0.    	0.    ]
 [0.    	0.    	0.    	0.    	0.    ]]
2026-01-29 22:28:04,123 - INFO - Change Type UA (Precision) Matrix
 [[0.    	0.956 	0.8409	0.    	0.    ]
 [0.9067	0.    	0.7674	0.    	0.    ]
 [0.    	0.    	0.    	0.    	0.    ]
 [0.    	0.    	0.    	0.    	0.    ]
 [0.    	0.    	0.    	0.    	0.    ]]
2026-01-29 22:28:04,123 - INFO - Change Type F1 Matrix
 [[0.    	0.958 	0.8409	0.    	0.    ]
 [0.8831	0.    	0.8148	0.    	0.    ]
 [0.    	0.    	0.    	0.    	0.    ]
 [0.    	0.    	0.    	0.    	0.    ]
 [0.    	0.    	0.    	0.    	0.    ]]
2026-01-29 22:28:04,123 - INFO - Epoch 0 saved.
