2026-01-29 22:28:04,378 - INFO - Epoch 0, Train loss: 0.0
2026-01-29 22:28:04,378 - INFO - mIoU: 0.8772; OA: 0.9796; AA: 0.9189; F1: 0.9304; Kappa: 0.9566;
2026-01-29 22:28:04,378 - INFO - spatial_LccAccuracy: 0.767; spatial_PA: 0.9908; spatial_UA: 0.9908; spatial_F1: 0.9908; weighted_F1: 0.9143
2026-01-29 22:28:04,378 - INFO - temporal_CdAccuracy: 0.767; temporal_PA: 0.9344; temporal_UA: 0.9332; temporal_F1: 0.9338
2026-01-29 22:28:04,378 - INFO - Confusion Matrix
 [11699.	  399.	    0.	    0.	    0.]
 [  226.	20229.	   16.	    0.	    0.]
 [    1.	   25.	  105.	    0.	    0.]
 [    0.	    0.	    0.	    0.	    0.]
 [    0.	    0.	    0.	    0.	    0.]
2026-01-29 22:28:04,378 - INFO - Change Type PA (Recall) Matrix
 [[0.    	0.9324	0.    	0.    	0.    ]
 [0.8882	0.    	0.6   	0.    	0.    ]
 [0.    	0.    	0.    	0.    	0.    ]
 [0.    	0.    	0.    	0.    	0.    ]
 [0.    	0.    	0.    	0.    	0.    ]]
2026-01-29 22:28:04,379 - INFO - Change Type UA (Precision) Matrix
 [[0.    	0.939 	0.    	0.    	0.    ]
 [0.8773	0.    	0.375 	0.    	0.    ]
 [0.    	0.    	0.    	0.    	0.    ]
 [0.    	0.    	0.    	0.    	0.    ]
 [0.    	0.    	0.    	0.    	0.    ]]
2026-01-29 22:28:04,379 - INFO - Change Type F1 Matrix
 [[0.    	0.9357	0.    	0.    	0.    ]
 [0.8827	0.    	0.4615	0.    	0.    ]
 [0.    	0.    	0.    	0.    	0.    ]
 [0.    	0.    	0.    	0.    	0.    ]
 [0.    	0.    	0.    	0.    	0.    ]]
2026-01-29 22:28:04,379 - INFO - Epoch 0 saved.
