2026-01-29 22:28:04,552 - INFO - Epoch 0, Train loss: 0.0
2026-01-29 22:28:04,553 - INFO - mIoU: 0.7278; OA: 0.9955; AA: 0.9861; F1: 0.9848; Kappa: 0.9855;
2026-01-29 22:28:04,553 - INFO - spatial_LccAccuracy: 0.9216; spatial_PA: 0.9983; spatial_UA: 0.9929; spatial_F1: 0.9956; weighted_F1: 0.9394
2026-01-29 22:28:04,553 - INFO - temporal_CdAccuracy: 0.9784; temporal_PA: 0.9935; temporal_UA: 0.9875; temporal_F1: 0.9905
2026-01-29 22:28:04,553 - INFO - Confusion Matrix
 [18122.	    6.	    0.	    0.	    1.]
 [   29.	 2921.	    0.	   47.	    0.]
 [    0.	    0.	    0.	    0.	    0.]
 [   11.	    6.	    0.	 1057.	    0.]
 [    0.	    0.	    0.	    0.	    0.]
2026-01-29 22:28:04,553 - INFO - Change Type PA (Recall) Matrix
 [[0.    	0.8702	0.    	0.9824	0.    ]
 [1.    	0.    	0.    	0.    	0.    ]
 [0.    	0.    	0.    	0.    	0.    ]
 [0.    	0.9787	0.    	0.    	0.    ]
 [0.    	0.    	0.    	0.    	0.    ]]
2026-01-29 22:28:04,553 - INFO - Change Type UA (Precision) Matrix
 [[0.    	0.9421	0.    	0.9076	0.    ]
 [0.5714	0.    	0.    	0.    	0.    ]
 [0.    	0.    	0.    	0.    	0.    ]
 [0.    	1.    	0.    	0.    	0.    ]
 [0.    	0.    	0.    	0.    	0.    ]]
2026-01-29 22:28:04,553 - INFO - Change Type F1 Matrix
 [[0.    	0.9048	0.    	0.9435	0.    ]
 [0.7273	0.    	0.    	0.    	0.    ]
 [0.    	0.    	0.    	0.    	0.    ]
 [0.    	0.9892	0.    	0.    	0.    ]
 [0.    	0.    	0.    	0.    	0.    ]]
2026-01-29 22:28:04,553 - INFO - Epoch 0 saved.
