2026-01-29 22:28:04,658 - INFO - Epoch 0, Train loss: 0.0
2026-01-29 22:28:04,658 - INFO - mIoU: 0.9515; OA: 0.9764; AA: 0.9773; F1: 0.9749; Kappa: 0.9567;
2026-01-29 22:28:04,658 - INFO - spatial_LccAccuracy: 0.8259; spatial_PA: 1.0; spatial_UA: 1.0; spatial_F1: 1.0; weighted_F1: 0.8425
2026-01-29 22:28:04,658 - INFO - temporal_CdAccuracy: 0.8259; temporal_PA: 0.9452; temporal_UA: 0.897; temporal_F1: 0.9205
2026-01-29 22:28:04,658 - INFO - Confusion Matrix
 [7025.	 146.	   0.	   0.	   0.]
 [ 113.	5386.	  29.	   2.	   0.]
 [   0.	  27.	 581.	   0.	   0.]
 [   0.	   0.	   0.	 131.	   0.]
 [   0.	   0.	   0.	   0.	   0.]
2026-01-29 22:28:04,658 - INFO - Change Type PA (Recall) Matrix
 [[0.    	0.9389	0.5   	1.    	0.    ]
 [0.8478	0.    	0.7368	0.    	0.    ]
 [0.    	0.8421	0.    	0.    	0.    ]
 [0.    	0.    	0.    	0.    	0.    ]
 [0.    	0.    	0.    	0.    	0.    ]]
2026-01-29 22:28:04,658 - INFO - Change Type UA (Precision) Matrix
 [[0.    	0.8579	1.    	0.9231	0.    ]
 [0.6094	0.    	0.6829	0.    	0.    ]
 [0.    	0.8889	0.    	0.    	0.    ]
 [0.    	0.    	0.    	0.    	0.    ]
 [0.    	0.    	0.    	0.    	0.    ]]
2026-01-29 22:28:04,658 - INFO - Change Type F1 Matrix
 [[0.    	0.8966	0.6667	0.96  	0.    ]
 [0.7091	0.    	0.7089	0.    	0.    ]
 [0.    	0.8649	0.    	0.    	0.    ]
 [0.    	0.    	0.    	0.    	0.    ]
 [0.    	0.    	0.    	0.    	0.    ]]
2026-01-29 22:28:04,660 - INFO - Epoch 0 saved.
