2026-02-22 20:06:55,474 - INFO - Epoch 0, Train loss: 0.0
2026-02-22 20:06:55,474 - INFO - mIoU: 0.7119; OA: 0.9429; AA: 0.8017; F1: 0.8006; cls_weighted_F1: 0.9428; Kappa: 0.893;
2026-02-22 20:06:55,474 - INFO - spatial_LccAccuracy: 0.6813; spatial_PA: 0.7544; spatial_UA: 0.974; spatial_F1: 0.8503; weighted_F1: 0.8289
2026-02-22 20:06:55,474 - INFO - temporal_CdAccuracy: 0.6831; temporal_PA: 0.8822; temporal_UA: 0.8202; temporal_F1: 0.8501
2026-02-22 20:06:55,474 - INFO - Confusion Matrix
 [14921.	  418.	    1.	    0.	   61.]
 [  993.	16254.	  118.	    0.	  102.]
 [    0.	  141.	  103.	    0.	    0.]
 [    0.	    0.	    0.	    0.	    0.]
 [    8.	  103.	    0.	    0.	  857.]
2026-02-22 20:06:55,474 - INFO - Change Type PA (Recall) Matrix
 [[0.    	0.9524	0.    	0.    	0.    ]
 [0.5455	0.    	0.5429	0.    	0.8   ]
 [0.    	0.5429	0.    	0.    	0.    ]
 [0.    	0.    	0.    	0.    	0.    ]
 [0.    	0.    	0.    	0.    	0.    ]]
2026-02-22 20:06:55,474 - INFO - Change Type UA (Precision) Matrix
 [[0.    	0.8377	0.    	0.    	0.    ]
 [0.1429	0.    	0.6552	0.    	0.7333]
 [0.    	0.7917	0.    	0.    	0.    ]
 [0.    	0.    	0.    	0.    	0.    ]
 [0.    	0.    	0.    	0.    	0.    ]]
2026-02-22 20:06:55,474 - INFO - Change Type F1 Matrix
 [[0.    	0.8914	0.    	0.    	0.    ]
 [0.2264	0.    	0.5937	0.    	0.7652]
 [0.    	0.6441	0.    	0.    	0.    ]
 [0.    	0.    	0.    	0.    	0.    ]
 [0.    	0.    	0.    	0.    	0.    ]]
2026-02-22 20:06:55,476 - INFO - Epoch 0 saved.
