<<<<<<< HEAD
2026-01-22 16:52:07,335 - INFO - Epoch 0, Train loss: 0.0
2026-01-22 16:52:07,335 - INFO - mIoU: 0.7518; OA: 0.9905; AA: 0.7771; F1: 0.7735; Kappa: 0.9839;
2026-01-22 16:52:07,335 - INFO - spatial_LccAccuracy: 0.924; spatial_PA: 1.0; spatial_UA: 1.0; spatial_F1: 1.0; weighted_F1: 0.9241
2026-01-22 16:52:07,336 - INFO - temporal_CdAccuracy: 0.9349; temporal_PA: 0.9634; temporal_UA: 0.97; temporal_F1: 0.9667
2026-01-22 16:52:07,336 - INFO - Confusion Matrix
=======
2025-12-13 21:53:44,414 - INFO - Epoch 0, Train loss: 0.0
2025-12-13 21:53:44,414 - INFO - mIoU: 0.7518; OA: 0.9905; AA: 0.7771; F1: 0.7735; Kappa: 0.9839;
2025-12-13 21:53:44,414 - INFO - spatial_LccAccuracy: 0.9444; spatial_PA: 1.0; spatial_UA: 1.0; spatial_F1: 1.0
2025-12-13 21:53:44,415 - INFO - temporal_CdAccuracy: 0.9349; temporal_PA: 0.9634; temporal_UA: 0.97; temporal_F1: 0.9667
2025-12-13 21:53:44,415 - INFO - Confusion Matrix
>>>>>>> 93175a06c110e941919a0524e265707df6271051
 [23258.	   89.	   17.	    0.	    0.]
 [  156.	15311.	   86.	    0.	    0.]
 [   13.	   57.	  673.	    0.	    0.]
 [    0.	    0.	    0.	    0.	    0.]
 [    0.	    0.	    0.	    0.	 4560.]
<<<<<<< HEAD
2026-01-22 16:52:07,337 - INFO - Change Type PA (Recall) Matrix
=======
2025-12-13 21:53:44,416 - INFO - Change Type PA (Recall) Matrix
>>>>>>> 93175a06c110e941919a0524e265707df6271051
 [[0.    	0.9474	0.8409	0.    	0.    ]
 [0.8354	0.    	0.7632	0.    	0.    ]
 [0.    	0.    	0.    	0.    	0.    ]
 [0.    	0.    	0.    	0.    	0.    ]
 [0.    	0.    	0.    	0.    	0.    ]]
<<<<<<< HEAD
2026-01-22 16:52:07,337 - INFO - Change Type UA (Precision) Matrix
=======
2025-12-13 21:53:44,417 - INFO - Change Type UA (Precision) Matrix
>>>>>>> 93175a06c110e941919a0524e265707df6271051
 [[0.    	0.9615	0.7255	0.    	0.    ]
 [0.9167	0.    	0.8788	0.    	0.    ]
 [0.    	0.    	0.    	0.    	0.    ]
 [0.    	0.    	0.    	0.    	0.    ]
 [0.    	0.    	0.    	0.    	0.    ]]
<<<<<<< HEAD
2026-01-22 16:52:07,338 - INFO - Change Type F1 Matrix
=======
2025-12-13 21:53:44,418 - INFO - Change Type F1 Matrix
>>>>>>> 93175a06c110e941919a0524e265707df6271051
 [[0.    	0.9544	0.7789	0.    	0.    ]
 [0.8742	0.    	0.8169	0.    	0.    ]
 [0.    	0.    	0.    	0.    	0.    ]
 [0.    	0.    	0.    	0.    	0.    ]
 [0.    	0.    	0.    	0.    	0.    ]]
<<<<<<< HEAD
2026-01-22 16:52:07,339 - INFO - Epoch 0 saved.
=======
2025-12-13 21:53:44,418 - INFO - Epoch 0 saved.
>>>>>>> 93175a06c110e941919a0524e265707df6271051
