2025-12-13 21:53:44,708 - INFO - Epoch 0, Train loss: 0.0
2025-12-13 21:53:44,708 - INFO - mIoU: 0.4848; OA: 0.9776; AA: 0.5182; F1: 0.5265; Kappa: 0.9521;
2025-12-13 21:53:44,708 - INFO - spatial_LccAccuracy: 0.8569; spatial_PA: 0.9897; spatial_UA: 0.9828; spatial_F1: 0.9863
2025-12-13 21:53:44,708 - INFO - temporal_CdAccuracy: 0.767; temporal_PA: 0.9218; temporal_UA: 0.9407; temporal_F1: 0.9311
2025-12-13 21:53:44,709 - INFO - Confusion Matrix
 [11599.	  499.	    0.	    0.	    0.]
 [  154.	20284.	   33.	    0.	    0.]
 [    0.	   47.	   84.	    0.	    0.]
 [    0.	    0.	    0.	    0.	    0.]
 [    0.	    0.	    0.	    0.	    0.]
2025-12-13 21:53:44,710 - INFO - Change Type PA (Recall) Matrix
 [[0.    	0.9183	0.    	0.    	0.    ]
 [0.8385	0.    	0.6   	0.    	0.    ]
 [0.    	0.5   	0.    	0.    	0.    ]
 [0.    	0.    	0.    	0.    	0.    ]
 [0.    	0.    	0.    	0.    	0.    ]]
2025-12-13 21:53:44,711 - INFO - Change Type UA (Precision) Matrix
 [[0.    	0.9602	0.    	0.    	0.    ]
 [0.9215	0.    	0.2727	0.    	0.    ]
 [0.    	0.0909	0.    	0.    	0.    ]
 [0.    	0.    	0.    	0.    	0.    ]
 [0.    	0.    	0.    	0.    	0.    ]]
2025-12-13 21:53:44,712 - INFO - Change Type F1 Matrix
 [[0.    	0.9388	0.    	0.    	0.    ]
 [0.878 	0.    	0.375 	0.    	0.    ]
 [0.    	0.1538	0.    	0.    	0.    ]
 [0.    	0.    	0.    	0.    	0.    ]
 [0.    	0.    	0.    	0.    	0.    ]]
2025-12-13 21:53:44,712 - INFO - Epoch 0 saved.
