2025-12-13 21:53:44,911 - INFO - Epoch 0, Train loss: 0.0
2025-12-13 21:53:44,912 - INFO - mIoU: 0.5793; OA: 0.9947; AA: 0.5908; F1: 0.5894; Kappa: 0.983;
2025-12-13 21:53:44,912 - INFO - spatial_LccAccuracy: 0.9243; spatial_PA: 0.9783; spatial_UA: 0.9951; spatial_F1: 0.9866
2025-12-13 21:53:44,912 - INFO - temporal_CdAccuracy: 0.9459; temporal_PA: 0.9882; temporal_UA: 0.9731; temporal_F1: 0.9806
2025-12-13 21:53:44,913 - INFO - Confusion Matrix
 [18106.	   20.	    0.	    3.	    0.]
 [   27.	 2924.	    0.	   46.	    0.]
 [    0.	    0.	    0.	    0.	    0.]
 [    2.	   20.	    0.	 1052.	    0.]
 [    0.	    0.	    0.	    0.	    0.]
2025-12-13 21:53:44,914 - INFO - Change Type PA (Recall) Matrix
 [[0.    	0.9084	0.    	0.9588	0.    ]
 [1.    	0.    	0.    	0.    	0.    ]
 [0.    	0.    	0.    	0.    	0.    ]
 [0.    	1.    	0.    	0.    	0.    ]
 [0.    	0.    	0.    	0.    	0.    ]]
2025-12-13 21:53:44,915 - INFO - Change Type UA (Precision) Matrix
 [[0.    	0.9225	0.    	0.9261	0.    ]
 [0.8   	0.    	0.    	0.    	0.    ]
 [0.    	0.    	0.    	0.    	0.    ]
 [0.    	0.94  	0.    	0.    	0.    ]
 [0.    	0.    	0.    	0.    	0.    ]]
2025-12-13 21:53:44,916 - INFO - Change Type F1 Matrix
 [[0.    	0.9154	0.    	0.9422	0.    ]
 [0.8889	0.    	0.    	0.    	0.    ]
 [0.    	0.    	0.    	0.    	0.    ]
 [0.    	0.9691	0.    	0.    	0.    ]
 [0.    	0.    	0.    	0.    	0.    ]]
2025-12-13 21:53:44,916 - INFO - Epoch 0 saved.
