2025-12-13 21:53:45,047 - INFO - Epoch 0, Train loss: 0.0
2025-12-13 21:53:45,047 - INFO - mIoU: 0.7452; OA: 0.9692; AA: 0.78; F1: 0.7712; Kappa: 0.9436;
2025-12-13 21:53:45,048 - INFO - spatial_LccAccuracy: 0.9107; spatial_PA: 1.0; spatial_UA: 1.0; spatial_F1: 1.0
2025-12-13 21:53:45,048 - INFO - temporal_CdAccuracy: 0.7455; temporal_PA: 0.899; temporal_UA: 0.8621; temporal_F1: 0.8802
2025-12-13 21:53:45,049 - INFO - Confusion Matrix
 [7026.	 139.	   2.	   0.	   4.]
 [ 173.	5274.	  81.	   1.	   1.]
 [   0.	  11.	 597.	   0.	   0.]
 [   2.	   0.	   0.	 129.	   0.]
 [   0.	   0.	   0.	   0.	   0.]
2025-12-13 21:53:45,050 - INFO - Change Type PA (Recall) Matrix
 [[0.    	0.9556	0.5   	1.    	0.    ]
 [0.9565	0.    	0.8421	0.    	0.    ]
 [0.    	1.    	0.    	0.    	0.    ]
 [0.    	0.    	0.    	0.    	0.    ]
 [0.    	0.    	0.    	0.    	0.    ]]
2025-12-13 21:53:45,051 - INFO - Change Type UA (Precision) Matrix
 [[0.    	0.9101	0.25  	1.    	0.    ]
 [0.7333	0.    	0.7805	0.    	0.    ]
 [0.    	0.8636	0.    	0.    	0.    ]
 [0.    	0.    	0.    	0.    	0.    ]
 [0.    	0.    	0.    	0.    	0.    ]]
2025-12-13 21:53:45,051 - INFO - Change Type F1 Matrix
 [[0.    	0.9322	0.3333	1.    	0.    ]
 [0.8302	0.    	0.8101	0.    	0.    ]
 [0.    	0.9268	0.    	0.    	0.    ]
 [0.    	0.    	0.    	0.    	0.    ]
 [0.    	0.    	0.    	0.    	0.    ]]
2025-12-13 21:53:45,052 - INFO - Epoch 0 saved.
