2026-01-29 17:01:54,250 - INFO - Epoch 0, Train loss: 0.0
2026-01-29 17:01:54,252 - INFO - mIoU: 0.6229; OA: 0.9487; AA: 0.8695; F1: 0.9031; Kappa: 0.902;
2026-01-29 17:01:54,252 - INFO - spatial_LccAccuracy: 0.7148; spatial_PA: 0.7456; spatial_UA: 0.9713; spatial_F1: 0.8436; weighted_F1: 0.8429
2026-01-29 17:01:54,252 - INFO - temporal_CdAccuracy: 0.7167; temporal_PA: 0.9127; temporal_UA: 0.8226; temporal_F1: 0.8653
2026-01-29 17:01:54,252 - INFO - Confusion Matrix
 [13862.	  396.	    0.	    0.	   23.]
 [  899.	15806.	   18.	    0.	    8.]
 [    0.	    0.	    0.	    0.	    0.]
 [    0.	    0.	    0.	    0.	    0.]
 [   73.	  222.	    2.	    0.	  671.]
2026-01-29 17:01:54,253 - INFO - Change Type PA (Recall) Matrix
 [[0.    	0.9616	0.    	0.    	0.    ]
 [0.5909	0.    	0.    	0.    	0.5455]
 [0.    	0.    	0.    	0.    	0.    ]
 [0.    	0.    	0.    	0.    	0.    ]
 [0.    	0.    	0.    	0.    	0.    ]]
2026-01-29 17:01:54,254 - INFO - Change Type UA (Precision) Matrix
 [[0.    	0.8352	0.    	0.    	0.    ]
 [0.1444	0.    	0.    	0.    	0.8108]
 [0.    	0.    	0.    	0.    	0.    ]
 [0.    	0.    	0.    	0.    	0.    ]
 [0.    	0.    	0.    	0.    	0.    ]]
2026-01-29 17:01:54,255 - INFO - Change Type F1 Matrix
 [[0.    	0.894 	0.    	0.    	0.    ]
 [0.2321	0.    	0.    	0.    	0.6522]
 [0.    	0.    	0.    	0.    	0.    ]
 [0.    	0.    	0.    	0.    	0.    ]
 [0.    	0.    	0.    	0.    	0.    ]]
2026-01-29 17:01:54,255 - INFO - Epoch 0 saved.
