2026-01-29 17:01:55,348 - INFO - Epoch 0, Train loss: 0.0
2026-01-29 17:01:55,349 - INFO - mIoU: 0.7586; OA: 0.974; AA: 0.9706; F1: 0.973; Kappa: 0.952;
2026-01-29 17:01:55,349 - INFO - spatial_LccAccuracy: 0.8259; spatial_PA: 1.0; spatial_UA: 1.0; spatial_F1: 1.0; weighted_F1: 0.896
2026-01-29 17:01:55,350 - INFO - temporal_CdAccuracy: 0.8259; temporal_PA: 0.9493; temporal_UA: 0.9203; temporal_F1: 0.9346
2026-01-29 17:01:55,350 - INFO - Confusion Matrix
 [7070.	 101.	   0.	   0.	   0.]
 [ 180.	5321.	  28.	   0.	   1.]
 [   0.	  40.	 568.	   0.	   0.]
 [   0.	   0.	   0.	 131.	   0.]
 [   0.	   0.	   0.	   0.	   0.]
2026-01-29 17:01:55,351 - INFO - Change Type PA (Recall) Matrix
 [[0.    	0.95  	0.5   	1.    	0.    ]
 [0.9348	0.    	0.7632	0.    	0.    ]
 [0.    	1.    	0.    	0.    	0.    ]
 [0.    	0.    	0.    	0.    	0.    ]
 [0.    	0.    	0.    	0.    	0.    ]]
2026-01-29 17:01:55,351 - INFO - Change Type UA (Precision) Matrix
 [[0.    	0.9243	0.3333	1.    	0.    ]
 [0.7414	0.    	0.7632	0.    	0.    ]
 [0.    	0.8636	0.    	0.    	0.    ]
 [0.    	0.    	0.    	0.    	0.    ]
 [0.    	0.    	0.    	0.    	0.    ]]
2026-01-29 17:01:55,352 - INFO - Change Type F1 Matrix
 [[0.    	0.937 	0.4   	1.    	0.    ]
 [0.8269	0.    	0.7632	0.    	0.    ]
 [0.    	0.9268	0.    	0.    	0.    ]
 [0.    	0.    	0.    	0.    	0.    ]
 [0.    	0.    	0.    	0.    	0.    ]]
2026-01-29 17:01:55,352 - INFO - Epoch 0 saved.
