2026-03-19 14:43:09,595 - INFO - Epoch 0, Train loss: 0.0
2026-03-19 14:43:09,595 - INFO - mIoU: 0.6804; OA: 0.9588; AA: 0.9483; F1: 0.9173; cls_weighted_F1: 0.9589; Kappa: 0.9229;
2026-03-19 14:43:09,595 - INFO - spatial_LccAccuracy: 0.7826; spatial_PA: 0.8324; spatial_UA: 0.9695; spatial_F1: 0.8957; weighted_F1: 0.8691
2026-03-19 14:43:09,596 - INFO - temporal_CdAccuracy: 0.7843; temporal_PA: 0.9349; temporal_UA: 0.861; temporal_F1: 0.8964
2026-03-19 14:43:09,596 - INFO - Confusion Matrix
 [15050.	  517.	    0.	    2.	   56.]
 [  578.	16893.	   90.	    0.	   53.]
 [    0.	    0.	  293.	    0.	    0.]
 [    0.	    0.	    0.	    0.	    0.]
 [    0.	  125.	    0.	    0.	  843.]
2026-03-19 14:43:09,597 - INFO - Change Type PA (Recall) Matrix
 [[0.    	0.9393	0.    	0.    	0.    ]
 [0.5455	0.    	1.    	0.    	0.7818]
 [0.    	1.    	0.    	0.    	0.    ]
 [0.    	0.    	0.    	0.    	0.    ]
 [0.    	0.    	0.    	0.    	0.    ]]
2026-03-19 14:43:09,597 - INFO - Change Type UA (Precision) Matrix
 [[0.    	0.8526	0.    	0.    	0.    ]
 [0.1622	0.    	0.9545	0.    	0.6418]
 [0.    	1.    	0.    	0.    	0.    ]
 [0.    	0.    	0.    	0.    	0.    ]
 [0.    	0.    	0.    	0.    	0.    ]]
2026-03-19 14:43:09,598 - INFO - Change Type F1 Matrix
 [[0.    	0.8939	0.    	0.    	0.    ]
 [0.25  	0.    	0.9767	0.    	0.7049]
 [0.    	1.    	0.    	0.    	0.    ]
 [0.    	0.    	0.    	0.    	0.    ]
 [0.    	0.    	0.    	0.    	0.    ]]
2026-03-19 14:43:09,598 - INFO - Epoch 0 saved.
