2026-03-19 14:43:09,683 - INFO - Epoch 0, Train loss: 0.0
2026-03-19 14:43:09,684 - INFO - mIoU: 0.9576; OA: 0.9876; AA: 0.9792; F1: 0.9781; cls_weighted_F1: 0.9876; Kappa: 0.9771;
2026-03-19 14:43:09,684 - INFO - spatial_LccAccuracy: 0.873; spatial_PA: 1.0; spatial_UA: 1.0; spatial_F1: 1.0; weighted_F1: 0.9689
2026-03-19 14:43:09,684 - INFO - temporal_CdAccuracy: 0.873; temporal_PA: 0.9039; temporal_UA: 0.8892; temporal_F1: 0.8965
2026-03-19 14:43:09,684 - INFO - Confusion Matrix
 [1515.	  72.	   0.	   0.	   0.]
 [  22.	1271.	   0.	   0.	   0.]
 [   0.	   0.	   0.	   0.	   0.]
 [   0.	   0.	   0.	   0.	   0.]
 [   0.	   0.	   0.	   0.	4680.]
2026-03-19 14:43:09,684 - INFO - Change Type PA (Recall) Matrix
 [[0.    	0.9792	0.    	0.    	0.    ]
 [1.    	0.    	0.    	0.    	0.    ]
 [0.    	0.    	0.    	0.    	0.    ]
 [0.    	0.    	0.    	0.    	0.    ]
 [0.    	0.    	0.    	0.    	0.    ]]
2026-03-19 14:43:09,684 - INFO - Change Type UA (Precision) Matrix
 [[0.    	0.9592	0.    	0.    	0.    ]
 [0.9394	0.    	0.    	0.    	0.    ]
 [0.    	0.    	0.    	0.    	0.    ]
 [0.    	0.    	0.    	0.    	0.    ]
 [0.    	0.    	0.    	0.    	0.    ]]
2026-03-19 14:43:09,684 - INFO - Change Type F1 Matrix
 [[0.    	0.9691	0.    	0.    	0.    ]
 [0.9688	0.    	0.    	0.    	0.    ]
 [0.    	0.    	0.    	0.    	0.    ]
 [0.    	0.    	0.    	0.    	0.    ]
 [0.    	0.    	0.    	0.    	0.    ]]
2026-03-19 14:43:09,684 - INFO - Epoch 0 saved.
