2026-03-19 14:43:10,089 - INFO - Epoch 0, Train loss: 0.0
2026-03-19 14:43:10,090 - INFO - mIoU: 0.9746; OA: 0.9904; AA: 0.9907; F1: 0.9869; cls_weighted_F1: 0.9904; Kappa: 0.9832;
2026-03-19 14:43:10,090 - INFO - spatial_LccAccuracy: 0.928; spatial_PA: 0.986; spatial_UA: 0.9927; spatial_F1: 0.9893; weighted_F1: 0.9309
2026-03-19 14:43:10,091 - INFO - temporal_CdAccuracy: 0.9294; temporal_PA: 0.9771; temporal_UA: 0.9565; temporal_F1: 0.9667
2026-03-19 14:43:10,091 - INFO - Confusion Matrix
 [24644.	  169.	    0.	    0.	    0.]
 [  163.	12759.	   62.	    0.	    0.]
 [   10.	   11.	  921.	    0.	    0.]
 [    0.	    0.	    0.	   21.	    0.]
 [    0.	    0.	    0.	    0.	 4560.]
2026-03-19 14:43:10,092 - INFO - Change Type PA (Recall) Matrix
 [[0.    	0.9651	0.9512	0.8571	0.    ]
 [0.9452	0.    	0.8904	0.    	0.    ]
 [0.    	0.5   	0.    	0.    	0.    ]
 [0.    	0.    	0.    	0.    	0.    ]
 [0.    	0.    	0.    	0.    	0.    ]]
2026-03-19 14:43:10,092 - INFO - Change Type UA (Precision) Matrix
 [[0.    	0.9485	0.7959	0.8571	0.    ]
 [0.8214	0.    	0.8667	0.    	0.    ]
 [0.    	0.3333	0.    	0.    	0.    ]
 [0.    	0.    	0.    	0.    	0.    ]
 [0.    	0.    	0.    	0.    	0.    ]]
2026-03-19 14:43:10,093 - INFO - Change Type F1 Matrix
 [[0.    	0.9567	0.8667	0.8571	0.    ]
 [0.879 	0.    	0.8784	0.    	0.    ]
 [0.    	0.4   	0.    	0.    	0.    ]
 [0.    	0.    	0.    	0.    	0.    ]
 [0.    	0.    	0.    	0.    	0.    ]]
2026-03-19 14:43:10,093 - INFO - Epoch 0 saved.
