2026-03-19 14:43:10,442 - INFO - Epoch 0, Train loss: 0.0
2026-03-19 14:43:10,443 - INFO - mIoU: 0.8761; OA: 0.9804; AA: 0.9301; F1: 0.9291; cls_weighted_F1: 0.9804; Kappa: 0.9602;
2026-03-19 14:43:10,443 - INFO - spatial_LccAccuracy: 0.8105; spatial_PA: 1.0; spatial_UA: 1.0; spatial_F1: 1.0; weighted_F1: 0.9415
2026-03-19 14:43:10,443 - INFO - temporal_CdAccuracy: 0.8105; temporal_PA: 0.9521; temporal_UA: 0.9445; temporal_F1: 0.9483
2026-03-19 14:43:10,444 - INFO - Confusion Matrix
 [14417.	  385.	    0.	    0.	    0.]
 [  213.	21304.	   62.	    0.	    0.]
 [    0.	   58.	  281.	    0.	    0.]
 [    0.	    0.	    0.	    0.	    0.]
 [    0.	    0.	    0.	    0.	    0.]
2026-03-19 14:43:10,444 - INFO - Change Type PA (Recall) Matrix
 [[0.    	0.9595	0.    	0.    	0.    ]
 [0.926 	0.    	0.9636	0.    	0.    ]
 [0.    	0.9375	0.    	0.    	0.    ]
 [0.    	0.    	0.    	0.    	0.    ]
 [0.    	0.    	0.    	0.    	0.    ]]
2026-03-19 14:43:10,445 - INFO - Change Type UA (Precision) Matrix
 [[0.    	0.9513	0.    	0.    	0.    ]
 [0.9062	0.    	0.9138	0.    	0.    ]
 [0.    	0.75  	0.    	0.    	0.    ]
 [0.    	0.    	0.    	0.    	0.    ]
 [0.    	0.    	0.    	0.    	0.    ]]
2026-03-19 14:43:10,446 - INFO - Change Type F1 Matrix
 [[0.    	0.9554	0.    	0.    	0.    ]
 [0.916 	0.    	0.9381	0.    	0.    ]
 [0.    	0.8333	0.    	0.    	0.    ]
 [0.    	0.    	0.    	0.    	0.    ]
 [0.    	0.    	0.    	0.    	0.    ]]
2026-03-19 14:43:10,446 - INFO - Epoch 0 saved.
