2026-03-19 14:43:10,978 - INFO - Epoch 0, Train loss: 0.0
2026-03-19 14:43:10,978 - INFO - mIoU: 0.9735; OA: 0.996; AA: 0.9905; F1: 0.9865; cls_weighted_F1: 0.996; Kappa: 0.9872;
2026-03-19 14:43:10,979 - INFO - spatial_LccAccuracy: 0.9377; spatial_PA: 0.9918; spatial_UA: 0.9984; spatial_F1: 0.9951; weighted_F1: 0.9481
2026-03-19 14:43:10,979 - INFO - temporal_CdAccuracy: 0.9756; temporal_PA: 0.9951; temporal_UA: 0.9884; temporal_F1: 0.9917
2026-03-19 14:43:10,979 - INFO - Confusion Matrix
 [18105.	   14.	    0.	    5.	    0.]
 [   11.	 2699.	    0.	   52.	    0.]
 [    0.	    0.	    0.	    0.	    0.]
 [    0.	    6.	    0.	 1248.	    0.]
 [    0.	    0.	    0.	    0.	    0.]
2026-03-19 14:43:10,980 - INFO - Change Type PA (Recall) Matrix
 [[0.    	0.8496	0.    	0.9897	0.    ]
 [1.    	0.    	0.    	0.    	0.    ]
 [0.    	0.    	0.    	0.    	0.    ]
 [0.    	1.    	0.    	0.    	0.    ]
 [0.    	0.    	0.    	0.    	0.    ]]
2026-03-19 14:43:10,981 - INFO - Change Type UA (Precision) Matrix
 [[0.    	0.9697	0.    	0.919 	0.    ]
 [0.7778	0.    	0.    	0.    	0.    ]
 [0.    	0.    	0.    	0.    	0.    ]
 [0.    	0.9739	0.    	0.    	0.    ]
 [0.    	0.    	0.    	0.    	0.    ]]
2026-03-19 14:43:10,982 - INFO - Change Type F1 Matrix
 [[0.    	0.9057	0.    	0.9531	0.    ]
 [0.875 	0.    	0.    	0.    	0.    ]
 [0.    	0.    	0.    	0.    	0.    ]
 [0.    	0.9868	0.    	0.    	0.    ]
 [0.    	0.    	0.    	0.    	0.    ]]
2026-03-19 14:43:10,982 - INFO - Epoch 0 saved.
