2026-03-19 14:43:11,152 - INFO - Epoch 0, Train loss: 0.0
2026-03-19 14:43:11,152 - INFO - mIoU: 0.9639; OA: 0.978; AA: 0.9832; F1: 0.9816; cls_weighted_F1: 0.978; Kappa: 0.9632;
2026-03-19 14:43:11,152 - INFO - spatial_LccAccuracy: 0.813; spatial_PA: 0.9811; spatial_UA: 0.9944; spatial_F1: 0.9877; weighted_F1: 0.9129
2026-03-19 14:43:11,153 - INFO - temporal_CdAccuracy: 0.813; temporal_PA: 0.9517; temporal_UA: 0.9034; temporal_F1: 0.9269
2026-03-19 14:43:11,153 - INFO - Confusion Matrix
 [5970.	 190.	   2.	   3.	   0.]
 [  64.	6045.	  30.	   0.	   0.]
 [   0.	   9.	1072.	   0.	   0.]
 [   5.	   0.	   0.	 410.	   0.]
 [   0.	   0.	   0.	   0.	   0.]
2026-03-19 14:43:11,153 - INFO - Change Type PA (Recall) Matrix
 [[0.    	0.9722	0.    	1.    	0.    ]
 [0.9839	0.    	0.8966	0.    	0.    ]
 [1.    	0.9756	0.    	0.    	0.    ]
 [0.    	0.    	0.    	0.    	0.    ]
 [0.    	0.    	0.    	0.    	0.    ]]
2026-03-19 14:43:11,153 - INFO - Change Type UA (Precision) Matrix
 [[0.    	0.8696	0.    	1.    	0.    ]
 [0.7625	0.    	0.7647	0.    	0.    ]
 [1.    	0.9756	0.    	0.    	0.    ]
 [0.    	0.    	0.    	0.    	0.    ]
 [0.    	0.    	0.    	0.    	0.    ]]
2026-03-19 14:43:11,154 - INFO - Change Type F1 Matrix
 [[0.    	0.918 	0.    	1.    	0.    ]
 [0.8592	0.    	0.8254	0.    	0.    ]
 [1.    	0.9756	0.    	0.    	0.    ]
 [0.    	0.    	0.    	0.    	0.    ]
 [0.    	0.    	0.    	0.    	0.    ]]
2026-03-19 14:43:11,154 - INFO - Epoch 0 saved.
