2026-01-29 22:28:06,750 - INFO - Epoch 0, Train loss: 0.0
2026-01-29 22:28:06,750 - INFO - mIoU: 0.881; OA: 0.9813; AA: 0.9013; F1: 0.9326; Kappa: 0.9604;
2026-01-29 22:28:06,750 - INFO - spatial_LccAccuracy: 0.8183; spatial_PA: 0.9979; spatial_UA: 0.9841; spatial_F1: 0.991; weighted_F1: 0.9513
2026-01-29 22:28:06,750 - INFO - temporal_CdAccuracy: 0.8202; temporal_PA: 0.9501; temporal_UA: 0.9439; temporal_F1: 0.947
2026-01-29 22:28:06,750 - INFO - Confusion Matrix
 [11850.	  248.	    0.	    0.	    0.]
 [  324.	20143.	    4.	    0.	    0.]
 [    0.	   34.	   97.	    0.	    0.]
 [    0.	    0.	    0.	    0.	    0.]
 [    0.	    0.	    0.	    0.	    0.]
2026-01-29 22:28:06,750 - INFO - Change Type PA (Recall) Matrix
 [[0.    	0.9704	0.    	0.    	0.    ]
 [0.9503	0.    	0.6   	0.    	0.    ]
 [0.    	0.    	0.    	0.    	0.    ]
 [0.    	0.    	0.    	0.    	0.    ]
 [0.    	0.    	0.    	0.    	0.    ]]
2026-01-29 22:28:06,751 - INFO - Change Type UA (Precision) Matrix
 [[0.    	0.9609	0.    	0.    	0.    ]
 [0.9162	0.    	0.75  	0.    	0.    ]
 [0.    	0.    	0.    	0.    	0.    ]
 [0.    	0.    	0.    	0.    	0.    ]
 [0.    	0.    	0.    	0.    	0.    ]]
2026-01-29 22:28:06,751 - INFO - Change Type F1 Matrix
 [[0.    	0.9657	0.    	0.    	0.    ]
 [0.9329	0.    	0.6667	0.    	0.    ]
 [0.    	0.    	0.    	0.    	0.    ]
 [0.    	0.    	0.    	0.    	0.    ]
 [0.    	0.    	0.    	0.    	0.    ]]
2026-01-29 22:28:06,751 - INFO - Epoch 0 saved.
