2026-01-29 17:02:03,062 - INFO - Epoch 0, Train loss: 0.0
2026-01-29 17:02:03,063 - INFO - mIoU: 0.6599; OA: 0.983; AA: 0.9022; F1: 0.9314; Kappa: 0.964;
2026-01-29 17:02:03,063 - INFO - spatial_LccAccuracy: 0.8606; spatial_PA: 0.9908; spatial_UA: 0.9908; spatial_F1: 0.9908; weighted_F1: 0.9434
2026-01-29 17:02:03,063 - INFO - temporal_CdAccuracy: 0.8606; temporal_PA: 0.962; temporal_UA: 0.9557; temporal_F1: 0.9588
2026-01-29 17:02:03,064 - INFO - Confusion Matrix
 [11851.	  247.	    0.	    0.	    0.]
 [  268.	20197.	    6.	    0.	    0.]
 [    1.	   32.	   97.	    0.	    1.]
 [    0.	    0.	    0.	    0.	    0.]
 [    0.	    0.	    0.	    0.	    0.]
2026-01-29 17:02:03,064 - INFO - Change Type PA (Recall) Matrix
 [[0.    	0.9648	0.    	0.    	0.    ]
 [0.9317	0.    	0.4   	0.    	0.    ]
 [0.    	0.    	0.    	0.    	0.    ]
 [0.    	0.    	0.    	0.    	0.    ]
 [0.    	0.    	0.    	0.    	0.    ]]
2026-01-29 17:02:03,065 - INFO - Change Type UA (Precision) Matrix
 [[0.    	0.9554	0.    	0.    	0.    ]
 [0.9174	0.    	0.3333	0.    	0.    ]
 [0.    	0.    	0.    	0.    	0.    ]
 [0.    	0.    	0.    	0.    	0.    ]
 [0.    	0.    	0.    	0.    	0.    ]]
2026-01-29 17:02:03,066 - INFO - Change Type F1 Matrix
 [[0.    	0.9601	0.    	0.    	0.    ]
 [0.9245	0.    	0.3636	0.    	0.    ]
 [0.    	0.    	0.    	0.    	0.    ]
 [0.    	0.    	0.    	0.    	0.    ]
 [0.    	0.    	0.    	0.    	0.    ]]
2026-01-29 17:02:03,066 - INFO - Epoch 0 saved.
