2026-01-29 17:02:03,245 - INFO - Epoch 0, Train loss: 0.0
2026-01-29 17:02:03,245 - INFO - mIoU: 0.9776; OA: 0.9967; AA: 0.985; F1: 0.9886; Kappa: 0.9895;
2026-01-29 17:02:03,245 - INFO - spatial_LccAccuracy: 0.9514; spatial_PA: 0.9967; spatial_UA: 0.9859; spatial_F1: 0.9913; weighted_F1: 0.9661
2026-01-29 17:02:03,245 - INFO - temporal_CdAccuracy: 0.9811; temporal_PA: 0.9924; temporal_UA: 0.9936; temporal_F1: 0.993
2026-01-29 17:02:03,245 - INFO - Confusion Matrix
 [18122.	    7.	    0.	    0.	    0.]
 [   19.	 2969.	    0.	    9.	    0.]
 [    0.	    0.	    0.	    0.	    0.]
 [    6.	   32.	    0.	 1036.	    0.]
 [    0.	    0.	    0.	    0.	    0.]
2026-01-29 17:02:03,245 - INFO - Change Type PA (Recall) Matrix
 [[0.    	0.9924	0.    	0.9235	0.    ]
 [1.    	0.    	0.    	0.    	0.    ]
 [0.    	0.    	0.    	0.    	0.    ]
 [0.    	1.    	0.    	0.    	0.    ]
 [0.    	0.    	0.    	0.    	0.    ]]
2026-01-29 17:02:03,246 - INFO - Change Type UA (Precision) Matrix
 [[0.    	0.922 	0.    	0.9937	0.    ]
 [1.    	0.    	0.    	0.    	0.    ]
 [0.    	0.    	0.    	0.    	0.    ]
 [0.    	0.9895	0.    	0.    	0.    ]
 [0.    	0.    	0.    	0.    	0.    ]]
2026-01-29 17:02:03,246 - INFO - Change Type F1 Matrix
 [[0.    	0.9559	0.    	0.9573	0.    ]
 [1.    	0.    	0.    	0.    	0.    ]
 [0.    	0.    	0.    	0.    	0.    ]
 [0.    	0.9947	0.    	0.    	0.    ]
 [0.    	0.    	0.    	0.    	0.    ]]
2026-01-29 17:02:03,246 - INFO - Epoch 0 saved.
