2026-01-29 17:02:03,376 - INFO - Epoch 0, Train loss: 0.0
2026-01-29 17:02:03,376 - INFO - mIoU: 0.7576; OA: 0.972; AA: 0.9717; F1: 0.9724; Kappa: 0.9486;
2026-01-29 17:02:03,376 - INFO - spatial_LccAccuracy: 0.8214; spatial_PA: 1.0; spatial_UA: 1.0; spatial_F1: 1.0; weighted_F1: 0.8767
2026-01-29 17:02:03,377 - INFO - temporal_CdAccuracy: 0.8214; temporal_PA: 0.9551; temporal_UA: 0.8932; temporal_F1: 0.9232
2026-01-29 17:02:03,377 - INFO - Confusion Matrix
 [7025.	 145.	   0.	   0.	   1.]
 [ 159.	5335.	  33.	   0.	   3.]
 [   0.	  26.	 573.	   0.	   9.]
 [   0.	   0.	   0.	 131.	   0.]
 [   0.	   0.	   0.	   0.	   0.]
2026-01-29 17:02:03,378 - INFO - Change Type PA (Recall) Matrix
 [[0.    	0.9667	0.5   	1.    	0.    ]
 [0.9348	0.    	0.7895	0.    	0.    ]
 [0.    	0.9474	0.    	0.    	0.    ]
 [0.    	0.    	0.    	0.    	0.    ]
 [0.    	0.    	0.    	0.    	0.    ]]
2026-01-29 17:02:03,379 - INFO - Change Type UA (Precision) Matrix
 [[0.    	0.8832	1.    	1.    	0.    ]
 [0.6418	0.    	0.7692	0.    	0.    ]
 [0.    	0.7826	0.    	0.    	0.    ]
 [0.    	0.    	0.    	0.    	0.    ]
 [0.    	0.    	0.    	0.    	0.    ]]
2026-01-29 17:02:03,379 - INFO - Change Type F1 Matrix
 [[0.    	0.9231	0.6667	1.    	0.    ]
 [0.7611	0.    	0.7792	0.    	0.    ]
 [0.    	0.8571	0.    	0.    	0.    ]
 [0.    	0.    	0.    	0.    	0.    ]
 [0.    	0.    	0.    	0.    	0.    ]]
2026-01-29 17:02:03,380 - INFO - Epoch 0 saved.
