2026-03-19 14:45:13,976 - INFO - Epoch 0, Train loss: 0.0
2026-03-19 14:45:13,977 - INFO - mIoU: 0.8689; OA: 0.9517; AA: 0.9185; F1: 0.9258; cls_weighted_F1: 0.9515; Kappa: 0.9092;
2026-03-19 14:45:13,977 - INFO - spatial_LccAccuracy: 0.7252; spatial_PA: 0.7603; spatial_UA: 0.9296; spatial_F1: 0.8365; weighted_F1: 0.8855
2026-03-19 14:45:13,977 - INFO - temporal_CdAccuracy: 0.727; temporal_PA: 0.9083; temporal_UA: 0.8578; temporal_F1: 0.8823
2026-03-19 14:45:13,977 - INFO - Confusion Matrix
 [15018.	  536.	    0.	    0.	   71.]
 [  771.	16778.	    7.	    0.	   58.]
 [    0.	    3.	  290.	    0.	    0.]
 [    0.	    0.	    0.	    0.	    0.]
 [   22.	  200.	    0.	    0.	  746.]
2026-03-19 14:45:13,978 - INFO - Change Type PA (Recall) Matrix
 [[0.    	0.953 	0.    	0.    	0.    ]
 [0.5   	0.    	1.    	0.    	0.7091]
 [0.    	1.    	0.    	0.    	0.    ]
 [0.    	0.    	0.    	0.    	0.    ]
 [0.    	0.    	0.    	0.    	0.    ]]
2026-03-19 14:45:13,980 - INFO - Change Type UA (Precision) Matrix
 [[0.    	0.8743	0.    	0.    	0.    ]
 [0.1774	0.    	0.9545	0.    	0.7959]
 [0.    	0.9545	0.    	0.    	0.    ]
 [0.    	0.    	0.    	0.    	0.    ]
 [0.    	0.    	0.    	0.    	0.    ]]
2026-03-19 14:45:13,980 - INFO - Change Type F1 Matrix
 [[0.    	0.912 	0.    	0.    	0.    ]
 [0.2619	0.    	0.9767	0.    	0.75  ]
 [0.    	0.9767	0.    	0.    	0.    ]
 [0.    	0.    	0.    	0.    	0.    ]
 [0.    	0.    	0.    	0.    	0.    ]]
2026-03-19 14:45:13,980 - INFO - Epoch 0 saved.
