2026-03-19 14:45:14,040 - INFO - Epoch 0, Train loss: 0.0
2026-03-19 14:45:14,041 - INFO - mIoU: 0.9645; OA: 0.9897; AA: 0.9815; F1: 0.9817; cls_weighted_F1: 0.9897; Kappa: 0.981;
2026-03-19 14:45:14,041 - INFO - spatial_LccAccuracy: 0.8968; spatial_PA: 1.0; spatial_UA: 1.0; spatial_F1: 1.0; weighted_F1: 0.94
2026-03-19 14:45:14,043 - INFO - temporal_CdAccuracy: 0.8968; temporal_PA: 0.9292; temporal_UA: 0.8946; temporal_F1: 0.9116
2026-03-19 14:45:14,043 - INFO - Confusion Matrix
 [1553.	  34.	   0.	   0.	   0.]
 [  44.	1249.	   0.	   0.	   0.]
 [   0.	   0.	   0.	   0.	   0.]
 [   0.	   0.	   0.	   0.	   0.]
 [   0.	   0.	   0.	   0.	4680.]
2026-03-19 14:45:14,044 - INFO - Change Type PA (Recall) Matrix
 [[0.    	0.9792	0.    	0.    	0.    ]
 [1.    	0.    	0.    	0.    	0.    ]
 [0.    	0.    	0.    	0.    	0.    ]
 [0.    	0.    	0.    	0.    	0.    ]
 [0.    	0.    	0.    	0.    	0.    ]]
2026-03-19 14:45:14,045 - INFO - Change Type UA (Precision) Matrix
 [[0.    	0.9216	0.    	0.    	0.    ]
 [0.8611	0.    	0.    	0.    	0.    ]
 [0.    	0.    	0.    	0.    	0.    ]
 [0.    	0.    	0.    	0.    	0.    ]
 [0.    	0.    	0.    	0.    	0.    ]]
2026-03-19 14:45:14,045 - INFO - Change Type F1 Matrix
 [[0.    	0.9495	0.    	0.    	0.    ]
 [0.9254	0.    	0.    	0.    	0.    ]
 [0.    	0.    	0.    	0.    	0.    ]
 [0.    	0.    	0.    	0.    	0.    ]
 [0.    	0.    	0.    	0.    	0.    ]]
2026-03-19 14:45:14,045 - INFO - Epoch 0 saved.
