2026-03-19 14:45:14,324 - INFO - Epoch 0, Train loss: 0.0
2026-03-19 14:45:14,325 - INFO - mIoU: 0.9418; OA: 0.99; AA: 0.9871; F1: 0.9693; cls_weighted_F1: 0.99; Kappa: 0.9825;
2026-03-19 14:45:14,325 - INFO - spatial_LccAccuracy: 0.9238; spatial_PA: 0.986; spatial_UA: 0.9927; spatial_F1: 0.9893; weighted_F1: 0.9292
2026-03-19 14:45:14,325 - INFO - temporal_CdAccuracy: 0.9307; temporal_PA: 0.9781; temporal_UA: 0.9654; temporal_F1: 0.9717
2026-03-19 14:45:14,326 - INFO - Confusion Matrix
 [24754.	   56.	    0.	    3.	    0.]
 [  249.	12644.	   91.	    0.	    0.]
 [   12.	   22.	  908.	    0.	    0.]
 [    0.	    0.	    0.	   21.	    0.]
 [    0.	    0.	    0.	    0.	 4560.]
2026-03-19 14:45:14,326 - INFO - Change Type PA (Recall) Matrix
 [[0.    	0.9563	0.9268	1.    	0.    ]
 [0.8767	0.    	0.9315	0.    	0.    ]
 [0.    	0.5   	0.    	0.    	0.    ]
 [0.    	0.    	0.    	0.    	0.    ]
 [0.    	0.    	0.    	0.    	0.    ]]
2026-03-19 14:45:14,327 - INFO - Change Type UA (Precision) Matrix
 [[0.    	0.9481	0.7755	0.875 	0.    ]
 [0.8649	0.    	0.8831	0.    	0.    ]
 [0.    	0.25  	0.    	0.    	0.    ]
 [0.    	0.    	0.    	0.    	0.    ]
 [0.    	0.    	0.    	0.    	0.    ]]
2026-03-19 14:45:14,329 - INFO - Change Type F1 Matrix
 [[0.    	0.9522	0.8444	0.9333	0.    ]
 [0.8707	0.    	0.9067	0.    	0.    ]
 [0.    	0.3333	0.    	0.    	0.    ]
 [0.    	0.    	0.    	0.    	0.    ]
 [0.    	0.    	0.    	0.    	0.    ]]
2026-03-19 14:45:14,329 - INFO - Epoch 0 saved.
