2026-03-19 14:45:14,592 - INFO - Epoch 0, Train loss: 0.0
2026-03-19 14:45:14,592 - INFO - mIoU: 0.8552; OA: 0.9807; AA: 0.9044; F1: 0.9138; cls_weighted_F1: 0.9807; Kappa: 0.9608;
2026-03-19 14:45:14,592 - INFO - spatial_LccAccuracy: 0.7958; spatial_PA: 0.9991; spatial_UA: 0.9865; spatial_F1: 0.9928; weighted_F1: 0.9453
2026-03-19 14:45:14,593 - INFO - temporal_CdAccuracy: 0.7958; temporal_PA: 0.9402; temporal_UA: 0.956; temporal_F1: 0.948
2026-03-19 14:45:14,593 - INFO - Confusion Matrix
 [14458.	  344.	    0.	    0.	    0.]
 [  217.	21301.	   61.	    0.	    0.]
 [    0.	   85.	  254.	    0.	    0.]
 [    0.	    0.	    0.	    0.	    0.]
 [    0.	    0.	    0.	    0.	    0.]
2026-03-19 14:45:14,595 - INFO - Change Type PA (Recall) Matrix
 [[0.    	0.957 	0.    	0.    	0.    ]
 [0.9096	0.    	0.9636	0.    	0.    ]
 [0.    	0.0625	0.    	0.    	0.    ]
 [0.    	0.    	0.    	0.    	0.    ]
 [0.    	0.    	0.    	0.    	0.    ]]
2026-03-19 14:45:14,596 - INFO - Change Type UA (Precision) Matrix
 [[0.    	0.9762	0.    	0.    	0.    ]
 [0.954 	0.    	0.9815	0.    	0.    ]
 [0.    	0.2   	0.    	0.    	0.    ]
 [0.    	0.    	0.    	0.    	0.    ]
 [0.    	0.    	0.    	0.    	0.    ]]
2026-03-19 14:45:14,596 - INFO - Change Type F1 Matrix
 [[0.    	0.9665	0.    	0.    	0.    ]
 [0.9313	0.    	0.9725	0.    	0.    ]
 [0.    	0.0952	0.    	0.    	0.    ]
 [0.    	0.    	0.    	0.    	0.    ]
 [0.    	0.    	0.    	0.    	0.    ]]
2026-03-19 14:45:14,596 - INFO - Epoch 0 saved.
