2026-03-19 14:45:14,797 - INFO - Epoch 0, Train loss: 0.0
2026-03-19 14:45:14,798 - INFO - mIoU: 0.9696; OA: 0.9953; AA: 0.9862; F1: 0.9844; cls_weighted_F1: 0.9953; Kappa: 0.985;
2026-03-19 14:45:14,798 - INFO - spatial_LccAccuracy: 0.9106; spatial_PA: 0.9984; spatial_UA: 0.9919; spatial_F1: 0.9951; weighted_F1: 0.9297
2026-03-19 14:45:14,798 - INFO - temporal_CdAccuracy: 0.9675; temporal_PA: 0.9893; temporal_UA: 0.9893; temporal_F1: 0.9893
2026-03-19 14:45:14,798 - INFO - Confusion Matrix
 [18118.	    4.	    0.	    2.	    0.]
 [   28.	 2679.	    0.	   55.	    0.]
 [    0.	    0.	    0.	    0.	    0.]
 [    4.	   10.	    0.	 1240.	    0.]
 [    0.	    0.	    0.	    0.	    0.]
2026-03-19 14:45:14,799 - INFO - Change Type PA (Recall) Matrix
 [[0.    	0.823 	0.    	0.9692	0.    ]
 [0.7143	0.    	0.    	0.    	0.    ]
 [0.    	0.    	0.    	0.    	0.    ]
 [0.    	0.9821	0.    	0.    	0.    ]
 [0.    	0.    	0.    	0.    	0.    ]]
2026-03-19 14:45:14,800 - INFO - Change Type UA (Precision) Matrix
 [[0.    	0.9688	0.    	0.8957	0.    ]
 [1.    	0.    	0.    	0.    	0.    ]
 [0.    	0.    	0.    	0.    	0.    ]
 [0.    	0.9649	0.    	0.    	0.    ]
 [0.    	0.    	0.    	0.    	0.    ]]
2026-03-19 14:45:14,800 - INFO - Change Type F1 Matrix
 [[0.    	0.89  	0.    	0.931 	0.    ]
 [0.8333	0.    	0.    	0.    	0.    ]
 [0.    	0.    	0.    	0.    	0.    ]
 [0.    	0.9735	0.    	0.    	0.    ]
 [0.    	0.    	0.    	0.    	0.    ]]
2026-03-19 14:45:14,801 - INFO - Epoch 0 saved.
