2026-03-19 14:45:14,904 - INFO - Epoch 0, Train loss: 0.0
2026-03-19 14:45:14,905 - INFO - mIoU: 0.9465; OA: 0.9746; AA: 0.967; F1: 0.9724; cls_weighted_F1: 0.9745; Kappa: 0.9572;
2026-03-19 14:45:14,905 - INFO - spatial_LccAccuracy: 0.7826; spatial_PA: 0.9811; spatial_UA: 0.9944; spatial_F1: 0.9877; weighted_F1: 0.9046
2026-03-19 14:45:14,906 - INFO - temporal_CdAccuracy: 0.7826; temporal_PA: 0.9347; temporal_UA: 0.9107; temporal_F1: 0.9226
2026-03-19 14:45:14,906 - INFO - Confusion Matrix
 [6053.	 104.	   2.	   6.	   0.]
 [ 143.	5977.	  19.	   0.	   0.]
 [   0.	  66.	1015.	   0.	   0.]
 [   8.	   3.	   0.	 404.	   0.]
 [   0.	   0.	   0.	   0.	   0.]
2026-03-19 14:45:14,907 - INFO - Change Type PA (Recall) Matrix
 [[0.    	0.9444	0.    	1.    	0.    ]
 [0.9677	0.    	0.7241	0.    	0.    ]
 [1.    	0.9024	0.    	0.    	0.    ]
 [0.    	0.    	0.    	0.    	0.    ]
 [0.    	0.    	0.    	0.    	0.    ]]
2026-03-19 14:45:14,907 - INFO - Change Type UA (Precision) Matrix
 [[0.    	0.9007	0.    	1.    	0.    ]
 [0.7895	0.    	0.8077	0.    	0.    ]
 [1.    	0.9487	0.    	0.    	0.    ]
 [0.    	0.    	0.    	0.    	0.    ]
 [0.    	0.    	0.    	0.    	0.    ]]
2026-03-19 14:45:14,908 - INFO - Change Type F1 Matrix
 [[0.    	0.922 	0.    	1.    	0.    ]
 [0.8696	0.    	0.7636	0.    	0.    ]
 [1.    	0.925 	0.    	0.    	0.    ]
 [0.    	0.    	0.    	0.    	0.    ]
 [0.    	0.    	0.    	0.    	0.    ]]
2026-03-19 14:45:14,908 - INFO - Epoch 0 saved.
