2026-01-29 22:27:52,735 - INFO - Epoch 0, Train loss: 0.0
2026-01-29 22:27:52,735 - INFO - mIoU: 0.6433; OA: 0.9488; AA: 0.9112; F1: 0.9218; Kappa: 0.9028;
2026-01-29 22:27:52,735 - INFO - spatial_LccAccuracy: 0.7167; spatial_PA: 0.7105; spatial_UA: 0.9676; spatial_F1: 0.8194; weighted_F1: 0.8578
2026-01-29 22:27:52,735 - INFO - temporal_CdAccuracy: 0.7167; temporal_PA: 0.8999; temporal_UA: 0.8188; temporal_F1: 0.8575
2026-01-29 22:27:52,735 - INFO - Confusion Matrix
 [13888.	  348.	    0.	    0.	   45.]
 [  982.	15655.	   50.	    0.	   44.]
 [    0.	    0.	    0.	    0.	    0.]
 [    0.	    0.	    0.	    0.	    0.]
 [   26.	  142.	    1.	    0.	  799.]
2026-01-29 22:27:52,735 - INFO - Change Type PA (Recall) Matrix
 [[0.    	0.9595	0.    	0.    	0.    ]
 [0.3636	0.    	0.    	0.    	0.8   ]
 [0.    	0.    	0.    	0.    	0.    ]
 [0.    	0.    	0.    	0.    	0.    ]
 [0.    	0.    	0.    	0.    	0.    ]]
2026-01-29 22:27:52,736 - INFO - Change Type UA (Precision) Matrix
 [[0.    	0.8443	0.    	0.    	0.    ]
 [0.1159	0.    	0.    	0.    	0.7719]
 [0.    	0.    	0.    	0.    	0.    ]
 [0.    	0.    	0.    	0.    	0.    ]
 [0.    	0.    	0.    	0.    	0.    ]]
2026-01-29 22:27:52,736 - INFO - Change Type F1 Matrix
 [[0.    	0.8982	0.    	0.    	0.    ]
 [0.1758	0.    	0.    	0.    	0.7857]
 [0.    	0.    	0.    	0.    	0.    ]
 [0.    	0.    	0.    	0.    	0.    ]
 [0.    	0.    	0.    	0.    	0.    ]]
2026-01-29 22:27:52,736 - INFO - Epoch 0 saved.
