2026-01-29 22:27:52,967 - INFO - Epoch 0, Train loss: 0.0
2026-01-29 22:27:52,967 - INFO - mIoU: 0.9559; OA: 0.9929; AA: 0.9715; F1: 0.9765; Kappa: 0.9878;
2026-01-29 22:27:52,967 - INFO - spatial_LccAccuracy: 0.9403; spatial_PA: 1.0; spatial_UA: 1.0; spatial_F1: 1.0; weighted_F1: 0.9278
2026-01-29 22:27:52,967 - INFO - temporal_CdAccuracy: 0.9457; temporal_PA: 0.9807; temporal_UA: 0.969; temporal_F1: 0.9748
2026-01-29 22:27:52,967 - INFO - Confusion Matrix
 [23255.	  106.	    3.	    0.	    0.]
 [   93.	15422.	   38.	    0.	    0.]
 [    8.	   67.	  668.	    0.	    0.]
 [    0.	    0.	    0.	    0.	    0.]
 [    0.	    0.	    0.	    0.	 4560.]
2026-01-29 22:27:52,967 - INFO - Change Type PA (Recall) Matrix
 [[0.    	0.96  	0.8182	0.    	0.    ]
 [0.9494	0.    	0.7632	0.    	0.    ]
 [0.    	0.    	0.    	0.    	0.    ]
 [0.    	0.    	0.    	0.    	0.    ]
 [0.    	0.    	0.    	0.    	0.    ]]
2026-01-29 22:27:52,967 - INFO - Change Type UA (Precision) Matrix
 [[0.    	0.954 	0.766 	0.    	0.    ]
 [0.8427	0.    	0.8286	0.    	0.    ]
 [0.    	0.    	0.    	0.    	0.    ]
 [0.    	0.    	0.    	0.    	0.    ]
 [0.    	0.    	0.    	0.    	0.    ]]
2026-01-29 22:27:52,967 - INFO - Change Type F1 Matrix
 [[0.    	0.957 	0.7912	0.    	0.    ]
 [0.8929	0.    	0.7945	0.    	0.    ]
 [0.    	0.    	0.    	0.    	0.    ]
 [0.    	0.    	0.    	0.    	0.    ]
 [0.    	0.    	0.    	0.    	0.    ]]
2026-01-29 22:27:52,967 - INFO - Epoch 0 saved.
