2026-01-29 22:27:53,289 - INFO - Epoch 0, Train loss: 0.0
2026-01-29 22:27:53,289 - INFO - mIoU: 0.7601; OA: 0.9729; AA: 0.9785; F1: 0.9742; Kappa: 0.9503;
2026-01-29 22:27:53,289 - INFO - spatial_LccAccuracy: 0.8304; spatial_PA: 1.0; spatial_UA: 1.0; spatial_F1: 1.0; weighted_F1: 0.9107
2026-01-29 22:27:53,289 - INFO - temporal_CdAccuracy: 0.8304; temporal_PA: 0.9404; temporal_UA: 0.9033; temporal_F1: 0.9215
2026-01-29 22:27:53,289 - INFO - Confusion Matrix
 [6986.	 183.	   2.	   0.	   0.]
 [ 121.	5370.	  35.	   1.	   3.]
 [   0.	  19.	 589.	   0.	   0.]
 [   0.	   0.	   0.	 131.	   0.]
 [   0.	   0.	   0.	   0.	   0.]
2026-01-29 22:27:53,289 - INFO - Change Type PA (Recall) Matrix
 [[0.    	0.9556	0.5   	1.    	0.    ]
 [0.9783	0.    	0.8947	0.    	0.    ]
 [0.    	0.9474	0.    	0.    	0.    ]
 [0.    	0.    	0.    	0.    	0.    ]
 [0.    	0.    	0.    	0.    	0.    ]]
2026-01-29 22:27:53,290 - INFO - Change Type UA (Precision) Matrix
 [[0.    	0.9149	1.    	0.9231	0.    ]
 [0.75  	0.    	0.8095	0.    	0.    ]
 [0.    	0.9474	0.    	0.    	0.    ]
 [0.    	0.    	0.    	0.    	0.    ]
 [0.    	0.    	0.    	0.    	0.    ]]
2026-01-29 22:27:53,290 - INFO - Change Type F1 Matrix
 [[0.    	0.9348	0.6667	0.96  	0.    ]
 [0.8491	0.    	0.85  	0.    	0.    ]
 [0.    	0.9474	0.    	0.    	0.    ]
 [0.    	0.    	0.    	0.    	0.    ]
 [0.    	0.    	0.    	0.    	0.    ]]
2026-01-29 22:27:53,290 - INFO - Epoch 0 saved.
