2026-03-19 14:44:15,166 - INFO - Epoch 0, Train loss: 0.0
2026-03-19 14:44:15,166 - INFO - mIoU: 0.8977; OA: 0.9657; AA: 0.9533; F1: 0.9456; cls_weighted_F1: 0.9656; Kappa: 0.9355;
2026-03-19 14:44:15,167 - INFO - spatial_LccAccuracy: 0.8017; spatial_PA: 0.8889; spatial_UA: 0.9297; spatial_F1: 0.9089; weighted_F1: 0.9359
2026-03-19 14:44:15,167 - INFO - temporal_CdAccuracy: 0.8017; temporal_PA: 0.9285; temporal_UA: 0.8909; temporal_F1: 0.9093
2026-03-19 14:44:15,167 - INFO - Confusion Matrix
 [15073.	  548.	    0.	    0.	    4.]
 [  438.	17097.	   42.	    0.	   37.]
 [    0.	    1.	  292.	    0.	    0.]
 [    0.	    0.	    0.	    0.	    0.]
 [    0.	  115.	    0.	    0.	  853.]
2026-03-19 14:44:15,169 - INFO - Change Type PA (Recall) Matrix
 [[0.    	0.9706	0.    	0.    	0.    ]
 [0.9091	0.    	1.    	0.    	0.9091]
 [0.    	1.    	0.    	0.    	0.    ]
 [0.    	0.    	0.    	0.    	0.    ]
 [0.    	0.    	0.    	0.    	0.    ]]
2026-03-19 14:44:15,169 - INFO - Change Type UA (Precision) Matrix
 [[0.    	0.9306	0.    	0.    	0.    ]
 [0.4348	0.    	0.9545	0.    	0.8197]
 [0.    	1.    	0.    	0.    	0.    ]
 [0.    	0.    	0.    	0.    	0.    ]
 [0.    	0.    	0.    	0.    	0.    ]]
2026-03-19 14:44:15,170 - INFO - Change Type F1 Matrix
 [[0.    	0.9502	0.    	0.    	0.    ]
 [0.5882	0.    	0.9767	0.    	0.8621]
 [0.    	1.    	0.    	0.    	0.    ]
 [0.    	0.    	0.    	0.    	0.    ]
 [0.    	0.    	0.    	0.    	0.    ]]
2026-03-19 14:44:15,170 - INFO - Epoch 0 saved.
