2026-03-19 14:44:15,251 - INFO - Epoch 0, Train loss: 0.0
2026-03-19 14:44:15,251 - INFO - mIoU: 0.9371; OA: 0.9812; AA: 0.9693; F1: 0.967; cls_weighted_F1: 0.9813; Kappa: 0.9655;
2026-03-19 14:44:15,252 - INFO - spatial_LccAccuracy: 0.8095; spatial_PA: 1.0; spatial_UA: 1.0; spatial_F1: 1.0; weighted_F1: 0.8656
2026-03-19 14:44:15,252 - INFO - temporal_CdAccuracy: 0.8095; temporal_PA: 0.8835; temporal_UA: 0.8069; temporal_F1: 0.8435
2026-03-19 14:44:15,253 - INFO - Confusion Matrix
 [1464.	 123.	   0.	   0.	   0.]
 [  19.	1274.	   0.	   0.	   0.]
 [   0.	   0.	   0.	   0.	   0.]
 [   0.	   0.	   0.	   0.	   0.]
 [   0.	   0.	   0.	   0.	4680.]
2026-03-19 14:44:15,254 - INFO - Change Type PA (Recall) Matrix
 [[0.    	0.9583	0.    	0.    	0.    ]
 [1.    	0.    	0.    	0.    	0.    ]
 [0.    	0.    	0.    	0.    	0.    ]
 [0.    	0.    	0.    	0.    	0.    ]
 [0.    	0.    	0.    	0.    	0.    ]]
2026-03-19 14:44:15,255 - INFO - Change Type UA (Precision) Matrix
 [[0.    	0.807 	0.    	0.    	0.    ]
 [0.7381	0.    	0.    	0.    	0.    ]
 [0.    	0.    	0.    	0.    	0.    ]
 [0.    	0.    	0.    	0.    	0.    ]
 [0.    	0.    	0.    	0.    	0.    ]]
2026-03-19 14:44:15,255 - INFO - Change Type F1 Matrix
 [[0.    	0.8762	0.    	0.    	0.    ]
 [0.8493	0.    	0.    	0.    	0.    ]
 [0.    	0.    	0.    	0.    	0.    ]
 [0.    	0.    	0.    	0.    	0.    ]
 [0.    	0.    	0.    	0.    	0.    ]]
2026-03-19 14:44:15,256 - INFO - Epoch 0 saved.
