2026-03-19 14:44:15,619 - INFO - Epoch 0, Train loss: 0.0
2026-03-19 14:44:15,620 - INFO - mIoU: 0.9492; OA: 0.9912; AA: 0.9914; F1: 0.9733; cls_weighted_F1: 0.9912; Kappa: 0.9845;
2026-03-19 14:44:15,620 - INFO - spatial_LccAccuracy: 0.928; spatial_PA: 0.982; spatial_UA: 0.9906; spatial_F1: 0.9863; weighted_F1: 0.9226
2026-03-19 14:44:15,621 - INFO - temporal_CdAccuracy: 0.9335; temporal_PA: 0.978; temporal_UA: 0.9627; temporal_F1: 0.9703
2026-03-19 14:44:15,621 - INFO - Confusion Matrix
 [24698.	  110.	    2.	    3.	    0.]
 [  180.	12734.	   70.	    0.	    0.]
 [    9.	    9.	  924.	    0.	    0.]
 [    0.	    0.	    0.	   21.	    0.]
 [    0.	    0.	    0.	    0.	 4560.]
2026-03-19 14:44:15,622 - INFO - Change Type PA (Recall) Matrix
 [[0.    	0.952 	0.9268	0.8571	0.    ]
 [0.8493	0.    	0.9315	0.    	0.    ]
 [0.    	1.    	0.    	0.    	0.    ]
 [0.    	0.    	0.    	0.    	0.    ]
 [0.    	0.    	0.    	0.    	0.    ]]
2026-03-19 14:44:15,622 - INFO - Change Type UA (Precision) Matrix
 [[0.    	0.9437	0.7755	0.75  	0.    ]
 [0.8493	0.    	0.8831	0.    	0.    ]
 [0.    	0.2857	0.    	0.    	0.    ]
 [0.    	0.    	0.    	0.    	0.    ]
 [0.    	0.    	0.    	0.    	0.    ]]
2026-03-19 14:44:15,623 - INFO - Change Type F1 Matrix
 [[0.    	0.9478	0.8444	0.8   	0.    ]
 [0.8493	0.    	0.9067	0.    	0.    ]
 [0.    	0.4444	0.    	0.    	0.    ]
 [0.    	0.    	0.    	0.    	0.    ]
 [0.    	0.    	0.    	0.    	0.    ]]
2026-03-19 14:44:15,623 - INFO - Epoch 0 saved.
