2026-03-19 14:44:15,959 - INFO - Epoch 0, Train loss: 0.0
2026-03-19 14:44:15,959 - INFO - mIoU: 0.6562; OA: 0.9783; AA: 0.9415; F1: 0.9287; cls_weighted_F1: 0.9784; Kappa: 0.9558;
2026-03-19 14:44:15,959 - INFO - spatial_LccAccuracy: 0.7908; spatial_PA: 1.0; spatial_UA: 1.0; spatial_F1: 1.0; weighted_F1: 0.9302
2026-03-19 14:44:15,959 - INFO - temporal_CdAccuracy: 0.7908; temporal_PA: 0.9443; temporal_UA: 0.9399; temporal_F1: 0.9421
2026-03-19 14:44:15,960 - INFO - Confusion Matrix
 [14287.	  512.	    0.	    3.	    0.]
 [  158.	21342.	   79.	    0.	    0.]
 [    0.	   44.	  295.	    0.	    0.]
 [    0.	    0.	    0.	    0.	    0.]
 [    0.	    0.	    0.	    0.	    0.]
2026-03-19 14:44:15,960 - INFO - Change Type PA (Recall) Matrix
 [[0.    	0.9398	0.    	0.    	0.    ]
 [0.9123	0.    	0.9818	0.    	0.    ]
 [0.    	1.    	0.    	0.    	0.    ]
 [0.    	0.    	0.    	0.    	0.    ]
 [0.    	0.    	0.    	0.    	0.    ]]
2026-03-19 14:44:15,962 - INFO - Change Type UA (Precision) Matrix
 [[0.    	0.9468	0.    	0.    	0.    ]
 [0.8928	0.    	0.9   	0.    	0.    ]
 [0.    	0.7619	0.    	0.    	0.    ]
 [0.    	0.    	0.    	0.    	0.    ]
 [0.    	0.    	0.    	0.    	0.    ]]
2026-03-19 14:44:15,963 - INFO - Change Type F1 Matrix
 [[0.    	0.9433	0.    	0.    	0.    ]
 [0.9024	0.    	0.9391	0.    	0.    ]
 [0.    	0.8649	0.    	0.    	0.    ]
 [0.    	0.    	0.    	0.    	0.    ]
 [0.    	0.    	0.    	0.    	0.    ]]
2026-03-19 14:44:15,963 - INFO - Epoch 0 saved.
