2026-03-19 14:44:16,173 - INFO - Epoch 0, Train loss: 0.0
2026-03-19 14:44:16,174 - INFO - mIoU: 0.9768; OA: 0.9965; AA: 0.991; F1: 0.9882; cls_weighted_F1: 0.9965; Kappa: 0.9888;
2026-03-19 14:44:16,174 - INFO - spatial_LccAccuracy: 0.9512; spatial_PA: 0.9968; spatial_UA: 0.9841; spatial_F1: 0.9904; weighted_F1: 0.9633
2026-03-19 14:44:16,174 - INFO - temporal_CdAccuracy: 0.9892; temporal_PA: 0.9964; temporal_UA: 0.9964; temporal_F1: 0.9964
2026-03-19 14:44:16,175 - INFO - Confusion Matrix
 [18107.	   12.	    0.	    5.	    0.]
 [    8.	 2712.	    0.	   42.	    0.]
 [    0.	    0.	    0.	    0.	    0.]
 [    5.	    5.	    0.	 1244.	    0.]
 [    0.	    0.	    0.	    0.	    0.]
2026-03-19 14:44:16,177 - INFO - Change Type PA (Recall) Matrix
 [[0.    	0.885 	0.    	0.9846	0.    ]
 [1.    	0.    	0.    	0.    	0.    ]
 [0.    	0.    	0.    	0.    	0.    ]
 [0.    	1.    	0.    	0.    	0.    ]
 [0.    	0.    	0.    	0.    	0.    ]]
2026-03-19 14:44:16,177 - INFO - Change Type UA (Precision) Matrix
 [[0.    	0.9901	0.    	0.9366	0.    ]
 [1.    	0.    	0.    	0.    	0.    ]
 [0.    	0.    	0.    	0.    	0.    ]
 [0.    	0.9912	0.    	0.    	0.    ]
 [0.    	0.    	0.    	0.    	0.    ]]
2026-03-19 14:44:16,178 - INFO - Change Type F1 Matrix
 [[0.    	0.9346	0.    	0.96  	0.    ]
 [1.    	0.    	0.    	0.    	0.    ]
 [0.    	0.    	0.    	0.    	0.    ]
 [0.    	0.9956	0.    	0.    	0.    ]
 [0.    	0.    	0.    	0.    	0.    ]]
2026-03-19 14:44:16,178 - INFO - Epoch 0 saved.
