2026-03-19 14:44:16,316 - INFO - Epoch 0, Train loss: 0.0
2026-03-19 14:44:16,318 - INFO - mIoU: 0.9504; OA: 0.9729; AA: 0.9734; F1: 0.9744; cls_weighted_F1: 0.9729; Kappa: 0.9545;
2026-03-19 14:44:16,318 - INFO - spatial_LccAccuracy: 0.7913; spatial_PA: 0.9811; spatial_UA: 0.9944; spatial_F1: 0.9877; weighted_F1: 0.8686
2026-03-19 14:44:16,318 - INFO - temporal_CdAccuracy: 0.7913; temporal_PA: 0.9355; temporal_UA: 0.8868; temporal_F1: 0.9105
2026-03-19 14:44:16,318 - INFO - Confusion Matrix
 [5979.	 182.	   1.	   3.	   0.]
 [  99.	6001.	  39.	   0.	   0.]
 [   0.	  45.	1036.	   0.	   0.]
 [   4.	   1.	   0.	 410.	   0.]
 [   0.	   0.	   0.	   0.	   0.]
2026-03-19 14:44:16,319 - INFO - Change Type PA (Recall) Matrix
 [[0.    	0.9236	0.    	1.    	0.    ]
 [0.9194	0.    	0.7241	0.    	0.    ]
 [0.    	1.    	0.    	0.    	0.    ]
 [0.    	0.    	0.    	0.    	0.    ]
 [0.    	0.    	0.    	0.    	0.    ]]
2026-03-19 14:44:16,320 - INFO - Change Type UA (Precision) Matrix
 [[0.    	0.8808	0.    	1.    	0.    ]
 [0.7917	0.    	0.5833	0.    	0.    ]
 [0.    	0.7455	0.    	0.    	0.    ]
 [0.    	0.    	0.    	0.    	0.    ]
 [0.    	0.    	0.    	0.    	0.    ]]
2026-03-19 14:44:16,321 - INFO - Change Type F1 Matrix
 [[0.    	0.9017	0.    	1.    	0.    ]
 [0.8507	0.    	0.6462	0.    	0.    ]
 [0.    	0.8542	0.    	0.    	0.    ]
 [0.    	0.    	0.    	0.    	0.    ]
 [0.    	0.    	0.    	0.    	0.    ]]
2026-03-19 14:44:16,321 - INFO - Epoch 0 saved.
