<<<<<<< HEAD
2026-01-22 16:52:35,417 - INFO - Epoch 0, Train loss: 0.0
2026-01-22 16:52:35,417 - INFO - mIoU: 0.2; OA: 1.0; AA: 0.2; F1: 0.2; Kappa: 0.0;
2026-01-22 16:52:35,418 - INFO - spatial_LccAccuracy: 1.0; spatial_PA: 0.75; spatial_UA: 0.75; spatial_F1: 0.75; weighted_F1: 0.0
2026-01-22 16:52:35,418 - INFO - temporal_CdAccuracy: 1.0; temporal_PA: 0.75; temporal_UA: 0.75; temporal_F1: 0.75
2026-01-22 16:52:35,418 - INFO - Confusion Matrix
=======
2025-12-13 21:54:10,329 - INFO - Epoch 0, Train loss: 0.0
2025-12-13 21:54:10,330 - INFO - mIoU: 0.2; OA: 1.0; AA: 0.2; F1: 0.2; Kappa: 0.0;
2025-12-13 21:54:10,330 - INFO - spatial_LccAccuracy: 1.0; spatial_PA: 0.75; spatial_UA: 0.75; spatial_F1: 0.75
2025-12-13 21:54:10,330 - INFO - temporal_CdAccuracy: 1.0; temporal_PA: 0.75; temporal_UA: 0.75; temporal_F1: 0.75
2025-12-13 21:54:10,331 - INFO - Confusion Matrix
>>>>>>> 93175a06c110e941919a0524e265707df6271051
 [   0.	   0.	   0.	   0.	   0.]
 [   0.	   0.	   0.	   0.	   0.]
 [   0.	   0.	   0.	   0.	   0.]
 [   0.	   0.	   0.	   0.	   0.]
 [   0.	   0.	   0.	   0.	6780.]
<<<<<<< HEAD
2026-01-22 16:52:35,419 - INFO - Change Type PA (Recall) Matrix
=======
2025-12-13 21:54:10,332 - INFO - Change Type PA (Recall) Matrix
>>>>>>> 93175a06c110e941919a0524e265707df6271051
 [[0.	0.	0.	0.	0.]
 [0.	0.	0.	0.	0.]
 [0.	0.	0.	0.	0.]
 [0.	0.	0.	0.	0.]
 [0.	0.	0.	0.	0.]]
<<<<<<< HEAD
2026-01-22 16:52:35,419 - INFO - Change Type UA (Precision) Matrix
=======
2025-12-13 21:54:10,333 - INFO - Change Type UA (Precision) Matrix
>>>>>>> 93175a06c110e941919a0524e265707df6271051
 [[0.	0.	0.	0.	0.]
 [0.	0.	0.	0.	0.]
 [0.	0.	0.	0.	0.]
 [0.	0.	0.	0.	0.]
 [0.	0.	0.	0.	0.]]
<<<<<<< HEAD
2026-01-22 16:52:35,420 - INFO - Change Type F1 Matrix
=======
2025-12-13 21:54:10,333 - INFO - Change Type F1 Matrix
>>>>>>> 93175a06c110e941919a0524e265707df6271051
 [[0.	0.	0.	0.	0.]
 [0.	0.	0.	0.	0.]
 [0.	0.	0.	0.	0.]
 [0.	0.	0.	0.	0.]
 [0.	0.	0.	0.	0.]]
<<<<<<< HEAD
2026-01-22 16:52:35,420 - INFO - Epoch 0 saved.
=======
2025-12-13 21:54:10,334 - INFO - Epoch 0 saved.
>>>>>>> 93175a06c110e941919a0524e265707df6271051
