<<<<<<< HEAD
2026-01-22 16:52:35,837 - INFO - Epoch 0, Train loss: 0.0
2026-01-22 16:52:35,837 - INFO - mIoU: 0.7678; OA: 0.9931; AA: 0.7801; F1: 0.7829; Kappa: 0.9882;
2026-01-22 16:52:35,838 - INFO - spatial_LccAccuracy: 0.9362; spatial_PA: 0.999; spatial_UA: 0.998; spatial_F1: 0.9985; weighted_F1: 0.932
2026-01-22 16:52:35,838 - INFO - temporal_CdAccuracy: 0.9417; temporal_PA: 0.976; temporal_UA: 0.9709; temporal_F1: 0.9734
2026-01-22 16:52:35,838 - INFO - Confusion Matrix
=======
2025-12-13 21:54:10,704 - INFO - Epoch 0, Train loss: 0.0
2025-12-13 21:54:10,704 - INFO - mIoU: 0.7678; OA: 0.9931; AA: 0.7801; F1: 0.7829; Kappa: 0.9882;
2025-12-13 21:54:10,704 - INFO - spatial_LccAccuracy: 0.9457; spatial_PA: 0.999; spatial_UA: 0.998; spatial_F1: 0.9985
2025-12-13 21:54:10,704 - INFO - temporal_CdAccuracy: 0.9417; temporal_PA: 0.976; temporal_UA: 0.9709; temporal_F1: 0.9734
2025-12-13 21:54:10,705 - INFO - Confusion Matrix
>>>>>>> 93175a06c110e941919a0524e265707df6271051
 [23262.	  101.	    1.	    0.	    0.]
 [  100.	15414.	   39.	    0.	    0.]
 [    7.	   57.	  679.	    0.	    0.]
 [    0.	    0.	    0.	    0.	    0.]
 [    1.	    0.	    0.	    0.	 4559.]
<<<<<<< HEAD
2026-01-22 16:52:35,839 - INFO - Change Type PA (Recall) Matrix
=======
2025-12-13 21:54:10,705 - INFO - Change Type PA (Recall) Matrix
>>>>>>> 93175a06c110e941919a0524e265707df6271051
 [[0.    	0.96  	0.8409	0.    	0.    ]
 [0.8608	0.    	0.8684	0.    	0.    ]
 [0.    	0.    	0.    	0.    	0.    ]
 [0.    	0.    	0.    	0.    	0.    ]
 [0.    	0.    	0.    	0.    	0.    ]]
<<<<<<< HEAD
2026-01-22 16:52:35,840 - INFO - Change Type UA (Precision) Matrix
=======
2025-12-13 21:54:10,706 - INFO - Change Type UA (Precision) Matrix
>>>>>>> 93175a06c110e941919a0524e265707df6271051
 [[0.    	0.956 	0.8409	0.    	0.    ]
 [0.9067	0.    	0.7674	0.    	0.    ]
 [0.    	0.    	0.    	0.    	0.    ]
 [0.    	0.    	0.    	0.    	0.    ]
 [0.    	0.    	0.    	0.    	0.    ]]
<<<<<<< HEAD
2026-01-22 16:52:35,841 - INFO - Change Type F1 Matrix
=======
2025-12-13 21:54:10,706 - INFO - Change Type F1 Matrix
>>>>>>> 93175a06c110e941919a0524e265707df6271051
 [[0.    	0.958 	0.8409	0.    	0.    ]
 [0.8831	0.    	0.8148	0.    	0.    ]
 [0.    	0.    	0.    	0.    	0.    ]
 [0.    	0.    	0.    	0.    	0.    ]
 [0.    	0.    	0.    	0.    	0.    ]]
<<<<<<< HEAD
2026-01-22 16:52:35,841 - INFO - Epoch 0 saved.
=======
2025-12-13 21:54:10,706 - INFO - Epoch 0 saved.
>>>>>>> 93175a06c110e941919a0524e265707df6271051
