2026-02-22 20:07:13,687 - INFO - Epoch 0, Train loss: 0.0
2026-02-22 20:07:13,687 - INFO - mIoU: 0.8817; OA: 0.9774; AA: 0.9452; F1: 0.9335; cls_weighted_F1: 0.9774; Kappa: 0.9538;
2026-02-22 20:07:13,687 - INFO - spatial_LccAccuracy: 0.7339; spatial_PA: 0.9909; spatial_UA: 0.9909; spatial_F1: 0.9909; weighted_F1: 0.9195
2026-02-22 20:07:13,687 - INFO - temporal_CdAccuracy: 0.7339; temporal_PA: 0.9254; temporal_UA: 0.9226; temporal_F1: 0.924
2026-02-22 20:07:13,687 - INFO - Confusion Matrix
 [13513.	  451.	    0.	    0.	    0.]
 [  228.	20756.	   78.	    0.	    0.]
 [    1.	   43.	  330.	    0.	    0.]
 [    0.	    0.	    0.	    0.	    0.]
 [    0.	    0.	    0.	    0.	    0.]
2026-02-22 20:07:13,687 - INFO - Change Type PA (Recall) Matrix
 [[0.    	0.9364	0.    	0.    	0.    ]
 [0.8882	0.    	0.96  	0.    	0.    ]
 [0.    	0.8824	0.    	0.    	0.    ]
 [0.    	0.    	0.    	0.    	0.    ]
 [0.    	0.    	0.    	0.    	0.    ]]
2026-02-22 20:07:13,687 - INFO - Change Type UA (Precision) Matrix
 [[0.    	0.9427	0.    	0.    	0.    ]
 [0.8773	0.    	0.8889	0.    	0.    ]
 [0.    	0.6818	0.    	0.    	0.    ]
 [0.    	0.    	0.    	0.    	0.    ]
 [0.    	0.    	0.    	0.    	0.    ]]
2026-02-22 20:07:13,687 - INFO - Change Type F1 Matrix
 [[0.    	0.9395	0.    	0.    	0.    ]
 [0.8827	0.    	0.9231	0.    	0.    ]
 [0.    	0.7692	0.    	0.    	0.    ]
 [0.    	0.    	0.    	0.    	0.    ]
 [0.    	0.    	0.    	0.    	0.    ]]
2026-02-22 20:07:13,687 - INFO - Epoch 0 saved.
