<<<<<<< HEAD
2026-01-22 16:52:36,403 - INFO - Epoch 0, Train loss: 0.0
2026-01-22 16:52:36,403 - INFO - mIoU: 0.5822; OA: 0.9955; AA: 0.5917; F1: 0.5909; Kappa: 0.9855;
2026-01-22 16:52:36,404 - INFO - spatial_LccAccuracy: 0.9216; spatial_PA: 0.9983; spatial_UA: 0.9929; spatial_F1: 0.9956; weighted_F1: 0.9394
2026-01-22 16:52:36,404 - INFO - temporal_CdAccuracy: 0.9784; temporal_PA: 0.9935; temporal_UA: 0.9875; temporal_F1: 0.9905
2026-01-22 16:52:36,404 - INFO - Confusion Matrix
=======
2025-12-13 21:54:11,203 - INFO - Epoch 0, Train loss: 0.0
2025-12-13 21:54:11,203 - INFO - mIoU: 0.5822; OA: 0.9955; AA: 0.5917; F1: 0.5909; Kappa: 0.9855;
2025-12-13 21:54:11,203 - INFO - spatial_LccAccuracy: 0.9324; spatial_PA: 0.9983; spatial_UA: 0.9929; spatial_F1: 0.9956
2025-12-13 21:54:11,204 - INFO - temporal_CdAccuracy: 0.9784; temporal_PA: 0.9935; temporal_UA: 0.9875; temporal_F1: 0.9905
2025-12-13 21:54:11,204 - INFO - Confusion Matrix
>>>>>>> 93175a06c110e941919a0524e265707df6271051
 [18122.	    6.	    0.	    0.	    1.]
 [   29.	 2921.	    0.	   47.	    0.]
 [    0.	    0.	    0.	    0.	    0.]
 [   11.	    6.	    0.	 1057.	    0.]
 [    0.	    0.	    0.	    0.	    0.]
<<<<<<< HEAD
2026-01-22 16:52:36,405 - INFO - Change Type PA (Recall) Matrix
=======
2025-12-13 21:54:11,205 - INFO - Change Type PA (Recall) Matrix
>>>>>>> 93175a06c110e941919a0524e265707df6271051
 [[0.    	0.8702	0.    	0.9824	0.    ]
 [1.    	0.    	0.    	0.    	0.    ]
 [0.    	0.    	0.    	0.    	0.    ]
 [0.    	0.9787	0.    	0.    	0.    ]
 [0.    	0.    	0.    	0.    	0.    ]]
<<<<<<< HEAD
2026-01-22 16:52:36,406 - INFO - Change Type UA (Precision) Matrix
=======
2025-12-13 21:54:11,206 - INFO - Change Type UA (Precision) Matrix
>>>>>>> 93175a06c110e941919a0524e265707df6271051
 [[0.    	0.9421	0.    	0.9076	0.    ]
 [0.5714	0.    	0.    	0.    	0.    ]
 [0.    	0.    	0.    	0.    	0.    ]
 [0.    	1.    	0.    	0.    	0.    ]
 [0.    	0.    	0.    	0.    	0.    ]]
<<<<<<< HEAD
2026-01-22 16:52:36,407 - INFO - Change Type F1 Matrix
=======
2025-12-13 21:54:11,206 - INFO - Change Type F1 Matrix
>>>>>>> 93175a06c110e941919a0524e265707df6271051
 [[0.    	0.9048	0.    	0.9435	0.    ]
 [0.7273	0.    	0.    	0.    	0.    ]
 [0.    	0.    	0.    	0.    	0.    ]
 [0.    	0.9892	0.    	0.    	0.    ]
 [0.    	0.    	0.    	0.    	0.    ]]
<<<<<<< HEAD
2026-01-22 16:52:36,407 - INFO - Epoch 0 saved.
=======
2025-12-13 21:54:11,206 - INFO - Epoch 0 saved.
>>>>>>> 93175a06c110e941919a0524e265707df6271051
