2026-01-29 17:01:00,836 - INFO - Epoch 0, Train loss: 0.0
2026-01-29 17:01:00,837 - INFO - mIoU: 0.9446; OA: 0.9793; AA: 0.9669; F1: 0.9712; Kappa: 0.9645;
2026-01-29 17:01:00,837 - INFO - spatial_LccAccuracy: 0.8401; spatial_PA: 0.9738; spatial_UA: 0.9892; spatial_F1: 0.9815; weighted_F1: 0.9071
2026-01-29 17:01:00,837 - INFO - temporal_CdAccuracy: 0.8471; temporal_PA: 0.9438; temporal_UA: 0.9327; temporal_F1: 0.9382
2026-01-29 17:01:00,837 - INFO - Confusion Matrix
 [77821.	 1010.	    0.	   22.	   11.]
 [ 1449.	58667.	  104.	   38.	    4.]
 [    1.	  261.	 2789.	    0.	    0.]
 [   11.	   11.	    0.	 1493.	    0.]
 [    1.	  286.	    0.	    0.	11001.]
2026-01-29 17:01:00,838 - INFO - Change Type PA (Recall) Matrix
 [[0.    	0.9467	0.938 	0.9653	0.    ]
 [0.878 	0.    	0.6043	0.    	0.7455]
 [0.    	1.    	0.    	0.    	0.    ]
 [0.    	0.9697	0.    	0.    	0.    ]
 [0.    	0.    	0.    	0.    	0.    ]]
2026-01-29 17:01:00,839 - INFO - Change Type UA (Precision) Matrix
 [[0.    	0.9204	0.9528	0.8961	0.    ]
 [0.8298	0.    	0.785 	0.    	0.8039]
 [0.    	0.8913	0.    	0.    	0.    ]
 [0.    	0.9697	0.    	0.    	0.    ]
 [0.    	0.    	0.    	0.    	0.    ]]
2026-01-29 17:01:00,840 - INFO - Change Type F1 Matrix
 [[0.    	0.9334	0.9453	0.9294	0.    ]
 [0.8532	0.    	0.6829	0.    	0.7736]
 [0.    	0.9425	0.    	0.    	0.    ]
 [0.    	0.9697	0.    	0.    	0.    ]
 [0.    	0.    	0.    	0.    	0.    ]]
2026-01-29 17:01:00,840 - INFO - Epoch 0 saved.
