2026-01-29 22:25:46,262 - INFO - Epoch 0, Train loss: 0.0
2026-01-29 22:25:46,263 - INFO - mIoU: 0.9845; OA: 0.9969; AA: 0.9896; F1: 0.9921; Kappa: 0.9947;
2026-01-29 22:25:46,263 - INFO - spatial_LccAccuracy: 0.9715; spatial_PA: 0.9979; spatial_UA: 0.996; spatial_F1: 0.997; weighted_F1: 0.9797
2026-01-29 22:25:46,263 - INFO - temporal_CdAccuracy: 0.9715; temporal_PA: 0.9896; temporal_UA: 0.9851; temporal_F1: 0.9873
2026-01-29 22:25:46,263 - INFO - Confusion Matrix
 [23331.	   31.	    2.	    0.	    0.]
 [   69.	15475.	    9.	    0.	    0.]
 [    1.	   25.	  717.	    0.	    0.]
 [    0.	    0.	    0.	    0.	    0.]
 [    0.	    0.	    0.	    0.	 4560.]
2026-01-29 22:25:46,263 - INFO - Change Type PA (Recall) Matrix
 [[0.    	0.9916	0.9545	0.    	0.    ]
 [0.9747	0.    	0.9474	0.    	0.    ]
 [0.    	0.    	0.    	0.    	0.    ]
 [0.    	0.    	0.    	0.    	0.    ]
 [0.    	0.    	0.    	0.    	0.    ]]
2026-01-29 22:25:46,263 - INFO - Change Type UA (Precision) Matrix
 [[0.    	0.9833	1.    	0.    	0.    ]
 [0.939 	0.    	0.9231	0.    	0.    ]
 [0.    	0.    	0.    	0.    	0.    ]
 [0.    	0.    	0.    	0.    	0.    ]
 [0.    	0.    	0.    	0.    	0.    ]]
2026-01-29 22:25:46,263 - INFO - Change Type F1 Matrix
 [[0.    	0.9874	0.9767	0.    	0.    ]
 [0.9565	0.    	0.9351	0.    	0.    ]
 [0.    	0.    	0.    	0.    	0.    ]
 [0.    	0.    	0.    	0.    	0.    ]
 [0.    	0.    	0.    	0.    	0.    ]]
2026-01-29 22:25:46,263 - INFO - Epoch 0 saved.
