2026-01-29 22:25:46,420 - INFO - Epoch 0, Train loss: 0.0
2026-01-29 22:25:46,420 - INFO - mIoU: 0.9319; OA: 0.9905; AA: 0.9418; F1: 0.9634; Kappa: 0.9797;
2026-01-29 22:25:46,420 - INFO - spatial_LccAccuracy: 0.9064; spatial_PA: 0.9918; spatial_UA: 0.999; spatial_F1: 0.9954; weighted_F1: 0.9723
2026-01-29 22:25:46,420 - INFO - temporal_CdAccuracy: 0.9064; temporal_PA: 0.9706; temporal_UA: 0.9809; temporal_F1: 0.9757
2026-01-29 22:25:46,420 - INFO - Confusion Matrix
 [11867.	  231.	    0.	    0.	    0.]
 [   59.	20410.	    2.	    0.	    0.]
 [    0.	   20.	  111.	    0.	    0.]
 [    0.	    0.	    0.	    0.	    0.]
 [    0.	    0.	    0.	    0.	    0.]
2026-01-29 22:25:46,421 - INFO - Change Type PA (Recall) Matrix
 [[0.    	0.9704	0.    	0.    	0.    ]
 [0.9441	0.    	0.8   	0.    	0.    ]
 [1.    	1.    	0.    	0.    	0.    ]
 [0.    	0.    	0.    	0.    	0.    ]
 [0.    	0.    	0.    	0.    	0.    ]]
2026-01-29 22:25:46,421 - INFO - Change Type UA (Precision) Matrix
 [[0.    	0.9871	0.    	0.    	0.    ]
 [0.9775	0.    	0.8   	0.    	0.    ]
 [1.    	1.    	0.    	0.    	0.    ]
 [0.    	0.    	0.    	0.    	0.    ]
 [0.    	0.    	0.    	0.    	0.    ]]
2026-01-29 22:25:46,421 - INFO - Change Type F1 Matrix
 [[0.    	0.9787	0.    	0.    	0.    ]
 [0.9605	0.    	0.8   	0.    	0.    ]
 [1.    	1.    	0.    	0.    	0.    ]
 [0.    	0.    	0.    	0.    	0.    ]
 [0.    	0.    	0.    	0.    	0.    ]]
2026-01-29 22:25:46,421 - INFO - Epoch 0 saved.
