2026-02-22 20:06:43,066 - INFO - Epoch 0, Train loss: 0.0
2026-02-22 20:06:43,066 - INFO - mIoU: 0.8063; OA: 0.9596; AA: 0.8852; F1: 0.8845; cls_weighted_F1: 0.9595; Kappa: 0.924;
2026-02-22 20:06:43,066 - INFO - spatial_LccAccuracy: 0.7535; spatial_PA: 0.8324; spatial_UA: 0.9692; spatial_F1: 0.8956; weighted_F1: 0.8736
2026-02-22 20:06:43,066 - INFO - temporal_CdAccuracy: 0.7535; temporal_PA: 0.9073; temporal_UA: 0.867; temporal_F1: 0.8867
2026-02-22 20:06:43,066 - INFO - Confusion Matrix
 [15068.	  307.	    0.	    0.	   26.]
 [  725.	16630.	   88.	    0.	   24.]
 [    0.	   57.	  187.	    0.	    0.]
 [    0.	    0.	    0.	    0.	    0.]
 [    0.	  151.	    0.	    0.	  817.]
2026-02-22 20:06:43,066 - INFO - Change Type PA (Recall) Matrix
 [[0.    	0.9484	0.    	0.    	0.    ]
 [0.4091	0.    	0.8857	0.    	0.7273]
 [0.    	0.8857	0.    	0.    	0.    ]
 [0.    	0.    	0.    	0.    	0.    ]
 [0.    	0.    	0.    	0.    	0.    ]]
2026-02-22 20:06:43,066 - INFO - Change Type UA (Precision) Matrix
 [[0.    	0.8787	0.    	0.    	0.    ]
 [0.1957	0.    	0.8857	0.    	0.7018]
 [0.    	1.    	0.    	0.    	0.    ]
 [0.    	0.    	0.    	0.    	0.    ]
 [0.    	0.    	0.    	0.    	0.    ]]
2026-02-22 20:06:43,067 - INFO - Change Type F1 Matrix
 [[0.    	0.9122	0.    	0.    	0.    ]
 [0.2647	0.    	0.8857	0.    	0.7143]
 [0.    	0.9394	0.    	0.    	0.    ]
 [0.    	0.    	0.    	0.    	0.    ]
 [0.    	0.    	0.    	0.    	0.    ]]
2026-02-22 20:06:43,067 - INFO - Epoch 0 saved.
