2026-01-22 16:51:49,836 - INFO - Epoch 0, Train loss: 0.0
2026-01-22 16:51:49,837 - INFO - mIoU: 0.2; OA: 1.0; AA: 0.2; F1: 0.2; Kappa: 0.0;
2026-01-22 16:51:49,837 - INFO - spatial_LccAccuracy: 1.0; spatial_PA: 0.75; spatial_UA: 0.75; spatial_F1: 0.75; weighted_F1: 0.0
2026-01-22 16:51:49,838 - INFO - temporal_CdAccuracy: 1.0; temporal_PA: 0.75; temporal_UA: 0.75; temporal_F1: 0.75
2026-01-22 16:51:49,838 - INFO - Confusion Matrix
 [   0.	   0.	   0.	   0.	   0.]
 [   0.	   0.	   0.	   0.	   0.]
 [   0.	   0.	   0.	   0.	   0.]
 [   0.	   0.	   0.	   0.	   0.]
 [   0.	   0.	   0.	   0.	6780.]
2026-01-22 16:51:49,839 - INFO - Change Type PA (Recall) Matrix
 [[0.	0.	0.	0.	0.]
 [0.	0.	0.	0.	0.]
 [0.	0.	0.	0.	0.]
 [0.	0.	0.	0.	0.]
 [0.	0.	0.	0.	0.]]
2026-01-22 16:51:49,839 - INFO - Change Type UA (Precision) Matrix
 [[0.	0.	0.	0.	0.]
 [0.	0.	0.	0.	0.]
 [0.	0.	0.	0.	0.]
 [0.	0.	0.	0.	0.]
 [0.	0.	0.	0.	0.]]
2026-01-22 16:51:49,840 - INFO - Change Type F1 Matrix
 [[0.	0.	0.	0.	0.]
 [0.	0.	0.	0.	0.]
 [0.	0.	0.	0.	0.]
 [0.	0.	0.	0.	0.]
 [0.	0.	0.	0.	0.]]
2026-01-22 16:51:49,840 - INFO - Epoch 0 saved.
