2025-12-13 21:53:28,629 - INFO - Epoch 0, Train loss: 0.0
2025-12-13 21:53:28,630 - INFO - mIoU: 0.7627; OA: 0.9939; AA: 0.7871; F1: 0.7799; Kappa: 0.9896;
2025-12-13 21:53:28,630 - INFO - spatial_LccAccuracy: 0.9661; spatial_PA: 1.0; spatial_UA: 1.0; spatial_F1: 1.0
2025-12-13 21:53:28,630 - INFO - temporal_CdAccuracy: 0.9593; temporal_PA: 0.9839; temporal_UA: 0.9743; temporal_F1: 0.9791
2025-12-13 21:53:28,631 - INFO - Confusion Matrix
 [23292.	   70.	    2.	    0.	    0.]
 [   62.	15393.	   98.	    0.	    0.]
 [    2.	   36.	  705.	    0.	    0.]
 [    0.	    0.	    0.	    0.	    0.]
 [    0.	    0.	    0.	    0.	 4560.]
2025-12-13 21:53:28,633 - INFO - Change Type PA (Recall) Matrix
 [[0.    	0.9747	0.9545	0.    	0.    ]
 [0.962 	0.    	0.9737	0.    	0.    ]
 [0.    	0.    	0.    	0.    	0.    ]
 [0.    	0.    	0.    	0.    	0.    ]
 [0.    	0.    	0.    	0.    	0.    ]]
2025-12-13 21:53:28,634 - INFO - Change Type UA (Precision) Matrix
 [[0.    	0.9809	0.84  	0.    	0.    ]
 [0.95  	0.    	0.8043	0.    	0.    ]
 [0.    	0.    	0.    	0.    	0.    ]
 [0.    	0.    	0.    	0.    	0.    ]
 [0.    	0.    	0.    	0.    	0.    ]]
2025-12-13 21:53:28,634 - INFO - Change Type F1 Matrix
 [[0.    	0.9778	0.8936	0.    	0.    ]
 [0.956 	0.    	0.881 	0.    	0.    ]
 [0.    	0.    	0.    	0.    	0.    ]
 [0.    	0.    	0.    	0.    	0.    ]
 [0.    	0.    	0.    	0.    	0.    ]]
2025-12-13 21:53:28,635 - INFO - Epoch 0 saved.
