2026-01-29 17:03:23,950 - INFO - Epoch 0, Train loss: 0.0
2026-01-29 17:03:23,951 - INFO - mIoU: 0.8697; OA: 0.984; AA: 0.9427; F1: 0.924; Kappa: 0.966;
2026-01-29 17:03:23,951 - INFO - spatial_LccAccuracy: 0.8294; spatial_PA: 0.9908; spatial_UA: 0.9908; spatial_F1: 0.9908; weighted_F1: 0.9461
2026-01-29 17:03:23,951 - INFO - temporal_CdAccuracy: 0.8294; temporal_PA: 0.9542; temporal_UA: 0.9517; temporal_F1: 0.953
2026-01-29 17:03:23,952 - INFO - Confusion Matrix
 [11811.	  287.	    0.	    0.	    0.]
 [  182.	20252.	   37.	    0.	    0.]
 [    0.	   18.	  113.	    0.	    0.]
 [    0.	    0.	    0.	    0.	    0.]
 [    0.	    0.	    0.	    0.	    0.]
2026-01-29 17:03:23,953 - INFO - Change Type PA (Recall) Matrix
 [[0.    	0.962 	0.    	0.    	0.    ]
 [0.9255	0.    	0.8   	0.    	0.    ]
 [0.    	0.5   	0.    	0.    	0.    ]
 [0.    	0.    	0.    	0.    	0.    ]
 [0.    	0.    	0.    	0.    	0.    ]]
2026-01-29 17:03:23,953 - INFO - Change Type UA (Precision) Matrix
 [[0.    	0.9579	0.    	0.    	0.    ]
 [0.9283	0.    	0.5   	0.    	0.    ]
 [0.    	0.3333	0.    	0.    	0.    ]
 [0.    	0.    	0.    	0.    	0.    ]
 [0.    	0.    	0.    	0.    	0.    ]]
2026-01-29 17:03:23,954 - INFO - Change Type F1 Matrix
 [[0.    	0.9599	0.    	0.    	0.    ]
 [0.9269	0.    	0.6154	0.    	0.    ]
 [0.    	0.4   	0.    	0.    	0.    ]
 [0.    	0.    	0.    	0.    	0.    ]
 [0.    	0.    	0.    	0.    	0.    ]]
2026-01-29 17:03:23,954 - INFO - Epoch 0 saved.
