2026-01-29 17:03:24,127 - INFO - Epoch 0, Train loss: 0.0
2026-01-29 17:03:24,128 - INFO - mIoU: 0.9737; OA: 0.9961; AA: 0.9891; F1: 0.9866; Kappa: 0.9876;
2026-01-29 17:03:24,128 - INFO - spatial_LccAccuracy: 0.9378; spatial_PA: 1.0; spatial_UA: 1.0; spatial_F1: 1.0; weighted_F1: 0.9584
2026-01-29 17:03:24,128 - INFO - temporal_CdAccuracy: 0.9784; temporal_PA: 0.9923; temporal_UA: 0.9899; temporal_F1: 0.9911
2026-01-29 17:03:24,128 - INFO - Confusion Matrix
 [18128.	    1.	    0.	    0.	    0.]
 [   30.	 2919.	    0.	   48.	    0.]
 [    0.	    0.	    0.	    0.	    0.]
 [    2.	    5.	    0.	 1067.	    0.]
 [    0.	    0.	    0.	    0.	    0.]
2026-01-29 17:03:24,129 - INFO - Change Type PA (Recall) Matrix
 [[0.    	0.8931	0.    	0.9882	0.    ]
 [1.    	0.    	0.    	0.    	0.    ]
 [0.    	0.    	0.    	0.    	0.    ]
 [0.    	1.    	0.    	0.    	0.    ]
 [0.    	0.    	0.    	0.    	0.    ]]
2026-01-29 17:03:24,130 - INFO - Change Type UA (Precision) Matrix
 [[0.    	0.9832	0.    	0.9231	0.    ]
 [1.    	0.    	0.    	0.    	0.    ]
 [0.    	0.    	0.    	0.    	0.    ]
 [0.    	0.9895	0.    	0.    	0.    ]
 [0.    	0.    	0.    	0.    	0.    ]]
2026-01-29 17:03:24,131 - INFO - Change Type F1 Matrix
 [[0.    	0.936 	0.    	0.9545	0.    ]
 [1.    	0.    	0.    	0.    	0.    ]
 [0.    	0.    	0.    	0.    	0.    ]
 [0.    	0.9947	0.    	0.    	0.    ]
 [0.    	0.    	0.    	0.    	0.    ]]
2026-01-29 17:03:24,131 - INFO - Epoch 0 saved.
