2026-03-19 14:43:52,973 - INFO - Epoch 0, Train loss: 0.0
2026-03-19 14:43:52,973 - INFO - mIoU: 0.6491; OA: 0.9473; AA: 0.9005; F1: 0.8918; cls_weighted_F1: 0.947; Kappa: 0.901;
2026-03-19 14:43:52,974 - INFO - spatial_LccAccuracy: 0.7217; spatial_PA: 0.7807; spatial_UA: 0.977; spatial_F1: 0.8679; weighted_F1: 0.8413
2026-03-19 14:43:52,974 - INFO - temporal_CdAccuracy: 0.7217; temporal_PA: 0.9054; temporal_UA: 0.8385; temporal_F1: 0.8707
2026-03-19 14:43:52,974 - INFO - Confusion Matrix
 [15049.	  498.	    0.	    1.	   77.]
 [  860.	16650.	   73.	    0.	   31.]
 [    0.	    8.	  285.	    0.	    0.]
 [    0.	    0.	    0.	    0.	    0.]
 [    8.	  262.	    0.	    0.	  698.]
2026-03-19 14:43:52,975 - INFO - Change Type PA (Recall) Matrix
 [[0.    	0.9276	0.    	0.    	0.    ]
 [0.4091	0.    	1.    	0.    	0.5636]
 [0.    	1.    	0.    	0.    	0.    ]
 [0.    	0.    	0.    	0.    	0.    ]
 [0.    	0.    	0.    	0.    	0.    ]]
2026-03-19 14:43:52,976 - INFO - Change Type UA (Precision) Matrix
 [[0.    	0.8404	0.    	0.    	0.    ]
 [0.1304	0.    	0.875 	0.    	0.5345]
 [0.    	0.9545	0.    	0.    	0.    ]
 [0.    	0.    	0.    	0.    	0.    ]
 [0.    	0.    	0.    	0.    	0.    ]]
2026-03-19 14:43:52,977 - INFO - Change Type F1 Matrix
 [[0.    	0.8819	0.    	0.    	0.    ]
 [0.1978	0.    	0.9333	0.    	0.5487]
 [0.    	0.9767	0.    	0.    	0.    ]
 [0.    	0.    	0.    	0.    	0.    ]
 [0.    	0.    	0.    	0.    	0.    ]]
2026-03-19 14:43:52,977 - INFO - Epoch 0 saved.
