2026-03-19 14:43:53,061 - INFO - Epoch 0, Train loss: 0.0
2026-03-19 14:43:53,062 - INFO - mIoU: 0.9555; OA: 0.9869; AA: 0.9791; F1: 0.977; cls_weighted_F1: 0.9869; Kappa: 0.9759;
2026-03-19 14:43:53,062 - INFO - spatial_LccAccuracy: 0.8571; spatial_PA: 1.0; spatial_UA: 1.0; spatial_F1: 1.0; weighted_F1: 0.9689
2026-03-19 14:43:53,062 - INFO - temporal_CdAccuracy: 0.8571; temporal_PA: 0.8975; temporal_UA: 0.8831; temporal_F1: 0.8902
2026-03-19 14:43:53,063 - INFO - Confusion Matrix
 [1491.	  96.	   0.	   0.	   0.]
 [   3.	1290.	   0.	   0.	   0.]
 [   0.	   0.	   0.	   0.	   0.]
 [   0.	   0.	   0.	   0.	   0.]
 [   0.	   0.	   0.	   0.	4680.]
2026-03-19 14:43:53,063 - INFO - Change Type PA (Recall) Matrix
 [[0.    	0.9792	0.    	0.    	0.    ]
 [1.    	0.    	0.    	0.    	0.    ]
 [0.    	0.    	0.    	0.    	0.    ]
 [0.    	0.    	0.    	0.    	0.    ]
 [0.    	0.    	0.    	0.    	0.    ]]
2026-03-19 14:43:53,064 - INFO - Change Type UA (Precision) Matrix
 [[0.    	0.9592	0.    	0.    	0.    ]
 [0.9394	0.    	0.    	0.    	0.    ]
 [0.    	0.    	0.    	0.    	0.    ]
 [0.    	0.    	0.    	0.    	0.    ]
 [0.    	0.    	0.    	0.    	0.    ]]
2026-03-19 14:43:53,065 - INFO - Change Type F1 Matrix
 [[0.    	0.9691	0.    	0.    	0.    ]
 [0.9688	0.    	0.    	0.    	0.    ]
 [0.    	0.    	0.    	0.    	0.    ]
 [0.    	0.    	0.    	0.    	0.    ]
 [0.    	0.    	0.    	0.    	0.    ]]
2026-03-19 14:43:53,066 - INFO - Epoch 0 saved.
