2026-03-19 14:43:53,415 - INFO - Epoch 0, Train loss: 0.0
2026-03-19 14:43:53,416 - INFO - mIoU: 0.9315; OA: 0.9883; AA: 0.9819; F1: 0.9634; cls_weighted_F1: 0.9883; Kappa: 0.9794;
2026-03-19 14:43:53,416 - INFO - spatial_LccAccuracy: 0.8947; spatial_PA: 0.976; spatial_UA: 0.9876; spatial_F1: 0.9818; weighted_F1: 0.8837
2026-03-19 14:43:53,416 - INFO - temporal_CdAccuracy: 0.8975; temporal_PA: 0.9613; temporal_UA: 0.9255; temporal_F1: 0.9431
2026-03-19 14:43:53,416 - INFO - Confusion Matrix
 [24579.	  231.	    0.	    3.	    0.]
 [  143.	12770.	   70.	    1.	    0.]
 [    6.	   54.	  881.	    0.	    1.]
 [    0.	    0.	    0.	   21.	    0.]
 [    0.	    0.	    0.	    0.	 4560.]
2026-03-19 14:43:53,418 - INFO - Change Type PA (Recall) Matrix
 [[0.    	0.9563	0.7317	0.7143	0.    ]
 [0.8219	0.    	0.9178	0.    	0.    ]
 [0.    	0.    	0.    	0.    	0.    ]
 [0.    	0.    	0.    	0.    	0.    ]
 [0.    	0.    	0.    	0.    	0.    ]]
2026-03-19 14:43:53,420 - INFO - Change Type UA (Precision) Matrix
 [[0.    	0.8957	0.8333	0.7143	0.    ]
 [0.7143	0.    	0.7791	0.    	0.    ]
 [0.    	0.    	0.    	0.    	0.    ]
 [0.    	0.    	0.    	0.    	0.    ]
 [0.    	0.    	0.    	0.    	0.    ]]
2026-03-19 14:43:53,420 - INFO - Change Type F1 Matrix
 [[0.    	0.925 	0.7792	0.7143	0.    ]
 [0.7643	0.    	0.8428	0.    	0.    ]
 [0.    	0.    	0.    	0.    	0.    ]
 [0.    	0.    	0.    	0.    	0.    ]
 [0.    	0.    	0.    	0.    	0.    ]]
2026-03-19 14:43:53,421 - INFO - Epoch 0 saved.
