2026-03-19 14:43:53,769 - INFO - Epoch 0, Train loss: 0.0
2026-03-19 14:43:53,769 - INFO - mIoU: 0.8361; OA: 0.9795; AA: 0.8898; F1: 0.8993; cls_weighted_F1: 0.9794; Kappa: 0.9582;
2026-03-19 14:43:53,770 - INFO - spatial_LccAccuracy: 0.8056; spatial_PA: 1.0; spatial_UA: 1.0; spatial_F1: 1.0; weighted_F1: 0.9401
2026-03-19 14:43:53,770 - INFO - temporal_CdAccuracy: 0.8056; temporal_PA: 0.9472; temporal_UA: 0.9528; temporal_F1: 0.95
2026-03-19 14:43:53,770 - INFO - Confusion Matrix
 [14410.	  392.	    0.	    0.	    0.]
 [  189.	21316.	   74.	    0.	    0.]
 [    0.	   99.	  240.	    0.	    0.]
 [    0.	    0.	    0.	    0.	    0.]
 [    0.	    0.	    0.	    0.	    0.]
2026-03-19 14:43:53,771 - INFO - Change Type PA (Recall) Matrix
 [[0.    	0.9619	0.    	0.    	0.    ]
 [0.9342	0.    	0.8727	0.    	0.    ]
 [0.    	0.0625	0.    	0.    	0.    ]
 [0.    	0.    	0.    	0.    	0.    ]
 [0.    	0.    	0.    	0.    	0.    ]]
2026-03-19 14:43:53,772 - INFO - Change Type UA (Precision) Matrix
 [[0.    	0.9631	0.    	0.    	0.    ]
 [0.9241	0.    	0.9796	0.    	0.    ]
 [0.    	0.3333	0.    	0.    	0.    ]
 [0.    	0.    	0.    	0.    	0.    ]
 [0.    	0.    	0.    	0.    	0.    ]]
2026-03-19 14:43:53,773 - INFO - Change Type F1 Matrix
 [[0.    	0.9625	0.    	0.    	0.    ]
 [0.9292	0.    	0.9231	0.    	0.    ]
 [0.    	0.1053	0.    	0.    	0.    ]
 [0.    	0.    	0.    	0.    	0.    ]
 [0.    	0.    	0.    	0.    	0.    ]]
2026-03-19 14:43:53,773 - INFO - Epoch 0 saved.
