2026-03-19 14:43:53,995 - INFO - Epoch 0, Train loss: 0.0
2026-03-19 14:43:53,996 - INFO - mIoU: 0.5844; OA: 0.9957; AA: 0.9867; F1: 0.9867; cls_weighted_F1: 0.9958; Kappa: 0.9862;
2026-03-19 14:43:53,996 - INFO - spatial_LccAccuracy: 0.8943; spatial_PA: 0.9754; spatial_UA: 0.9952; spatial_F1: 0.9852; weighted_F1: 0.9662
2026-03-19 14:43:53,996 - INFO - temporal_CdAccuracy: 0.9079; temporal_PA: 0.9652; temporal_UA: 0.9589; temporal_F1: 0.9621
2026-03-19 14:43:53,997 - INFO - Confusion Matrix
 [18099.	   15.	    0.	    9.	    1.]
 [   19.	 2722.	    1.	   20.	    0.]
 [    0.	    0.	    0.	    0.	    0.]
 [    2.	   28.	    0.	 1224.	    0.]
 [    0.	    0.	    0.	    0.	    0.]
2026-03-19 14:43:53,997 - INFO - Change Type PA (Recall) Matrix
 [[0.    	0.9469	0.    	0.9744	0.    ]
 [0.8571	0.    	0.    	0.    	0.    ]
 [0.    	0.    	0.    	0.    	0.    ]
 [0.    	0.9911	0.    	0.    	0.    ]
 [0.    	0.    	0.    	0.    	0.    ]]
2026-03-19 14:43:53,998 - INFO - Change Type UA (Precision) Matrix
 [[0.    	0.9554	0.    	0.9548	0.    ]
 [0.8571	0.    	0.    	0.    	0.    ]
 [0.    	0.    	0.    	0.    	0.    ]
 [0.    	0.9911	0.    	0.    	0.    ]
 [0.    	0.    	0.    	0.    	0.    ]]
2026-03-19 14:43:53,999 - INFO - Change Type F1 Matrix
 [[0.    	0.9511	0.    	0.9645	0.    ]
 [0.8571	0.    	0.    	0.    	0.    ]
 [0.    	0.    	0.    	0.    	0.    ]
 [0.    	0.9911	0.    	0.    	0.    ]
 [0.    	0.    	0.    	0.    	0.    ]]
2026-03-19 14:43:53,999 - INFO - Epoch 0 saved.
