2026-03-19 14:43:54,108 - INFO - Epoch 0, Train loss: 0.0
2026-03-19 14:43:54,109 - INFO - mIoU: 0.9307; OA: 0.9662; AA: 0.9567; F1: 0.9641; cls_weighted_F1: 0.9663; Kappa: 0.9432;
2026-03-19 14:43:54,109 - INFO - spatial_LccAccuracy: 0.7348; spatial_PA: 0.9811; spatial_UA: 0.9944; spatial_F1: 0.9877; weighted_F1: 0.8662
2026-03-19 14:43:54,109 - INFO - temporal_CdAccuracy: 0.7348; temporal_PA: 0.9193; temporal_UA: 0.8714; temporal_F1: 0.8947
2026-03-19 14:43:54,109 - INFO - Confusion Matrix
 [5905.	 257.	   0.	   3.	   0.]
 [  84.	6016.	  39.	   0.	   0.]
 [   0.	  60.	1021.	   0.	   0.]
 [  13.	  10.	   0.	 392.	   0.]
 [   0.	   0.	   0.	   0.	   0.]
2026-03-19 14:43:54,110 - INFO - Change Type PA (Recall) Matrix
 [[0.    	0.9306	0.    	0.9744	0.    ]
 [0.9516	0.    	0.7931	0.    	0.    ]
 [0.    	0.9268	0.    	0.    	0.    ]
 [0.    	0.    	0.    	0.    	0.    ]
 [0.    	0.    	0.    	0.    	0.    ]]
2026-03-19 14:43:54,111 - INFO - Change Type UA (Precision) Matrix
 [[0.    	0.8272	0.    	0.9744	0.    ]
 [0.6782	0.    	0.8519	0.    	0.    ]
 [0.    	0.9048	0.    	0.    	0.    ]
 [0.    	0.    	0.    	0.    	0.    ]
 [0.    	0.    	0.    	0.    	0.    ]]
2026-03-19 14:43:54,112 - INFO - Change Type F1 Matrix
 [[0.    	0.8758	0.    	0.9744	0.    ]
 [0.7919	0.    	0.8214	0.    	0.    ]
 [0.    	0.9157	0.    	0.    	0.    ]
 [0.    	0.    	0.    	0.    	0.    ]
 [0.    	0.    	0.    	0.    	0.    ]]
2026-03-19 14:43:54,112 - INFO - Epoch 0 saved.
