2026-01-29 22:26:11,496 - INFO - Epoch 0, Train loss: 0.0
2026-01-29 22:26:11,498 - INFO - mIoU: 0.9362; OA: 0.9739; AA: 0.9542; F1: 0.9664; Kappa: 0.9552;
2026-01-29 22:26:11,498 - INFO - spatial_LccAccuracy: 0.7813; spatial_PA: 0.9618; spatial_UA: 0.9893; spatial_F1: 0.9753; weighted_F1: 0.8578
2026-01-29 22:26:11,498 - INFO - temporal_CdAccuracy: 0.7863; temporal_PA: 0.9194; temporal_UA: 0.9042; temporal_F1: 0.9117
2026-01-29 22:26:11,498 - INFO - Confusion Matrix
 [77570.	 1260.	    2.	   10.	   22.]
 [ 1917.	58254.	   74.	    8.	    9.]
 [    5.	  417.	 2629.	    0.	    0.]
 [   12.	   10.	    0.	 1493.	    0.]
 [   73.	  223.	    2.	    0.	10990.]
2026-01-29 22:26:11,498 - INFO - Change Type PA (Recall) Matrix
 [[0.    	0.9251	0.7674	0.9498	0.    ]
 [0.788 	0.    	0.4964	0.    	0.5455]
 [0.    	0.9512	0.    	0.    	0.    ]
 [0.    	0.9596	0.    	0.    	0.    ]
 [0.    	0.    	0.    	0.    	0.    ]]
2026-01-29 22:26:11,498 - INFO - Change Type UA (Precision) Matrix
 [[0.    	0.8756	0.9429	0.9462	0.    ]
 [0.7131	0.    	0.6571	0.    	0.8108]
 [0.    	0.8298	0.    	0.    	0.    ]
 [0.    	0.9406	0.    	0.    	0.    ]
 [0.    	0.    	0.    	0.    	0.    ]]
2026-01-29 22:26:11,498 - INFO - Change Type F1 Matrix
 [[0.    	0.8997	0.8462	0.948 	0.    ]
 [0.7487	0.    	0.5656	0.    	0.6522]
 [0.    	0.8864	0.    	0.    	0.    ]
 [0.    	0.95  	0.    	0.    	0.    ]
 [0.    	0.    	0.    	0.    	0.    ]]
2026-01-29 22:26:11,498 - INFO - Epoch 0 saved.
