2026-01-29 22:26:12,981 - INFO - Epoch 0, Train loss: 0.0
2026-01-29 22:26:12,982 - INFO - mIoU: 0.9351; OA: 0.9736; AA: 0.9569; F1: 0.9658; Kappa: 0.9548;
2026-01-29 22:26:12,982 - INFO - spatial_LccAccuracy: 0.7875; spatial_PA: 0.9509; spatial_UA: 0.9845; spatial_F1: 0.9674; weighted_F1: 0.8622
2026-01-29 22:26:12,982 - INFO - temporal_CdAccuracy: 0.7937; temporal_PA: 0.9263; temporal_UA: 0.903; temporal_F1: 0.9145
2026-01-29 22:26:12,982 - INFO - Confusion Matrix
 [77468.	 1319.	    6.	   10.	   61.]
 [ 1937.	58124.	  128.	    3.	   70.]
 [    2.	  374.	 2675.	    0.	    0.]
 [   16.	   23.	    0.	 1474.	    2.]
 [    6.	  127.	    0.	    0.	11155.]
2026-01-29 22:26:12,982 - INFO - Change Type PA (Recall) Matrix
 [[0.    	0.9278	0.8837	0.9266	0.    ]
 [0.8368	0.    	0.4317	0.    	0.8727]
 [0.    	0.9756	0.    	0.    	0.    ]
 [0.    	0.9596	0.    	0.    	0.    ]
 [0.    	0.    	0.    	0.    	0.    ]]
2026-01-29 22:26:12,982 - INFO - Change Type UA (Precision) Matrix
 [[0.    	0.8698	0.9048	0.9449	0.    ]
 [0.7013	0.    	0.6897	0.    	0.7869]
 [0.    	0.9091	0.    	0.    	0.    ]
 [0.    	0.9314	0.    	0.    	0.    ]
 [0.    	0.    	0.    	0.    	0.    ]]
2026-01-29 22:26:12,982 - INFO - Change Type F1 Matrix
 [[0.    	0.8979	0.8941	0.9357	0.    ]
 [0.763 	0.    	0.531 	0.    	0.8276]
 [0.    	0.9412	0.    	0.    	0.    ]
 [0.    	0.9453	0.    	0.    	0.    ]
 [0.    	0.    	0.    	0.    	0.    ]]
2026-01-29 22:26:12,982 - INFO - Epoch 0 saved.
