2026-01-29 22:26:10,082 - INFO - Epoch 0, Train loss: 0.0
2026-01-29 22:26:10,082 - INFO - mIoU: 0.9357; OA: 0.9731; AA: 0.9554; F1: 0.9661; Kappa: 0.9538;
2026-01-29 22:26:10,083 - INFO - spatial_LccAccuracy: 0.7964; spatial_PA: 0.9529; spatial_UA: 0.9859; spatial_F1: 0.9691; weighted_F1: 0.8718
2026-01-29 22:26:10,083 - INFO - temporal_CdAccuracy: 0.8014; temporal_PA: 0.9309; temporal_UA: 0.9089; temporal_F1: 0.9198
2026-01-29 22:26:10,083 - INFO - Confusion Matrix
 [77879.	  943.	    2.	   20.	   20.]
 [ 2380.	57758.	   82.	    6.	   36.]
 [    3.	  415.	 2633.	    0.	    0.]
 [    2.	   14.	    0.	 1499.	    0.]
 [   51.	  190.	    0.	    0.	11047.]
2026-01-29 22:26:10,083 - INFO - Change Type PA (Recall) Matrix
 [[0.    	0.9408	0.7597	0.9189	0.    ]
 [0.8274	0.    	0.5683	0.    	0.8   ]
 [0.    	0.9756	0.    	0.    	0.    ]
 [0.    	0.9596	0.    	0.    	0.    ]
 [0.    	0.    	0.    	0.    	0.    ]]
2026-01-29 22:26:10,083 - INFO - Change Type UA (Precision) Matrix
 [[0.    	0.8744	1.    	0.9189	0.    ]
 [0.7487	0.    	0.6639	0.    	0.7719]
 [0.    	0.9091	0.    	0.    	0.    ]
 [0.    	0.95  	0.    	0.    	0.    ]
 [0.    	0.    	0.    	0.    	0.    ]]
2026-01-29 22:26:10,083 - INFO - Change Type F1 Matrix
 [[0.    	0.9064	0.8634	0.9189	0.    ]
 [0.7861	0.    	0.6124	0.    	0.7857]
 [0.    	0.9412	0.    	0.    	0.    ]
 [0.    	0.9548	0.    	0.    	0.    ]
 [0.    	0.    	0.    	0.    	0.    ]]
2026-01-29 22:26:10,083 - INFO - Epoch 0 saved.
