2026-01-29 22:26:08,743 - INFO - Epoch 0, Train loss: 0.0
2026-01-29 22:26:08,745 - INFO - mIoU: 0.9373; OA: 0.975; AA: 0.9587; F1: 0.967; Kappa: 0.9571;
2026-01-29 22:26:08,745 - INFO - spatial_LccAccuracy: 0.7851; spatial_PA: 0.9607; spatial_UA: 0.9881; spatial_F1: 0.9742; weighted_F1: 0.8686
2026-01-29 22:26:08,745 - INFO - temporal_CdAccuracy: 0.7917; temporal_PA: 0.9264; temporal_UA: 0.9067; temporal_F1: 0.9164
2026-01-29 22:26:08,745 - INFO - Confusion Matrix
 [77072.	 1714.	    1.	   15.	   62.]
 [ 1286.	58825.	   93.	   16.	   42.]
 [    2.	  396.	 2653.	    0.	    0.]
 [    5.	    7.	    0.	 1503.	    0.]
 [    6.	  236.	    0.	    0.	11046.]
2026-01-29 22:26:08,745 - INFO - Change Type PA (Recall) Matrix
 [[0.    	0.9343	0.7209	0.9614	0.    ]
 [0.833 	0.    	0.5396	0.    	0.7273]
 [0.    	0.9756	0.    	0.    	0.    ]
 [0.    	0.9697	0.    	0.    	0.    ]
 [0.    	0.    	0.    	0.    	0.    ]]
2026-01-29 22:26:08,745 - INFO - Change Type UA (Precision) Matrix
 [[0.    	0.8758	0.949 	0.9361	0.    ]
 [0.7475	0.    	0.625 	0.    	0.7692]
 [0.    	0.7692	0.    	0.    	0.    ]
 [0.    	0.9697	0.    	0.    	0.    ]
 [0.    	0.    	0.    	0.    	0.    ]]
2026-01-29 22:26:08,745 - INFO - Change Type F1 Matrix
 [[0.    	0.9041	0.8194	0.9486	0.    ]
 [0.7879	0.    	0.5792	0.    	0.7477]
 [0.    	0.8602	0.    	0.    	0.    ]
 [0.    	0.9697	0.    	0.    	0.    ]
 [0.    	0.    	0.    	0.    	0.    ]]
2026-01-29 22:26:08,745 - INFO - Epoch 0 saved.
