2026-01-29 22:26:14,515 - INFO - Epoch 0, Train loss: 0.0
2026-01-29 22:26:14,515 - INFO - mIoU: 0.9341; OA: 0.973; AA: 0.9576; F1: 0.9654; Kappa: 0.9537;
2026-01-29 22:26:14,515 - INFO - spatial_LccAccuracy: 0.7975; spatial_PA: 0.9632; spatial_UA: 0.9853; spatial_F1: 0.9741; weighted_F1: 0.8745
2026-01-29 22:26:14,515 - INFO - temporal_CdAccuracy: 0.8022; temporal_PA: 0.9277; temporal_UA: 0.9102; temporal_F1: 0.9189
2026-01-29 22:26:14,515 - INFO - Confusion Matrix
 [77650.	 1146.	   10.	    7.	   51.]
 [ 2155.	57903.	  113.	   24.	   67.]
 [   13.	  348.	 2689.	    1.	    0.]
 [   27.	    3.	    0.	 1485.	    0.]
 [   62.	  150.	    0.	    0.	11076.]
2026-01-29 22:26:14,515 - INFO - Change Type PA (Recall) Matrix
 [[0.    	0.9321	0.8915	0.9421	0.    ]
 [0.8311	0.    	0.4964	0.    	0.7455]
 [0.    	0.9512	0.    	0.    	0.    ]
 [0.    	0.9798	0.    	0.    	0.    ]
 [0.    	0.    	0.    	0.    	0.    ]]
2026-01-29 22:26:14,515 - INFO - Change Type UA (Precision) Matrix
 [[0.    	0.8881	0.8984	0.9349	0.    ]
 [0.725 	0.    	0.7419	0.    	0.7736]
 [0.    	0.975 	0.    	0.    	0.    ]
 [0.    	0.9798	0.    	0.    	0.    ]
 [0.    	0.    	0.    	0.    	0.    ]]
2026-01-29 22:26:14,515 - INFO - Change Type F1 Matrix
 [[0.    	0.9096	0.8949	0.9385	0.    ]
 [0.7745	0.    	0.5948	0.    	0.7593]
 [0.    	0.963 	0.    	0.    	0.    ]
 [0.    	0.9798	0.    	0.    	0.    ]
 [0.    	0.    	0.    	0.    	0.    ]]
2026-01-29 22:26:14,515 - INFO - Epoch 0 saved.
