2026-03-19 14:44:07,916 - INFO - Epoch 0, Train loss: 0.0
2026-03-19 14:44:07,916 - INFO - mIoU: 0.6926; OA: 0.9577; AA: 0.9232; F1: 0.926; cls_weighted_F1: 0.9576; Kappa: 0.9207;
2026-03-19 14:44:07,916 - INFO - spatial_LccAccuracy: 0.7722; spatial_PA: 0.7632; spatial_UA: 0.9752; spatial_F1: 0.8563; weighted_F1: 0.8921
2026-03-19 14:44:07,916 - INFO - temporal_CdAccuracy: 0.7722; temporal_PA: 0.9286; temporal_UA: 0.8714; temporal_F1: 0.8991
2026-03-19 14:44:07,917 - INFO - Confusion Matrix
 [15232.	  334.	    0.	    0.	   59.]
 [  802.	16749.	   25.	    0.	   38.]
 [    0.	   11.	  282.	    0.	    0.]
 [    0.	    0.	    0.	    0.	    0.]
 [    7.	  179.	    2.	    1.	  779.]
2026-03-19 14:44:07,917 - INFO - Change Type PA (Recall) Matrix
 [[0.    	0.9706	0.    	0.    	0.    ]
 [0.4091	0.    	1.    	0.    	0.7818]
 [0.    	1.    	0.    	0.    	0.    ]
 [0.    	0.    	0.    	0.    	0.    ]
 [0.    	0.    	0.    	0.    	0.    ]]
2026-03-19 14:44:07,917 - INFO - Change Type UA (Precision) Matrix
 [[0.    	0.8826	0.    	0.    	0.    ]
 [0.2   	0.    	0.875 	0.    	0.7414]
 [0.    	0.913 	0.    	0.    	0.    ]
 [0.    	0.    	0.    	0.    	0.    ]
 [0.    	0.    	0.    	0.    	0.    ]]
2026-03-19 14:44:07,918 - INFO - Change Type F1 Matrix
 [[0.    	0.9245	0.    	0.    	0.    ]
 [0.2687	0.    	0.9333	0.    	0.7611]
 [0.    	0.9545	0.    	0.    	0.    ]
 [0.    	0.    	0.    	0.    	0.    ]
 [0.    	0.    	0.    	0.    	0.    ]]
2026-03-19 14:44:07,918 - INFO - Epoch 0 saved.
