2026-03-19 14:44:07,979 - INFO - Epoch 0, Train loss: 0.0
2026-03-19 14:44:07,981 - INFO - mIoU: 0.9646; OA: 0.9897; AA: 0.9826; F1: 0.9818; cls_weighted_F1: 0.9897; Kappa: 0.981;
2026-03-19 14:44:07,981 - INFO - spatial_LccAccuracy: 0.9206; spatial_PA: 1.0; spatial_UA: 1.0; spatial_F1: 1.0; weighted_F1: 0.9571
2026-03-19 14:44:07,981 - INFO - temporal_CdAccuracy: 0.9206; temporal_PA: 0.9485; temporal_UA: 0.9221; temporal_F1: 0.9351
2026-03-19 14:44:07,981 - INFO - Confusion Matrix
 [1531.	  56.	   0.	   0.	   0.]
 [  22.	1271.	   0.	   0.	   0.]
 [   0.	   0.	   0.	   0.	   0.]
 [   0.	   0.	   0.	   0.	   0.]
 [   0.	   0.	   0.	   0.	4680.]
2026-03-19 14:44:07,982 - INFO - Change Type PA (Recall) Matrix
 [[0.    	0.9792	0.    	0.    	0.    ]
 [1.    	0.    	0.    	0.    	0.    ]
 [0.    	0.    	0.    	0.    	0.    ]
 [0.    	0.    	0.    	0.    	0.    ]
 [0.    	0.    	0.    	0.    	0.    ]]
2026-03-19 14:44:07,983 - INFO - Change Type UA (Precision) Matrix
 [[0.    	0.94  	0.    	0.    	0.    ]
 [0.9118	0.    	0.    	0.    	0.    ]
 [0.    	0.    	0.    	0.    	0.    ]
 [0.    	0.    	0.    	0.    	0.    ]
 [0.    	0.    	0.    	0.    	0.    ]]
2026-03-19 14:44:07,984 - INFO - Change Type F1 Matrix
 [[0.    	0.9592	0.    	0.    	0.    ]
 [0.9538	0.    	0.    	0.    	0.    ]
 [0.    	0.    	0.    	0.    	0.    ]
 [0.    	0.    	0.    	0.    	0.    ]
 [0.    	0.    	0.    	0.    	0.    ]]
2026-03-19 14:44:07,984 - INFO - Epoch 0 saved.
