2026-03-19 14:44:08,304 - INFO - Epoch 0, Train loss: 0.0
2026-03-19 14:44:08,305 - INFO - mIoU: 0.9269; OA: 0.9911; AA: 0.9908; F1: 0.9601; cls_weighted_F1: 0.9911; Kappa: 0.9844;
2026-03-19 14:44:08,305 - INFO - spatial_LccAccuracy: 0.928; spatial_PA: 0.984; spatial_UA: 0.9917; spatial_F1: 0.9878; weighted_F1: 0.9301
2026-03-19 14:44:08,305 - INFO - temporal_CdAccuracy: 0.9321; temporal_PA: 0.9817; temporal_UA: 0.9537; temporal_F1: 0.9675
2026-03-19 14:44:08,306 - INFO - Confusion Matrix
 [24717.	   90.	    0.	    5.	    1.]
 [  183.	12714.	   86.	    1.	    0.]
 [    9.	   11.	  922.	    0.	    0.]
 [    0.	    0.	    0.	   21.	    0.]
 [    0.	    0.	    0.	    0.	 4560.]
2026-03-19 14:44:08,306 - INFO - Change Type PA (Recall) Matrix
 [[0.    	0.9607	0.9756	0.8571	0.    ]
 [0.9452	0.    	0.9178	0.    	0.    ]
 [0.    	1.    	0.    	0.    	0.    ]
 [0.    	0.    	0.    	0.    	0.    ]
 [0.    	0.    	0.    	0.    	0.    ]]
2026-03-19 14:44:08,307 - INFO - Change Type UA (Precision) Matrix
 [[0.    	0.9442	0.7547	0.6667	0.    ]
 [0.8118	0.    	0.9306	0.    	0.    ]
 [0.    	0.2222	0.    	0.    	0.    ]
 [0.    	0.    	0.    	0.    	0.    ]
 [0.    	0.    	0.    	0.    	0.    ]]
2026-03-19 14:44:08,308 - INFO - Change Type F1 Matrix
 [[0.    	0.9524	0.8511	0.75  	0.    ]
 [0.8734	0.    	0.9241	0.    	0.    ]
 [0.    	0.3636	0.    	0.    	0.    ]
 [0.    	0.    	0.    	0.    	0.    ]
 [0.    	0.    	0.    	0.    	0.    ]]
2026-03-19 14:44:08,308 - INFO - Epoch 0 saved.
