2026-03-19 14:44:08,610 - INFO - Epoch 0, Train loss: 0.0
2026-03-19 14:44:08,610 - INFO - mIoU: 0.6513; OA: 0.9817; AA: 0.9171; F1: 0.9233; cls_weighted_F1: 0.9817; Kappa: 0.9628;
2026-03-19 14:44:08,612 - INFO - spatial_LccAccuracy: 0.8382; spatial_PA: 1.0; spatial_UA: 1.0; spatial_F1: 1.0; weighted_F1: 0.9519
2026-03-19 14:44:08,612 - INFO - temporal_CdAccuracy: 0.8382; temporal_PA: 0.9725; temporal_UA: 0.9483; temporal_F1: 0.9603
2026-03-19 14:44:08,612 - INFO - Confusion Matrix
 [14541.	  259.	    0.	    2.	    0.]
 [  281.	21241.	   57.	    0.	    0.]
 [    0.	   73.	  266.	    0.	    0.]
 [    0.	    0.	    0.	    0.	    0.]
 [    0.	    0.	    0.	    0.	    0.]
2026-03-19 14:44:08,613 - INFO - Change Type PA (Recall) Matrix
 [[0.    	0.9828	0.    	0.    	0.    ]
 [0.9808	0.    	0.9273	0.    	0.    ]
 [0.    	0.875 	0.    	0.    	0.    ]
 [0.    	0.    	0.    	0.    	0.    ]
 [0.    	0.    	0.    	0.    	0.    ]]
2026-03-19 14:44:08,614 - INFO - Change Type UA (Precision) Matrix
 [[0.    	0.9423	0.    	0.    	0.    ]
 [0.8861	0.    	0.9808	0.    	0.    ]
 [0.    	0.9333	0.    	0.    	0.    ]
 [0.    	0.    	0.    	0.    	0.    ]
 [0.    	0.    	0.    	0.    	0.    ]]
2026-03-19 14:44:08,615 - INFO - Change Type F1 Matrix
 [[0.    	0.9621	0.    	0.    	0.    ]
 [0.9311	0.    	0.9533	0.    	0.    ]
 [0.    	0.9032	0.    	0.    	0.    ]
 [0.    	0.    	0.    	0.    	0.    ]
 [0.    	0.    	0.    	0.    	0.    ]]
2026-03-19 14:44:08,615 - INFO - Epoch 0 saved.
