2026-03-19 14:44:08,781 - INFO - Epoch 0, Train loss: 0.0
2026-03-19 14:44:08,782 - INFO - mIoU: 0.7317; OA: 0.9964; AA: 0.9852; F1: 0.9876; cls_weighted_F1: 0.9964; Kappa: 0.9884;
2026-03-19 14:44:08,782 - INFO - spatial_LccAccuracy: 0.9377; spatial_PA: 0.9968; spatial_UA: 0.9841; spatial_F1: 0.9904; weighted_F1: 0.9593
2026-03-19 14:44:08,783 - INFO - temporal_CdAccuracy: 0.9729; temporal_PA: 0.9916; temporal_UA: 0.9882; temporal_F1: 0.9899
2026-03-19 14:44:08,783 - INFO - Confusion Matrix
 [18115.	    5.	    1.	    3.	    0.]
 [   16.	 2733.	    0.	   13.	    0.]
 [    0.	    0.	    0.	    0.	    0.]
 [    3.	   39.	    0.	 1212.	    0.]
 [    0.	    0.	    0.	    0.	    0.]
2026-03-19 14:44:08,784 - INFO - Change Type PA (Recall) Matrix
 [[0.    	0.9735	0.    	0.9282	0.    ]
 [1.    	0.    	0.    	0.    	0.    ]
 [0.    	0.    	0.    	0.    	0.    ]
 [0.    	1.    	0.    	0.    	0.    ]
 [0.    	0.    	0.    	0.    	0.    ]]
2026-03-19 14:44:08,785 - INFO - Change Type UA (Precision) Matrix
 [[0.    	0.8943	0.    	0.9837	0.    ]
 [0.875 	0.    	0.    	0.    	0.    ]
 [0.    	0.    	0.    	0.    	0.    ]
 [0.    	0.9912	0.    	0.    	0.    ]
 [0.    	0.    	0.    	0.    	0.    ]]
2026-03-19 14:44:08,786 - INFO - Change Type F1 Matrix
 [[0.    	0.9322	0.    	0.9551	0.    ]
 [0.9333	0.    	0.    	0.    	0.    ]
 [0.    	0.    	0.    	0.    	0.    ]
 [0.    	0.9956	0.    	0.    	0.    ]
 [0.    	0.    	0.    	0.    	0.    ]]
2026-03-19 14:44:08,786 - INFO - Epoch 0 saved.
