2026-03-19 14:44:08,898 - INFO - Epoch 0, Train loss: 0.0
2026-03-19 14:44:08,900 - INFO - mIoU: 0.7594; OA: 0.9738; AA: 0.9713; F1: 0.974; cls_weighted_F1: 0.9738; Kappa: 0.9559;
2026-03-19 14:44:08,900 - INFO - spatial_LccAccuracy: 0.8; spatial_PA: 0.9811; spatial_UA: 0.9944; spatial_F1: 0.9877; weighted_F1: 0.9088
2026-03-19 14:44:08,900 - INFO - temporal_CdAccuracy: 0.8; temporal_PA: 0.9439; temporal_UA: 0.9042; temporal_F1: 0.9236
2026-03-19 14:44:08,900 - INFO - Confusion Matrix
 [5996.	 160.	   2.	   7.	   0.]
 [ 112.	6004.	  22.	   0.	   1.]
 [   0.	  50.	1031.	   0.	   0.]
 [   7.	   1.	   0.	 407.	   0.]
 [   0.	   0.	   0.	   0.	   0.]
2026-03-19 14:44:08,902 - INFO - Change Type PA (Recall) Matrix
 [[0.    	0.9583	0.    	1.    	0.    ]
 [0.9839	0.    	0.7931	0.    	0.    ]
 [1.    	0.9756	0.    	0.    	0.    ]
 [0.    	0.    	0.    	0.    	0.    ]
 [0.    	0.    	0.    	0.    	0.    ]]
2026-03-19 14:44:08,902 - INFO - Change Type UA (Precision) Matrix
 [[0.    	0.8846	0.    	1.    	0.    ]
 [0.7821	0.    	0.7931	0.    	0.    ]
 [1.    	0.9091	0.    	0.    	0.    ]
 [0.    	0.    	0.    	0.    	0.    ]
 [0.    	0.    	0.    	0.    	0.    ]]
2026-03-19 14:44:08,903 - INFO - Change Type F1 Matrix
 [[0.    	0.92  	0.    	1.    	0.    ]
 [0.8714	0.    	0.7931	0.    	0.    ]
 [1.    	0.9412	0.    	0.    	0.    ]
 [0.    	0.    	0.    	0.    	0.    ]
 [0.    	0.    	0.    	0.    	0.    ]]
2026-03-19 14:44:08,903 - INFO - Epoch 0 saved.
