2026-01-29 17:01:03,586 - INFO - Epoch 0, Train loss: 0.0
2026-01-29 17:01:03,586 - INFO - mIoU: 0.6631; OA: 0.9568; AA: 0.9193; F1: 0.9377; Kappa: 0.9177;
2026-01-29 17:01:03,586 - INFO - spatial_LccAccuracy: 0.7824; spatial_PA: 0.8246; spatial_UA: 0.9798; spatial_F1: 0.8955; weighted_F1: 0.8804
2026-01-29 17:01:03,586 - INFO - temporal_CdAccuracy: 0.7824; temporal_PA: 0.9174; temporal_UA: 0.8561; temporal_F1: 0.8857
2026-01-29 17:01:03,586 - INFO - Confusion Matrix
 [13818.	  449.	    0.	    0.	   14.]
 [  684.	15970.	   58.	    0.	   19.]
 [    0.	    0.	    0.	    0.	    0.]
 [    0.	    0.	    0.	    0.	    0.]
 [    0.	  159.	    0.	    0.	  809.]
2026-01-29 17:01:03,587 - INFO - Change Type PA (Recall) Matrix
 [[0.    	0.9659	0.    	0.    	0.    ]
 [0.6818	0.    	0.    	0.    	0.7636]
 [0.    	0.    	0.    	0.    	0.    ]
 [0.    	0.    	0.    	0.    	0.    ]
 [0.    	0.    	0.    	0.    	0.    ]]
2026-01-29 17:01:03,588 - INFO - Change Type UA (Precision) Matrix
 [[0.    	0.8762	0.    	0.    	0.    ]
 [0.2542	0.    	0.    	0.    	0.75  ]
 [0.    	0.    	0.    	0.    	0.    ]
 [0.    	0.    	0.    	0.    	0.    ]
 [0.    	0.    	0.    	0.    	0.    ]]
2026-01-29 17:01:03,589 - INFO - Change Type F1 Matrix
 [[0.    	0.9189	0.    	0.    	0.    ]
 [0.3704	0.    	0.    	0.    	0.7568]
 [0.    	0.    	0.    	0.    	0.    ]
 [0.    	0.    	0.    	0.    	0.    ]
 [0.    	0.    	0.    	0.    	0.    ]]
2026-01-29 17:01:03,589 - INFO - Epoch 0 saved.
