2026-01-29 17:01:04,549 - INFO - Epoch 0, Train loss: 0.0
2026-01-29 17:01:04,549 - INFO - mIoU: 0.9934; OA: 0.9987; AA: 0.9957; F1: 0.9967; Kappa: 0.996;
2026-01-29 17:01:04,549 - INFO - spatial_LccAccuracy: 0.9919; spatial_PA: 1.0; spatial_UA: 1.0; spatial_F1: 1.0; weighted_F1: 0.995
2026-01-29 17:01:04,549 - INFO - temporal_CdAccuracy: 0.9973; temporal_PA: 0.9987; temporal_UA: 0.9987; temporal_F1: 0.9987
2026-01-29 17:01:04,549 - INFO - Confusion Matrix
 [18122.	    7.	    0.	    0.	    0.]
 [   10.	 2985.	    0.	    2.	    0.]
 [    0.	    0.	    0.	    0.	    0.]
 [    2.	    7.	    0.	 1065.	    0.]
 [    0.	    0.	    0.	    0.	    0.]
2026-01-29 17:01:04,550 - INFO - Change Type PA (Recall) Matrix
 [[0.    	1.    	0.    	0.9882	0.    ]
 [1.    	0.    	0.    	0.    	0.    ]
 [0.    	0.    	0.    	0.    	0.    ]
 [0.    	1.    	0.    	0.    	0.    ]
 [0.    	0.    	0.    	0.    	0.    ]]
2026-01-29 17:01:04,552 - INFO - Change Type UA (Precision) Matrix
 [[0.   	0.985	0.   	1.   	0.   ]
 [1.   	0.   	0.   	0.   	0.   ]
 [0.   	0.   	0.   	0.   	0.   ]
 [0.   	1.   	0.   	0.   	0.   ]
 [0.   	0.   	0.   	0.   	0.   ]]
2026-01-29 17:01:04,552 - INFO - Change Type F1 Matrix
 [[0.    	0.9924	0.    	0.9941	0.    ]
 [1.    	0.    	0.    	0.    	0.    ]
 [0.    	0.    	0.    	0.    	0.    ]
 [0.    	1.    	0.    	0.    	0.    ]
 [0.    	0.    	0.    	0.    	0.    ]]
2026-01-29 17:01:04,552 - INFO - Epoch 0 saved.
