2026-01-29 22:27:56,800 - INFO - Epoch 0, Train loss: 0.0
2026-01-29 22:27:56,800 - INFO - mIoU: 0.6906; OA: 0.9767; AA: 0.7277; F1: 0.7426; Kappa: 0.9502;
2026-01-29 22:27:56,800 - INFO - spatial_LccAccuracy: 0.789; spatial_PA: 0.9897; spatial_UA: 0.9828; spatial_F1: 0.9863; weighted_F1: 0.9218
2026-01-29 22:27:56,800 - INFO - temporal_CdAccuracy: 0.7908; temporal_PA: 0.9539; temporal_UA: 0.9299; temporal_F1: 0.9417
2026-01-29 22:27:56,800 - INFO - Confusion Matrix
 [11696.	  402.	    0.	    0.	    0.]
 [  200.	20211.	   60.	    0.	    0.]
 [    0.	  101.	   30.	    0.	    0.]
 [    0.	    0.	    0.	    0.	    0.]
 [    0.	    0.	    0.	    0.	    0.]
2026-01-29 22:27:56,801 - INFO - Change Type PA (Recall) Matrix
 [[0.    	0.9437	0.    	0.    	0.    ]
 [0.9348	0.    	0.4   	0.    	0.    ]
 [0.    	0.    	0.    	0.    	0.    ]
 [0.    	0.    	0.    	0.    	0.    ]
 [0.    	0.    	0.    	0.    	0.    ]]
2026-01-29 22:27:56,801 - INFO - Change Type UA (Precision) Matrix
 [[0.    	0.9371	0.    	0.    	0.    ]
 [0.8699	0.    	0.1   	0.    	0.    ]
 [0.    	0.    	0.    	0.    	0.    ]
 [0.    	0.    	0.    	0.    	0.    ]
 [0.    	0.    	0.    	0.    	0.    ]]
2026-01-29 22:27:56,801 - INFO - Change Type F1 Matrix
 [[0.    	0.9404	0.    	0.    	0.    ]
 [0.9012	0.    	0.16  	0.    	0.    ]
 [0.    	0.    	0.    	0.    	0.    ]
 [0.    	0.    	0.    	0.    	0.    ]
 [0.    	0.    	0.    	0.    	0.    ]]
2026-01-29 22:27:56,801 - INFO - Epoch 0 saved.
