2026-02-22 20:07:01,765 - INFO - Epoch 0, Train loss: 0.0
2026-02-22 20:07:01,766 - INFO - mIoU: 0.5206; OA: 0.9473; AA: 0.6915; F1: 0.7159; cls_weighted_F1: 0.9454; Kappa: 0.9004;
2026-02-22 20:07:01,766 - INFO - spatial_LccAccuracy: 0.7077; spatial_PA: 0.7544; spatial_UA: 0.974; spatial_F1: 0.8503; weighted_F1: 0.8012
2026-02-22 20:07:01,766 - INFO - temporal_CdAccuracy: 0.7077; temporal_PA: 0.8751; temporal_UA: 0.8367; temporal_F1: 0.8555
2026-02-22 20:07:01,766 - INFO - Confusion Matrix
 [15070.	  276.	    0.	    1.	   54.]
 [  945.	16454.	   36.	   11.	   21.]
 [    0.	  224.	   20.	    0.	    0.]
 [    0.	    0.	    0.	    0.	    0.]
 [   13.	  169.	   23.	   24.	  739.]
2026-02-22 20:07:01,766 - INFO - Change Type PA (Recall) Matrix
 [[0.    	0.9683	0.    	0.    	0.    ]
 [0.6818	0.    	0.1429	0.    	0.6182]
 [0.    	0.1429	0.    	0.    	0.    ]
 [0.    	0.    	0.    	0.    	0.    ]
 [0.    	0.    	0.    	0.    	0.    ]]
2026-02-22 20:07:01,766 - INFO - Change Type UA (Precision) Matrix
 [[0.    	0.8683	0.    	0.    	0.    ]
 [0.2206	0.    	0.3333	0.    	0.7391]
 [0.    	1.    	0.    	0.    	0.    ]
 [0.    	0.    	0.    	0.    	0.    ]
 [0.    	0.    	0.    	0.    	0.    ]]
2026-02-22 20:07:01,766 - INFO - Change Type F1 Matrix
 [[0.    	0.9156	0.    	0.    	0.    ]
 [0.3333	0.    	0.2   	0.    	0.6733]
 [0.    	0.25  	0.    	0.    	0.    ]
 [0.    	0.    	0.    	0.    	0.    ]
 [0.    	0.    	0.    	0.    	0.    ]]
2026-02-22 20:07:01,766 - INFO - Epoch 0 saved.
