<<<<<<< HEAD
2026-01-22 16:52:18,765 - INFO - Epoch 0, Train loss: 0.0
2026-01-22 16:52:18,765 - INFO - mIoU: 0.7595; OA: 0.9921; AA: 0.766; F1: 0.7782; Kappa: 0.9865;
2026-01-22 16:52:18,765 - INFO - spatial_LccAccuracy: 0.9254; spatial_PA: 0.998; spatial_UA: 0.999; spatial_F1: 0.9985; weighted_F1: 0.9081
2026-01-22 16:52:18,765 - INFO - temporal_CdAccuracy: 0.9335; temporal_PA: 0.9758; temporal_UA: 0.9615; temporal_F1: 0.9686
2026-01-22 16:52:18,765 - INFO - Confusion Matrix
=======
2025-12-13 21:53:55,412 - INFO - Epoch 0, Train loss: 0.0
2025-12-13 21:53:55,412 - INFO - mIoU: 0.7595; OA: 0.9921; AA: 0.766; F1: 0.7782; Kappa: 0.9865;
2025-12-13 21:53:55,413 - INFO - spatial_LccAccuracy: 0.9389; spatial_PA: 0.998; spatial_UA: 0.999; spatial_F1: 0.9985
2025-12-13 21:53:55,413 - INFO - temporal_CdAccuracy: 0.9335; temporal_PA: 0.9758; temporal_UA: 0.9615; temporal_F1: 0.9686
2025-12-13 21:53:55,414 - INFO - Confusion Matrix
>>>>>>> 93175a06c110e941919a0524e265707df6271051
 [23259.	  105.	    0.	    0.	    0.]
 [  109.	15432.	   12.	    0.	    0.]
 [    5.	  111.	  627.	    0.	    0.]
 [    0.	    0.	    0.	    0.	    0.]
 [    8.	    0.	    0.	    0.	 4552.]
<<<<<<< HEAD
2026-01-22 16:52:18,766 - INFO - Change Type PA (Recall) Matrix
=======
2025-12-13 21:53:55,415 - INFO - Change Type PA (Recall) Matrix
>>>>>>> 93175a06c110e941919a0524e265707df6271051
 [[0.    	0.9705	0.5455	0.    	0.    ]
 [0.8354	0.    	0.9474	0.    	0.    ]
 [0.    	0.    	0.    	0.    	0.    ]
 [0.    	0.    	0.    	0.    	0.    ]
 [0.    	0.    	0.    	0.    	0.    ]]
<<<<<<< HEAD
2026-01-22 16:52:18,767 - INFO - Change Type UA (Precision) Matrix
=======
2025-12-13 21:53:55,416 - INFO - Change Type UA (Precision) Matrix
>>>>>>> 93175a06c110e941919a0524e265707df6271051
 [[0.    	0.9276	0.96  	0.    	0.    ]
 [0.8684	0.    	0.6429	0.    	0.    ]
 [0.    	0.    	0.    	0.    	0.    ]
 [0.    	0.    	0.    	0.    	0.    ]
 [0.    	0.    	0.    	0.    	0.    ]]
<<<<<<< HEAD
2026-01-22 16:52:18,768 - INFO - Change Type F1 Matrix
=======
2025-12-13 21:53:55,417 - INFO - Change Type F1 Matrix
>>>>>>> 93175a06c110e941919a0524e265707df6271051
 [[0.    	0.9486	0.6957	0.    	0.    ]
 [0.8516	0.    	0.766 	0.    	0.    ]
 [0.    	0.    	0.    	0.    	0.    ]
 [0.    	0.    	0.    	0.    	0.    ]
 [0.    	0.    	0.    	0.    	0.    ]]
<<<<<<< HEAD
2026-01-22 16:52:18,768 - INFO - Epoch 0 saved.
=======
2025-12-13 21:53:55,417 - INFO - Epoch 0 saved.
>>>>>>> 93175a06c110e941919a0524e265707df6271051
