2026-02-22 20:07:02,130 - INFO - Epoch 0, Train loss: 0.0
2026-02-22 20:07:02,130 - INFO - mIoU: 0.8198; OA: 0.9722; AA: 0.8941; F1: 0.8886; cls_weighted_F1: 0.9723; Kappa: 0.9431;
2026-02-22 20:07:02,130 - INFO - spatial_LccAccuracy: 0.7305; spatial_PA: 0.9899; spatial_UA: 0.9829; spatial_F1: 0.9864; weighted_F1: 0.9146
2026-02-22 20:07:02,130 - INFO - temporal_CdAccuracy: 0.7305; temporal_PA: 0.908; temporal_UA: 0.9101; temporal_F1: 0.9091
2026-02-22 20:07:02,130 - INFO - Confusion Matrix
 [13405.	  559.	    0.	    0.	    0.]
 [  207.	20735.	  120.	    0.	    0.]
 [    0.	   98.	  276.	    0.	    0.]
 [    0.	    0.	    0.	    0.	    0.]
 [    0.	    0.	    0.	    0.	    0.]
2026-02-22 20:07:02,130 - INFO - Change Type PA (Recall) Matrix
 [[0.    	0.9444	0.    	0.    	0.    ]
 [0.9037	0.    	0.88  	0.    	0.    ]
 [0.    	0.    	0.    	0.    	0.    ]
 [0.    	0.    	0.    	0.    	0.    ]
 [0.    	0.    	0.    	0.    	0.    ]]
2026-02-22 20:07:02,130 - INFO - Change Type UA (Precision) Matrix
 [[0.    	0.9494	0.    	0.    	0.    ]
 [0.8899	0.    	0.8627	0.    	0.    ]
 [0.    	0.    	0.    	0.    	0.    ]
 [0.    	0.    	0.    	0.    	0.    ]
 [0.    	0.    	0.    	0.    	0.    ]]
2026-02-22 20:07:02,130 - INFO - Change Type F1 Matrix
 [[0.    	0.9469	0.    	0.    	0.    ]
 [0.8968	0.    	0.8713	0.    	0.    ]
 [0.    	0.    	0.    	0.    	0.    ]
 [0.    	0.    	0.    	0.    	0.    ]
 [0.    	0.    	0.    	0.    	0.    ]]
2026-02-22 20:07:02,130 - INFO - Epoch 0 saved.
