2025-12-13 21:53:55,979 - INFO - Epoch 0, Train loss: 0.0
2025-12-13 21:53:55,979 - INFO - mIoU: 0.7546; OA: 0.9727; AA: 0.7724; F1: 0.7763; Kappa: 0.9498;
2025-12-13 21:53:55,980 - INFO - spatial_LccAccuracy: 0.8973; spatial_PA: 1.0; spatial_UA: 1.0; spatial_F1: 1.0
2025-12-13 21:53:55,980 - INFO - temporal_CdAccuracy: 0.8348; temporal_PA: 0.9553; temporal_UA: 0.8979; temporal_F1: 0.9257
2025-12-13 21:53:55,981 - INFO - Confusion Matrix
 [6993.	 176.	   1.	   0.	   1.]
 [ 116.	5391.	  23.	   0.	   0.]
 [   0.	  49.	 559.	   0.	   0.]
 [   0.	   1.	   0.	 130.	   0.]
 [   0.	   0.	   0.	   0.	   0.]
2025-12-13 21:53:55,982 - INFO - Change Type PA (Recall) Matrix
 [[0.    	0.9667	0.    	1.    	0.    ]
 [0.8913	0.    	0.7895	0.    	0.    ]
 [0.    	0.9474	0.    	0.    	0.    ]
 [0.    	0.    	0.    	0.    	0.    ]
 [0.    	0.    	0.    	0.    	0.    ]]
2025-12-13 21:53:55,982 - INFO - Change Type UA (Precision) Matrix
 [[0.    	0.8614	0.    	1.    	0.    ]
 [0.6508	0.    	0.6977	0.    	0.    ]
 [0.    	0.8182	0.    	0.    	0.    ]
 [0.    	0.    	0.    	0.    	0.    ]
 [0.    	0.    	0.    	0.    	0.    ]]
2025-12-13 21:53:55,983 - INFO - Change Type F1 Matrix
 [[0.    	0.911 	0.    	1.    	0.    ]
 [0.7523	0.    	0.7407	0.    	0.    ]
 [0.    	0.878 	0.    	0.    	0.    ]
 [0.    	0.    	0.    	0.    	0.    ]
 [0.    	0.    	0.    	0.    	0.    ]]
2025-12-13 21:53:55,983 - INFO - Epoch 0 saved.
