2026-03-19 14:44:46,954 - INFO - Epoch 0, Train loss: 0.0
2026-03-19 14:44:46,955 - INFO - mIoU: 0.9417; OA: 0.9792; AA: 0.9627; F1: 0.9696; cls_weighted_F1: 0.9792; Kappa: 0.9641;
2026-03-19 14:44:46,955 - INFO - spatial_LccAccuracy: 0.8305; spatial_PA: 0.9635; spatial_UA: 0.987; spatial_F1: 0.9751; weighted_F1: 0.9088
2026-03-19 14:44:46,955 - INFO - temporal_CdAccuracy: 0.8364; temporal_PA: 0.9432; temporal_UA: 0.9258; temporal_F1: 0.9344
2026-03-19 14:44:46,955 - INFO - Confusion Matrix
 [84034.	 1223.	    0.	   22.	    8.]
 [ 1317.	61415.	  156.	   15.	    2.]
 [    0.	  333.	 3312.	    0.	    0.]
 [   11.	   35.	    0.	 1469.	    0.]
 [    7.	  293.	    0.	    0.	10988.]
2026-03-19 14:44:46,955 - INFO - Change Type PA (Recall) Matrix
 [[0.    	0.949 	0.9225	0.9344	0.    ]
 [0.871 	0.    	0.8397	0.    	0.7636]
 [0.    	1.    	0.    	0.    	0.    ]
 [0.    	0.9697	0.    	0.    	0.    ]
 [0.    	0.    	0.    	0.    	0.    ]]
2026-03-19 14:44:46,955 - INFO - Change Type UA (Precision) Matrix
 [[0.    	0.9093	0.9754	0.9308	0.    ]
 [0.806 	0.    	0.8805	0.    	0.8077]
 [0.    	0.875 	0.    	0.    	0.    ]
 [0.    	0.9412	0.    	0.    	0.    ]
 [0.    	0.    	0.    	0.    	0.    ]]
2026-03-19 14:44:46,956 - INFO - Change Type F1 Matrix
 [[0.    	0.9287	0.9482	0.9326	0.    ]
 [0.8372	0.    	0.8596	0.    	0.785 ]
 [0.    	0.9333	0.    	0.    	0.    ]
 [0.    	0.9552	0.    	0.    	0.    ]
 [0.    	0.    	0.    	0.    	0.    ]]
2026-03-19 14:44:46,956 - INFO - Epoch 0 saved.
