2026-03-19 14:44:22,363 - INFO - Epoch 0, Train loss: 0.0
2026-03-19 14:44:22,364 - INFO - mIoU: 0.9336; OA: 0.9782; AA: 0.9728; F1: 0.9651; cls_weighted_F1: 0.9782; Kappa: 0.9625;
2026-03-19 14:44:22,364 - INFO - spatial_LccAccuracy: 0.8247; spatial_PA: 0.9653; spatial_UA: 0.9909; spatial_F1: 0.9779; weighted_F1: 0.9082
2026-03-19 14:44:22,365 - INFO - temporal_CdAccuracy: 0.8353; temporal_PA: 0.9453; temporal_UA: 0.9224; temporal_F1: 0.9337
2026-03-19 14:44:22,365 - INFO - Confusion Matrix
 [84100.	 1147.	    2.	   38.	    0.]
 [ 1577.	60882.	  326.	   87.	   33.]
 [    1.	  211.	 3433.	    0.	    0.]
 [   27.	    3.	    0.	 1485.	    0.]
 [    5.	  128.	    0.	    0.	11155.]
2026-03-19 14:44:22,366 - INFO - Change Type PA (Recall) Matrix
 [[0.    	0.94  	0.9147	0.9537	0.    ]
 [0.8728	0.    	0.9451	0.    	0.8909]
 [0.    	0.9694	0.    	0.    	0.    ]
 [0.    	0.9697	0.    	0.    	0.    ]
 [0.    	0.    	0.    	0.    	0.    ]]
2026-03-19 14:44:22,368 - INFO - Change Type UA (Precision) Matrix
 [[0.    	0.9178	0.9516	0.8488	0.    ]
 [0.8117	0.    	0.8087	0.    	0.8167]
 [0.    	0.8879	0.    	0.    	0.    ]
 [0.    	0.9505	0.    	0.    	0.    ]
 [0.    	0.    	0.    	0.    	0.    ]]
2026-03-19 14:44:22,368 - INFO - Change Type F1 Matrix
 [[0.    	0.9288	0.9328	0.8982	0.    ]
 [0.8411	0.    	0.8716	0.    	0.8522]
 [0.    	0.9268	0.    	0.    	0.    ]
 [0.    	0.96  	0.    	0.    	0.    ]
 [0.    	0.    	0.    	0.    	0.    ]]
2026-03-19 14:44:22,368 - INFO - Epoch 0 saved.
