2026-03-19 14:44:32,898 - INFO - Epoch 0, Train loss: 0.0
2026-03-19 14:44:32,899 - INFO - mIoU: 0.9305; OA: 0.9766; AA: 0.9492; F1: 0.9634; cls_weighted_F1: 0.9765; Kappa: 0.9596;
2026-03-19 14:44:32,899 - INFO - spatial_LccAccuracy: 0.8109; spatial_PA: 0.9652; spatial_UA: 0.984; spatial_F1: 0.9745; weighted_F1: 0.8909
2026-03-19 14:44:32,899 - INFO - temporal_CdAccuracy: 0.82; temporal_PA: 0.9323; temporal_UA: 0.9231; temporal_F1: 0.9277
2026-03-19 14:44:32,899 - INFO - Confusion Matrix
 [84124.	 1146.	    1.	    6.	   10.]
 [ 1745.	61002.	  142.	   11.	    5.]
 [    4.	  424.	 3217.	    0.	    0.]
 [   45.	   62.	    0.	 1408.	    0.]
 [   18.	  233.	    0.	    0.	11037.]
2026-03-19 14:44:32,901 - INFO - Change Type PA (Recall) Matrix
 [[0.    	0.9425	0.907 	0.861 	0.    ]
 [0.828 	0.    	0.7173	0.    	0.7818]
 [0.    	0.9694	0.    	0.    	0.    ]
 [0.    	0.9596	0.    	0.    	0.    ]
 [0.    	0.    	0.    	0.    	0.    ]]
2026-03-19 14:44:32,902 - INFO - Change Type UA (Precision) Matrix
 [[0.    	0.8984	0.975 	0.9449	0.    ]
 [0.8021	0.    	0.8374	0.    	0.8269]
 [0.    	0.8636	0.    	0.    	0.    ]
 [0.    	0.9314	0.    	0.    	0.    ]
 [0.    	0.    	0.    	0.    	0.    ]]
2026-03-19 14:44:32,903 - INFO - Change Type F1 Matrix
 [[0.    	0.92  	0.9398	0.901 	0.    ]
 [0.8148	0.    	0.7727	0.    	0.8037]
 [0.    	0.9135	0.    	0.    	0.    ]
 [0.    	0.9453	0.    	0.    	0.    ]
 [0.    	0.    	0.    	0.    	0.    ]]
2026-03-19 14:44:32,903 - INFO - Epoch 0 saved.
