2026-03-19 14:44:14,873 - INFO - Epoch 0, Train loss: 0.0
2026-03-19 14:44:14,873 - INFO - mIoU: 0.9377; OA: 0.979; AA: 0.9693; F1: 0.9673; cls_weighted_F1: 0.979; Kappa: 0.9638;
2026-03-19 14:44:14,873 - INFO - spatial_LccAccuracy: 0.812; spatial_PA: 0.9689; spatial_UA: 0.9859; spatial_F1: 0.9773; weighted_F1: 0.9003
2026-03-19 14:44:14,873 - INFO - temporal_CdAccuracy: 0.8233; temporal_PA: 0.9347; temporal_UA: 0.9206; temporal_F1: 0.9276
2026-03-19 14:44:14,873 - INFO - Confusion Matrix
 [83782.	 1470.	    1.	   30.	    4.]
 [ 1145.	61430.	  230.	   63.	   37.]
 [    0.	  344.	 3300.	    1.	    0.]
 [    0.	   11.	    0.	 1504.	    0.]
 [    4.	  115.	    0.	    0.	11169.]
2026-03-19 14:44:14,874 - INFO - Change Type PA (Recall) Matrix
 [[0.    	0.9301	0.907 	0.9691	0.    ]
 [0.8513	0.    	0.8017	0.    	0.9091]
 [0.    	1.    	0.    	0.    	0.    ]
 [0.    	0.9697	0.    	0.    	0.    ]
 [0.    	0.    	0.    	0.    	0.    ]]
2026-03-19 14:44:14,875 - INFO - Change Type UA (Precision) Matrix
 [[0.    	0.9215	0.936 	0.8655	0.    ]
 [0.8051	0.    	0.8333	0.    	0.8197]
 [0.    	0.8033	0.    	0.    	0.    ]
 [0.    	0.9412	0.    	0.    	0.    ]
 [0.    	0.    	0.    	0.    	0.    ]]
2026-03-19 14:44:14,876 - INFO - Change Type F1 Matrix
 [[0.    	0.9258	0.9213	0.9144	0.    ]
 [0.8275	0.    	0.8172	0.    	0.8621]
 [0.    	0.8909	0.    	0.    	0.    ]
 [0.    	0.9552	0.    	0.    	0.    ]
 [0.    	0.    	0.    	0.    	0.    ]]
2026-03-19 14:44:14,876 - INFO - Epoch 0 saved.
