2026-03-19 14:44:18,261 - INFO - Epoch 0, Train loss: 0.0
2026-03-19 14:44:18,262 - INFO - mIoU: 0.9397; OA: 0.9777; AA: 0.9731; F1: 0.9684; cls_weighted_F1: 0.9777; Kappa: 0.9615;
2026-03-19 14:44:18,262 - INFO - spatial_LccAccuracy: 0.8189; spatial_PA: 0.9665; spatial_UA: 0.9861; spatial_F1: 0.9762; weighted_F1: 0.9081
2026-03-19 14:44:18,262 - INFO - temporal_CdAccuracy: 0.8269; temporal_PA: 0.9419; temporal_UA: 0.9194; temporal_F1: 0.9305
2026-03-19 14:44:18,263 - INFO - Confusion Matrix
 [83835.	 1397.	    1.	   19.	   35.]
 [ 1396.	61115.	  331.	   46.	   17.]
 [    5.	  228.	 3412.	    0.	    0.]
 [    7.	    6.	    0.	 1502.	    0.]
 [    9.	  180.	    0.	    0.	11099.]
2026-03-19 14:44:18,263 - INFO - Change Type PA (Recall) Matrix
 [[0.    	0.944 	0.9457	0.9653	0.    ]
 [0.8889	0.    	0.8354	0.    	0.8545]
 [0.    	0.9898	0.    	0.    	0.    ]
 [0.    	0.9697	0.    	0.    	0.    ]
 [0.    	0.    	0.    	0.    	0.    ]]
2026-03-19 14:44:18,264 - INFO - Change Type UA (Precision) Matrix
 [[0.    	0.9128	0.9919	0.8897	0.    ]
 [0.7911	0.    	0.8216	0.    	0.8545]
 [0.    	0.8899	0.    	0.    	0.    ]
 [0.    	0.96  	0.    	0.    	0.    ]
 [0.    	0.    	0.    	0.    	0.    ]]
2026-03-19 14:44:18,265 - INFO - Change Type F1 Matrix
 [[0.    	0.9281	0.9683	0.9259	0.    ]
 [0.8371	0.    	0.8285	0.    	0.8545]
 [0.    	0.9372	0.    	0.    	0.    ]
 [0.    	0.9648	0.    	0.    	0.    ]
 [0.    	0.    	0.    	0.    	0.    ]]
2026-03-19 14:44:18,265 - INFO - Epoch 0 saved.
