2026-03-19 14:44:36,582 - INFO - Epoch 0, Train loss: 0.0
2026-03-19 14:44:36,582 - INFO - mIoU: 0.9376; OA: 0.9782; AA: 0.9592; F1: 0.9672; cls_weighted_F1: 0.9781; Kappa: 0.9623;
2026-03-19 14:44:36,582 - INFO - spatial_LccAccuracy: 0.8174; spatial_PA: 0.9622; spatial_UA: 0.9884; spatial_F1: 0.9751; weighted_F1: 0.8909
2026-03-19 14:44:36,582 - INFO - temporal_CdAccuracy: 0.8236; temporal_PA: 0.935; temporal_UA: 0.9255; temporal_F1: 0.9302
2026-03-19 14:44:36,582 - INFO - Confusion Matrix
 [83896.	 1344.	    1.	   12.	   34.]
 [ 1371.	61347.	  119.	   34.	   34.]
 [    0.	  458.	 3187.	    0.	    0.]
 [    9.	   27.	    0.	 1479.	    0.]
 [    2.	  149.	    0.	    0.	11137.]
2026-03-19 14:44:36,583 - INFO - Change Type PA (Recall) Matrix
 [[0.    	0.9341	0.8837	0.9382	0.    ]
 [0.8136	0.    	0.7131	0.    	0.8545]
 [0.    	0.9592	0.    	0.    	0.    ]
 [0.    	0.9798	0.    	0.    	0.    ]
 [0.    	0.    	0.    	0.    	0.    ]]
2026-03-19 14:44:36,584 - INFO - Change Type UA (Precision) Matrix
 [[0.    	0.8998	0.9828	0.9419	0.    ]
 [0.7896	0.    	0.8535	0.    	0.7833]
 [0.    	0.8785	0.    	0.    	0.    ]
 [0.    	0.9798	0.    	0.    	0.    ]
 [0.    	0.    	0.    	0.    	0.    ]]
2026-03-19 14:44:36,585 - INFO - Change Type F1 Matrix
 [[0.    	0.9166	0.9306	0.94  	0.    ]
 [0.8014	0.    	0.777 	0.    	0.8174]
 [0.    	0.9171	0.    	0.    	0.    ]
 [0.    	0.9798	0.    	0.    	0.    ]
 [0.    	0.    	0.    	0.    	0.    ]]
2026-03-19 14:44:36,585 - INFO - Epoch 0 saved.
