2026-03-19 14:44:40,129 - INFO - Epoch 0, Train loss: 0.0
2026-03-19 14:44:40,130 - INFO - mIoU: 0.9388; OA: 0.9788; AA: 0.9702; F1: 0.9681; cls_weighted_F1: 0.9788; Kappa: 0.9634;
2026-03-19 14:44:40,130 - INFO - spatial_LccAccuracy: 0.8171; spatial_PA: 0.9644; spatial_UA: 0.9907; spatial_F1: 0.9774; weighted_F1: 0.896
2026-03-19 14:44:40,130 - INFO - temporal_CdAccuracy: 0.8262; temporal_PA: 0.9394; temporal_UA: 0.924; temporal_F1: 0.9317
2026-03-19 14:44:40,131 - INFO - Confusion Matrix
 [84209.	 1028.	    0.	   37.	   13.]
 [ 1606.	61026.	  193.	   73.	    7.]
 [    3.	  280.	 3362.	    0.	    0.]
 [    3.	    8.	    0.	 1504.	    0.]
 [   21.	  223.	    0.	    0.	11044.]
2026-03-19 14:44:40,132 - INFO - Change Type PA (Recall) Matrix
 [[0.    	0.9356	0.9147	0.9614	0.    ]
 [0.8351	0.    	0.7848	0.    	0.8364]
 [0.    	0.9898	0.    	0.    	0.    ]
 [0.    	0.9697	0.    	0.    	0.    ]
 [0.    	0.    	0.    	0.    	0.    ]]
2026-03-19 14:44:40,132 - INFO - Change Type UA (Precision) Matrix
 [[0.    	0.9108	0.9516	0.8469	0.    ]
 [0.8034	0.    	0.823 	0.    	0.807 ]
 [0.    	0.8661	0.    	0.    	0.    ]
 [0.    	0.9412	0.    	0.    	0.    ]
 [0.    	0.    	0.    	0.    	0.    ]]
2026-03-19 14:44:40,133 - INFO - Change Type F1 Matrix
 [[0.    	0.923 	0.9328	0.9005	0.    ]
 [0.819 	0.    	0.8035	0.    	0.8214]
 [0.    	0.9238	0.    	0.    	0.    ]
 [0.    	0.9552	0.    	0.    	0.    ]
 [0.    	0.    	0.    	0.    	0.    ]]
2026-03-19 14:44:40,133 - INFO - Epoch 0 saved.
