2026-03-19 14:44:29,410 - INFO - Epoch 0, Train loss: 0.0
2026-03-19 14:44:29,411 - INFO - mIoU: 0.9399; OA: 0.978; AA: 0.9624; F1: 0.9686; cls_weighted_F1: 0.978; Kappa: 0.9621;
2026-03-19 14:44:29,411 - INFO - spatial_LccAccuracy: 0.8123; spatial_PA: 0.9634; spatial_UA: 0.9836; spatial_F1: 0.9734; weighted_F1: 0.8926
2026-03-19 14:44:29,411 - INFO - temporal_CdAccuracy: 0.82; temporal_PA: 0.9396; temporal_UA: 0.9221; temporal_F1: 0.9308
2026-03-19 14:44:29,412 - INFO - Confusion Matrix
 [83875.	 1345.	    1.	   27.	   39.]
 [ 1464.	61248.	  128.	   20.	   45.]
 [    4.	  381.	 3260.	    0.	    0.]
 [   14.	   30.	    0.	 1471.	    0.]
 [    1.	  119.	    0.	    0.	11168.]
2026-03-19 14:44:29,413 - INFO - Change Type PA (Recall) Matrix
 [[0.    	0.94  	0.907 	0.9459	0.    ]
 [0.8459	0.    	0.7257	0.    	0.7455]
 [0.    	0.9898	0.    	0.    	0.    ]
 [0.    	0.9697	0.    	0.    	0.    ]
 [0.    	0.    	0.    	0.    	0.    ]]
2026-03-19 14:44:29,413 - INFO - Change Type UA (Precision) Matrix
 [[0.    	0.8961	0.9669	0.9316	0.    ]
 [0.7725	0.    	0.8643	0.    	0.7736]
 [0.    	0.9065	0.    	0.    	0.    ]
 [0.    	0.9412	0.    	0.    	0.    ]
 [0.    	0.    	0.    	0.    	0.    ]]
2026-03-19 14:44:29,414 - INFO - Change Type F1 Matrix
 [[0.    	0.9175	0.936 	0.9387	0.    ]
 [0.8075	0.    	0.789 	0.    	0.7593]
 [0.    	0.9463	0.    	0.    	0.    ]
 [0.    	0.9552	0.    	0.    	0.    ]
 [0.    	0.    	0.    	0.    	0.    ]]
2026-03-19 14:44:29,414 - INFO - Epoch 0 saved.
