2026-03-19 14:44:25,842 - INFO - Epoch 0, Train loss: 0.0
2026-03-19 14:44:25,843 - INFO - mIoU: 0.9424; OA: 0.9783; AA: 0.9665; F1: 0.9699; cls_weighted_F1: 0.9783; Kappa: 0.9626;
2026-03-19 14:44:25,843 - INFO - spatial_LccAccuracy: 0.8196; spatial_PA: 0.9704; spatial_UA: 0.9888; spatial_F1: 0.9795; weighted_F1: 0.8996
2026-03-19 14:44:25,843 - INFO - temporal_CdAccuracy: 0.8247; temporal_PA: 0.9372; temporal_UA: 0.9208; temporal_F1: 0.9289
2026-03-19 14:44:25,843 - INFO - Confusion Matrix
 [83849.	 1414.	    0.	   17.	    7.]
 [ 1301.	61352.	  230.	   15.	    7.]
 [    2.	  290.	 3353.	    0.	    0.]
 [    6.	   30.	    0.	 1479.	    0.]
 [   44.	  206.	    0.	    0.	11038.]
2026-03-19 14:44:25,844 - INFO - Change Type PA (Recall) Matrix
 [[0.    	0.9435	0.907 	0.9228	0.    ]
 [0.8351	0.    	0.827 	0.    	0.8364]
 [0.    	0.9898	0.    	0.    	0.    ]
 [0.    	0.9697	0.    	0.    	0.    ]
 [0.    	0.    	0.    	0.    	0.    ]]
2026-03-19 14:44:25,845 - INFO - Change Type UA (Precision) Matrix
 [[0.    	0.9045	0.9915	0.9228	0.    ]
 [0.7858	0.    	0.834 	0.    	0.7931]
 [0.    	0.8899	0.    	0.    	0.    ]
 [0.    	0.9697	0.    	0.    	0.    ]
 [0.    	0.    	0.    	0.    	0.    ]]
2026-03-19 14:44:25,845 - INFO - Change Type F1 Matrix
 [[0.    	0.9236	0.9474	0.9228	0.    ]
 [0.8097	0.    	0.8305	0.    	0.8142]
 [0.    	0.9372	0.    	0.    	0.    ]
 [0.    	0.9697	0.    	0.    	0.    ]
 [0.    	0.    	0.    	0.    	0.    ]]
2026-03-19 14:44:25,846 - INFO - Epoch 0 saved.
