2026-03-19 14:44:43,542 - INFO - Epoch 0, Train loss: 0.0
2026-03-19 14:44:43,542 - INFO - mIoU: 0.9457; OA: 0.9788; AA: 0.963; F1: 0.9717; cls_weighted_F1: 0.9788; Kappa: 0.9634;
2026-03-19 14:44:43,543 - INFO - spatial_LccAccuracy: 0.8167; spatial_PA: 0.9657; spatial_UA: 0.9893; spatial_F1: 0.9774; weighted_F1: 0.9024
2026-03-19 14:44:43,543 - INFO - temporal_CdAccuracy: 0.8211; temporal_PA: 0.937; temporal_UA: 0.9221; temporal_F1: 0.9295
2026-03-19 14:44:43,543 - INFO - Confusion Matrix
 [84148.	 1129.	    2.	    3.	    5.]
 [ 1566.	61181.	  136.	   10.	   12.]
 [    2.	  353.	 3290.	    0.	    0.]
 [   23.	   17.	    0.	 1475.	    0.]
 [   22.	  207.	    0.	    0.	11059.]
2026-03-19 14:44:43,544 - INFO - Change Type PA (Recall) Matrix
 [[0.    	0.9475	0.9147	0.9459	0.    ]
 [0.8405	0.    	0.7679	0.    	0.8182]
 [0.    	1.    	0.    	0.    	0.    ]
 [0.    	0.9697	0.    	0.    	0.    ]
 [0.    	0.    	0.    	0.    	0.    ]]
2026-03-19 14:44:43,545 - INFO - Change Type UA (Precision) Matrix
 [[0.    	0.9049	0.9916	0.957 	0.    ]
 [0.8003	0.    	0.8465	0.    	0.7895]
 [0.    	0.8596	0.    	0.    	0.    ]
 [0.    	0.96  	0.    	0.    	0.    ]
 [0.    	0.    	0.    	0.    	0.    ]]
2026-03-19 14:44:43,545 - INFO - Change Type F1 Matrix
 [[0.    	0.9257	0.9516	0.9515	0.    ]
 [0.8199	0.    	0.8053	0.    	0.8036]
 [0.    	0.9245	0.    	0.    	0.    ]
 [0.    	0.9648	0.    	0.    	0.    ]
 [0.    	0.    	0.    	0.    	0.    ]]
2026-03-19 14:44:43,546 - INFO - Epoch 0 saved.
