2026-01-29 22:26:21,083 - INFO - Epoch 0, Train loss: 0.0
2026-01-29 22:26:21,083 - INFO - mIoU: 0.5194; OA: 0.957; AA: 0.9055; F1: 0.9258; Kappa: 0.9183;
2026-01-29 22:26:21,083 - INFO - spatial_LccAccuracy: 0.7617; spatial_PA: 0.8246; spatial_UA: 0.9798; spatial_F1: 0.8955; weighted_F1: 0.8818
2026-01-29 22:26:21,083 - INFO - temporal_CdAccuracy: 0.7617; temporal_PA: 0.9081; temporal_UA: 0.8487; temporal_F1: 0.8774
2026-01-29 22:26:21,083 - INFO - Confusion Matrix
 [14014.	  238.	    0.	    0.	   29.]
 [  859.	15828.	   21.	    0.	   23.]
 [    0.	    0.	    0.	    0.	    0.]
 [    0.	    0.	    0.	    0.	    0.]
 [   22.	  171.	    1.	   10.	  764.]
2026-01-29 22:26:21,083 - INFO - Change Type PA (Recall) Matrix
 [[0.    	0.9638	0.    	0.    	0.    ]
 [0.3636	0.    	0.    	0.    	0.8545]
 [0.    	0.    	0.    	0.    	0.    ]
 [0.    	0.    	0.    	0.    	0.    ]
 [0.    	0.    	0.    	0.    	0.    ]]
2026-01-29 22:26:21,084 - INFO - Change Type UA (Precision) Matrix
 [[0.    	0.8794	0.    	0.    	0.    ]
 [0.1951	0.    	0.    	0.    	0.7705]
 [0.    	0.    	0.    	0.    	0.    ]
 [0.    	0.    	0.    	0.    	0.    ]
 [0.    	0.    	0.    	0.    	0.    ]]
2026-01-29 22:26:21,084 - INFO - Change Type F1 Matrix
 [[0.    	0.9196	0.    	0.    	0.    ]
 [0.254 	0.    	0.    	0.    	0.8103]
 [0.    	0.    	0.    	0.    	0.    ]
 [0.    	0.    	0.    	0.    	0.    ]
 [0.    	0.    	0.    	0.    	0.    ]]
2026-01-29 22:26:21,084 - INFO - Epoch 0 saved.
