2026-01-29 22:26:21,463 - INFO - Epoch 0, Train loss: 0.0
2026-01-29 22:26:21,465 - INFO - mIoU: 0.7974; OA: 0.9825; AA: 0.829; F1: 0.8651; Kappa: 0.9629;
2026-01-29 22:26:21,465 - INFO - spatial_LccAccuracy: 0.8569; spatial_PA: 0.9908; spatial_UA: 0.9908; spatial_F1: 0.9908; weighted_F1: 0.9557
2026-01-29 22:26:21,465 - INFO - temporal_CdAccuracy: 0.8569; temporal_PA: 0.9604; temporal_UA: 0.9516; temporal_F1: 0.956
2026-01-29 22:26:21,465 - INFO - Confusion Matrix
 [11879.	  219.	    0.	    0.	    0.]
 [  272.	20182.	   17.	    0.	    0.]
 [    0.	   63.	   68.	    0.	    0.]
 [    0.	    0.	    0.	    0.	    0.]
 [    0.	    0.	    0.	    0.	    0.]
2026-01-29 22:26:21,465 - INFO - Change Type PA (Recall) Matrix
 [[0.    	0.9746	0.    	0.    	0.    ]
 [0.9472	0.    	0.6   	0.    	0.    ]
 [0.    	0.    	0.    	0.    	0.    ]
 [0.    	0.    	0.    	0.    	0.    ]
 [0.    	0.    	0.    	0.    	0.    ]]
2026-01-29 22:26:21,465 - INFO - Change Type UA (Precision) Matrix
 [[0.    	0.9638	0.    	0.    	0.    ]
 [0.9414	0.    	0.25  	0.    	0.    ]
 [0.    	0.    	0.    	0.    	0.    ]
 [0.    	0.    	0.    	0.    	0.    ]
 [0.    	0.    	0.    	0.    	0.    ]]
2026-01-29 22:26:21,465 - INFO - Change Type F1 Matrix
 [[0.    	0.9692	0.    	0.    	0.    ]
 [0.9443	0.    	0.3529	0.    	0.    ]
 [0.    	0.    	0.    	0.    	0.    ]
 [0.    	0.    	0.    	0.    	0.    ]
 [0.    	0.    	0.    	0.    	0.    ]]
2026-01-29 22:26:21,465 - INFO - Epoch 0 saved.
