2026-01-29 22:26:21,570 - INFO - Epoch 0, Train loss: 0.0
2026-01-29 22:26:21,570 - INFO - mIoU: 0.9837; OA: 0.9974; AA: 0.9914; F1: 0.9918; Kappa: 0.9916;
2026-01-29 22:26:21,570 - INFO - spatial_LccAccuracy: 0.9432; spatial_PA: 0.9928; spatial_UA: 0.9983; spatial_F1: 0.9955; weighted_F1: 0.9704
2026-01-29 22:26:21,570 - INFO - temporal_CdAccuracy: 0.9486; temporal_PA: 0.987; temporal_UA: 0.9753; temporal_F1: 0.9811
2026-01-29 22:26:21,570 - INFO - Confusion Matrix
 [18118.	   10.	    0.	    1.	    0.]
 [   16.	 2966.	    0.	   15.	    0.]
 [    0.	    0.	    0.	    0.	    0.]
 [    3.	   13.	    0.	 1058.	    0.]
 [    0.	    0.	    0.	    0.	    0.]
2026-01-29 22:26:21,570 - INFO - Change Type PA (Recall) Matrix
 [[0.    	0.9695	0.    	0.9824	0.    ]
 [1.    	0.    	0.    	0.    	0.    ]
 [0.    	0.    	0.    	0.    	0.    ]
 [0.    	1.    	0.    	0.    	0.    ]
 [0.    	0.    	0.    	0.    	0.    ]]
2026-01-29 22:26:21,570 - INFO - Change Type UA (Precision) Matrix
 [[0.    	0.9695	0.    	0.9709	0.    ]
 [0.8   	0.    	0.    	0.    	0.    ]
 [0.    	0.    	0.    	0.    	0.    ]
 [0.    	0.9307	0.    	0.    	0.    ]
 [0.    	0.    	0.    	0.    	0.    ]]
2026-01-29 22:26:21,570 - INFO - Change Type F1 Matrix
 [[0.    	0.9695	0.    	0.9766	0.    ]
 [0.8889	0.    	0.    	0.    	0.    ]
 [0.    	0.    	0.    	0.    	0.    ]
 [0.    	0.9641	0.    	0.    	0.    ]
 [0.    	0.    	0.    	0.    	0.    ]]
2026-01-29 22:26:21,570 - INFO - Epoch 0 saved.
