2026-01-29 22:26:21,633 - INFO - Epoch 0, Train loss: 0.0
2026-01-29 22:26:21,634 - INFO - mIoU: 0.9458; OA: 0.9738; AA: 0.9723; F1: 0.9718; Kappa: 0.9518;
2026-01-29 22:26:21,634 - INFO - spatial_LccAccuracy: 0.8482; spatial_PA: 1.0; spatial_UA: 1.0; spatial_F1: 1.0; weighted_F1: 0.9079
2026-01-29 22:26:21,634 - INFO - temporal_CdAccuracy: 0.8482; temporal_PA: 0.9562; temporal_UA: 0.9267; temporal_F1: 0.9412
2026-01-29 22:26:21,634 - INFO - Confusion Matrix
 [7036.	 134.	   0.	   1.	   0.]
 [ 147.	5349.	  34.	   0.	   0.]
 [   0.	  36.	 572.	   0.	   0.]
 [   0.	   0.	   0.	 131.	   0.]
 [   0.	   0.	   0.	   0.	   0.]
2026-01-29 22:26:21,634 - INFO - Change Type PA (Recall) Matrix
 [[0.    	0.9667	0.5   	1.    	0.    ]
 [0.9348	0.    	0.7895	0.    	0.    ]
 [0.    	1.    	0.    	0.    	0.    ]
 [0.    	0.    	0.    	0.    	0.    ]
 [0.    	0.    	0.    	0.    	0.    ]]
2026-01-29 22:26:21,634 - INFO - Change Type UA (Precision) Matrix
 [[0.    	0.9158	1.    	1.    	0.    ]
 [0.7679	0.    	0.75  	0.    	0.    ]
 [0.    	1.    	0.    	0.    	0.    ]
 [0.    	0.    	0.    	0.    	0.    ]
 [0.    	0.    	0.    	0.    	0.    ]]
2026-01-29 22:26:21,634 - INFO - Change Type F1 Matrix
 [[0.    	0.9405	0.6667	1.    	0.    ]
 [0.8431	0.    	0.7692	0.    	0.    ]
 [0.    	1.    	0.    	0.    	0.    ]
 [0.    	0.    	0.    	0.    	0.    ]
 [0.    	0.    	0.    	0.    	0.    ]]
2026-01-29 22:26:21,634 - INFO - Epoch 0 saved.
