2026-03-19 14:45:32,935 - INFO - Epoch 0, Train loss: 0.0
2026-03-19 14:45:32,936 - INFO - mIoU: 0.6799; OA: 0.9575; AA: 0.921; F1: 0.916; cls_weighted_F1: 0.9573; Kappa: 0.9202;
2026-03-19 14:45:32,936 - INFO - spatial_LccAccuracy: 0.7374; spatial_PA: 0.7544; spatial_UA: 0.9744; spatial_F1: 0.8504; weighted_F1: 0.8753
2026-03-19 14:45:32,936 - INFO - temporal_CdAccuracy: 0.7391; temporal_PA: 0.9205; temporal_UA: 0.8495; temporal_F1: 0.8836
2026-03-19 14:45:32,937 - INFO - Confusion Matrix
 [15184.	  356.	    0.	    0.	   85.]
 [  741.	16811.	   41.	    0.	   21.]
 [    0.	    5.	  288.	    0.	    0.]
 [    0.	    0.	    0.	    0.	    0.]
 [   62.	  149.	    5.	    2.	  750.]
2026-03-19 14:45:32,938 - INFO - Change Type PA (Recall) Matrix
 [[0.    	0.9648	0.    	0.    	0.    ]
 [0.6818	0.    	1.    	0.    	0.6182]
 [0.    	1.    	0.    	0.    	0.    ]
 [0.    	0.    	0.    	0.    	0.    ]
 [0.    	0.    	0.    	0.    	0.    ]]
2026-03-19 14:45:32,938 - INFO - Change Type UA (Precision) Matrix
 [[0.    	0.8544	0.    	0.    	0.    ]
 [0.1807	0.    	0.913 	0.    	0.7907]
 [0.    	0.9333	0.    	0.    	0.    ]
 [0.    	0.    	0.    	0.    	0.    ]
 [0.    	0.    	0.    	0.    	0.    ]]
2026-03-19 14:45:32,939 - INFO - Change Type F1 Matrix
 [[0.    	0.9062	0.    	0.    	0.    ]
 [0.2857	0.    	0.9545	0.    	0.6939]
 [0.    	0.9655	0.    	0.    	0.    ]
 [0.    	0.    	0.    	0.    	0.    ]
 [0.    	0.    	0.    	0.    	0.    ]]
2026-03-19 14:45:32,939 - INFO - Epoch 0 saved.
