2026-03-19 14:45:33,007 - INFO - Epoch 0, Train loss: 0.0
2026-03-19 14:45:33,008 - INFO - mIoU: 0.9523; OA: 0.986; AA: 0.9759; F1: 0.9753; cls_weighted_F1: 0.986; Kappa: 0.9742;
2026-03-19 14:45:33,008 - INFO - spatial_LccAccuracy: 0.881; spatial_PA: 1.0; spatial_UA: 1.0; spatial_F1: 1.0; weighted_F1: 0.9343
2026-03-19 14:45:33,008 - INFO - temporal_CdAccuracy: 0.881; temporal_PA: 0.8843; temporal_UA: 0.8454; temporal_F1: 0.8644
2026-03-19 14:45:33,008 - INFO - Confusion Matrix
 [1519.	  68.	   0.	   0.	   0.]
 [  38.	1255.	   0.	   0.	   0.]
 [   0.	   0.	   0.	   0.	   0.]
 [   0.	   0.	   0.	   0.	   0.]
 [   0.	   0.	   0.	   0.	4680.]
2026-03-19 14:45:33,008 - INFO - Change Type PA (Recall) Matrix
 [[0.    	0.9792	0.    	0.    	0.    ]
 [1.    	0.    	0.    	0.    	0.    ]
 [0.    	0.    	0.    	0.    	0.    ]
 [0.    	0.    	0.    	0.    	0.    ]
 [0.    	0.    	0.    	0.    	0.    ]]
2026-03-19 14:45:33,009 - INFO - Change Type UA (Precision) Matrix
 [[0.    	0.9038	0.    	0.    	0.    ]
 [0.8611	0.    	0.    	0.    	0.    ]
 [0.    	0.    	0.    	0.    	0.    ]
 [0.    	0.    	0.    	0.    	0.    ]
 [0.    	0.    	0.    	0.    	0.    ]]
2026-03-19 14:45:33,009 - INFO - Change Type F1 Matrix
 [[0.    	0.94  	0.    	0.    	0.    ]
 [0.9254	0.    	0.    	0.    	0.    ]
 [0.    	0.    	0.    	0.    	0.    ]
 [0.    	0.    	0.    	0.    	0.    ]
 [0.    	0.    	0.    	0.    	0.    ]]
2026-03-19 14:45:33,009 - INFO - Epoch 0 saved.
