2026-03-19 14:45:33,334 - INFO - Epoch 0, Train loss: 0.0
2026-03-19 14:45:33,336 - INFO - mIoU: 0.9267; OA: 0.9878; AA: 0.9846; F1: 0.9606; cls_weighted_F1: 0.9879; Kappa: 0.9787;
2026-03-19 14:45:33,336 - INFO - spatial_LccAccuracy: 0.903; spatial_PA: 0.9849; spatial_UA: 0.9906; spatial_F1: 0.9878; weighted_F1: 0.9171
2026-03-19 14:45:33,336 - INFO - temporal_CdAccuracy: 0.9086; temporal_PA: 0.9649; temporal_UA: 0.9546; temporal_F1: 0.9597
2026-03-19 14:45:33,336 - INFO - Confusion Matrix
 [24703.	  104.	    2.	    4.	    0.]
 [  257.	12608.	  119.	    0.	    0.]
 [   17.	   23.	  901.	    0.	    1.]
 [    0.	    0.	    0.	   21.	    0.]
 [    0.	    0.	    0.	    0.	 4560.]
2026-03-19 14:45:33,337 - INFO - Change Type PA (Recall) Matrix
 [[0.    	0.941 	0.9024	1.    	0.    ]
 [0.8904	0.    	0.863 	0.    	0.    ]
 [0.    	0.5   	0.    	0.    	0.    ]
 [0.    	0.    	0.    	0.    	0.    ]
 [0.    	0.    	0.    	0.    	0.    ]]
2026-03-19 14:45:33,338 - INFO - Change Type UA (Precision) Matrix
 [[0.    	0.9514	0.6981	0.875 	0.    ]
 [0.9028	0.    	0.8289	0.    	0.    ]
 [0.    	0.1429	0.    	0.    	0.    ]
 [0.    	0.    	0.    	0.    	0.    ]
 [0.    	0.    	0.    	0.    	0.    ]]
2026-03-19 14:45:33,339 - INFO - Change Type F1 Matrix
 [[0.    	0.9462	0.7872	0.9333	0.    ]
 [0.8966	0.    	0.8456	0.    	0.    ]
 [0.    	0.2222	0.    	0.    	0.    ]
 [0.    	0.    	0.    	0.    	0.    ]
 [0.    	0.    	0.    	0.    	0.    ]]
2026-03-19 14:45:33,339 - INFO - Epoch 0 saved.
