2026-03-19 14:45:33,628 - INFO - Epoch 0, Train loss: 0.0
2026-03-19 14:45:33,629 - INFO - mIoU: 0.629; OA: 0.9766; AA: 0.9074; F1: 0.9024; cls_weighted_F1: 0.9767; Kappa: 0.9524;
2026-03-19 14:45:33,629 - INFO - spatial_LccAccuracy: 0.7631; spatial_PA: 1.0; spatial_UA: 1.0; spatial_F1: 1.0; weighted_F1: 0.9253
2026-03-19 14:45:33,629 - INFO - temporal_CdAccuracy: 0.7631; temporal_PA: 0.9372; temporal_UA: 0.9395; temporal_F1: 0.9383
2026-03-19 14:45:33,629 - INFO - Confusion Matrix
 [14391.	  408.	    0.	    3.	    0.]
 [  275.	21210.	   94.	    0.	    0.]
 [    0.	   79.	  260.	    0.	    0.]
 [    0.	    0.	    0.	    0.	    0.]
 [    0.	    0.	    0.	    0.	    0.]
2026-03-19 14:45:33,630 - INFO - Change Type PA (Recall) Matrix
 [[0.    	0.9447	0.    	0.    	0.    ]
 [0.9123	0.    	1.    	0.    	0.    ]
 [0.    	0.    	0.    	0.    	0.    ]
 [0.    	0.    	0.    	0.    	0.    ]
 [0.    	0.    	0.    	0.    	0.    ]]
2026-03-19 14:45:33,630 - INFO - Change Type UA (Precision) Matrix
 [[0.    	0.9517	0.    	0.    	0.    ]
 [0.9024	0.    	0.9483	0.    	0.    ]
 [0.    	0.    	0.    	0.    	0.    ]
 [0.    	0.    	0.    	0.    	0.    ]
 [0.    	0.    	0.    	0.    	0.    ]]
2026-03-19 14:45:33,631 - INFO - Change Type F1 Matrix
 [[0.    	0.9482	0.    	0.    	0.    ]
 [0.9074	0.    	0.9735	0.    	0.    ]
 [0.    	0.    	0.    	0.    	0.    ]
 [0.    	0.    	0.    	0.    	0.    ]
 [0.    	0.    	0.    	0.    	0.    ]]
2026-03-19 14:45:33,632 - INFO - Epoch 0 saved.
