2026-03-19 14:45:33,839 - INFO - Epoch 0, Train loss: 0.0
2026-03-19 14:45:33,839 - INFO - mIoU: 0.726; OA: 0.9932; AA: 0.9786; F1: 0.9836; cls_weighted_F1: 0.9943; Kappa: 0.9782;
2026-03-19 14:45:33,840 - INFO - spatial_LccAccuracy: 0.8618; spatial_PA: 0.9886; spatial_UA: 0.9822; spatial_F1: 0.9854; weighted_F1: 0.9465
2026-03-19 14:45:33,840 - INFO - temporal_CdAccuracy: 0.8808; temporal_PA: 0.9662; temporal_UA: 0.9507; temporal_F1: 0.9584
2026-03-19 14:45:33,840 - INFO - Confusion Matrix
 [18111.	   10.	    0.	    3.	    0.]
 [   43.	 2657.	   38.	   24.	    0.]
 [    0.	    0.	    0.	    0.	    0.]
 [    7.	   15.	   10.	 1222.	    0.]
 [    0.	    0.	    0.	    0.	    0.]
2026-03-19 14:45:33,841 - INFO - Change Type PA (Recall) Matrix
 [[0.    	0.8938	0.    	0.9333	0.    ]
 [0.8571	0.    	0.    	0.    	0.    ]
 [0.    	0.    	0.    	0.    	0.    ]
 [0.    	0.9643	0.    	0.    	0.    ]
 [0.    	0.    	0.    	0.    	0.    ]]
2026-03-19 14:45:33,843 - INFO - Change Type UA (Precision) Matrix
 [[0.    	0.9439	0.    	0.9681	0.    ]
 [0.75  	0.    	0.    	0.    	0.    ]
 [0.    	0.    	0.    	0.    	0.    ]
 [0.    	0.9908	0.    	0.    	0.    ]
 [0.    	0.    	0.    	0.    	0.    ]]
2026-03-19 14:45:33,843 - INFO - Change Type F1 Matrix
 [[0.    	0.9182	0.    	0.9504	0.    ]
 [0.8   	0.    	0.    	0.    	0.    ]
 [0.    	0.    	0.    	0.    	0.    ]
 [0.    	0.9774	0.    	0.    	0.    ]
 [0.    	0.    	0.    	0.    	0.    ]]
2026-03-19 14:45:33,844 - INFO - Epoch 0 saved.
