2026-03-19 14:45:33,980 - INFO - Epoch 0, Train loss: 0.0
2026-03-19 14:45:33,980 - INFO - mIoU: 0.741; OA: 0.9693; AA: 0.9531; F1: 0.9616; cls_weighted_F1: 0.9699; Kappa: 0.9485;
2026-03-19 14:45:33,980 - INFO - spatial_LccAccuracy: 0.7565; spatial_PA: 0.9623; spatial_UA: 0.989; spatial_F1: 0.9754; weighted_F1: 0.8741
2026-03-19 14:45:33,980 - INFO - temporal_CdAccuracy: 0.7565; temporal_PA: 0.9227; temporal_UA: 0.8775; temporal_F1: 0.8995
2026-03-19 14:45:33,980 - INFO - Confusion Matrix
 [5993.	 165.	   1.	   5.	   1.]
 [ 120.	5970.	  49.	   0.	   0.]
 [   0.	  44.	1037.	   0.	   0.]
 [  22.	   0.	   0.	 377.	  16.]
 [   0.	   0.	   0.	   0.	   0.]
2026-03-19 14:45:33,981 - INFO - Change Type PA (Recall) Matrix
 [[0.    	0.9514	0.    	0.9744	0.    ]
 [0.9194	0.    	0.7931	0.    	0.    ]
 [1.    	0.9024	0.    	0.    	0.    ]
 [0.    	0.    	0.    	0.    	0.    ]
 [0.    	0.    	0.    	0.    	0.    ]]
2026-03-19 14:45:33,981 - INFO - Change Type UA (Precision) Matrix
 [[0.    	0.8457	0.    	0.95  	0.    ]
 [0.6951	0.    	0.7667	0.    	0.    ]
 [1.    	0.9487	0.    	0.    	0.    ]
 [0.    	0.    	0.    	0.    	0.    ]
 [0.    	0.    	0.    	0.    	0.    ]]
2026-03-19 14:45:33,982 - INFO - Change Type F1 Matrix
 [[0.    	0.8954	0.    	0.962 	0.    ]
 [0.7917	0.    	0.7797	0.    	0.    ]
 [1.    	0.925 	0.    	0.    	0.    ]
 [0.    	0.    	0.    	0.    	0.    ]
 [0.    	0.    	0.    	0.    	0.    ]]
2026-03-19 14:45:33,982 - INFO - Epoch 0 saved.
