2026-01-29 22:25:36,221 - INFO - Epoch 0, Train loss: 0.0
2026-01-29 22:25:36,221 - INFO - mIoU: 0.9449; OA: 0.979; AA: 0.9695; F1: 0.9712; Kappa: 0.964;
2026-01-29 22:25:36,221 - INFO - spatial_LccAccuracy: 0.8393; spatial_PA: 0.965; spatial_UA: 0.9893; spatial_F1: 0.977; weighted_F1: 0.9
2026-01-29 22:25:36,221 - INFO - temporal_CdAccuracy: 0.8455; temporal_PA: 0.9479; temporal_UA: 0.9235; temporal_F1: 0.9356
2026-01-29 22:25:36,221 - INFO - Confusion Matrix
 [77752.	 1080.	    1.	   17.	   14.]
 [ 1493.	58556.	  159.	   35.	   19.]
 [    2.	  264.	 2785.	    0.	    0.]
 [    6.	    7.	    0.	 1502.	    0.]
 [    0.	  159.	    0.	    0.	11129.]
2026-01-29 22:25:36,221 - INFO - Change Type PA (Recall) Matrix
 [[0.    	0.9515	0.9457	0.9691	0.    ]
 [0.8987	0.    	0.6043	0.    	0.7636]
 [0.    	1.    	0.    	0.    	0.    ]
 [0.    	0.9596	0.    	0.    	0.    ]
 [0.    	0.    	0.    	0.    	0.    ]]
2026-01-29 22:25:36,221 - INFO - Change Type UA (Precision) Matrix
 [[0.    	0.9043	0.9313	0.9127	0.    ]
 [0.7789	0.    	0.8077	0.    	0.75  ]
 [0.    	0.8367	0.    	0.    	0.    ]
 [0.    	0.95  	0.    	0.    	0.    ]
 [0.    	0.    	0.    	0.    	0.    ]]
2026-01-29 22:25:36,221 - INFO - Change Type F1 Matrix
 [[0.    	0.9273	0.9385	0.9401	0.    ]
 [0.8345	0.    	0.6914	0.    	0.7568]
 [0.    	0.9111	0.    	0.    	0.    ]
 [0.    	0.9548	0.    	0.    	0.    ]
 [0.    	0.    	0.    	0.    	0.    ]]
2026-01-29 22:25:36,221 - INFO - Epoch 0 saved.
