2026-01-29 22:25:38,584 - INFO - Epoch 0, Train loss: 0.0
2026-01-29 22:25:38,584 - INFO - mIoU: 0.9456; OA: 0.9792; AA: 0.9701; F1: 0.9717; Kappa: 0.9644;
2026-01-29 22:25:38,584 - INFO - spatial_LccAccuracy: 0.8331; spatial_PA: 0.9518; spatial_UA: 0.9847; spatial_F1: 0.968; weighted_F1: 0.8991
2026-01-29 22:25:38,584 - INFO - temporal_CdAccuracy: 0.8366; temporal_PA: 0.9421; temporal_UA: 0.9258; temporal_F1: 0.9339
2026-01-29 22:25:38,584 - INFO - Confusion Matrix
 [77770.	 1053.	    2.	   39.	    0.]
 [ 1472.	58604.	  163.	   12.	   11.]
 [    0.	  220.	 2831.	    0.	    0.]
 [    8.	   17.	    0.	 1490.	    0.]
 [   35.	  185.	    0.	    0.	11068.]
2026-01-29 22:25:38,584 - INFO - Change Type PA (Recall) Matrix
 [[0.    	0.944 	0.9225	0.9614	0.    ]
 [0.863 	0.    	0.6043	0.    	0.8909]
 [0.    	1.    	0.    	0.    	0.    ]
 [0.    	0.9697	0.    	0.    	0.    ]
 [0.    	0.    	0.    	0.    	0.    ]]
2026-01-29 22:25:38,584 - INFO - Change Type UA (Precision) Matrix
 [[0.    	0.9111	0.9154	0.9222	0.    ]
 [0.7986	0.    	0.7241	0.    	0.8596]
 [0.    	0.7736	0.    	0.    	0.    ]
 [0.    	0.9697	0.    	0.    	0.    ]
 [0.    	0.    	0.    	0.    	0.    ]]
2026-01-29 22:25:38,584 - INFO - Change Type F1 Matrix
 [[0.    	0.9273	0.9189	0.9414	0.    ]
 [0.8296	0.    	0.6588	0.    	0.875 ]
 [0.    	0.8723	0.    	0.    	0.    ]
 [0.    	0.9697	0.    	0.    	0.    ]
 [0.    	0.    	0.    	0.    	0.    ]]
2026-01-29 22:25:38,584 - INFO - Epoch 0 saved.
