2026-01-29 22:25:31,531 - INFO - Epoch 0, Train loss: 0.0
2026-01-29 22:25:31,533 - INFO - mIoU: 0.9474; OA: 0.9787; AA: 0.9696; F1: 0.9727; Kappa: 0.9636;
2026-01-29 22:25:31,533 - INFO - spatial_LccAccuracy: 0.8366; spatial_PA: 0.9665; spatial_UA: 0.9888; spatial_F1: 0.9776; weighted_F1: 0.8989
2026-01-29 22:25:31,533 - INFO - temporal_CdAccuracy: 0.8409; temporal_PA: 0.9421; temporal_UA: 0.9274; temporal_F1: 0.9347
2026-01-29 22:25:31,533 - INFO - Confusion Matrix
 [77591.	 1219.	    0.	   27.	   27.]
 [ 1437.	58615.	  134.	    7.	   69.]
 [    4.	  222.	 2825.	    0.	    0.]
 [   17.	   20.	    0.	 1478.	    0.]
 [    0.	  112.	    0.	    0.	11176.]
2026-01-29 22:25:31,533 - INFO - Change Type PA (Recall) Matrix
 [[0.    	0.937 	0.9302	0.9459	0.    ]
 [0.8462	0.    	0.7122	0.    	0.8727]
 [0.    	1.    	0.    	0.    	0.    ]
 [0.    	0.9798	0.    	0.    	0.    ]
 [0.    	0.    	0.    	0.    	0.    ]]
2026-01-29 22:25:31,533 - INFO - Change Type UA (Precision) Matrix
 [[0.    	0.911 	0.8955	0.928 	0.    ]
 [0.8112	0.    	0.7984	0.    	0.7619]
 [0.    	0.7069	0.    	0.    	0.    ]
 [0.    	0.97  	0.    	0.    	0.    ]
 [0.    	0.    	0.    	0.    	0.    ]]
2026-01-29 22:25:31,533 - INFO - Change Type F1 Matrix
 [[0.    	0.9238	0.9125	0.9369	0.    ]
 [0.8283	0.    	0.7529	0.    	0.8136]
 [0.    	0.8283	0.    	0.    	0.    ]
 [0.    	0.9749	0.    	0.    	0.    ]
 [0.    	0.    	0.    	0.    	0.    ]]
2026-01-29 22:25:31,533 - INFO - Epoch 0 saved.
