2026-01-29 22:25:40,943 - INFO - Epoch 0, Train loss: 0.0
2026-01-29 22:25:40,943 - INFO - mIoU: 0.9479; OA: 0.9793; AA: 0.9633; F1: 0.9728; Kappa: 0.9645;
2026-01-29 22:25:40,943 - INFO - spatial_LccAccuracy: 0.8355; spatial_PA: 0.9656; spatial_UA: 0.9886; spatial_F1: 0.977; weighted_F1: 0.9052
2026-01-29 22:25:40,943 - INFO - temporal_CdAccuracy: 0.8409; temporal_PA: 0.9439; temporal_UA: 0.9277; temporal_F1: 0.9357
2026-01-29 22:25:40,943 - INFO - Confusion Matrix
 [77954.	  890.	    2.	    7.	   11.]
 [ 1638.	58524.	   66.	   12.	   22.]
 [    1.	  334.	 2716.	    0.	    0.]
 [    6.	   17.	    0.	 1492.	    0.]
 [   28.	  174.	    0.	    0.	11086.]
2026-01-29 22:25:40,943 - INFO - Change Type PA (Recall) Matrix
 [[0.    	0.9526	0.876 	0.9614	0.    ]
 [0.8874	0.    	0.5683	0.    	0.8909]
 [0.    	1.    	0.    	0.    	0.    ]
 [0.    	0.9798	0.    	0.    	0.    ]
 [0.    	0.    	0.    	0.    	0.    ]]
2026-01-29 22:25:40,943 - INFO - Change Type UA (Precision) Matrix
 [[0.    	0.9095	0.9417	0.9614	0.    ]
 [0.8031	0.    	0.8144	0.    	0.7778]
 [0.    	0.8913	0.    	0.    	0.    ]
 [0.    	0.9604	0.    	0.    	0.    ]
 [0.    	0.    	0.    	0.    	0.    ]]
2026-01-29 22:25:40,943 - INFO - Change Type F1 Matrix
 [[0.    	0.9306	0.9076	0.9614	0.    ]
 [0.8431	0.    	0.6695	0.    	0.8305]
 [0.    	0.9425	0.    	0.    	0.    ]
 [0.    	0.97  	0.    	0.    	0.    ]
 [0.    	0.    	0.    	0.    	0.    ]]
2026-01-29 22:25:40,943 - INFO - Epoch 0 saved.
