2026-01-29 17:01:35,440 - INFO - Epoch 0, Train loss: 0.0
2026-01-29 17:01:35,441 - INFO - mIoU: 0.6535; OA: 0.956; AA: 0.905; F1: 0.9296; Kappa: 0.9162;
2026-01-29 17:01:35,441 - INFO - spatial_LccAccuracy: 0.7936; spatial_PA: 0.8333; spatial_UA: 0.9808; spatial_F1: 0.9011; weighted_F1: 0.873
2026-01-29 17:01:35,441 - INFO - temporal_CdAccuracy: 0.7936; temporal_PA: 0.9178; temporal_UA: 0.8694; temporal_F1: 0.8929
2026-01-29 17:01:35,441 - INFO - Confusion Matrix
 [13963.	  305.	    0.	    0.	   13.]
 [  822.	15845.	   52.	    0.	   12.]
 [    0.	    0.	    0.	    0.	    0.]
 [    0.	    0.	    0.	    0.	    0.]
 [   11.	  192.	    0.	    0.	  765.]
2026-01-29 17:01:35,442 - INFO - Change Type PA (Recall) Matrix
 [[0.    	0.951 	0.    	0.    	0.    ]
 [0.3636	0.    	0.    	0.    	0.7636]
 [0.    	0.    	0.    	0.    	0.    ]
 [0.    	0.    	0.    	0.    	0.    ]
 [0.    	0.    	0.    	0.    	0.    ]]
2026-01-29 17:01:35,443 - INFO - Change Type UA (Precision) Matrix
 [[0.    	0.8814	0.    	0.    	0.    ]
 [0.1951	0.    	0.    	0.    	0.7636]
 [0.    	0.    	0.    	0.    	0.    ]
 [0.    	0.    	0.    	0.    	0.    ]
 [0.    	0.    	0.    	0.    	0.    ]]
2026-01-29 17:01:35,444 - INFO - Change Type F1 Matrix
 [[0.    	0.9149	0.    	0.    	0.    ]
 [0.254 	0.    	0.    	0.    	0.7636]
 [0.    	0.    	0.    	0.    	0.    ]
 [0.    	0.    	0.    	0.    	0.    ]
 [0.    	0.    	0.    	0.    	0.    ]]
2026-01-29 17:01:35,445 - INFO - Epoch 0 saved.
