2026-01-29 17:01:36,422 - INFO - Epoch 0, Train loss: 0.0
2026-01-29 17:01:36,423 - INFO - mIoU: 0.9553; OA: 0.9789; AA: 0.9828; F1: 0.9768; Kappa: 0.9613;
2026-01-29 17:01:36,423 - INFO - spatial_LccAccuracy: 0.8348; spatial_PA: 1.0; spatial_UA: 1.0; spatial_F1: 1.0; weighted_F1: 0.8811
2026-01-29 17:01:36,423 - INFO - temporal_CdAccuracy: 0.8393; temporal_PA: 0.9591; temporal_UA: 0.9118; temporal_F1: 0.9348
2026-01-29 17:01:36,424 - INFO - Confusion Matrix
 [7067.	 104.	   0.	   0.	   0.]
 [ 114.	5366.	  50.	   0.	   0.]
 [   2.	  13.	 593.	   0.	   0.]
 [   0.	   0.	   0.	 131.	   0.]
 [   0.	   0.	   0.	   0.	   0.]
2026-01-29 17:01:36,425 - INFO - Change Type PA (Recall) Matrix
 [[0.    	0.9444	0.5   	1.    	0.    ]
 [0.9348	0.    	0.7895	0.    	0.    ]
 [0.    	1.    	0.    	0.    	0.    ]
 [0.    	0.    	0.    	0.    	0.    ]
 [0.    	0.    	0.    	0.    	0.    ]]
2026-01-29 17:01:36,426 - INFO - Change Type UA (Precision) Matrix
 [[0.    	0.914 	0.2   	1.    	0.    ]
 [0.7288	0.    	0.6818	0.    	0.    ]
 [0.    	0.76  	0.    	0.    	0.    ]
 [0.    	0.    	0.    	0.    	0.    ]
 [0.    	0.    	0.    	0.    	0.    ]]
2026-01-29 17:01:36,427 - INFO - Change Type F1 Matrix
 [[0.    	0.929 	0.2857	1.    	0.    ]
 [0.819 	0.    	0.7317	0.    	0.    ]
 [0.    	0.8636	0.    	0.    	0.    ]
 [0.    	0.    	0.    	0.    	0.    ]
 [0.    	0.    	0.    	0.    	0.    ]]
2026-01-29 17:01:36,427 - INFO - Epoch 0 saved.
