2026-03-19 14:43:26,368 - INFO - Epoch 0, Train loss: 0.0
2026-03-19 14:43:26,369 - INFO - mIoU: 0.8522; OA: 0.9472; AA: 0.9131; F1: 0.9175; cls_weighted_F1: 0.9468; Kappa: 0.9009;
2026-03-19 14:43:26,369 - INFO - spatial_LccAccuracy: 0.6991; spatial_PA: 0.693; spatial_UA: 0.9684; spatial_F1: 0.8078; weighted_F1: 0.8718
2026-03-19 14:43:26,369 - INFO - temporal_CdAccuracy: 0.6991; temporal_PA: 0.8974; temporal_UA: 0.84; temporal_F1: 0.8678
2026-03-19 14:43:26,369 - INFO - Confusion Matrix
 [15315.	  295.	    0.	    0.	   15.]
 [ 1183.	16350.	   33.	    0.	   48.]
 [    0.	    0.	  293.	    0.	    0.]
 [    0.	    0.	    0.	    0.	    0.]
 [   22.	  226.	    0.	    0.	  720.]
2026-03-19 14:43:26,371 - INFO - Change Type PA (Recall) Matrix
 [[0.    	0.953 	0.    	0.    	0.    ]
 [0.3182	0.    	1.    	0.    	0.7273]
 [0.    	1.    	0.    	0.    	0.    ]
 [0.    	0.    	0.    	0.    	0.    ]
 [0.    	0.    	0.    	0.    	0.    ]]
2026-03-19 14:43:26,371 - INFO - Change Type UA (Precision) Matrix
 [[0.    	0.8484	0.    	0.    	0.    ]
 [0.1186	0.    	0.913 	0.    	0.8511]
 [0.    	0.913 	0.    	0.    	0.    ]
 [0.    	0.    	0.    	0.    	0.    ]
 [0.    	0.    	0.    	0.    	0.    ]]
2026-03-19 14:43:26,372 - INFO - Change Type F1 Matrix
 [[0.    	0.8977	0.    	0.    	0.    ]
 [0.1728	0.    	0.9545	0.    	0.7843]
 [0.    	0.9545	0.    	0.    	0.    ]
 [0.    	0.    	0.    	0.    	0.    ]
 [0.    	0.    	0.    	0.    	0.    ]]
2026-03-19 14:43:26,372 - INFO - Epoch 0 saved.
