2026-03-19 14:43:26,450 - INFO - Epoch 0, Train loss: 0.0
2026-03-19 14:43:26,450 - INFO - mIoU: 0.9557; OA: 0.987; AA: 0.9775; F1: 0.9771; cls_weighted_F1: 0.987; Kappa: 0.9762;
2026-03-19 14:43:26,451 - INFO - spatial_LccAccuracy: 0.8889; spatial_PA: 1.0; spatial_UA: 1.0; spatial_F1: 1.0; weighted_F1: 0.9506
2026-03-19 14:43:26,451 - INFO - temporal_CdAccuracy: 0.8889; temporal_PA: 0.923; temporal_UA: 0.9028; temporal_F1: 0.9128
2026-03-19 14:43:26,451 - INFO - Confusion Matrix
 [1529.	  58.	   0.	   0.	   0.]
 [  40.	1253.	   0.	   0.	   0.]
 [   0.	   0.	   0.	   0.	   0.]
 [   0.	   0.	   0.	   0.	   0.]
 [   0.	   0.	   0.	   0.	4680.]
2026-03-19 14:43:26,451 - INFO - Change Type PA (Recall) Matrix
 [[0.    	0.9583	0.    	0.    	0.    ]
 [1.    	0.    	0.    	0.    	0.    ]
 [0.    	0.    	0.    	0.    	0.    ]
 [0.    	0.    	0.    	0.    	0.    ]
 [0.    	0.    	0.    	0.    	0.    ]]
2026-03-19 14:43:26,452 - INFO - Change Type UA (Precision) Matrix
 [[0.    	0.9388	0.    	0.    	0.    ]
 [0.9118	0.    	0.    	0.    	0.    ]
 [0.    	0.    	0.    	0.    	0.    ]
 [0.    	0.    	0.    	0.    	0.    ]
 [0.    	0.    	0.    	0.    	0.    ]]
2026-03-19 14:43:26,452 - INFO - Change Type F1 Matrix
 [[0.    	0.9485	0.    	0.    	0.    ]
 [0.9538	0.    	0.    	0.    	0.    ]
 [0.    	0.    	0.    	0.    	0.    ]
 [0.    	0.    	0.    	0.    	0.    ]
 [0.    	0.    	0.    	0.    	0.    ]]
2026-03-19 14:43:26,452 - INFO - Epoch 0 saved.
