2026-03-19 14:43:26,808 - INFO - Epoch 0, Train loss: 0.0
2026-03-19 14:43:26,809 - INFO - mIoU: 0.9303; OA: 0.9913; AA: 0.9904; F1: 0.9619; cls_weighted_F1: 0.9913; Kappa: 0.9847;
2026-03-19 14:43:26,809 - INFO - spatial_LccAccuracy: 0.9238; spatial_PA: 0.984; spatial_UA: 0.9917; spatial_F1: 0.9878; weighted_F1: 0.9279
2026-03-19 14:43:26,809 - INFO - temporal_CdAccuracy: 0.9266; temporal_PA: 0.9765; temporal_UA: 0.9646; temporal_F1: 0.9705
2026-03-19 14:43:26,810 - INFO - Confusion Matrix
 [24715.	   91.	    2.	    5.	    0.]
 [  194.	12727.	   62.	    1.	    0.]
 [    5.	   18.	  919.	    0.	    0.]
 [    0.	    0.	    0.	   21.	    0.]
 [    0.	    0.	    0.	    0.	 4560.]
2026-03-19 14:43:26,810 - INFO - Change Type PA (Recall) Matrix
 [[0.    	0.9563	0.9512	1.    	0.    ]
 [0.8904	0.    	0.863 	0.    	0.    ]
 [0.    	0.5   	0.    	0.    	0.    ]
 [0.    	0.    	0.    	0.    	0.    ]
 [0.    	0.    	0.    	0.    	0.    ]]
2026-03-19 14:43:26,811 - INFO - Change Type UA (Precision) Matrix
 [[0.    	0.9501	0.7647	0.7778	0.    ]
 [0.8784	0.    	0.9   	0.    	0.    ]
 [0.    	0.1667	0.    	0.    	0.    ]
 [0.    	0.    	0.    	0.    	0.    ]
 [0.    	0.    	0.    	0.    	0.    ]]
2026-03-19 14:43:26,812 - INFO - Change Type F1 Matrix
 [[0.    	0.9532	0.8478	0.875 	0.    ]
 [0.8844	0.    	0.8811	0.    	0.    ]
 [0.    	0.25  	0.    	0.    	0.    ]
 [0.    	0.    	0.    	0.    	0.    ]
 [0.    	0.    	0.    	0.    	0.    ]]
2026-03-19 14:43:26,812 - INFO - Epoch 0 saved.
