2026-03-19 14:43:27,144 - INFO - Epoch 0, Train loss: 0.0
2026-03-19 14:43:27,144 - INFO - mIoU: 0.8778; OA: 0.9819; AA: 0.9218; F1: 0.9299; cls_weighted_F1: 0.9818; Kappa: 0.9631;
2026-03-19 14:43:27,145 - INFO - spatial_LccAccuracy: 0.8317; spatial_PA: 1.0; spatial_UA: 1.0; spatial_F1: 1.0; weighted_F1: 0.9592
2026-03-19 14:43:27,145 - INFO - temporal_CdAccuracy: 0.8317; temporal_PA: 0.9584; temporal_UA: 0.9539; temporal_F1: 0.9561
2026-03-19 14:43:27,145 - INFO - Confusion Matrix
 [14511.	  291.	    0.	    0.	    0.]
 [  259.	21272.	   48.	    0.	    0.]
 [    0.	   68.	  271.	    0.	    0.]
 [    0.	    0.	    0.	    0.	    0.]
 [    0.	    0.	    0.	    0.	    0.]
2026-03-19 14:43:27,146 - INFO - Change Type PA (Recall) Matrix
 [[0.    	0.9717	0.    	0.    	0.    ]
 [0.9562	0.    	0.9455	0.    	0.    ]
 [0.    	0.8125	0.    	0.    	0.    ]
 [0.    	0.    	0.    	0.    	0.    ]
 [0.    	0.    	0.    	0.    	0.    ]]
2026-03-19 14:43:27,147 - INFO - Change Type UA (Precision) Matrix
 [[0.    	0.967 	0.    	0.    	0.    ]
 [0.9332	0.    	0.9811	0.    	0.    ]
 [0.    	0.7222	0.    	0.    	0.    ]
 [0.    	0.    	0.    	0.    	0.    ]
 [0.    	0.    	0.    	0.    	0.    ]]
2026-03-19 14:43:27,148 - INFO - Change Type F1 Matrix
 [[0.    	0.9694	0.    	0.    	0.    ]
 [0.9445	0.    	0.963 	0.    	0.    ]
 [0.    	0.7647	0.    	0.    	0.    ]
 [0.    	0.    	0.    	0.    	0.    ]
 [0.    	0.    	0.    	0.    	0.    ]]
2026-03-19 14:43:27,148 - INFO - Epoch 0 saved.
