2026-03-19 14:43:27,342 - INFO - Epoch 0, Train loss: 0.0
2026-03-19 14:43:27,343 - INFO - mIoU: 0.9711; OA: 0.9958; AA: 0.9831; F1: 0.9852; cls_weighted_F1: 0.9958; Kappa: 0.9865;
2026-03-19 14:43:27,343 - INFO - spatial_LccAccuracy: 0.9187; spatial_PA: 1.0; spatial_UA: 1.0; spatial_F1: 1.0; weighted_F1: 0.9483
2026-03-19 14:43:27,343 - INFO - temporal_CdAccuracy: 0.9566; temporal_PA: 0.9832; temporal_UA: 0.9788; temporal_F1: 0.981
2026-03-19 14:43:27,343 - INFO - Confusion Matrix
 [18107.	   14.	    0.	    3.	    0.]
 [   11.	 2737.	    0.	   14.	    0.]
 [    0.	    0.	    0.	    0.	    0.]
 [    1.	   50.	    0.	 1203.	    0.]
 [    0.	    0.	    0.	    0.	    0.]
2026-03-19 14:43:27,343 - INFO - Change Type PA (Recall) Matrix
 [[0.    	0.9558	0.    	0.9179	0.    ]
 [1.    	0.    	0.    	0.    	0.    ]
 [0.    	0.    	0.    	0.    	0.    ]
 [0.    	1.    	0.    	0.    	0.    ]
 [0.    	0.    	0.    	0.    	0.    ]]
2026-03-19 14:43:27,343 - INFO - Change Type UA (Precision) Matrix
 [[0.    	0.8571	0.    	0.9781	0.    ]
 [0.7778	0.    	0.    	0.    	0.    ]
 [0.    	0.    	0.    	0.    	0.    ]
 [0.    	1.    	0.    	0.    	0.    ]
 [0.    	0.    	0.    	0.    	0.    ]]
2026-03-19 14:43:27,343 - INFO - Change Type F1 Matrix
 [[0.    	0.9038	0.    	0.9471	0.    ]
 [0.875 	0.    	0.    	0.    	0.    ]
 [0.    	0.    	0.    	0.    	0.    ]
 [0.    	1.    	0.    	0.    	0.    ]
 [0.    	0.    	0.    	0.    	0.    ]]
2026-03-19 14:43:27,343 - INFO - Epoch 0 saved.
