2026-03-19 14:43:27,493 - INFO - Epoch 0, Train loss: 0.0
2026-03-19 14:43:27,494 - INFO - mIoU: 0.9513; OA: 0.9724; AA: 0.9784; F1: 0.975; cls_weighted_F1: 0.9724; Kappa: 0.9537;
2026-03-19 14:43:27,494 - INFO - spatial_LccAccuracy: 0.7739; spatial_PA: 0.9717; spatial_UA: 0.9917; spatial_F1: 0.9816; weighted_F1: 0.9148
2026-03-19 14:43:27,495 - INFO - temporal_CdAccuracy: 0.7783; temporal_PA: 0.9343; temporal_UA: 0.8988; temporal_F1: 0.9162
2026-03-19 14:43:27,495 - INFO - Confusion Matrix
 [6040.	 113.	   3.	   9.	   0.]
 [ 189.	5911.	  39.	   0.	   0.]
 [   0.	  26.	1055.	   0.	   0.]
 [   1.	   1.	   0.	 413.	   0.]
 [   0.	   0.	   0.	   0.	   0.]
2026-03-19 14:43:27,496 - INFO - Change Type PA (Recall) Matrix
 [[0.    	0.9514	0.    	1.    	0.    ]
 [0.9839	0.    	0.8621	0.    	0.    ]
 [1.    	0.9756	0.    	0.    	0.    ]
 [0.    	0.    	0.    	0.    	0.    ]
 [0.    	0.    	0.    	0.    	0.    ]]
2026-03-19 14:43:27,496 - INFO - Change Type UA (Precision) Matrix
 [[0.    	0.8839	0.    	1.    	0.    ]
 [0.8026	0.    	0.8065	0.    	0.    ]
 [1.    	0.9302	0.    	0.    	0.    ]
 [0.    	0.    	0.    	0.    	0.    ]
 [0.    	0.    	0.    	0.    	0.    ]]
2026-03-19 14:43:27,497 - INFO - Change Type F1 Matrix
 [[0.    	0.9164	0.    	1.    	0.    ]
 [0.8841	0.    	0.8333	0.    	0.    ]
 [1.    	0.9524	0.    	0.    	0.    ]
 [0.    	0.    	0.    	0.    	0.    ]
 [0.    	0.    	0.    	0.    	0.    ]]
2026-03-19 14:43:27,498 - INFO - Epoch 0 saved.
