2026-02-22 20:07:23,839 - INFO - Epoch 0, Train loss: 0.0
2026-02-22 20:07:23,839 - INFO - mIoU: 0.4803; OA: 0.943; AA: 0.6404; F1: 0.8805; cls_weighted_F1: 0.939; Kappa: 0.8917;
2026-02-22 20:07:23,839 - INFO - spatial_LccAccuracy: 0.6725; spatial_PA: 0.7719; spatial_UA: 0.9758; spatial_F1: 0.862; weighted_F1: 0.7495
2026-02-22 20:07:23,840 - INFO - temporal_CdAccuracy: 0.6725; temporal_PA: 0.8566; temporal_UA: 0.8262; temporal_F1: 0.8411
2026-02-22 20:07:23,840 - INFO - Confusion Matrix
 [14917.	  427.	    0.	    2.	   55.]
 [  812.	16599.	   13.	    0.	   43.]
 [    0.	  244.	    0.	    0.	    0.]
 [    0.	    0.	    0.	    0.	    0.]
 [   38.	  307.	    1.	    0.	  622.]
2026-02-22 20:07:23,840 - INFO - Change Type PA (Recall) Matrix
 [[0.    	0.9444	0.    	0.    	0.    ]
 [0.3636	0.    	0.    	0.    	0.6   ]
 [0.    	0.    	0.    	0.    	0.    ]
 [0.    	0.    	0.    	0.    	0.    ]
 [0.    	0.    	0.    	0.    	0.    ]]
2026-02-22 20:07:23,840 - INFO - Change Type UA (Precision) Matrix
 [[0.    	0.844 	0.    	0.    	0.    ]
 [0.1111	0.    	0.    	0.    	0.6735]
 [0.    	0.    	0.    	0.    	0.    ]
 [0.    	0.    	0.    	0.    	0.    ]
 [0.    	0.    	0.    	0.    	0.    ]]
2026-02-22 20:07:23,840 - INFO - Change Type F1 Matrix
 [[0.    	0.8914	0.    	0.    	0.    ]
 [0.1702	0.    	0.    	0.    	0.6346]
 [0.    	0.    	0.    	0.    	0.    ]
 [0.    	0.    	0.    	0.    	0.    ]
 [0.    	0.    	0.    	0.    	0.    ]]
2026-02-22 20:07:23,840 - INFO - Epoch 0 saved.
