2026-01-22 16:52:51,500 - INFO - Epoch 0, Train loss: 0.0
2026-01-22 16:52:51,501 - INFO - mIoU: 0.3895; OA: 0.9741; AA: 0.3992; F1: 0.4074; Kappa: 0.9446;
2026-01-22 16:52:51,501 - INFO - spatial_LccAccuracy: 0.7651; spatial_PA: 0.9908; spatial_UA: 0.9908; spatial_F1: 0.9908; weighted_F1: 0.9262
2026-01-22 16:52:51,501 - INFO - temporal_CdAccuracy: 0.767; temporal_PA: 0.9257; temporal_UA: 0.9301; temporal_F1: 0.9279
2026-01-22 16:52:51,501 - INFO - Confusion Matrix
 [11665.	  430.	    0.	    0.	    3.]
 [  289.	20182.	    0.	    0.	    0.]
 [    0.	  125.	    6.	    0.	    0.]
 [    0.	    0.	    0.	    0.	    0.]
 [    0.	    0.	    0.	    0.	    0.]
2026-01-22 16:52:51,502 - INFO - Change Type PA (Recall) Matrix
 [[0.    	0.9465	0.    	0.    	0.    ]
 [0.8944	0.    	0.    	0.    	0.    ]
 [0.    	0.    	0.    	0.    	0.    ]
 [0.    	0.    	0.    	0.    	0.    ]
 [0.    	0.    	0.    	0.    	0.    ]]
2026-01-22 16:52:51,503 - INFO - Change Type UA (Precision) Matrix
 [[0.    	0.9492	0.    	0.    	0.    ]
 [0.9085	0.    	0.    	0.    	0.    ]
 [0.    	0.    	0.    	0.    	0.    ]
 [0.    	0.    	0.    	0.    	0.    ]
 [0.    	0.    	0.    	0.    	0.    ]]
2026-01-22 16:52:51,504 - INFO - Change Type F1 Matrix
 [[0.    	0.9478	0.    	0.    	0.    ]
 [0.9014	0.    	0.    	0.    	0.    ]
 [0.    	0.    	0.    	0.    	0.    ]
 [0.    	0.    	0.    	0.    	0.    ]
 [0.    	0.    	0.    	0.    	0.    ]]
2026-01-22 16:52:51,504 - INFO - Epoch 0 saved.
