2026-01-22 16:52:51,717 - INFO - Epoch 0, Train loss: 0.0
2026-01-22 16:52:51,718 - INFO - mIoU: 0.5807; OA: 0.9953; AA: 0.5899; F1: 0.5901; Kappa: 0.985;
2026-01-22 16:52:51,718 - INFO - spatial_LccAccuracy: 0.9054; spatial_PA: 0.9911; spatial_UA: 0.9911; spatial_F1: 0.9911; weighted_F1: 0.9374
2026-01-22 16:52:51,718 - INFO - temporal_CdAccuracy: 0.9378; temporal_PA: 0.9845; temporal_UA: 0.9728; temporal_F1: 0.9786
2026-01-22 16:52:51,718 - INFO - Confusion Matrix
 [18125.	    4.	    0.	    0.	    0.]
 [   32.	 2925.	    0.	   40.	    0.]
 [    0.	    0.	    0.	    0.	    0.]
 [    4.	   24.	    0.	 1046.	    0.]
 [    0.	    0.	    0.	    0.	    0.]
2026-01-22 16:52:51,719 - INFO - Change Type PA (Recall) Matrix
 [[0.    	0.8931	0.    	0.9529	0.    ]
 [1.    	0.    	0.    	0.    	0.    ]
 [0.    	0.    	0.    	0.    	0.    ]
 [0.    	1.    	0.    	0.    	0.    ]
 [0.    	0.    	0.    	0.    	0.    ]]
2026-01-22 16:52:51,720 - INFO - Change Type UA (Precision) Matrix
 [[0.    	0.936 	0.    	0.9205	0.    ]
 [1.    	0.    	0.    	0.    	0.    ]
 [0.    	0.    	0.    	0.    	0.    ]
 [0.    	0.94  	0.    	0.    	0.    ]
 [0.    	0.    	0.    	0.    	0.    ]]
2026-01-22 16:52:51,721 - INFO - Change Type F1 Matrix
 [[0.    	0.9141	0.    	0.9364	0.    ]
 [1.    	0.    	0.    	0.    	0.    ]
 [0.    	0.    	0.    	0.    	0.    ]
 [0.    	0.9691	0.    	0.    	0.    ]
 [0.    	0.    	0.    	0.    	0.    ]]
2026-01-22 16:52:51,722 - INFO - Epoch 0 saved.
