2026-01-22 16:52:51,867 - INFO - Epoch 0, Train loss: 0.0
2026-01-22 16:52:51,868 - INFO - mIoU: 0.7403; OA: 0.9676; AA: 0.7684; F1: 0.7684; Kappa: 0.9404;
2026-01-22 16:52:51,868 - INFO - spatial_LccAccuracy: 0.7723; spatial_PA: 1.0; spatial_UA: 1.0; spatial_F1: 1.0; weighted_F1: 0.8514
2026-01-22 16:52:51,868 - INFO - temporal_CdAccuracy: 0.7723; temporal_PA: 0.9045; temporal_UA: 0.8772; temporal_F1: 0.8906
2026-01-22 16:52:51,868 - INFO - Confusion Matrix
 [7004.	 165.	   0.	   2.	   0.]
 [ 166.	5321.	  42.	   1.	   0.]
 [   3.	  56.	 549.	   0.	   0.]
 [   0.	   0.	   0.	 131.	   0.]
 [   0.	   0.	   0.	   0.	   0.]
2026-01-22 16:52:51,870 - INFO - Change Type PA (Recall) Matrix
 [[0.    	0.9389	0.    	1.    	0.    ]
 [0.8696	0.    	0.6842	0.    	0.    ]
 [0.    	0.8421	0.    	0.    	0.    ]
 [0.    	0.    	0.    	0.    	0.    ]
 [0.    	0.    	0.    	0.    	0.    ]]
2026-01-22 16:52:51,870 - INFO - Change Type UA (Precision) Matrix
 [[0.    	0.8802	0.    	1.    	0.    ]
 [0.625 	0.    	0.7647	0.    	0.    ]
 [0.    	0.8889	0.    	0.    	0.    ]
 [0.    	0.    	0.    	0.    	0.    ]
 [0.    	0.    	0.    	0.    	0.    ]]
2026-01-22 16:52:51,871 - INFO - Change Type F1 Matrix
 [[0.    	0.9086	0.    	1.    	0.    ]
 [0.7273	0.    	0.7222	0.    	0.    ]
 [0.    	0.8649	0.    	0.    	0.    ]
 [0.    	0.    	0.    	0.    	0.    ]
 [0.    	0.    	0.    	0.    	0.    ]]
2026-01-22 16:52:51,871 - INFO - Epoch 0 saved.
