2026-03-19 14:44:43,895 - INFO - Epoch 0, Train loss: 0.0
2026-03-19 14:44:43,896 - INFO - mIoU: 0.9002; OA: 0.9623; AA: 0.9226; F1: 0.9455; cls_weighted_F1: 0.962; Kappa: 0.929;
2026-03-19 14:44:43,896 - INFO - spatial_LccAccuracy: 0.7757; spatial_PA: 0.8246; spatial_UA: 0.9814; spatial_F1: 0.8962; weighted_F1: 0.901
2026-03-19 14:44:43,896 - INFO - temporal_CdAccuracy: 0.7757; temporal_PA: 0.9275; temporal_UA: 0.8839; temporal_F1: 0.9052
2026-03-19 14:44:43,896 - INFO - Confusion Matrix
 [15315.	  305.	    0.	    0.	    5.]
 [  756.	16845.	    1.	    0.	   12.]
 [    0.	    7.	  286.	    0.	    0.]
 [    0.	    0.	    0.	    0.	    0.]
 [    8.	  207.	    0.	    0.	  753.]
2026-03-19 14:44:43,897 - INFO - Change Type PA (Recall) Matrix
 [[0.    	0.9609	0.    	0.    	0.    ]
 [0.4091	0.    	1.    	0.    	0.8182]
 [0.    	1.    	0.    	0.    	0.    ]
 [0.    	0.    	0.    	0.    	0.    ]
 [0.    	0.    	0.    	0.    	0.    ]]
2026-03-19 14:44:43,898 - INFO - Change Type UA (Precision) Matrix
 [[0.    	0.8863	0.    	0.    	0.    ]
 [0.2093	0.    	1.    	0.    	0.7895]
 [0.    	1.    	0.    	0.    	0.    ]
 [0.    	0.    	0.    	0.    	0.    ]
 [0.    	0.    	0.    	0.    	0.    ]]
2026-03-19 14:44:43,899 - INFO - Change Type F1 Matrix
 [[0.    	0.9221	0.    	0.    	0.    ]
 [0.2769	0.    	1.    	0.    	0.8036]
 [0.    	1.    	0.    	0.    	0.    ]
 [0.    	0.    	0.    	0.    	0.    ]
 [0.    	0.    	0.    	0.    	0.    ]]
2026-03-19 14:44:43,899 - INFO - Epoch 0 saved.
