2026-03-19 14:44:43,976 - INFO - Epoch 0, Train loss: 0.0
2026-03-19 14:44:43,976 - INFO - mIoU: 0.9507; OA: 0.9854; AA: 0.9763; F1: 0.9744; cls_weighted_F1: 0.9855; Kappa: 0.9732;
2026-03-19 14:44:43,977 - INFO - spatial_LccAccuracy: 0.8571; spatial_PA: 1.0; spatial_UA: 1.0; spatial_F1: 1.0; weighted_F1: 0.9343
2026-03-19 14:44:43,977 - INFO - temporal_CdAccuracy: 0.8571; temporal_PA: 0.8907; temporal_UA: 0.8511; temporal_F1: 0.8705
2026-03-19 14:44:43,977 - INFO - Confusion Matrix
 [1490.	  97.	   0.	   0.	   0.]
 [  13.	1280.	   0.	   0.	   0.]
 [   0.	   0.	   0.	   0.	   0.]
 [   0.	   0.	   0.	   0.	   0.]
 [   0.	   0.	   0.	   0.	4680.]
2026-03-19 14:44:43,978 - INFO - Change Type PA (Recall) Matrix
 [[0.    	0.9792	0.    	0.    	0.    ]
 [1.    	0.    	0.    	0.    	0.    ]
 [0.    	0.    	0.    	0.    	0.    ]
 [0.    	0.    	0.    	0.    	0.    ]
 [0.    	0.    	0.    	0.    	0.    ]]
2026-03-19 14:44:43,979 - INFO - Change Type UA (Precision) Matrix
 [[0.    	0.9038	0.    	0.    	0.    ]
 [0.8611	0.    	0.    	0.    	0.    ]
 [0.    	0.    	0.    	0.    	0.    ]
 [0.    	0.    	0.    	0.    	0.    ]
 [0.    	0.    	0.    	0.    	0.    ]]
2026-03-19 14:44:43,979 - INFO - Change Type F1 Matrix
 [[0.    	0.94  	0.    	0.    	0.    ]
 [0.9254	0.    	0.    	0.    	0.    ]
 [0.    	0.    	0.    	0.    	0.    ]
 [0.    	0.    	0.    	0.    	0.    ]
 [0.    	0.    	0.    	0.    	0.    ]]
2026-03-19 14:44:43,980 - INFO - Epoch 0 saved.
