2026-03-19 14:44:44,428 - INFO - Epoch 0, Train loss: 0.0
2026-03-19 14:44:44,428 - INFO - mIoU: 0.9746; OA: 0.9919; AA: 0.9907; F1: 0.9869; cls_weighted_F1: 0.9919; Kappa: 0.9858;
2026-03-19 14:44:44,428 - INFO - spatial_LccAccuracy: 0.9363; spatial_PA: 0.994; spatial_UA: 0.9968; spatial_F1: 0.9954; weighted_F1: 0.9283
2026-03-19 14:44:44,429 - INFO - temporal_CdAccuracy: 0.9404; temporal_PA: 0.9812; temporal_UA: 0.9699; temporal_F1: 0.9755
2026-03-19 14:44:44,429 - INFO - Confusion Matrix
 [24734.	   77.	    2.	    0.	    0.]
 [  182.	12736.	   66.	    0.	    0.]
 [    9.	   14.	  919.	    0.	    0.]
 [    0.	    0.	    0.	   21.	    0.]
 [    0.	    0.	    0.	    0.	 4560.]
2026-03-19 14:44:44,430 - INFO - Change Type PA (Recall) Matrix
 [[0.    	0.952 	0.9268	0.8571	0.    ]
 [0.9041	0.    	0.8904	0.    	0.    ]
 [0.    	1.    	0.    	0.    	0.    ]
 [0.    	0.    	0.    	0.    	0.    ]
 [0.    	0.    	0.    	0.    	0.    ]]
2026-03-19 14:44:44,430 - INFO - Change Type UA (Precision) Matrix
 [[0.    	0.954 	0.7308	0.8571	0.    ]
 [0.88  	0.    	0.8904	0.    	0.    ]
 [0.    	0.3333	0.    	0.    	0.    ]
 [0.    	0.    	0.    	0.    	0.    ]
 [0.    	0.    	0.    	0.    	0.    ]]
2026-03-19 14:44:44,431 - INFO - Change Type F1 Matrix
 [[0.    	0.953 	0.8172	0.8571	0.    ]
 [0.8919	0.    	0.8904	0.    	0.    ]
 [0.    	0.5   	0.    	0.    	0.    ]
 [0.    	0.    	0.    	0.    	0.    ]
 [0.    	0.    	0.    	0.    	0.    ]]
2026-03-19 14:44:44,431 - INFO - Epoch 0 saved.
