2026-03-19 14:44:44,785 - INFO - Epoch 0, Train loss: 0.0
2026-03-19 14:44:44,785 - INFO - mIoU: 0.6538; OA: 0.9819; AA: 0.9178; F1: 0.9256; cls_weighted_F1: 0.9819; Kappa: 0.9632;
2026-03-19 14:44:44,785 - INFO - spatial_LccAccuracy: 0.8268; spatial_PA: 1.0; spatial_UA: 1.0; spatial_F1: 1.0; weighted_F1: 0.9455
2026-03-19 14:44:44,787 - INFO - temporal_CdAccuracy: 0.8268; temporal_PA: 0.9516; temporal_UA: 0.953; temporal_F1: 0.9523
2026-03-19 14:44:44,787 - INFO - Confusion Matrix
 [14485.	  316.	    0.	    1.	    0.]
 [  222.	21304.	   53.	    0.	    0.]
 [    0.	   72.	  267.	    0.	    0.]
 [    0.	    0.	    0.	    0.	    0.]
 [    0.	    0.	    0.	    0.	    0.]
2026-03-19 14:44:44,788 - INFO - Change Type PA (Recall) Matrix
 [[0.    	0.957 	0.    	0.    	0.    ]
 [0.9123	0.    	0.9455	0.    	0.    ]
 [0.    	1.    	0.    	0.    	0.    ]
 [0.    	0.    	0.    	0.    	0.    ]
 [0.    	0.    	0.    	0.    	0.    ]]
2026-03-19 14:44:44,789 - INFO - Change Type UA (Precision) Matrix
 [[0.    	0.9605	0.    	0.    	0.    ]
 [0.925 	0.    	0.9286	0.    	0.    ]
 [0.    	0.8421	0.    	0.    	0.    ]
 [0.    	0.    	0.    	0.    	0.    ]
 [0.    	0.    	0.    	0.    	0.    ]]
2026-03-19 14:44:44,789 - INFO - Change Type F1 Matrix
 [[0.    	0.9588	0.    	0.    	0.    ]
 [0.9186	0.    	0.9369	0.    	0.    ]
 [0.    	0.9143	0.    	0.    	0.    ]
 [0.    	0.    	0.    	0.    	0.    ]
 [0.    	0.    	0.    	0.    	0.    ]]
2026-03-19 14:44:44,790 - INFO - Epoch 0 saved.
