2026-03-19 14:44:45,011 - INFO - Epoch 0, Train loss: 0.0
2026-03-19 14:44:45,011 - INFO - mIoU: 0.9823; OA: 0.997; AA: 0.9907; F1: 0.9911; cls_weighted_F1: 0.997; Kappa: 0.9904;
2026-03-19 14:44:45,011 - INFO - spatial_LccAccuracy: 0.9593; spatial_PA: 0.9902; spatial_UA: 0.9902; spatial_F1: 0.9902; weighted_F1: 0.965
2026-03-19 14:44:45,012 - INFO - temporal_CdAccuracy: 0.9837; temporal_PA: 0.9964; temporal_UA: 0.9941; temporal_F1: 0.9952
2026-03-19 14:44:45,012 - INFO - Confusion Matrix
 [18107.	   14.	    0.	    3.	    0.]
 [   14.	 2734.	    0.	   14.	    0.]
 [    0.	    0.	    0.	    0.	    0.]
 [    4.	   17.	    0.	 1233.	    0.]
 [    0.	    0.	    0.	    0.	    0.]
2026-03-19 14:44:45,013 - INFO - Change Type PA (Recall) Matrix
 [[0.    	0.9646	0.    	0.959 	0.    ]
 [0.8571	0.    	0.    	0.    	0.    ]
 [0.    	0.    	0.    	0.    	0.    ]
 [0.    	0.9911	0.    	0.    	0.    ]
 [0.    	0.    	0.    	0.    	0.    ]]
2026-03-19 14:44:45,013 - INFO - Change Type UA (Precision) Matrix
 [[0.    	0.9397	0.    	0.974 	0.    ]
 [0.8571	0.    	0.    	0.    	0.    ]
 [0.    	0.    	0.    	0.    	0.    ]
 [0.    	0.9737	0.    	0.    	0.    ]
 [0.    	0.    	0.    	0.    	0.    ]]
2026-03-19 14:44:45,014 - INFO - Change Type F1 Matrix
 [[0.    	0.952 	0.    	0.9664	0.    ]
 [0.8571	0.    	0.    	0.    	0.    ]
 [0.    	0.    	0.    	0.    	0.    ]
 [0.    	0.9823	0.    	0.    	0.    ]
 [0.    	0.    	0.    	0.    	0.    ]]
2026-03-19 14:44:45,014 - INFO - Epoch 0 saved.
