2026-03-19 14:44:45,160 - INFO - Epoch 0, Train loss: 0.0
2026-03-19 14:44:45,160 - INFO - mIoU: 0.9549; OA: 0.9756; AA: 0.9742; F1: 0.9769; cls_weighted_F1: 0.9756; Kappa: 0.959;
2026-03-19 14:44:45,160 - INFO - spatial_LccAccuracy: 0.7957; spatial_PA: 0.9689; spatial_UA: 0.9818; spatial_F1: 0.9753; weighted_F1: 0.9075
2026-03-19 14:44:45,160 - INFO - temporal_CdAccuracy: 0.7957; temporal_PA: 0.942; temporal_UA: 0.8926; temporal_F1: 0.9166
2026-03-19 14:44:45,161 - INFO - Confusion Matrix
 [5992.	 171.	   0.	   2.	   0.]
 [  95.	6015.	  29.	   0.	   0.]
 [   0.	  28.	1053.	   0.	   0.]
 [  12.	   0.	   0.	 403.	   0.]
 [   0.	   0.	   0.	   0.	   0.]
2026-03-19 14:44:45,161 - INFO - Change Type PA (Recall) Matrix
 [[0.    	0.9792	0.    	1.    	0.    ]
 [0.9677	0.    	0.8621	0.    	0.    ]
 [1.    	0.9756	0.    	0.    	0.    ]
 [0.    	0.    	0.    	0.    	0.    ]
 [0.    	0.    	0.    	0.    	0.    ]]
2026-03-19 14:44:45,161 - INFO - Change Type UA (Precision) Matrix
 [[0.    	0.8868	0.    	1.    	0.    ]
 [0.8   	0.    	0.6579	0.    	0.    ]
 [1.    	0.8696	0.    	0.    	0.    ]
 [0.    	0.    	0.    	0.    	0.    ]
 [0.    	0.    	0.    	0.    	0.    ]]
2026-03-19 14:44:45,162 - INFO - Change Type F1 Matrix
 [[0.    	0.9307	0.    	1.    	0.    ]
 [0.8759	0.    	0.7463	0.    	0.    ]
 [1.    	0.9195	0.    	0.    	0.    ]
 [0.    	0.    	0.    	0.    	0.    ]
 [0.    	0.    	0.    	0.    	0.    ]]
2026-03-19 14:44:45,162 - INFO - Epoch 0 saved.
