2026-01-29 17:01:49,050 - INFO - Epoch 0, Train loss: 0.0
2026-01-29 17:01:49,050 - INFO - mIoU: 0.6309; OA: 0.955; AA: 0.8912; F1: 0.9093; Kappa: 0.9141;
2026-01-29 17:01:49,051 - INFO - spatial_LccAccuracy: 0.7054; spatial_PA: 0.8421; spatial_UA: 0.9818; spatial_F1: 0.9066; weighted_F1: 0.8715
2026-01-29 17:01:49,051 - INFO - temporal_CdAccuracy: 0.7073; temporal_PA: 0.8858; temporal_UA: 0.8296; temporal_F1: 0.8568
2026-01-29 17:01:49,051 - INFO - Confusion Matrix
 [13726.	  495.	    0.	    0.	   60.]
 [  589.	16088.	   12.	    0.	   42.]
 [    0.	    0.	    0.	    0.	    0.]
 [    0.	    0.	    0.	    0.	    0.]
 [    5.	  236.	    0.	    0.	  727.]
2026-01-29 17:01:49,052 - INFO - Change Type PA (Recall) Matrix
 [[0.    	0.9616	0.    	0.    	0.    ]
 [0.5455	0.    	0.    	0.    	0.7273]
 [0.    	0.    	0.    	0.    	0.    ]
 [0.    	0.    	0.    	0.    	0.    ]
 [0.    	0.    	0.    	0.    	0.    ]]
2026-01-29 17:01:49,053 - INFO - Change Type UA (Precision) Matrix
 [[0.    	0.869 	0.    	0.    	0.    ]
 [0.2034	0.    	0.    	0.    	0.7692]
 [0.    	0.    	0.    	0.    	0.    ]
 [0.    	0.    	0.    	0.    	0.    ]
 [0.    	0.    	0.    	0.    	0.    ]]
2026-01-29 17:01:49,054 - INFO - Change Type F1 Matrix
 [[0.    	0.913 	0.    	0.    	0.    ]
 [0.2963	0.    	0.    	0.    	0.7477]
 [0.    	0.    	0.    	0.    	0.    ]
 [0.    	0.    	0.    	0.    	0.    ]
 [0.    	0.    	0.    	0.    	0.    ]]
2026-01-29 17:01:49,054 - INFO - Epoch 0 saved.
