2026-01-29 17:01:49,434 - INFO - Epoch 0, Train loss: 0.0
2026-01-29 17:01:49,435 - INFO - mIoU: 0.9844; OA: 0.9972; AA: 0.9884; F1: 0.992; Kappa: 0.9952;
2026-01-29 17:01:49,435 - INFO - spatial_LccAccuracy: 0.981; spatial_PA: 1.0; spatial_UA: 1.0; spatial_F1: 1.0; weighted_F1: 0.9767
2026-01-29 17:01:49,436 - INFO - temporal_CdAccuracy: 0.9824; temporal_PA: 0.9943; temporal_UA: 0.9883; temporal_F1: 0.9913
2026-01-29 17:01:49,436 - INFO - Confusion Matrix
 [23307.	   57.	    0.	    0.	    0.]
 [   30.	15516.	    7.	    0.	    0.]
 [    2.	   29.	  712.	    0.	    0.]
 [    0.	    0.	    0.	    0.	    0.]
 [    0.	    0.	    0.	    0.	 4560.]
2026-01-29 17:01:49,437 - INFO - Change Type PA (Recall) Matrix
 [[0.    	0.9853	0.9773	0.    	0.    ]
 [0.9873	0.    	0.9474	0.    	0.    ]
 [0.    	0.    	0.    	0.    	0.    ]
 [0.    	0.    	0.    	0.    	0.    ]
 [0.    	0.    	0.    	0.    	0.    ]]
2026-01-29 17:01:49,438 - INFO - Change Type UA (Precision) Matrix
 [[0.    	0.9791	1.    	0.    	0.    ]
 [0.907 	0.    	0.973 	0.    	0.    ]
 [0.    	0.    	0.    	0.    	0.    ]
 [0.    	0.    	0.    	0.    	0.    ]
 [0.    	0.    	0.    	0.    	0.    ]]
2026-01-29 17:01:49,439 - INFO - Change Type F1 Matrix
 [[0.    	0.9822	0.9885	0.    	0.    ]
 [0.9455	0.    	0.96  	0.    	0.    ]
 [0.    	0.    	0.    	0.    	0.    ]
 [0.    	0.    	0.    	0.    	0.    ]
 [0.    	0.    	0.    	0.    	0.    ]]
2026-01-29 17:01:49,439 - INFO - Epoch 0 saved.
