2026-01-29 17:01:49,860 - INFO - Epoch 0, Train loss: 0.0
2026-01-29 17:01:49,860 - INFO - mIoU: 0.9958; OA: 0.9991; AA: 0.9975; F1: 0.9979; Kappa: 0.997;
2026-01-29 17:01:49,860 - INFO - spatial_LccAccuracy: 0.9919; spatial_PA: 1.0; spatial_UA: 1.0; spatial_F1: 1.0; weighted_F1: 0.9905
2026-01-29 17:01:49,861 - INFO - temporal_CdAccuracy: 0.9919; temporal_PA: 0.9986; temporal_UA: 0.9938; temporal_F1: 0.9962
2026-01-29 17:01:49,861 - INFO - Confusion Matrix
 [18120.	    9.	    0.	    0.	    0.]
 [    7.	 2990.	    0.	    0.	    0.]
 [    0.	    0.	    0.	    0.	    0.]
 [    0.	    5.	    0.	 1069.	    0.]
 [    0.	    0.	    0.	    0.	    0.]
2026-01-29 17:01:49,862 - INFO - Change Type PA (Recall) Matrix
 [[0.    	1.    	0.    	0.9882	0.    ]
 [1.    	0.    	0.    	0.    	0.    ]
 [0.    	0.    	0.    	0.    	0.    ]
 [0.    	1.    	0.    	0.    	0.    ]
 [0.    	0.    	0.    	0.    	0.    ]]
2026-01-29 17:01:49,863 - INFO - Change Type UA (Precision) Matrix
 [[0.    	0.9704	0.    	1.    	0.    ]
 [0.6667	0.    	0.    	0.    	0.    ]
 [0.    	0.    	0.    	0.    	0.    ]
 [0.    	1.    	0.    	0.    	0.    ]
 [0.    	0.    	0.    	0.    	0.    ]]
2026-01-29 17:01:49,864 - INFO - Change Type F1 Matrix
 [[0.    	0.985 	0.    	0.9941	0.    ]
 [0.8   	0.    	0.    	0.    	0.    ]
 [0.    	0.    	0.    	0.    	0.    ]
 [0.    	1.    	0.    	0.    	0.    ]
 [0.    	0.    	0.    	0.    	0.    ]]
2026-01-29 17:01:49,864 - INFO - Epoch 0 saved.
