2026-01-29 22:28:08,483 - INFO - Epoch 0, Train loss: 0.0
2026-01-29 22:28:08,483 - INFO - mIoU: 0.5267; OA: 0.9583; AA: 0.9094; F1: 0.9336; Kappa: 0.9204;
2026-01-29 22:28:08,483 - INFO - spatial_LccAccuracy: 0.7805; spatial_PA: 0.8656; spatial_UA: 0.8835; spatial_F1: 0.8745; weighted_F1: 0.9012
2026-01-29 22:28:08,483 - INFO - temporal_CdAccuracy: 0.7805; temporal_PA: 0.9096; temporal_UA: 0.8704; temporal_F1: 0.8896
2026-01-29 22:28:08,483 - INFO - Confusion Matrix
 [13663.	  605.	    0.	    0.	   13.]
 [  479.	16207.	   34.	    0.	   11.]
 [    0.	    0.	    0.	    0.	    0.]
 [    0.	    0.	    0.	    0.	    0.]
 [   11.	  179.	    0.	    1.	  777.]
2026-01-29 22:28:08,483 - INFO - Change Type PA (Recall) Matrix
 [[0.    	0.9552	0.    	0.    	0.    ]
 [0.6364	0.    	0.    	0.    	0.8   ]
 [0.    	0.    	0.    	0.    	0.    ]
 [0.    	0.    	0.    	0.    	0.    ]
 [0.    	0.    	0.    	0.    	0.    ]]
2026-01-29 22:28:08,483 - INFO - Change Type UA (Precision) Matrix
 [[0.    	0.9124	0.    	0.    	0.    ]
 [0.35  	0.    	0.    	0.    	0.8148]
 [0.    	0.    	0.    	0.    	0.    ]
 [0.    	0.    	0.    	0.    	0.    ]
 [0.    	0.    	0.    	0.    	0.    ]]
2026-01-29 22:28:08,483 - INFO - Change Type F1 Matrix
 [[0.    	0.9333	0.    	0.    	0.    ]
 [0.4516	0.    	0.    	0.    	0.8073]
 [0.    	0.    	0.    	0.    	0.    ]
 [0.    	0.    	0.    	0.    	0.    ]
 [0.    	0.    	0.    	0.    	0.    ]]
2026-01-29 22:28:08,483 - INFO - Epoch 0 saved.
