2026-01-29 22:28:09,205 - INFO - Epoch 0, Train loss: 0.0
2026-01-29 22:28:09,205 - INFO - mIoU: 0.9018; OA: 0.9819; AA: 0.9235; F1: 0.9461; Kappa: 0.9615;
2026-01-29 22:28:09,205 - INFO - spatial_LccAccuracy: 0.8092; spatial_PA: 0.999; spatial_UA: 0.9919; spatial_F1: 0.9954; weighted_F1: 0.9297
2026-01-29 22:28:09,205 - INFO - temporal_CdAccuracy: 0.8092; temporal_PA: 0.9453; temporal_UA: 0.9424; temporal_F1: 0.9438
2026-01-29 22:28:09,205 - INFO - Confusion Matrix
 [11778.	  320.	    0.	    0.	    0.]
 [  242.	20224.	    5.	    0.	    0.]
 [    1.	   24.	  106.	    0.	    0.]
 [    0.	    0.	    0.	    0.	    0.]
 [    0.	    0.	    0.	    0.	    0.]
2026-01-29 22:28:09,205 - INFO - Change Type PA (Recall) Matrix
 [[0.    	0.9493	0.    	0.    	0.    ]
 [0.9161	0.    	0.4   	0.    	0.    ]
 [0.    	0.    	0.    	0.    	0.    ]
 [0.    	0.    	0.    	0.    	0.    ]
 [0.    	0.    	0.    	0.    	0.    ]]
2026-01-29 22:28:09,205 - INFO - Change Type UA (Precision) Matrix
 [[0.    	0.9493	0.    	0.    	0.    ]
 [0.8912	0.    	0.4   	0.    	0.    ]
 [0.    	0.    	0.    	0.    	0.    ]
 [0.    	0.    	0.    	0.    	0.    ]
 [0.    	0.    	0.    	0.    	0.    ]]
2026-01-29 22:28:09,205 - INFO - Change Type F1 Matrix
 [[0.    	0.9493	0.    	0.    	0.    ]
 [0.9035	0.    	0.4   	0.    	0.    ]
 [0.    	0.    	0.    	0.    	0.    ]
 [0.    	0.    	0.    	0.    	0.    ]
 [0.    	0.    	0.    	0.    	0.    ]]
2026-01-29 22:28:09,205 - INFO - Epoch 0 saved.
