2026-01-29 22:28:09,396 - INFO - Epoch 0, Train loss: 0.0
2026-01-29 22:28:09,396 - INFO - mIoU: 0.9743; OA: 0.9964; AA: 0.9875; F1: 0.9869; Kappa: 0.9883;
2026-01-29 22:28:09,396 - INFO - spatial_LccAccuracy: 0.9378; spatial_PA: 0.995; spatial_UA: 0.9792; spatial_F1: 0.987; weighted_F1: 0.9561
2026-01-29 22:28:09,396 - INFO - temporal_CdAccuracy: 0.9676; temporal_PA: 0.9935; temporal_UA: 0.9875; temporal_F1: 0.9905
2026-01-29 22:28:09,396 - INFO - Confusion Matrix
 [18124.	    5.	    0.	    0.	    0.]
 [   18.	 2941.	    0.	   38.	    0.]
 [    0.	    0.	    0.	    0.	    0.]
 [   12.	    8.	    0.	 1054.	    0.]
 [    0.	    0.	    0.	    0.	    0.]
2026-01-29 22:28:09,396 - INFO - Change Type PA (Recall) Matrix
 [[0.    	0.916 	0.    	0.9706	0.    ]
 [1.    	0.    	0.    	0.    	0.    ]
 [0.    	0.    	0.    	0.    	0.    ]
 [0.    	0.9894	0.    	0.    	0.    ]
 [0.    	0.    	0.    	0.    	0.    ]]
2026-01-29 22:28:09,396 - INFO - Change Type UA (Precision) Matrix
 [[0.    	0.9677	0.    	0.9375	0.    ]
 [0.8   	0.    	0.    	0.    	0.    ]
 [0.    	0.    	0.    	0.    	0.    ]
 [0.    	0.9789	0.    	0.    	0.    ]
 [0.    	0.    	0.    	0.    	0.    ]]
2026-01-29 22:28:09,397 - INFO - Change Type F1 Matrix
 [[0.    	0.9412	0.    	0.9538	0.    ]
 [0.8889	0.    	0.    	0.    	0.    ]
 [0.    	0.    	0.    	0.    	0.    ]
 [0.    	0.9841	0.    	0.    	0.    ]
 [0.    	0.    	0.    	0.    	0.    ]]
2026-01-29 22:28:09,397 - INFO - Epoch 0 saved.
