2026-01-29 22:26:14,677 - INFO - Epoch 0, Train loss: 0.0
2026-01-29 22:26:14,678 - INFO - mIoU: 0.6261; OA: 0.9447; AA: 0.8966; F1: 0.9069; Kappa: 0.8951;
2026-01-29 22:26:14,678 - INFO - spatial_LccAccuracy: 0.7129; spatial_PA: 0.7105; spatial_UA: 0.9676; spatial_F1: 0.8194; weighted_F1: 0.8509
2026-01-29 22:26:14,678 - INFO - temporal_CdAccuracy: 0.7129; temporal_PA: 0.9012; temporal_UA: 0.8307; temporal_F1: 0.8645
2026-01-29 22:26:14,678 - INFO - Confusion Matrix
 [13971.	  259.	    0.	    0.	   51.]
 [ 1178.	15480.	    6.	    0.	   67.]
 [    0.	    0.	    0.	    0.	    0.]
 [    0.	    0.	    0.	    0.	    0.]
 [   57.	  150.	    0.	    0.	  761.]
2026-01-29 22:26:14,678 - INFO - Change Type PA (Recall) Matrix
 [[0.    	0.9574	0.    	0.    	0.    ]
 [0.2273	0.    	0.    	0.    	0.7455]
 [0.    	0.    	0.    	0.    	0.    ]
 [0.    	0.    	0.    	0.    	0.    ]
 [0.    	0.    	0.    	0.    	0.    ]]
2026-01-29 22:26:14,678 - INFO - Change Type UA (Precision) Matrix
 [[0.    	0.8424	0.    	0.    	0.    ]
 [0.0758	0.    	0.    	0.    	0.7736]
 [0.    	0.    	0.    	0.    	0.    ]
 [0.    	0.    	0.    	0.    	0.    ]
 [0.    	0.    	0.    	0.    	0.    ]]
2026-01-29 22:26:14,678 - INFO - Change Type F1 Matrix
 [[0.    	0.8962	0.    	0.    	0.    ]
 [0.1136	0.    	0.    	0.    	0.7593]
 [0.    	0.    	0.    	0.    	0.    ]
 [0.    	0.    	0.    	0.    	0.    ]
 [0.    	0.    	0.    	0.    	0.    ]]
2026-01-29 22:26:14,678 - INFO - Epoch 0 saved.
