2026-01-29 22:26:14,933 - INFO - Epoch 0, Train loss: 0.0
2026-01-29 22:26:14,933 - INFO - mIoU: 0.9823; OA: 0.9965; AA: 0.9881; F1: 0.9909; Kappa: 0.994;
2026-01-29 22:26:14,933 - INFO - spatial_LccAccuracy: 0.9729; spatial_PA: 0.997; spatial_UA: 0.997; spatial_F1: 0.997; weighted_F1: 0.9683
2026-01-29 22:26:14,933 - INFO - temporal_CdAccuracy: 0.9742; temporal_PA: 0.9919; temporal_UA: 0.9837; temporal_F1: 0.9878
2026-01-29 22:26:14,933 - INFO - Confusion Matrix
 [23342.	   21.	    1.	    0.	    0.]
 [   87.	15454.	   12.	    0.	    0.]
 [    3.	   26.	  714.	    0.	    0.]
 [    0.	    0.	    0.	    0.	    0.]
 [    5.	    0.	    0.	    0.	 4555.]
2026-01-29 22:26:14,933 - INFO - Change Type PA (Recall) Matrix
 [[0.    	0.9832	0.9773	0.    	0.    ]
 [0.9494	0.    	0.9211	0.    	0.    ]
 [0.    	0.    	0.    	0.    	0.    ]
 [0.    	0.    	0.    	0.    	0.    ]
 [0.    	0.    	0.    	0.    	0.    ]]
2026-01-29 22:26:14,934 - INFO - Change Type UA (Precision) Matrix
 [[0.    	0.9749	0.9556	0.    	0.    ]
 [0.8721	0.    	1.    	0.    	0.    ]
 [0.    	0.    	0.    	0.    	0.    ]
 [0.    	0.    	0.    	0.    	0.    ]
 [0.    	0.    	0.    	0.    	0.    ]]
2026-01-29 22:26:14,934 - INFO - Change Type F1 Matrix
 [[0.    	0.979 	0.9663	0.    	0.    ]
 [0.9091	0.    	0.9589	0.    	0.    ]
 [0.    	0.    	0.    	0.    	0.    ]
 [0.    	0.    	0.    	0.    	0.    ]
 [0.    	0.    	0.    	0.    	0.    ]]
2026-01-29 22:26:14,934 - INFO - Epoch 0 saved.
