2026-01-29 22:26:15,278 - INFO - Epoch 0, Train loss: 0.0
2026-01-29 22:26:15,278 - INFO - mIoU: 0.95; OA: 0.9769; AA: 0.9746; F1: 0.974; Kappa: 0.9574;
2026-01-29 22:26:15,279 - INFO - spatial_LccAccuracy: 0.8661; spatial_PA: 1.0; spatial_UA: 1.0; spatial_F1: 1.0; weighted_F1: 0.8917
2026-01-29 22:26:15,279 - INFO - temporal_CdAccuracy: 0.8661; temporal_PA: 0.9626; temporal_UA: 0.9187; temporal_F1: 0.9401
2026-01-29 22:26:15,279 - INFO - Confusion Matrix
 [7067.	 104.	   0.	   0.	   0.]
 [ 140.	5357.	  33.	   0.	   0.]
 [   0.	  33.	 574.	   1.	   0.]
 [   0.	   0.	   0.	 131.	   0.]
 [   0.	   0.	   0.	   0.	   0.]
2026-01-29 22:26:15,279 - INFO - Change Type PA (Recall) Matrix
 [[0.    	0.9611	0.5   	1.    	0.    ]
 [0.9783	0.    	0.7632	0.    	0.    ]
 [0.    	0.9474	0.    	0.    	0.    ]
 [0.    	0.    	0.    	0.    	0.    ]
 [0.    	0.    	0.    	0.    	0.    ]]
2026-01-29 22:26:15,279 - INFO - Change Type UA (Precision) Matrix
 [[0.    	0.9058	0.2   	1.    	0.    ]
 [0.6923	0.    	0.7436	0.    	0.    ]
 [0.    	1.    	0.    	0.    	0.    ]
 [0.    	0.    	0.    	0.    	0.    ]
 [0.    	0.    	0.    	0.    	0.    ]]
2026-01-29 22:26:15,279 - INFO - Change Type F1 Matrix
 [[0.    	0.9326	0.2857	1.    	0.    ]
 [0.8108	0.    	0.7532	0.    	0.    ]
 [0.    	0.973 	0.    	0.    	0.    ]
 [0.    	0.    	0.    	0.    	0.    ]
 [0.    	0.    	0.    	0.    	0.    ]]
2026-01-29 22:26:15,279 - INFO - Epoch 0 saved.
