2026-03-19 14:44:40,483 - INFO - Epoch 0, Train loss: 0.0
2026-03-19 14:44:40,483 - INFO - mIoU: 0.8887; OA: 0.9631; AA: 0.926; F1: 0.9392; cls_weighted_F1: 0.9628; Kappa: 0.9306;
2026-03-19 14:44:40,484 - INFO - spatial_LccAccuracy: 0.7878; spatial_PA: 0.8246; spatial_UA: 0.9814; spatial_F1: 0.8962; weighted_F1: 0.9084
2026-03-19 14:44:40,484 - INFO - temporal_CdAccuracy: 0.7896; temporal_PA: 0.9246; temporal_UA: 0.8869; temporal_F1: 0.9054
2026-03-19 14:44:40,485 - INFO - Confusion Matrix
 [15270.	  342.	    0.	    0.	   13.]
 [  667.	16920.	   20.	    0.	    7.]
 [    0.	    1.	  292.	    0.	    0.]
 [    0.	    0.	    0.	    0.	    0.]
 [    0.	  223.	    0.	    0.	  745.]
2026-03-19 14:44:40,485 - INFO - Change Type PA (Recall) Matrix
 [[0.    	0.9628	0.    	0.    	0.    ]
 [0.4545	0.    	1.    	0.    	0.8364]
 [0.    	1.    	0.    	0.    	0.    ]
 [0.    	0.    	0.    	0.    	0.    ]
 [0.    	0.    	0.    	0.    	0.    ]]
2026-03-19 14:44:40,486 - INFO - Change Type UA (Precision) Matrix
 [[0.    	0.8962	0.    	0.    	0.    ]
 [0.2381	0.    	1.    	0.    	0.807 ]
 [0.    	1.    	0.    	0.    	0.    ]
 [0.    	0.    	0.    	0.    	0.    ]
 [0.    	0.    	0.    	0.    	0.    ]]
2026-03-19 14:44:40,487 - INFO - Change Type F1 Matrix
 [[0.    	0.9283	0.    	0.    	0.    ]
 [0.3125	0.    	1.    	0.    	0.8214]
 [0.    	1.    	0.    	0.    	0.    ]
 [0.    	0.    	0.    	0.    	0.    ]
 [0.    	0.    	0.    	0.    	0.    ]]
2026-03-19 14:44:40,488 - INFO - Epoch 0 saved.
