2026-03-19 14:44:40,568 - INFO - Epoch 0, Train loss: 0.0
2026-03-19 14:44:40,569 - INFO - mIoU: 0.9563; OA: 0.9872; AA: 0.9786; F1: 0.9774; cls_weighted_F1: 0.9872; Kappa: 0.9764;
2026-03-19 14:44:40,569 - INFO - spatial_LccAccuracy: 0.8651; spatial_PA: 1.0; spatial_UA: 1.0; spatial_F1: 1.0; weighted_F1: 0.9506
2026-03-19 14:44:40,569 - INFO - temporal_CdAccuracy: 0.8651; temporal_PA: 0.891; temporal_UA: 0.8724; temporal_F1: 0.8816
2026-03-19 14:44:40,570 - INFO - Confusion Matrix
 [1511.	  76.	   0.	   0.	   0.]
 [  21.	1272.	   0.	   0.	   0.]
 [   0.	   0.	   0.	   0.	   0.]
 [   0.	   0.	   0.	   0.	   0.]
 [   0.	   0.	   0.	   0.	4680.]
2026-03-19 14:44:40,570 - INFO - Change Type PA (Recall) Matrix
 [[0.    	0.9583	0.    	0.    	0.    ]
 [1.    	0.    	0.    	0.    	0.    ]
 [0.    	0.    	0.    	0.    	0.    ]
 [0.    	0.    	0.    	0.    	0.    ]
 [0.    	0.    	0.    	0.    	0.    ]]
2026-03-19 14:44:40,570 - INFO - Change Type UA (Precision) Matrix
 [[0.    	0.9388	0.    	0.    	0.    ]
 [0.9118	0.    	0.    	0.    	0.    ]
 [0.    	0.    	0.    	0.    	0.    ]
 [0.    	0.    	0.    	0.    	0.    ]
 [0.    	0.    	0.    	0.    	0.    ]]
2026-03-19 14:44:40,570 - INFO - Change Type F1 Matrix
 [[0.    	0.9485	0.    	0.    	0.    ]
 [0.9538	0.    	0.    	0.    	0.    ]
 [0.    	0.    	0.    	0.    	0.    ]
 [0.    	0.    	0.    	0.    	0.    ]
 [0.    	0.    	0.    	0.    	0.    ]]
2026-03-19 14:44:40,570 - INFO - Epoch 0 saved.
