2026-03-19 14:44:40,981 - INFO - Epoch 0, Train loss: 0.0
2026-03-19 14:44:40,982 - INFO - mIoU: 0.9121; OA: 0.9895; AA: 0.9911; F1: 0.9509; cls_weighted_F1: 0.9895; Kappa: 0.9816;
2026-03-19 14:44:40,982 - INFO - spatial_LccAccuracy: 0.9155; spatial_PA: 0.984; spatial_UA: 0.9917; spatial_F1: 0.9878; weighted_F1: 0.919
2026-03-19 14:44:40,982 - INFO - temporal_CdAccuracy: 0.9211; temporal_PA: 0.9748; temporal_UA: 0.9543; temporal_F1: 0.9644
2026-03-19 14:44:40,982 - INFO - Confusion Matrix
 [24672.	  131.	    2.	    8.	    0.]
 [  195.	12684.	  105.	    0.	    0.]
 [    9.	    6.	  927.	    0.	    0.]
 [    0.	    0.	    0.	   21.	    0.]
 [    0.	    0.	    0.	    0.	 4560.]
2026-03-19 14:44:40,984 - INFO - Change Type PA (Recall) Matrix
 [[0.    	0.952 	0.9268	1.    	0.    ]
 [0.8219	0.    	0.9726	0.    	0.    ]
 [0.    	1.    	0.    	0.    	0.    ]
 [0.    	0.    	0.    	0.    	0.    ]
 [0.    	0.    	0.    	0.    	0.    ]]
2026-03-19 14:44:40,985 - INFO - Change Type UA (Precision) Matrix
 [[0.    	0.9376	0.8261	0.7   	0.    ]
 [0.8219	0.    	0.8353	0.    	0.    ]
 [0.    	0.4   	0.    	0.    	0.    ]
 [0.    	0.    	0.    	0.    	0.    ]
 [0.    	0.    	0.    	0.    	0.    ]]
2026-03-19 14:44:40,986 - INFO - Change Type F1 Matrix
 [[0.    	0.9447	0.8736	0.8235	0.    ]
 [0.8219	0.    	0.8987	0.    	0.    ]
 [0.    	0.5714	0.    	0.    	0.    ]
 [0.    	0.    	0.    	0.    	0.    ]
 [0.    	0.    	0.    	0.    	0.    ]]
2026-03-19 14:44:40,986 - INFO - Epoch 0 saved.
