2026-03-19 14:44:41,356 - INFO - Epoch 0, Train loss: 0.0
2026-03-19 14:44:41,356 - INFO - mIoU: 0.8781; OA: 0.9818; AA: 0.9323; F1: 0.9301; cls_weighted_F1: 0.9818; Kappa: 0.9629;
2026-03-19 14:44:41,357 - INFO - spatial_LccAccuracy: 0.8203; spatial_PA: 0.9861; spatial_UA: 0.9991; spatial_F1: 0.9926; weighted_F1: 0.9469
2026-03-19 14:44:41,357 - INFO - temporal_CdAccuracy: 0.8203; temporal_PA: 0.9531; temporal_UA: 0.9496; temporal_F1: 0.9513
2026-03-19 14:44:41,357 - INFO - Confusion Matrix
 [14493.	  309.	    0.	    0.	    0.]
 [  241.	21275.	   63.	    0.	    0.]
 [    0.	   57.	  282.	    0.	    0.]
 [    0.	    0.	    0.	    0.	    0.]
 [    0.	    0.	    0.	    0.	    0.]
2026-03-19 14:44:41,358 - INFO - Change Type PA (Recall) Matrix
 [[0.    	0.9619	0.    	0.    	0.    ]
 [0.9178	0.    	0.9818	0.    	0.    ]
 [0.    	1.    	0.    	0.    	0.    ]
 [0.    	0.    	0.    	0.    	0.    ]
 [0.    	0.    	0.    	0.    	0.    ]]
2026-03-19 14:44:41,359 - INFO - Change Type UA (Precision) Matrix
 [[0.    	0.9607	0.    	0.    	0.    ]
 [0.9306	0.    	0.8571	0.    	0.    ]
 [0.    	0.7273	0.    	0.    	0.    ]
 [0.    	0.    	0.    	0.    	0.    ]
 [0.    	0.    	0.    	0.    	0.    ]]
2026-03-19 14:44:41,359 - INFO - Change Type F1 Matrix
 [[0.    	0.9613	0.    	0.    	0.    ]
 [0.9241	0.    	0.9153	0.    	0.    ]
 [0.    	0.8421	0.    	0.    	0.    ]
 [0.    	0.    	0.    	0.    	0.    ]
 [0.    	0.    	0.    	0.    	0.    ]]
2026-03-19 14:44:41,359 - INFO - Epoch 0 saved.
