2026-03-19 14:44:41,573 - INFO - Epoch 0, Train loss: 0.0
2026-03-19 14:44:41,574 - INFO - mIoU: 0.9659; OA: 0.995; AA: 0.9878; F1: 0.9825; cls_weighted_F1: 0.995; Kappa: 0.9839;
2026-03-19 14:44:41,574 - INFO - spatial_LccAccuracy: 0.9322; spatial_PA: 0.9918; spatial_UA: 0.9984; spatial_F1: 0.9951; weighted_F1: 0.9455
2026-03-19 14:44:41,575 - INFO - temporal_CdAccuracy: 0.9729; temporal_PA: 0.9939; temporal_UA: 0.9872; temporal_F1: 0.9905
2026-03-19 14:44:41,575 - INFO - Confusion Matrix
 [18107.	   12.	    0.	    5.	    0.]
 [   16.	 2672.	    0.	   74.	    0.]
 [    0.	    0.	    0.	    0.	    0.]
 [    0.	    4.	    0.	 1250.	    0.]
 [    0.	    0.	    0.	    0.	    0.]
2026-03-19 14:44:41,576 - INFO - Change Type PA (Recall) Matrix
 [[0.    	0.8319	0.    	0.9949	0.    ]
 [1.    	0.    	0.    	0.    	0.    ]
 [0.    	0.    	0.    	0.    	0.    ]
 [0.    	1.    	0.    	0.    	0.    ]
 [0.    	0.    	0.    	0.    	0.    ]]
2026-03-19 14:44:41,576 - INFO - Change Type UA (Precision) Matrix
 [[0.    	0.9792	0.    	0.9108	0.    ]
 [0.7778	0.    	0.    	0.    	0.    ]
 [0.    	0.    	0.    	0.    	0.    ]
 [0.    	0.9739	0.    	0.    	0.    ]
 [0.    	0.    	0.    	0.    	0.    ]]
2026-03-19 14:44:41,577 - INFO - Change Type F1 Matrix
 [[0.    	0.8995	0.    	0.951 	0.    ]
 [0.875 	0.    	0.    	0.    	0.    ]
 [0.    	0.    	0.    	0.    	0.    ]
 [0.    	0.9868	0.    	0.    	0.    ]
 [0.    	0.    	0.    	0.    	0.    ]]
2026-03-19 14:44:41,577 - INFO - Epoch 0 saved.
