2026-03-19 14:44:41,723 - INFO - Epoch 0, Train loss: 0.0
2026-03-19 14:44:41,724 - INFO - mIoU: 0.7646; OA: 0.9767; AA: 0.9801; F1: 0.9773; cls_weighted_F1: 0.9767; Kappa: 0.9608;
2026-03-19 14:44:41,724 - INFO - spatial_LccAccuracy: 0.813; spatial_PA: 0.9811; spatial_UA: 0.9944; spatial_F1: 0.9877; weighted_F1: 0.8951
2026-03-19 14:44:41,724 - INFO - temporal_CdAccuracy: 0.813; temporal_PA: 0.9468; temporal_UA: 0.8969; temporal_F1: 0.9212
2026-03-19 14:44:41,724 - INFO - Confusion Matrix
 [6020.	 135.	   2.	   8.	   0.]
 [ 102.	5998.	  37.	   1.	   1.]
 [   1.	  35.	1045.	   0.	   0.]
 [   0.	   0.	   0.	 415.	   0.]
 [   0.	   0.	   0.	   0.	   0.]
2026-03-19 14:44:41,725 - INFO - Change Type PA (Recall) Matrix
 [[0.    	0.9722	0.    	1.    	0.    ]
 [0.9516	0.    	0.7931	0.    	0.    ]
 [1.    	0.9512	0.    	0.    	0.    ]
 [0.    	0.    	0.    	0.    	0.    ]
 [0.    	0.    	0.    	0.    	0.    ]]
2026-03-19 14:44:41,726 - INFO - Change Type UA (Precision) Matrix
 [[0.    	0.875 	0.    	0.975 	0.    ]
 [0.7763	0.    	0.6389	0.    	0.    ]
 [1.    	0.907 	0.    	0.    	0.    ]
 [0.    	0.    	0.    	0.    	0.    ]
 [0.    	0.    	0.    	0.    	0.    ]]
2026-03-19 14:44:41,726 - INFO - Change Type F1 Matrix
 [[0.    	0.9211	0.    	0.9873	0.    ]
 [0.8551	0.    	0.7077	0.    	0.    ]
 [1.    	0.9286	0.    	0.    	0.    ]
 [0.    	0.    	0.    	0.    	0.    ]
 [0.    	0.    	0.    	0.    	0.    ]]
2026-03-19 14:44:41,726 - INFO - Epoch 0 saved.
