2026-01-29 17:01:41,625 - INFO - Epoch 0, Train loss: 0.0
2026-01-29 17:01:41,625 - INFO - mIoU: 0.912; OA: 0.984; AA: 0.9537; F1: 0.9522; Kappa: 0.966;
2026-01-29 17:01:41,626 - INFO - spatial_LccAccuracy: 0.8294; spatial_PA: 0.9918; spatial_UA: 0.999; spatial_F1: 0.9954; weighted_F1: 0.9509
2026-01-29 17:01:41,626 - INFO - temporal_CdAccuracy: 0.8294; temporal_PA: 0.955; temporal_UA: 0.9471; temporal_F1: 0.951
2026-01-29 17:01:41,626 - INFO - Confusion Matrix
 [11890.	  208.	    0.	    0.	    0.]
 [  287.	20169.	   15.	    0.	    0.]
 [    0.	   14.	  117.	    0.	    0.]
 [    0.	    0.	    0.	    0.	    0.]
 [    0.	    0.	    0.	    0.	    0.]
2026-01-29 17:01:41,628 - INFO - Change Type PA (Recall) Matrix
 [[0.    	0.9718	0.    	0.    	0.    ]
 [0.9472	0.    	0.6   	0.    	0.    ]
 [1.    	0.    	0.    	0.    	0.    ]
 [0.    	0.    	0.    	0.    	0.    ]
 [0.    	0.    	0.    	0.    	0.    ]]
2026-01-29 17:01:41,629 - INFO - Change Type UA (Precision) Matrix
 [[0.    	0.957 	0.    	0.    	0.    ]
 [0.9159	0.    	0.75  	0.    	0.    ]
 [1.    	0.    	0.    	0.    	0.    ]
 [0.    	0.    	0.    	0.    	0.    ]
 [0.    	0.    	0.    	0.    	0.    ]]
2026-01-29 17:01:41,629 - INFO - Change Type F1 Matrix
 [[0.    	0.9644	0.    	0.    	0.    ]
 [0.9313	0.    	0.6667	0.    	0.    ]
 [1.    	0.    	0.    	0.    	0.    ]
 [0.    	0.    	0.    	0.    	0.    ]
 [0.    	0.    	0.    	0.    	0.    ]]
2026-01-29 17:01:41,630 - INFO - Epoch 0 saved.
