2026-01-29 17:01:41,993 - INFO - Epoch 0, Train loss: 0.0
2026-01-29 17:01:41,994 - INFO - mIoU: 0.7619; OA: 0.9762; AA: 0.9841; F1: 0.9753; Kappa: 0.9563;
2026-01-29 17:01:41,994 - INFO - spatial_LccAccuracy: 0.8438; spatial_PA: 0.9865; spatial_UA: 0.9973; spatial_F1: 0.9919; weighted_F1: 0.8977
2026-01-29 17:01:41,994 - INFO - temporal_CdAccuracy: 0.8482; temporal_PA: 0.9506; temporal_UA: 0.909; temporal_F1: 0.9293
2026-01-29 17:01:41,994 - INFO - Confusion Matrix
 [7099.	  72.	   0.	   0.	   0.]
 [ 181.	5288.	  60.	   0.	   1.]
 [   0.	   6.	 602.	   0.	   0.]
 [   0.	   0.	   0.	 131.	   0.]
 [   0.	   0.	   0.	   0.	   0.]
2026-01-29 17:01:41,995 - INFO - Change Type PA (Recall) Matrix
 [[0.    	0.95  	0.5   	1.    	0.    ]
 [0.9565	0.    	0.8421	0.    	0.    ]
 [0.    	1.    	0.    	0.    	0.    ]
 [0.    	0.    	0.    	0.    	0.    ]
 [0.    	0.    	0.    	0.    	0.    ]]
2026-01-29 17:01:41,996 - INFO - Change Type UA (Precision) Matrix
 [[0.    	0.9243	0.2   	1.    	0.    ]
 [0.7719	0.    	0.7111	0.    	0.    ]
 [0.    	0.7917	0.    	0.    	0.    ]
 [0.    	0.    	0.    	0.    	0.    ]
 [0.    	0.    	0.    	0.    	0.    ]]
2026-01-29 17:01:41,996 - INFO - Change Type F1 Matrix
 [[0.    	0.937 	0.2857	1.    	0.    ]
 [0.8544	0.    	0.7711	0.    	0.    ]
 [0.    	0.8837	0.    	0.    	0.    ]
 [0.    	0.    	0.    	0.    	0.    ]
 [0.    	0.    	0.    	0.    	0.    ]]
2026-01-29 17:01:41,997 - INFO - Epoch 0 saved.
