2026-01-29 17:01:12,563 - INFO - Epoch 0, Train loss: 0.0
2026-01-29 17:01:12,563 - INFO - mIoU: 0.9523; OA: 0.9903; AA: 0.97; F1: 0.9752; Kappa: 0.9795;
2026-01-29 17:01:12,564 - INFO - spatial_LccAccuracy: 0.8936; spatial_PA: 1.0; spatial_UA: 1.0; spatial_F1: 1.0; weighted_F1: 0.9729
2026-01-29 17:01:12,564 - INFO - temporal_CdAccuracy: 0.8936; temporal_PA: 0.9693; temporal_UA: 0.9729; temporal_F1: 0.9711
2026-01-29 17:01:12,564 - INFO - Confusion Matrix
 [11914.	  184.	    0.	    0.	    0.]
 [  118.	20348.	    5.	    0.	    0.]
 [    0.	    9.	  122.	    0.	    0.]
 [    0.	    0.	    0.	    0.	    0.]
 [    0.	    0.	    0.	    0.	    0.]
2026-01-29 17:01:12,565 - INFO - Change Type PA (Recall) Matrix
 [[0.    	0.9761	0.    	0.    	0.    ]
 [0.9596	0.    	0.8   	0.    	0.    ]
 [1.    	0.5   	0.    	0.    	0.    ]
 [0.    	0.    	0.    	0.    	0.    ]
 [0.    	0.    	0.    	0.    	0.    ]]
2026-01-29 17:01:12,566 - INFO - Change Type UA (Precision) Matrix
 [[0.    	0.983 	0.    	0.    	0.    ]
 [0.9656	0.    	1.    	0.    	0.    ]
 [1.    	0.5   	0.    	0.    	0.    ]
 [0.    	0.    	0.    	0.    	0.    ]
 [0.    	0.    	0.    	0.    	0.    ]]
2026-01-29 17:01:12,567 - INFO - Change Type F1 Matrix
 [[0.    	0.9795	0.    	0.    	0.    ]
 [0.9626	0.    	0.8889	0.    	0.    ]
 [1.    	0.5   	0.    	0.    	0.    ]
 [0.    	0.    	0.    	0.    	0.    ]
 [0.    	0.    	0.    	0.    	0.    ]]
2026-01-29 17:01:12,567 - INFO - Epoch 0 saved.
