2026-01-29 17:01:12,905 - INFO - Epoch 0, Train loss: 0.0
2026-01-29 17:01:12,906 - INFO - mIoU: 0.7645; OA: 0.9763; AA: 0.9746; F1: 0.9771; Kappa: 0.9565;
2026-01-29 17:01:12,906 - INFO - spatial_LccAccuracy: 0.8482; spatial_PA: 1.0; spatial_UA: 1.0; spatial_F1: 1.0; weighted_F1: 0.9164
2026-01-29 17:01:12,906 - INFO - temporal_CdAccuracy: 0.8482; temporal_PA: 0.956; temporal_UA: 0.9201; temporal_F1: 0.9377
2026-01-29 17:01:12,907 - INFO - Confusion Matrix
 [7032.	 135.	   0.	   0.	   4.]
 [ 125.	5385.	  20.	   0.	   0.]
 [   0.	  34.	 574.	   0.	   0.]
 [   0.	   0.	   0.	 131.	   0.]
 [   0.	   0.	   0.	   0.	   0.]
2026-01-29 17:01:12,907 - INFO - Change Type PA (Recall) Matrix
 [[0.    	0.9722	0.5   	1.    	0.    ]
 [0.9565	0.    	0.8421	0.    	0.    ]
 [0.    	1.    	0.    	0.    	0.    ]
 [0.    	0.    	0.    	0.    	0.    ]
 [0.    	0.    	0.    	0.    	0.    ]]
2026-01-29 17:01:12,908 - INFO - Change Type UA (Precision) Matrix
 [[0.    	0.9067	1.    	1.    	0.    ]
 [0.7586	0.    	0.8421	0.    	0.    ]
 [0.    	1.    	0.    	0.    	0.    ]
 [0.    	0.    	0.    	0.    	0.    ]
 [0.    	0.    	0.    	0.    	0.    ]]
2026-01-29 17:01:12,909 - INFO - Change Type F1 Matrix
 [[0.    	0.9383	0.6667	1.    	0.    ]
 [0.8462	0.    	0.8421	0.    	0.    ]
 [0.    	1.    	0.    	0.    	0.    ]
 [0.    	0.    	0.    	0.    	0.    ]
 [0.    	0.    	0.    	0.    	0.    ]]
2026-01-29 17:01:12,909 - INFO - Epoch 0 saved.
