2026-03-19 14:44:22,704 - INFO - Epoch 0, Train loss: 0.0
2026-03-19 14:44:22,704 - INFO - mIoU: 0.8657; OA: 0.9612; AA: 0.9479; F1: 0.9266; cls_weighted_F1: 0.9612; Kappa: 0.9273;
2026-03-19 14:44:22,704 - INFO - spatial_LccAccuracy: 0.7965; spatial_PA: 0.8158; spatial_UA: 0.9805; spatial_F1: 0.8906; weighted_F1: 0.9151
2026-03-19 14:44:22,704 - INFO - temporal_CdAccuracy: 0.7965; temporal_PA: 0.9344; temporal_UA: 0.8906; temporal_F1: 0.912
2026-03-19 14:44:22,705 - INFO - Confusion Matrix
 [15269.	  356.	    0.	    0.	    0.]
 [  729.	16764.	   88.	    0.	   33.]
 [    0.	    0.	  293.	    0.	    0.]
 [    0.	    0.	    0.	    0.	    0.]
 [    5.	  128.	    0.	    0.	  835.]
2026-03-19 14:44:22,705 - INFO - Change Type PA (Recall) Matrix
 [[0.    	0.9706	0.    	0.    	0.    ]
 [0.5455	0.    	1.    	0.    	0.8909]
 [0.    	1.    	0.    	0.    	0.    ]
 [0.    	0.    	0.    	0.    	0.    ]
 [0.    	0.    	0.    	0.    	0.    ]]
2026-03-19 14:44:22,705 - INFO - Change Type UA (Precision) Matrix
 [[0.    	0.9018	0.    	0.    	0.    ]
 [0.2857	0.    	0.913 	0.    	0.8167]
 [0.    	1.    	0.    	0.    	0.    ]
 [0.    	0.    	0.    	0.    	0.    ]
 [0.    	0.    	0.    	0.    	0.    ]]
2026-03-19 14:44:22,706 - INFO - Change Type F1 Matrix
 [[0.    	0.935 	0.    	0.    	0.    ]
 [0.375 	0.    	0.9545	0.    	0.8522]
 [0.    	1.    	0.    	0.    	0.    ]
 [0.    	0.    	0.    	0.    	0.    ]
 [0.    	0.    	0.    	0.    	0.    ]]
2026-03-19 14:44:22,706 - INFO - Epoch 0 saved.
