2026-03-19 14:44:22,808 - INFO - Epoch 0, Train loss: 0.0
2026-03-19 14:44:22,808 - INFO - mIoU: 0.9571; OA: 0.9874; AA: 0.9787; F1: 0.9778; cls_weighted_F1: 0.9874; Kappa: 0.9769;
2026-03-19 14:44:22,808 - INFO - spatial_LccAccuracy: 0.8492; spatial_PA: 1.0; spatial_UA: 1.0; spatial_F1: 1.0; weighted_F1: 0.939
2026-03-19 14:44:22,808 - INFO - temporal_CdAccuracy: 0.8492; temporal_PA: 0.8845; temporal_UA: 0.8576; temporal_F1: 0.8708
2026-03-19 14:44:22,808 - INFO - Confusion Matrix
 [1521.	  66.	   0.	   0.	   0.]
 [  29.	1264.	   0.	   0.	   0.]
 [   0.	   0.	   0.	   0.	   0.]
 [   0.	   0.	   0.	   0.	   0.]
 [   0.	   0.	   0.	   0.	4680.]
2026-03-19 14:44:22,809 - INFO - Change Type PA (Recall) Matrix
 [[0.    	0.9583	0.    	0.    	0.    ]
 [1.    	0.    	0.    	0.    	0.    ]
 [0.    	0.    	0.    	0.    	0.    ]
 [0.    	0.    	0.    	0.    	0.    ]
 [0.    	0.    	0.    	0.    	0.    ]]
2026-03-19 14:44:22,810 - INFO - Change Type UA (Precision) Matrix
 [[0.    	0.92  	0.    	0.    	0.    ]
 [0.8857	0.    	0.    	0.    	0.    ]
 [0.    	0.    	0.    	0.    	0.    ]
 [0.    	0.    	0.    	0.    	0.    ]
 [0.    	0.    	0.    	0.    	0.    ]]
2026-03-19 14:44:22,812 - INFO - Change Type F1 Matrix
 [[0.    	0.9388	0.    	0.    	0.    ]
 [0.9394	0.    	0.    	0.    	0.    ]
 [0.    	0.    	0.    	0.    	0.    ]
 [0.    	0.    	0.    	0.    	0.    ]
 [0.    	0.    	0.    	0.    	0.    ]]
2026-03-19 14:44:22,812 - INFO - Epoch 0 saved.
