2026-03-19 14:44:23,218 - INFO - Epoch 0, Train loss: 0.0
2026-03-19 14:44:23,219 - INFO - mIoU: 0.9256; OA: 0.9895; AA: 0.9915; F1: 0.9598; cls_weighted_F1: 0.9896; Kappa: 0.9817;
2026-03-19 14:44:23,219 - INFO - spatial_LccAccuracy: 0.9155; spatial_PA: 0.982; spatial_UA: 0.9906; spatial_F1: 0.9863; weighted_F1: 0.9372
2026-03-19 14:44:23,219 - INFO - temporal_CdAccuracy: 0.9224; temporal_PA: 0.9793; temporal_UA: 0.9508; temporal_F1: 0.9649
2026-03-19 14:44:23,219 - INFO - Confusion Matrix
 [24640.	  163.	    5.	    0.	    0.]
 [  142.	12718.	  124.	    0.	    0.]
 [    8.	    6.	  928.	    0.	    0.]
 [    0.	    0.	    0.	    0.	    0.]
 [    0.	    0.	    0.	    0.	    0.]
2026-03-19 14:44:23,221 - INFO - Change Type PA (Recall) Matrix
 [[0.    	0.9716	0.9024	0.  	0.    ]
 [0.9589	0.    	0.9726	0.    	0.    ]
 [0.    	0.    	0.    	0.    	0.    ]
 [0.    	0.    	0.    	0.    	0.    ]
 [0.    	0.    	0.    	0.    	0.    ]]
2026-03-19 14:44:23,222 - INFO - Change Type UA (Precision) Matrix
 [[0.    	0.9549	0.8043	0.  	0.    ]
 [0.8642	0.    	0.7978	0.    	0.    ]
 [0.    	0.     	0.    	0.    	0.    ]
 [0.    	0.    	0.    	0.    	0.    ]
 [0.    	0.    	0.    	0.    	0.    ]]
2026-03-19 14:44:23,222 - INFO - Change Type F1 Matrix
 [[0.    	0.9632	0.8506	0.    	0.    ]
 [0.9091	0.    	0.8765	0.    	0.    ]
 [0.    	0.  	0.    	0.    	0.    ]
 [0.    	0.    	0.    	0.    	0.    ]
 [0.    	0.    	0.    	0.    	0.    ]]
2026-03-19 14:44:23,223 - INFO - Epoch 0 saved.
