2026-03-19 14:44:23,617 - INFO - Epoch 0, Train loss: 0.0
2026-03-19 14:44:23,618 - INFO - mIoU: 0.8819; OA: 0.9795; AA: 0.9468; F1: 0.9332; cls_weighted_F1: 0.9796; Kappa: 0.9583;
2026-03-19 14:44:23,619 - INFO - spatial_LccAccuracy: 0.7974; spatial_PA: 1.0; spatial_UA: 1.0; spatial_F1: 1.0; weighted_F1: 0.9383
2026-03-19 14:44:23,619 - INFO - temporal_CdAccuracy: 0.7974; temporal_PA: 0.9504; temporal_UA: 0.9436; temporal_F1: 0.947
2026-03-19 14:44:23,619 - INFO - Confusion Matrix
 [14402.	  400.	    0.	    0.	    0.]
 [  238.	21266.	   75.	    0.	    0.]
 [    0.	   40.	  299.	    0.	    0.]
 [    0.	    0.	    0.	    0.	    0.]
 [    0.	    0.	    0.	    0.	    0.]
2026-03-19 14:44:23,620 - INFO - Change Type PA (Recall) Matrix
 [[0.    	0.9509	0.    	0.    	0.    ]
 [0.926 	0.    	0.9818	0.    	0.    ]
 [0.    	1.    	0.    	0.    	0.    ]
 [0.    	0.    	0.    	0.    	0.    ]
 [0.    	0.    	0.    	0.    	0.    ]]
2026-03-19 14:44:23,621 - INFO - Change Type UA (Precision) Matrix
 [[0.    	0.9497	0.    	0.    	0.    ]
 [0.8989	0.    	0.9153	0.    	0.    ]
 [0.    	0.8   	0.    	0.    	0.    ]
 [0.    	0.    	0.    	0.    	0.    ]
 [0.    	0.    	0.    	0.    	0.    ]]
2026-03-19 14:44:23,622 - INFO - Change Type F1 Matrix
 [[0.    	0.9503	0.    	0.    	0.    ]
 [0.9123	0.    	0.9474	0.    	0.    ]
 [0.    	0.8889	0.    	0.    	0.    ]
 [0.    	0.    	0.    	0.    	0.    ]
 [0.    	0.    	0.    	0.    	0.    ]]
2026-03-19 14:44:23,622 - INFO - Epoch 0 saved.
