2026-03-19 14:44:23,857 - INFO - Epoch 0, Train loss: 0.0
2026-03-19 14:44:23,858 - INFO - mIoU: 0.9607; OA: 0.9944; AA: 0.9873; F1: 0.9797; cls_weighted_F1: 0.9945; Kappa: 0.9822;
2026-03-19 14:44:23,858 - INFO - spatial_LccAccuracy: 0.9133; spatial_PA: 0.9918; spatial_UA: 0.9984; spatial_F1: 0.9951; weighted_F1: 0.9416
2026-03-19 14:44:23,858 - INFO - temporal_CdAccuracy: 0.9702; temporal_PA: 0.9927; temporal_UA: 0.9838; temporal_F1: 0.9882
2026-03-19 14:44:23,859 - INFO - Confusion Matrix
 [18102.	   10.	    0.	   12.	    0.]
 [   10.	 2662.	    0.	   90.	    0.]
 [    0.	    0.	    0.	    0.	    0.]
 [    0.	    1.	    0.	 1253.	    0.]
 [    0.	    0.	    0.	    0.	    0.]
2026-03-19 14:44:23,860 - INFO - Change Type PA (Recall) Matrix
 [[0.    	0.8053	0.    	1.    	0.    ]
 [1.    	0.    	0.    	0.    	0.    ]
 [0.    	0.    	0.    	0.    	0.    ]
 [0.    	1.    	0.    	0.    	0.    ]
 [0.    	0.    	0.    	0.    	0.    ]]
2026-03-19 14:44:23,860 - INFO - Change Type UA (Precision) Matrix
 [[0.    	1.    	0.    	0.8904	0.    ]
 [0.875 	0.    	0.    	0.    	0.    ]
 [0.    	0.    	0.    	0.    	0.    ]
 [0.    	0.9825	0.    	0.    	0.    ]
 [0.    	0.    	0.    	0.    	0.    ]]
2026-03-19 14:44:23,861 - INFO - Change Type F1 Matrix
 [[0.    	0.8922	0.    	0.942 	0.    ]
 [0.9333	0.    	0.    	0.    	0.    ]
 [0.    	0.    	0.    	0.    	0.    ]
 [0.    	0.9912	0.    	0.    	0.    ]
 [0.    	0.    	0.    	0.    	0.    ]]
2026-03-19 14:44:23,861 - INFO - Epoch 0 saved.
