2026-03-19 14:44:24,007 - INFO - Epoch 0, Train loss: 0.0
2026-03-19 14:44:24,008 - INFO - mIoU: 0.9463; OA: 0.9697; AA: 0.9745; F1: 0.9723; cls_weighted_F1: 0.9697; Kappa: 0.9492;
2026-03-19 14:44:24,008 - INFO - spatial_LccAccuracy: 0.7826; spatial_PA: 0.9811; spatial_UA: 0.9944; spatial_F1: 0.9877; weighted_F1: 0.8653
2026-03-19 14:44:24,008 - INFO - temporal_CdAccuracy: 0.7826; temporal_PA: 0.9385; temporal_UA: 0.8832; temporal_F1: 0.91
2026-03-19 14:44:24,008 - INFO - Confusion Matrix
 [5922.	 239.	   0.	   4.	   0.]
 [  89.	5993.	  57.	   0.	   0.]
 [   1.	  20.	1060.	   0.	   0.]
 [   8.	   0.	   0.	 407.	   0.]
 [   0.	   0.	   0.	   0.	   0.]
2026-03-19 14:44:24,009 - INFO - Change Type PA (Recall) Matrix
 [[0.    	0.9236	0.    	1.    	0.    ]
 [0.9839	0.    	0.6897	0.    	0.    ]
 [1.    	0.9268	0.    	0.    	0.    ]
 [0.    	0.    	0.    	0.    	0.    ]
 [0.    	0.    	0.    	0.    	0.    ]]
2026-03-19 14:44:24,009 - INFO - Change Type UA (Precision) Matrix
 [[0.    	0.8526	0.    	1.    	0.    ]
 [0.7439	0.    	0.5556	0.    	0.    ]
 [1.    	0.8444	0.    	0.    	0.    ]
 [0.    	0.    	0.    	0.    	0.    ]
 [0.    	0.    	0.    	0.    	0.    ]]
2026-03-19 14:44:24,011 - INFO - Change Type F1 Matrix
 [[0.    	0.8867	0.    	1.    	0.    ]
 [0.8472	0.    	0.6154	0.    	0.    ]
 [1.    	0.8837	0.    	0.    	0.    ]
 [0.    	0.    	0.    	0.    	0.    ]
 [0.    	0.    	0.    	0.    	0.    ]]
2026-03-19 14:44:24,011 - INFO - Epoch 0 saved.
