2026-01-29 22:28:19,335 - INFO - Epoch 0, Train loss: 0.0
2026-01-29 22:28:19,335 - INFO - mIoU: 0.9294; OA: 0.9758; AA: 0.9561; F1: 0.9626; Kappa: 0.9585;
2026-01-29 22:28:19,335 - INFO - spatial_LccAccuracy: 0.8026; spatial_PA: 0.959; spatial_UA: 0.9876; spatial_F1: 0.9731; weighted_F1: 0.873
2026-01-29 22:28:19,335 - INFO - temporal_CdAccuracy: 0.8064; temporal_PA: 0.939; temporal_UA: 0.9079; temporal_F1: 0.9232
2026-01-29 22:28:19,335 - INFO - Confusion Matrix
 [77806.	  954.	    1.	   53.	   50.]
 [ 1825.	58251.	  136.	    6.	   44.]
 [    4.	  403.	 2644.	    0.	    0.]
 [    7.	    8.	    1.	 1489.	   10.]
 [   18.	  224.	    4.	    3.	11039.]
2026-01-29 22:28:19,335 - INFO - Change Type PA (Recall) Matrix
 [[0.    	0.9461	0.8992	0.9344	0.    ]
 [0.8518	0.    	0.4964	0.    	0.7273]
 [0.    	0.9512	0.    	0.    	0.    ]
 [0.    	0.9293	0.    	0.    	0.    ]
 [0.    	0.    	0.    	0.    	0.    ]]
2026-01-29 22:28:19,335 - INFO - Change Type UA (Precision) Matrix
 [[0.    	0.8798	0.9587	0.8963	0.    ]
 [0.7443	0.    	0.7041	0.    	0.6154]
 [0.    	0.78  	0.    	0.    	0.    ]
 [0.    	0.902 	0.    	0.    	0.    ]
 [0.    	0.    	0.    	0.    	0.    ]]
2026-01-29 22:28:19,335 - INFO - Change Type F1 Matrix
 [[0.    	0.9118	0.928 	0.9149	0.    ]
 [0.7944	0.    	0.5823	0.    	0.6667]
 [0.    	0.8571	0.    	0.    	0.    ]
 [0.    	0.9154	0.    	0.    	0.    ]
 [0.    	0.    	0.    	0.    	0.    ]]
2026-01-29 22:28:19,337 - INFO - Epoch 0 saved.
