2026-01-29 22:28:21,631 - INFO - Epoch 0, Train loss: 0.0
2026-01-29 22:28:21,633 - INFO - mIoU: 0.9345; OA: 0.9763; AA: 0.9598; F1: 0.9654; Kappa: 0.9594;
2026-01-29 22:28:21,633 - INFO - spatial_LccAccuracy: 0.7987; spatial_PA: 0.9563; spatial_UA: 0.9869; spatial_F1: 0.9714; weighted_F1: 0.8761
2026-01-29 22:28:21,633 - INFO - temporal_CdAccuracy: 0.8018; temporal_PA: 0.9324; temporal_UA: 0.9036; temporal_F1: 0.9177
2026-01-29 22:28:21,633 - INFO - Confusion Matrix
 [77535.	 1225.	    2.	   41.	   61.]
 [ 1608.	58461.	  129.	   11.	   53.]
 [   14.	  363.	 2672.	    0.	    2.]
 [   11.	   13.	    3.	 1487.	    1.]
 [   20.	  109.	    1.	    0.	11158.]
2026-01-29 22:28:21,633 - INFO - Change Type PA (Recall) Matrix
 [[0.    	0.9354	0.9225	0.9537	0.    ]
 [0.8762	0.    	0.5324	0.    	0.7091]
 [0.    	0.9512	0.    	0.    	0.    ]
 [0.    	0.9495	0.    	0.    	0.    ]
 [0.    	0.    	0.    	0.    	0.    ]]
2026-01-29 22:28:21,633 - INFO - Change Type UA (Precision) Matrix
 [[0.    	0.8908	0.9675	0.9048	0.    ]
 [0.7141	0.    	0.6549	0.    	0.7358]
 [0.    	0.7647	0.    	0.    	0.    ]
 [0.    	0.9495	0.    	0.    	0.    ]
 [0.    	0.    	0.    	0.    	0.    ]]
2026-01-29 22:28:21,634 - INFO - Change Type F1 Matrix
 [[0.    	0.9125	0.9444	0.9286	0.    ]
 [0.7869	0.    	0.5873	0.    	0.7222]
 [0.    	0.8478	0.    	0.    	0.    ]
 [0.    	0.9495	0.    	0.    	0.    ]
 [0.    	0.    	0.    	0.    	0.    ]]
2026-01-29 22:28:21,634 - INFO - Epoch 0 saved.
