2026-01-29 22:28:20,462 - INFO - Epoch 0, Train loss: 0.0
2026-01-29 22:28:20,462 - INFO - mIoU: 0.9273; OA: 0.9757; AA: 0.9641; F1: 0.9616; Kappa: 0.9584;
2026-01-29 22:28:20,462 - INFO - spatial_LccAccuracy: 0.8022; spatial_PA: 0.952; spatial_UA: 0.9857; spatial_F1: 0.9686; weighted_F1: 0.859
2026-01-29 22:28:20,462 - INFO - temporal_CdAccuracy: 0.806; temporal_PA: 0.934; temporal_UA: 0.9057; temporal_F1: 0.9196
2026-01-29 22:28:20,462 - INFO - Confusion Matrix
 [77688.	 1045.	   34.	   61.	   36.]
 [ 1776.	58212.	  183.	   49.	   42.]
 [    6.	  291.	 2752.	    1.	    1.]
 [    7.	   10.	    0.	 1495.	    3.]
 [   41.	  164.	   10.	    2.	11071.]
2026-01-29 22:28:20,462 - INFO - Change Type PA (Recall) Matrix
 [[0.    	0.9316	0.9535	0.9266	0.    ]
 [0.8011	0.    	0.5108	0.    	0.7455]
 [0.    	0.9756	0.    	0.    	0.    ]
 [0.    	0.8889	0.    	0.    	0.    ]
 [0.    	0.    	0.    	0.    	0.    ]]
2026-01-29 22:28:20,463 - INFO - Change Type UA (Precision) Matrix
 [[0.    	0.8777	0.9111	0.8304	0.    ]
 [0.7337	0.    	0.6396	0.    	0.7193]
 [0.    	0.8   	0.    	0.    	0.    ]
 [0.    	0.8148	0.    	0.    	0.    ]
 [0.    	0.    	0.    	0.    	0.    ]]
2026-01-29 22:28:20,463 - INFO - Change Type F1 Matrix
 [[0.    	0.9039	0.9318	0.8759	0.    ]
 [0.7659	0.    	0.568 	0.    	0.7321]
 [0.    	0.8791	0.    	0.    	0.    ]
 [0.    	0.8502	0.    	0.    	0.    ]
 [0.    	0.    	0.    	0.    	0.    ]]
2026-01-29 22:28:20,463 - INFO - Epoch 0 saved.
