2026-01-29 22:28:22,826 - INFO - Epoch 0, Train loss: 0.0
2026-01-29 22:28:22,826 - INFO - mIoU: 0.9255; OA: 0.9759; AA: 0.9542; F1: 0.9606; Kappa: 0.9586;
2026-01-29 22:28:22,826 - INFO - spatial_LccAccuracy: 0.7921; spatial_PA: 0.9581; spatial_UA: 0.9874; spatial_F1: 0.9725; weighted_F1: 0.8676
2026-01-29 22:28:22,826 - INFO - temporal_CdAccuracy: 0.7952; temporal_PA: 0.9346; temporal_UA: 0.9041; temporal_F1: 0.9191
2026-01-29 22:28:22,826 - INFO - Confusion Matrix
 [77666.	 1138.	    2.	   22.	   36.]
 [ 1567.	58516.	  140.	   37.	    2.]
 [    5.	  394.	 2652.	    0.	    0.]
 [    5.	   27.	    0.	 1482.	    1.]
 [   60.	  274.	    0.	   28.	10926.]
2026-01-29 22:28:22,826 - INFO - Change Type PA (Recall) Matrix
 [[0.    	0.9413	0.9225	0.9344	0.    ]
 [0.818 	0.    	0.482 	0.    	0.7273]
 [0.    	0.9268	0.    	0.    	0.    ]
 [0.    	0.9091	0.    	0.    	0.    ]
 [0.    	0.    	0.    	0.    	0.    ]]
2026-01-29 22:28:22,826 - INFO - Change Type UA (Precision) Matrix
 [[0.    	0.8771	0.9297	0.9237	0.    ]
 [0.7315	0.    	0.6979	0.    	0.8511]
 [0.    	0.6333	0.    	0.    	0.    ]
 [0.    	0.8824	0.    	0.    	0.    ]
 [0.    	0.    	0.    	0.    	0.    ]]
2026-01-29 22:28:22,826 - INFO - Change Type F1 Matrix
 [[0.    	0.9081	0.9261	0.929 	0.    ]
 [0.7724	0.    	0.5702	0.    	0.7843]
 [0.    	0.7525	0.    	0.    	0.    ]
 [0.    	0.8955	0.    	0.    	0.    ]
 [0.    	0.    	0.    	0.    	0.    ]]
2026-01-29 22:28:22,826 - INFO - Epoch 0 saved.
