2026-02-22 20:07:03,242 - INFO - Epoch 0, Train loss: 0.0
2026-02-22 20:07:03,243 - INFO - mIoU: 0.4841; OA: 0.9448; AA: 0.6408; F1: 0.8848; cls_weighted_F1: 0.9421; Kappa: 0.8953;
2026-02-22 20:07:03,243 - INFO - spatial_LccAccuracy: 0.6743; spatial_PA: 0.8333; spatial_UA: 0.9821; spatial_F1: 0.9016; weighted_F1: 0.7196
2026-02-22 20:07:03,243 - INFO - temporal_CdAccuracy: 0.6761; temporal_PA: 0.861; temporal_UA: 0.8021; temporal_F1: 0.8305
2026-02-22 20:07:03,243 - INFO - Confusion Matrix
 [14913.	  419.	    0.	    2.	   67.]
 [  749.	16667.	   23.	   17.	   11.]
 [    0.	  244.	    0.	    0.	    0.]
 [    0.	    0.	    0.	    0.	    0.]
 [  103.	  177.	    8.	   60.	  620.]
2026-02-22 20:07:03,243 - INFO - Change Type PA (Recall) Matrix
 [[0.    	0.9544	0.    	0.    	0.    ]
 [0.6364	0.    	0.    	0.    	0.1455]
 [0.    	0.    	0.    	0.    	0.    ]
 [0.    	0.    	0.    	0.    	0.    ]
 [0.    	0.    	0.    	0.    	0.    ]]
2026-02-22 20:07:03,243 - INFO - Change Type UA (Precision) Matrix
 [[0.    	0.8439	0.    	0.    	0.    ]
 [0.125 	0.    	0.    	0.    	0.5   ]
 [0.    	0.    	0.    	0.    	0.    ]
 [0.    	0.    	0.    	0.    	0.    ]
 [0.    	0.    	0.    	0.    	0.    ]]
2026-02-22 20:07:03,244 - INFO - Change Type F1 Matrix
 [[0.    	0.8957	0.    	0.    	0.    ]
 [0.209 	0.    	0.    	0.    	0.2254]
 [0.    	0.    	0.    	0.    	0.    ]
 [0.    	0.    	0.    	0.    	0.    ]
 [0.    	0.    	0.    	0.    	0.    ]]
2026-02-22 20:07:03,244 - INFO - Epoch 0 saved.
