<<<<<<< HEAD
2026-01-22 16:52:20,902 - INFO - Epoch 0, Train loss: 0.0
2026-01-22 16:52:20,902 - INFO - mIoU: 0.2; OA: 1.0; AA: 0.2; F1: 0.2; Kappa: 0.0;
2026-01-22 16:52:20,903 - INFO - spatial_LccAccuracy: 1.0; spatial_PA: 0.75; spatial_UA: 0.75; spatial_F1: 0.75; weighted_F1: 0.0
2026-01-22 16:52:20,903 - INFO - temporal_CdAccuracy: 1.0; temporal_PA: 0.75; temporal_UA: 0.75; temporal_F1: 0.75
2026-01-22 16:52:20,903 - INFO - Confusion Matrix
=======
2025-12-13 21:53:57,412 - INFO - Epoch 0, Train loss: 0.0
2025-12-13 21:53:57,412 - INFO - mIoU: 0.2; OA: 1.0; AA: 0.2; F1: 0.2; Kappa: 0.0;
2025-12-13 21:53:57,413 - INFO - spatial_LccAccuracy: 1.0; spatial_PA: 0.75; spatial_UA: 0.75; spatial_F1: 0.75
2025-12-13 21:53:57,413 - INFO - temporal_CdAccuracy: 1.0; temporal_PA: 0.75; temporal_UA: 0.75; temporal_F1: 0.75
2025-12-13 21:53:57,414 - INFO - Confusion Matrix
>>>>>>> 93175a06c110e941919a0524e265707df6271051
 [   0.	   0.	   0.	   0.	   0.]
 [   0.	   0.	   0.	   0.	   0.]
 [   0.	   0.	   0.	   0.	   0.]
 [   0.	   0.	   0.	   0.	   0.]
 [   0.	   0.	   0.	   0.	6780.]
<<<<<<< HEAD
2026-01-22 16:52:20,903 - INFO - Change Type PA (Recall) Matrix
=======
2025-12-13 21:53:57,415 - INFO - Change Type PA (Recall) Matrix
>>>>>>> 93175a06c110e941919a0524e265707df6271051
 [[0.	0.	0.	0.	0.]
 [0.	0.	0.	0.	0.]
 [0.	0.	0.	0.	0.]
 [0.	0.	0.	0.	0.]
 [0.	0.	0.	0.	0.]]
<<<<<<< HEAD
2026-01-22 16:52:20,904 - INFO - Change Type UA (Precision) Matrix
=======
2025-12-13 21:53:57,415 - INFO - Change Type UA (Precision) Matrix
>>>>>>> 93175a06c110e941919a0524e265707df6271051
 [[0.	0.	0.	0.	0.]
 [0.	0.	0.	0.	0.]
 [0.	0.	0.	0.	0.]
 [0.	0.	0.	0.	0.]
 [0.	0.	0.	0.	0.]]
<<<<<<< HEAD
2026-01-22 16:52:20,905 - INFO - Change Type F1 Matrix
=======
2025-12-13 21:53:57,416 - INFO - Change Type F1 Matrix
>>>>>>> 93175a06c110e941919a0524e265707df6271051
 [[0.	0.	0.	0.	0.]
 [0.	0.	0.	0.	0.]
 [0.	0.	0.	0.	0.]
 [0.	0.	0.	0.	0.]
 [0.	0.	0.	0.	0.]]
<<<<<<< HEAD
2026-01-22 16:52:20,905 - INFO - Epoch 0 saved.
=======
2025-12-13 21:53:57,416 - INFO - Epoch 0 saved.
>>>>>>> 93175a06c110e941919a0524e265707df6271051
