<<<<<<< HEAD
2026-01-22 16:52:21,243 - INFO - Epoch 0, Train loss: 0.0
2026-01-22 16:52:21,243 - INFO - mIoU: 0.761; OA: 0.9926; AA: 0.7695; F1: 0.779; Kappa: 0.9873;
2026-01-22 16:52:21,243 - INFO - spatial_LccAccuracy: 0.9308; spatial_PA: 0.998; spatial_UA: 0.999; spatial_F1: 0.9985; weighted_F1: 0.9363
2026-01-22 16:52:21,244 - INFO - temporal_CdAccuracy: 0.9417; temporal_PA: 0.9775; temporal_UA: 0.9652; temporal_F1: 0.9713
2026-01-22 16:52:21,244 - INFO - Confusion Matrix
=======
2025-12-13 21:53:57,751 - INFO - Epoch 0, Train loss: 0.0
2025-12-13 21:53:57,752 - INFO - mIoU: 0.761; OA: 0.9926; AA: 0.7695; F1: 0.779; Kappa: 0.9873;
2025-12-13 21:53:57,752 - INFO - spatial_LccAccuracy: 0.9444; spatial_PA: 0.998; spatial_UA: 0.999; spatial_F1: 0.9985
2025-12-13 21:53:57,752 - INFO - temporal_CdAccuracy: 0.9417; temporal_PA: 0.9775; temporal_UA: 0.9652; temporal_F1: 0.9713
2025-12-13 21:53:57,753 - INFO - Confusion Matrix
>>>>>>> 93175a06c110e941919a0524e265707df6271051
 [23270.	   93.	    1.	    0.	    0.]
 [  101.	15429.	   22.	    1.	    0.]
 [    3.	  100.	  640.	    0.	    0.]
 [    0.	    0.	    0.	    0.	    0.]
 [    8.	    0.	    0.	    0.	 4552.]
<<<<<<< HEAD
2026-01-22 16:52:21,245 - INFO - Change Type PA (Recall) Matrix
=======
2025-12-13 21:53:57,754 - INFO - Change Type PA (Recall) Matrix
>>>>>>> 93175a06c110e941919a0524e265707df6271051
 [[0.    	0.9832	0.6591	0.    	0.    ]
 [0.9114	0.    	0.8947	0.    	0.    ]
 [0.    	0.    	0.    	0.    	0.    ]
 [0.    	0.    	0.    	0.    	0.    ]
 [0.    	0.    	0.    	0.    	0.    ]]
<<<<<<< HEAD
2026-01-22 16:52:21,245 - INFO - Change Type UA (Precision) Matrix
=======
2025-12-13 21:53:57,755 - INFO - Change Type UA (Precision) Matrix
>>>>>>> 93175a06c110e941919a0524e265707df6271051
 [[0.    	0.9531	0.9355	0.    	0.    ]
 [0.9114	0.    	0.6939	0.    	0.    ]
 [0.    	0.    	0.    	0.    	0.    ]
 [0.    	0.    	0.    	0.    	0.    ]
 [0.    	0.    	0.    	0.    	0.    ]]
<<<<<<< HEAD
2026-01-22 16:52:21,246 - INFO - Change Type F1 Matrix
=======
2025-12-13 21:53:57,756 - INFO - Change Type F1 Matrix
>>>>>>> 93175a06c110e941919a0524e265707df6271051
 [[0.    	0.9679	0.7733	0.    	0.    ]
 [0.9114	0.    	0.7816	0.    	0.    ]
 [0.    	0.    	0.    	0.    	0.    ]
 [0.    	0.    	0.    	0.    	0.    ]
 [0.    	0.    	0.    	0.    	0.    ]]
<<<<<<< HEAD
2026-01-22 16:52:21,246 - INFO - Epoch 0 saved.
=======
2025-12-13 21:53:57,756 - INFO - Epoch 0 saved.
>>>>>>> 93175a06c110e941919a0524e265707df6271051
