<<<<<<< HEAD
2026-01-22 16:52:21,523 - INFO - Epoch 0, Train loss: 0.0
2026-01-22 16:52:21,523 - INFO - mIoU: 0.464; OA: 0.9773; AA: 0.4759; F1: 0.507; Kappa: 0.9516;
2026-01-22 16:52:21,524 - INFO - spatial_LccAccuracy: 0.8037; spatial_PA: 0.9908; spatial_UA: 0.9908; spatial_F1: 0.9908; weighted_F1: 0.9265
2026-01-22 16:52:21,524 - INFO - temporal_CdAccuracy: 0.8055; temporal_PA: 0.9462; temporal_UA: 0.9408; temporal_F1: 0.9435
2026-01-22 16:52:21,524 - INFO - Confusion Matrix
=======
2025-12-13 21:53:58,019 - INFO - Epoch 0, Train loss: 0.0
2025-12-13 21:53:58,019 - INFO - mIoU: 0.464; OA: 0.9773; AA: 0.4759; F1: 0.507; Kappa: 0.9516;
2025-12-13 21:53:58,019 - INFO - spatial_LccAccuracy: 0.8881; spatial_PA: 0.9908; spatial_UA: 0.9908; spatial_F1: 0.9908
2025-12-13 21:53:58,020 - INFO - temporal_CdAccuracy: 0.8055; temporal_PA: 0.9462; temporal_UA: 0.9408; temporal_F1: 0.9435
2025-12-13 21:53:58,021 - INFO - Confusion Matrix
>>>>>>> 93175a06c110e941919a0524e265707df6271051
 [11646.	  451.	    1.	    0.	    0.]
 [  209.	20257.	    5.	    0.	    0.]
 [    1.	   74.	   56.	    0.	    0.]
 [    0.	    0.	    0.	    0.	    0.]
 [    0.	    0.	    0.	    0.	    0.]
<<<<<<< HEAD
2026-01-22 16:52:21,525 - INFO - Change Type PA (Recall) Matrix
=======
2025-12-13 21:53:58,022 - INFO - Change Type PA (Recall) Matrix
>>>>>>> 93175a06c110e941919a0524e265707df6271051
 [[0.    	0.9451	0.    	0.    	0.    ]
 [0.913 	0.    	0.2   	0.    	0.    ]
 [0.    	0.    	0.    	0.    	0.    ]
 [0.    	0.    	0.    	0.    	0.    ]
 [0.    	0.    	0.    	0.    	0.    ]]
<<<<<<< HEAD
2026-01-22 16:52:21,526 - INFO - Change Type UA (Precision) Matrix
=======
2025-12-13 21:53:58,023 - INFO - Change Type UA (Precision) Matrix
>>>>>>> 93175a06c110e941919a0524e265707df6271051
 [[0.    	0.9477	0.    	0.    	0.    ]
 [0.8936	0.    	0.125 	0.    	0.    ]
 [0.    	0.    	0.    	0.    	0.    ]
 [0.    	0.    	0.    	0.    	0.    ]
 [0.    	0.    	0.    	0.    	0.    ]]
<<<<<<< HEAD
2026-01-22 16:52:21,527 - INFO - Change Type F1 Matrix
=======
2025-12-13 21:53:58,023 - INFO - Change Type F1 Matrix
>>>>>>> 93175a06c110e941919a0524e265707df6271051
 [[0.    	0.9464	0.    	0.    	0.    ]
 [0.9032	0.    	0.1538	0.    	0.    ]
 [0.    	0.    	0.    	0.    	0.    ]
 [0.    	0.    	0.    	0.    	0.    ]
 [0.    	0.    	0.    	0.    	0.    ]]
<<<<<<< HEAD
2026-01-22 16:52:21,527 - INFO - Epoch 0 saved.
=======
2025-12-13 21:53:58,024 - INFO - Epoch 0 saved.
>>>>>>> 93175a06c110e941919a0524e265707df6271051
