2026-01-29 17:03:52,867 - INFO - Epoch 0, Train loss: 0.0
2026-01-29 17:03:52,867 - INFO - mIoU: 0.9345; OA: 0.9915; AA: 0.9531; F1: 0.9653; Kappa: 0.9728;
2026-01-29 17:03:52,868 - INFO - spatial_LccAccuracy: 0.8405; spatial_PA: 0.9822; spatial_UA: 0.9822; spatial_F1: 0.9822; weighted_F1: 0.9214
2026-01-29 17:03:52,868 - INFO - temporal_CdAccuracy: 0.9081; temporal_PA: 0.9629; temporal_UA: 0.9584; temporal_F1: 0.9606
2026-01-29 17:03:52,868 - INFO - Confusion Matrix
 [18115.	   14.	    0.	    0.	    0.]
 [   26.	 2960.	    0.	   11.	    0.]
 [    0.	    0.	    0.	    0.	    0.]
 [    7.	  130.	    0.	  937.	    0.]
 [    0.	    0.	    0.	    0.	    0.]
2026-01-29 17:03:52,869 - INFO - Change Type PA (Recall) Matrix
 [[0.    	0.9847	0.    	0.8353	0.    ]
 [1.    	0.    	0.    	0.    	0.    ]
 [0.    	0.    	0.    	0.    	0.    ]
 [0.    	1.    	0.    	0.    	0.    ]
 [0.    	0.    	0.    	0.    	0.    ]]
2026-01-29 17:03:52,870 - INFO - Change Type UA (Precision) Matrix
 [[0.    	0.8217	0.    	0.9861	0.    ]
 [1.    	0.    	0.    	0.    	0.    ]
 [0.    	0.    	0.    	0.    	0.    ]
 [0.    	0.9691	0.    	0.    	0.    ]
 [0.    	0.    	0.    	0.    	0.    ]]
2026-01-29 17:03:52,871 - INFO - Change Type F1 Matrix
 [[0.    	0.8958	0.    	0.9045	0.    ]
 [1.    	0.    	0.    	0.    	0.    ]
 [0.    	0.    	0.    	0.    	0.    ]
 [0.    	0.9843	0.    	0.    	0.    ]
 [0.    	0.    	0.    	0.    	0.    ]]
2026-01-29 17:03:52,871 - INFO - Epoch 0 saved.
