<<<<<<< HEAD
2026-01-22 16:52:21,850 - INFO - Epoch 0, Train loss: 0.0
2026-01-22 16:52:21,850 - INFO - mIoU: 0.7547; OA: 0.9733; AA: 0.7759; F1: 0.7765; Kappa: 0.9509;
2026-01-22 16:52:21,850 - INFO - spatial_LccAccuracy: 0.8036; spatial_PA: 1.0; spatial_UA: 1.0; spatial_F1: 1.0; weighted_F1: 0.8826
2026-01-22 16:52:21,850 - INFO - temporal_CdAccuracy: 0.8036; temporal_PA: 0.9384; temporal_UA: 0.8932; temporal_F1: 0.9153
2026-01-22 16:52:21,850 - INFO - Confusion Matrix
=======
2025-12-13 21:53:58,354 - INFO - Epoch 0, Train loss: 0.0
2025-12-13 21:53:58,355 - INFO - mIoU: 0.7547; OA: 0.9733; AA: 0.7759; F1: 0.7765; Kappa: 0.9509;
2025-12-13 21:53:58,355 - INFO - spatial_LccAccuracy: 0.9063; spatial_PA: 1.0; spatial_UA: 1.0; spatial_F1: 1.0
2025-12-13 21:53:58,356 - INFO - temporal_CdAccuracy: 0.8036; temporal_PA: 0.9384; temporal_UA: 0.8932; temporal_F1: 0.9153
2025-12-13 21:53:58,356 - INFO - Confusion Matrix
>>>>>>> 93175a06c110e941919a0524e265707df6271051
 [7023.	 148.	   0.	   0.	   0.]
 [ 148.	5357.	  22.	   3.	   0.]
 [   1.	  36.	 571.	   0.	   0.]
 [   0.	   1.	   0.	 130.	   0.]
 [   0.	   0.	   0.	   0.	   0.]
<<<<<<< HEAD
2026-01-22 16:52:21,850 - INFO - Change Type PA (Recall) Matrix
=======
2025-12-13 21:53:58,357 - INFO - Change Type PA (Recall) Matrix
>>>>>>> 93175a06c110e941919a0524e265707df6271051
 [[0.    	0.9556	0.5   	1.    	0.    ]
 [0.9348	0.    	0.7895	0.    	0.    ]
 [0.    	0.9474	0.    	0.    	0.    ]
 [0.    	0.    	0.    	0.    	0.    ]
 [0.    	0.    	0.    	0.    	0.    ]]
<<<<<<< HEAD
2026-01-22 16:52:21,851 - INFO - Change Type UA (Precision) Matrix
=======
2025-12-13 21:53:58,358 - INFO - Change Type UA (Precision) Matrix
>>>>>>> 93175a06c110e941919a0524e265707df6271051
 [[0.    	0.8821	1.    	1.    	0.    ]
 [0.6719	0.    	0.75  	0.    	0.    ]
 [0.    	1.    	0.    	0.    	0.    ]
 [0.    	0.    	0.    	0.    	0.    ]
 [0.    	0.    	0.    	0.    	0.    ]]
<<<<<<< HEAD
2026-01-22 16:52:21,851 - INFO - Change Type F1 Matrix
=======
2025-12-13 21:53:58,359 - INFO - Change Type F1 Matrix
>>>>>>> 93175a06c110e941919a0524e265707df6271051
 [[0.    	0.9173	0.6667	1.    	0.    ]
 [0.7818	0.    	0.7692	0.    	0.    ]
 [0.    	0.973 	0.    	0.    	0.    ]
 [0.    	0.    	0.    	0.    	0.    ]
 [0.    	0.    	0.    	0.    	0.    ]]
<<<<<<< HEAD
2026-01-22 16:52:21,851 - INFO - Epoch 0 saved.
=======
2025-12-13 21:53:58,359 - INFO - Epoch 0 saved.
>>>>>>> 93175a06c110e941919a0524e265707df6271051
