2026-01-29 22:25:34,756 - INFO - Epoch 0, Train loss: 0.0
2026-01-29 22:25:34,756 - INFO - mIoU: 0.9045; OA: 0.9832; AA: 0.9205; F1: 0.9476; Kappa: 0.9645;
2026-01-29 22:25:34,756 - INFO - spatial_LccAccuracy: 0.8312; spatial_PA: 1.0; spatial_UA: 1.0; spatial_F1: 1.0; weighted_F1: 0.9541
2026-01-29 22:25:34,756 - INFO - temporal_CdAccuracy: 0.8312; temporal_PA: 0.9495; temporal_UA: 0.9528; temporal_F1: 0.9512
2026-01-29 22:25:34,756 - INFO - Confusion Matrix
 [11896.	  202.	    0.	    0.	    0.]
 [  317.	20152.	    2.	    0.	    0.]
 [    2.	   25.	  104.	    0.	    0.]
 [    0.	    0.	    0.	    0.	    0.]
 [    0.	    0.	    0.	    0.	    0.]
2026-01-29 22:25:34,758 - INFO - Change Type PA (Recall) Matrix
 [[0.    	0.962 	0.    	0.    	0.    ]
 [0.9441	0.    	0.6   	0.    	0.    ]
 [0.    	0.    	0.    	0.    	0.    ]
 [0.    	0.    	0.    	0.    	0.    ]
 [0.    	0.    	0.    	0.    	0.    ]]
2026-01-29 22:25:34,758 - INFO - Change Type UA (Precision) Matrix
 [[0.    	0.9702	0.    	0.    	0.    ]
 [0.9354	0.    	1.    	0.    	0.    ]
 [0.    	0.    	0.    	0.    	0.    ]
 [0.    	0.    	0.    	0.    	0.    ]
 [0.    	0.    	0.    	0.    	0.    ]]
2026-01-29 22:25:34,758 - INFO - Change Type F1 Matrix
 [[0.    	0.9661	0.    	0.    	0.    ]
 [0.9397	0.    	0.75  	0.    	0.    ]
 [0.    	0.    	0.    	0.    	0.    ]
 [0.    	0.    	0.    	0.    	0.    ]
 [0.    	0.    	0.    	0.    	0.    ]]
2026-01-29 22:25:34,758 - INFO - Epoch 0 saved.
