2026-03-19 14:43:44,919 - INFO - Epoch 0, Train loss: 0.0
2026-03-19 14:43:44,919 - INFO - mIoU: 0.6467; OA: 0.9452; AA: 0.8672; F1: 0.8855; cls_weighted_F1: 0.944; Kappa: 0.8964;
2026-03-19 14:43:44,919 - INFO - spatial_LccAccuracy: 0.7043; spatial_PA: 0.7807; spatial_UA: 0.977; spatial_F1: 0.8679; weighted_F1: 0.8552
2026-03-19 14:43:44,920 - INFO - temporal_CdAccuracy: 0.7061; temporal_PA: 0.893; temporal_UA: 0.8208; temporal_F1: 0.8554
2026-03-19 14:43:44,920 - INFO - Confusion Matrix
 [14934.	  639.	    0.	    0.	   52.]
 [  747.	16825.	   35.	    0.	    7.]
 [    0.	    7.	  286.	    0.	    0.]
 [    0.	    0.	    0.	    0.	    0.]
 [   59.	  345.	    0.	    1.	  563.]
2026-03-19 14:43:44,921 - INFO - Change Type PA (Recall) Matrix
 [[0.    	0.9491	0.    	0.    	0.    ]
 [0.4091	0.    	1.    	0.    	0.6545]
 [0.    	1.    	0.    	0.    	0.    ]
 [0.    	0.    	0.    	0.    	0.    ]
 [0.    	0.    	0.    	0.    	0.    ]]
2026-03-19 14:43:44,923 - INFO - Change Type UA (Precision) Matrix
 [[0.    	0.8362	0.    	0.    	0.    ]
 [0.1125	0.    	0.8571	0.    	0.7347]
 [0.    	0.8936	0.    	0.    	0.    ]
 [0.    	0.    	0.    	0.    	0.    ]
 [0.    	0.    	0.    	0.    	0.    ]]
2026-03-19 14:43:44,923 - INFO - Change Type F1 Matrix
 [[0.    	0.8891	0.    	0.    	0.    ]
 [0.1765	0.    	0.9231	0.    	0.6923]
 [0.    	0.9438	0.    	0.    	0.    ]
 [0.    	0.    	0.    	0.    	0.    ]
 [0.    	0.    	0.    	0.    	0.    ]]
2026-03-19 14:43:44,923 - INFO - Epoch 0 saved.
