2026-03-19 14:43:44,998 - INFO - Epoch 0, Train loss: 0.0
2026-03-19 14:43:44,999 - INFO - mIoU: 0.7033; OA: 0.9813; AA: 0.9694; F1: 0.9673; cls_weighted_F1: 0.9815; Kappa: 0.9657;
2026-03-19 14:43:44,999 - INFO - spatial_LccAccuracy: 0.8333; spatial_PA: 1.0; spatial_UA: 1.0; spatial_F1: 1.0; weighted_F1: 0.9233
2026-03-19 14:43:44,999 - INFO - temporal_CdAccuracy: 0.8333; temporal_PA: 0.8586; temporal_UA: 0.8152; temporal_F1: 0.8363
2026-03-19 14:43:44,999 - INFO - Confusion Matrix
 [1466.	 121.	   0.	   0.	   0.]
 [  19.	1273.	   1.	   0.	   0.]
 [   0.	   0.	   0.	   0.	   0.]
 [   0.	   0.	   0.	   0.	   0.]
 [   0.	   0.	   0.	   0.	4680.]
2026-03-19 14:43:45,000 - INFO - Change Type PA (Recall) Matrix
 [[0.    	0.9792	0.    	0.    	0.    ]
 [1.    	0.    	0.    	0.    	0.    ]
 [0.    	0.    	0.    	0.    	0.    ]
 [0.    	0.    	0.    	0.    	0.    ]
 [0.    	0.    	0.    	0.    	0.    ]]
2026-03-19 14:43:45,001 - INFO - Change Type UA (Precision) Matrix
 [[0.    	0.8868	0.    	0.    	0.    ]
 [0.8378	0.    	0.    	0.    	0.    ]
 [0.    	0.    	0.    	0.    	0.    ]
 [0.    	0.    	0.    	0.    	0.    ]
 [0.    	0.    	0.    	0.    	0.    ]]
2026-03-19 14:43:45,002 - INFO - Change Type F1 Matrix
 [[0.    	0.9307	0.    	0.    	0.    ]
 [0.9118	0.    	0.    	0.    	0.    ]
 [0.    	0.    	0.    	0.    	0.    ]
 [0.    	0.    	0.    	0.    	0.    ]
 [0.    	0.    	0.    	0.    	0.    ]]
2026-03-19 14:43:45,002 - INFO - Epoch 0 saved.
