2026-03-19 14:43:45,373 - INFO - Epoch 0, Train loss: 0.0
2026-03-19 14:43:45,374 - INFO - mIoU: 0.9542; OA: 0.9906; AA: 0.9847; F1: 0.9761; cls_weighted_F1: 0.9906; Kappa: 0.9835;
2026-03-19 14:43:45,374 - INFO - spatial_LccAccuracy: 0.928; spatial_PA: 0.978; spatial_UA: 0.9886; spatial_F1: 0.9833; weighted_F1: 0.926
2026-03-19 14:43:45,374 - INFO - temporal_CdAccuracy: 0.9363; temporal_PA: 0.9749; temporal_UA: 0.9624; temporal_F1: 0.9686
2026-03-19 14:43:45,374 - INFO - Confusion Matrix
 [24626.	  185.	    0.	    2.	    0.]
 [  122.	12817.	   45.	    0.	    0.]
 [    7.	   46.	  889.	    0.	    0.]
 [    0.	    0.	    0.	   21.	    0.]
 [    0.	    0.	    0.	    0.	 4560.]
2026-03-19 14:43:45,374 - INFO - Change Type PA (Recall) Matrix
 [[0.    	0.9672	0.8293	0.8571	0.    ]
 [0.8767	0.    	0.9315	0.    	0.    ]
 [0.    	0.    	0.    	0.    	0.    ]
 [0.    	0.    	0.    	0.    	0.    ]
 [0.    	0.    	0.    	0.    	0.    ]]
2026-03-19 14:43:45,374 - INFO - Change Type UA (Precision) Matrix
 [[0.    	0.9346	0.85  	0.8571	0.    ]
 [0.8533	0.    	0.8947	0.    	0.    ]
 [0.    	0.    	0.    	0.    	0.    ]
 [0.    	0.    	0.    	0.    	0.    ]
 [0.    	0.    	0.    	0.    	0.    ]]
2026-03-19 14:43:45,375 - INFO - Change Type F1 Matrix
 [[0.    	0.9506	0.8395	0.8571	0.    ]
 [0.8649	0.    	0.9128	0.    	0.    ]
 [0.    	0.    	0.    	0.    	0.    ]
 [0.    	0.    	0.    	0.    	0.    ]
 [0.    	0.    	0.    	0.    	0.    ]]
2026-03-19 14:43:45,375 - INFO - Epoch 0 saved.
