2026-03-19 14:43:45,709 - INFO - Epoch 0, Train loss: 0.0
2026-03-19 14:43:45,709 - INFO - mIoU: 0.8694; OA: 0.9798; AA: 0.9115; F1: 0.9245; cls_weighted_F1: 0.9797; Kappa: 0.9588;
2026-03-19 14:43:45,709 - INFO - spatial_LccAccuracy: 0.7925; spatial_PA: 0.9991; spatial_UA: 0.9865; spatial_F1: 0.9928; weighted_F1: 0.9474
2026-03-19 14:43:45,709 - INFO - temporal_CdAccuracy: 0.7925; temporal_PA: 0.9358; temporal_UA: 0.9462; temporal_F1: 0.941
2026-03-19 14:43:45,709 - INFO - Confusion Matrix
 [14313.	  489.	    0.	    0.	    0.]
 [  130.	21403.	   46.	    0.	    0.]
 [    0.	   76.	  263.	    0.	    0.]
 [    0.	    0.	    0.	    0.	    0.]
 [    0.	    0.	    0.	    0.	    0.]
2026-03-19 14:43:45,710 - INFO - Change Type PA (Recall) Matrix
 [[0.    	0.9521	0.    	0.    	0.    ]
 [0.9096	0.    	0.9091	0.    	0.    ]
 [0.    	0.75  	0.    	0.    	0.    ]
 [0.    	0.    	0.    	0.    	0.    ]
 [0.    	0.    	0.    	0.    	0.    ]]
2026-03-19 14:43:45,710 - INFO - Change Type UA (Precision) Matrix
 [[0.    	0.9748	0.    	0.    	0.    ]
 [0.9459	0.    	0.9434	0.    	0.    ]
 [0.    	0.6   	0.    	0.    	0.    ]
 [0.    	0.    	0.    	0.    	0.    ]
 [0.    	0.    	0.    	0.    	0.    ]]
2026-03-19 14:43:45,710 - INFO - Change Type F1 Matrix
 [[0.    	0.9633	0.    	0.    	0.    ]
 [0.9274	0.    	0.9259	0.    	0.    ]
 [0.    	0.6667	0.    	0.    	0.    ]
 [0.    	0.    	0.    	0.    	0.    ]
 [0.    	0.    	0.    	0.    	0.    ]]
2026-03-19 14:43:45,711 - INFO - Epoch 0 saved.
