2026-03-19 14:43:45,912 - INFO - Epoch 0, Train loss: 0.0
2026-03-19 14:43:45,913 - INFO - mIoU: 0.9732; OA: 0.996; AA: 0.984; F1: 0.9863; cls_weighted_F1: 0.996; Kappa: 0.9871;
2026-03-19 14:43:45,913 - INFO - spatial_LccAccuracy: 0.9241; spatial_PA: 0.9836; spatial_UA: 0.9968; spatial_F1: 0.9901; weighted_F1: 0.943
2026-03-19 14:43:45,913 - INFO - temporal_CdAccuracy: 0.9702; temporal_PA: 0.9927; temporal_UA: 0.9883; temporal_F1: 0.9905
2026-03-19 14:43:45,914 - INFO - Confusion Matrix
 [18109.	   11.	    0.	    4.	    0.]
 [   16.	 2735.	    0.	   11.	    0.]
 [    0.	    0.	    0.	    0.	    0.]
 [    1.	   46.	    0.	 1207.	    0.]
 [    0.	    0.	    0.	    0.	    0.]
2026-03-19 14:43:45,915 - INFO - Change Type PA (Recall) Matrix
 [[0.    	0.9646	0.    	0.9128	0.    ]
 [0.8571	0.    	0.    	0.    	0.    ]
 [0.    	0.    	0.    	0.    	0.    ]
 [0.    	0.9911	0.    	0.    	0.    ]
 [0.    	0.    	0.    	0.    	0.    ]]
2026-03-19 14:43:45,915 - INFO - Change Type UA (Precision) Matrix
 [[0.    	0.872 	0.    	0.9622	0.    ]
 [1.    	0.    	0.    	0.    	0.    ]
 [0.    	0.    	0.    	0.    	0.    ]
 [0.    	0.9737	0.    	0.    	0.    ]
 [0.    	0.    	0.    	0.    	0.    ]]
2026-03-19 14:43:45,916 - INFO - Change Type F1 Matrix
 [[0.    	0.916 	0.    	0.9368	0.    ]
 [0.9231	0.    	0.    	0.    	0.    ]
 [0.    	0.    	0.    	0.    	0.    ]
 [0.    	0.9823	0.    	0.    	0.    ]
 [0.    	0.    	0.    	0.    	0.    ]]
2026-03-19 14:43:45,916 - INFO - Epoch 0 saved.
