2026-03-19 14:43:46,041 - INFO - Epoch 0, Train loss: 0.0
2026-03-19 14:43:46,042 - INFO - mIoU: 0.7492; OA: 0.9646; AA: 0.9624; F1: 0.9672; cls_weighted_F1: 0.9646; Kappa: 0.9404;
2026-03-19 14:43:46,042 - INFO - spatial_LccAccuracy: 0.7217; spatial_PA: 0.9717; spatial_UA: 0.9917; spatial_F1: 0.9816; weighted_F1: 0.9002
2026-03-19 14:43:46,043 - INFO - temporal_CdAccuracy: 0.7217; temporal_PA: 0.9054; temporal_UA: 0.8743; temporal_F1: 0.8896
2026-03-19 14:43:46,043 - INFO - Confusion Matrix
 [5850.	 307.	   2.	   5.	   1.]
 [  94.	6023.	  22.	   0.	   0.]
 [   0.	  39.	1041.	   1.	   0.]
 [   3.	  15.	   0.	 397.	   0.]
 [   0.	   0.	   0.	   0.	   0.]
2026-03-19 14:43:46,044 - INFO - Change Type PA (Recall) Matrix
 [[0.    	0.9167	0.    	1.    	0.    ]
 [0.9355	0.    	0.8276	0.    	0.    ]
 [1.    	0.9756	0.    	0.    	0.    ]
 [0.    	0.    	0.    	0.    	0.    ]
 [0.    	0.    	0.    	0.    	0.    ]]
2026-03-19 14:43:46,045 - INFO - Change Type UA (Precision) Matrix
 [[0.    	0.8742	0.    	1.    	0.    ]
 [0.7632	0.    	0.8889	0.    	0.    ]
 [1.    	0.9524	0.    	0.    	0.    ]
 [0.    	0.    	0.    	0.    	0.    ]
 [0.    	0.    	0.    	0.    	0.    ]]
2026-03-19 14:43:46,045 - INFO - Change Type F1 Matrix
 [[0.    	0.8949	0.    	1.    	0.    ]
 [0.8406	0.    	0.8571	0.    	0.    ]
 [1.    	0.9639	0.    	0.    	0.    ]
 [0.    	0.    	0.    	0.    	0.    ]
 [0.    	0.    	0.    	0.    	0.    ]]
2026-03-19 14:43:46,046 - INFO - Epoch 0 saved.
