2026-01-29 22:28:18,235 - INFO - Epoch 0, Train loss: 0.0
2026-01-29 22:28:18,235 - INFO - mIoU: 0.627; OA: 0.9471; AA: 0.8984; F1: 0.9073; Kappa: 0.8995;
2026-01-29 22:28:18,235 - INFO - spatial_LccAccuracy: 0.6923; spatial_PA: 0.7446; spatial_UA: 0.954; spatial_F1: 0.8364; weighted_F1: 0.8385
2026-01-29 22:28:18,236 - INFO - temporal_CdAccuracy: 0.6942; temporal_PA: 0.8904; temporal_UA: 0.8047; temporal_F1: 0.8454
2026-01-29 22:28:18,236 - INFO - Confusion Matrix
 [13875.	  341.	    0.	    0.	   65.]
 [ 1012.	15650.	    4.	    0.	   65.]
 [    0.	    0.	    0.	    0.	    0.]
 [    0.	    0.	    0.	    0.	    0.]
 [   13.	  192.	    0.	    0.	  763.]
2026-01-29 22:28:18,236 - INFO - Change Type PA (Recall) Matrix
 [[0.    	0.9467	0.    	0.    	0.    ]
 [0.4545	0.    	0.    	0.    	0.7636]
 [0.    	0.    	0.    	0.    	0.    ]
 [0.    	0.    	0.    	0.    	0.    ]
 [0.    	0.    	0.    	0.    	0.    ]]
2026-01-29 22:28:18,236 - INFO - Change Type UA (Precision) Matrix
 [[0.    	0.8222	0.    	0.    	0.    ]
 [0.1205	0.    	0.    	0.    	0.7241]
 [0.    	0.    	0.    	0.    	0.    ]
 [0.    	0.    	0.    	0.    	0.    ]
 [0.    	0.    	0.    	0.    	0.    ]]
2026-01-29 22:28:18,236 - INFO - Change Type F1 Matrix
 [[0.    	0.8801	0.    	0.    	0.    ]
 [0.1905	0.    	0.    	0.    	0.7434]
 [0.    	0.    	0.    	0.    	0.    ]
 [0.    	0.    	0.    	0.    	0.    ]
 [0.    	0.    	0.    	0.    	0.    ]]
2026-01-29 22:28:18,236 - INFO - Epoch 0 saved.
