2026-01-29 22:28:18,462 - INFO - Epoch 0, Train loss: 0.0
2026-01-29 22:28:18,463 - INFO - mIoU: 0.9475; OA: 0.9932; AA: 0.9586; F1: 0.9714; Kappa: 0.9884;
2026-01-29 22:28:18,463 - INFO - spatial_LccAccuracy: 0.9498; spatial_PA: 1.0; spatial_UA: 1.0; spatial_F1: 1.0; weighted_F1: 0.9445
2026-01-29 22:28:18,463 - INFO - temporal_CdAccuracy: 0.9607; temporal_PA: 0.98; temporal_UA: 0.9793; temporal_F1: 0.9797
2026-01-29 22:28:18,463 - INFO - Confusion Matrix
 [23307.	   56.	    1.	    0.	    0.]
 [  102.	15425.	   26.	    0.	    0.]
 [   14.	  101.	  628.	    0.	    0.]
 [    0.	    0.	    0.	    0.	    0.]
 [    0.	    0.	    0.	    0.	 4560.]
2026-01-29 22:28:18,463 - INFO - Change Type PA (Recall) Matrix
 [[0.    	0.9789	0.7045	0.    	0.    ]
 [0.8861	0.    	0.9211	0.    	0.    ]
 [0.    	0.    	0.    	0.    	0.    ]
 [0.    	0.    	0.    	0.    	0.    ]
 [0.    	0.    	0.    	0.    	0.    ]]
2026-01-29 22:28:18,463 - INFO - Change Type UA (Precision) Matrix
 [[0.    	0.9607	0.9118	0.    	0.    ]
 [0.9333	0.    	0.8333	0.    	0.    ]
 [0.    	0.    	0.    	0.    	0.    ]
 [0.    	0.    	0.    	0.    	0.    ]
 [0.    	0.    	0.    	0.    	0.    ]]
2026-01-29 22:28:18,463 - INFO - Change Type F1 Matrix
 [[0.    	0.9698	0.7949	0.    	0.    ]
 [0.9091	0.    	0.875 	0.    	0.    ]
 [0.    	0.    	0.    	0.    	0.    ]
 [0.    	0.    	0.    	0.    	0.    ]
 [0.    	0.    	0.    	0.    	0.    ]]
2026-01-29 22:28:18,463 - INFO - Epoch 0 saved.
