2026-01-29 22:28:18,620 - INFO - Epoch 0, Train loss: 0.0
2026-01-29 22:28:18,620 - INFO - mIoU: 0.636; OA: 0.9815; AA: 0.8681; F1: 0.9087; Kappa: 0.9607;
2026-01-29 22:28:18,620 - INFO - spatial_LccAccuracy: 0.8422; spatial_PA: 0.9918; spatial_UA: 0.999; spatial_F1: 0.9954; weighted_F1: 0.941
2026-01-29 22:28:18,620 - INFO - temporal_CdAccuracy: 0.8422; temporal_PA: 0.9462; temporal_UA: 0.9555; temporal_F1: 0.9509
2026-01-29 22:28:18,620 - INFO - Confusion Matrix
 [11807.	  291.	    0.	    0.	    0.]
 [  261.	20205.	    5.	    0.	    0.]
 [    0.	   42.	   84.	    0.	    5.]
 [    0.	    0.	    0.	    0.	    0.]
 [    0.	    0.	    0.	    0.	    0.]
2026-01-29 22:28:18,620 - INFO - Change Type PA (Recall) Matrix
 [[0.    	0.9479	0.    	0.    	0.    ]
 [0.9006	0.    	0.6   	0.    	0.    ]
 [0.    	0.    	0.    	0.    	0.    ]
 [0.    	0.    	0.    	0.    	0.    ]
 [0.    	0.    	0.    	0.    	0.    ]]
2026-01-29 22:28:18,620 - INFO - Change Type UA (Precision) Matrix
 [[0.    	0.9683	0.    	0.    	0.    ]
 [0.9355	0.    	0.6   	0.    	0.    ]
 [0.    	0.    	0.    	0.    	0.    ]
 [0.    	0.    	0.    	0.    	0.    ]
 [0.    	0.    	0.    	0.    	0.    ]]
2026-01-29 22:28:18,620 - INFO - Change Type F1 Matrix
 [[0.    	0.958 	0.    	0.    	0.    ]
 [0.9177	0.    	0.6   	0.    	0.    ]
 [0.    	0.    	0.    	0.    	0.    ]
 [0.    	0.    	0.    	0.    	0.    ]
 [0.    	0.    	0.    	0.    	0.    ]]
2026-01-29 22:28:18,620 - INFO - Epoch 0 saved.
