2026-01-29 22:28:18,721 - INFO - Epoch 0, Train loss: 0.0
2026-01-29 22:28:18,721 - INFO - mIoU: 0.9817; OA: 0.997; AA: 0.9859; F1: 0.9907; Kappa: 0.9905;
2026-01-29 22:28:18,721 - INFO - spatial_LccAccuracy: 0.9514; spatial_PA: 1.0; spatial_UA: 1.0; spatial_F1: 1.0; weighted_F1: 0.9715
2026-01-29 22:28:18,721 - INFO - temporal_CdAccuracy: 0.973; temporal_PA: 0.991; temporal_UA: 0.9862; temporal_F1: 0.9886
2026-01-29 22:28:18,721 - INFO - Confusion Matrix
 [18127.	    2.	    0.	    0.	    0.]
 [   29.	 2968.	    0.	    0.	    0.]
 [    0.	    0.	    0.	    0.	    0.]
 [    4.	   31.	    0.	 1039.	    0.]
 [    0.	    0.	    0.	    0.	    0.]
2026-01-29 22:28:18,721 - INFO - Change Type PA (Recall) Matrix
 [[0.    	1.    	0.    	0.9412	0.    ]
 [1.    	0.    	0.    	0.    	0.    ]
 [0.    	0.    	0.    	0.    	0.    ]
 [0.    	1.    	0.    	0.    	0.    ]
 [0.    	0.    	0.    	0.    	0.    ]]
2026-01-29 22:28:18,721 - INFO - Change Type UA (Precision) Matrix
 [[0.    	0.9225	0.    	1.    	0.    ]
 [0.8   	0.    	0.    	0.    	0.    ]
 [0.    	0.    	0.    	0.    	0.    ]
 [0.    	0.9895	0.    	0.    	0.    ]
 [0.    	0.    	0.    	0.    	0.    ]]
2026-01-29 22:28:18,721 - INFO - Change Type F1 Matrix
 [[0.    	0.9597	0.    	0.9697	0.    ]
 [0.8889	0.    	0.    	0.    	0.    ]
 [0.    	0.    	0.    	0.    	0.    ]
 [0.    	0.9947	0.    	0.    	0.    ]
 [0.    	0.    	0.    	0.    	0.    ]]
2026-01-29 22:28:18,721 - INFO - Epoch 0 saved.
