2026-03-19 14:43:57,801 - INFO - Epoch 0, Train loss: 0.0
2026-03-19 14:43:57,801 - INFO - mIoU: 0.6865; OA: 0.9554; AA: 0.9212; F1: 0.9216; cls_weighted_F1: 0.9553; Kappa: 0.9164;
2026-03-19 14:43:57,802 - INFO - spatial_LccAccuracy: 0.7722; spatial_PA: 0.7632; spatial_UA: 0.9752; spatial_F1: 0.8563; weighted_F1: 0.8908
2026-03-19 14:43:57,802 - INFO - temporal_CdAccuracy: 0.7722; temporal_PA: 0.9274; temporal_UA: 0.856; temporal_F1: 0.8903
2026-03-19 14:43:57,803 - INFO - Confusion Matrix
 [15298.	  270.	    0.	    0.	   57.]
 [  932.	16612.	   35.	    0.	   35.]
 [    0.	    9.	  284.	    0.	    0.]
 [    0.	    0.	    0.	    0.	    0.]
 [    7.	  190.	    0.	    3.	  768.]
2026-03-19 14:43:57,803 - INFO - Change Type PA (Recall) Matrix
 [[0.    	0.9667	0.    	0.    	0.    ]
 [0.6364	0.    	1.    	0.    	0.8   ]
 [0.    	1.    	0.    	0.    	0.    ]
 [0.    	0.    	0.    	0.    	0.    ]
 [0.    	0.    	0.    	0.    	0.    ]]
2026-03-19 14:43:57,804 - INFO - Change Type UA (Precision) Matrix
 [[0.    	0.8682	0.    	0.    	0.    ]
 [0.1944	0.    	0.913 	0.    	0.8148]
 [0.    	0.913 	0.    	0.    	0.    ]
 [0.    	0.    	0.    	0.    	0.    ]
 [0.    	0.    	0.    	0.    	0.    ]]
2026-03-19 14:43:57,805 - INFO - Change Type F1 Matrix
 [[0.    	0.9148	0.    	0.    	0.    ]
 [0.2979	0.    	0.9545	0.    	0.8073]
 [0.    	0.9545	0.    	0.    	0.    ]
 [0.    	0.    	0.    	0.    	0.    ]
 [0.    	0.    	0.    	0.    	0.    ]]
2026-03-19 14:43:57,805 - INFO - Epoch 0 saved.
