2026-03-19 14:43:57,869 - INFO - Epoch 0, Train loss: 0.0
2026-03-19 14:43:57,869 - INFO - mIoU: 0.9588; OA: 0.988; AA: 0.9787; F1: 0.9787; cls_weighted_F1: 0.988; Kappa: 0.9779;
2026-03-19 14:43:57,869 - INFO - spatial_LccAccuracy: 0.8651; spatial_PA: 1.0; spatial_UA: 1.0; spatial_F1: 1.0; weighted_F1: 0.8956
2026-03-19 14:43:57,869 - INFO - temporal_CdAccuracy: 0.8651; temporal_PA: 0.9223; temporal_UA: 0.8594; temporal_F1: 0.8898
2026-03-19 14:43:57,870 - INFO - Confusion Matrix
 [1542.	  45.	   0.	   0.	   0.]
 [  46.	1247.	   0.	   0.	   0.]
 [   0.	   0.	   0.	   0.	   0.]
 [   0.	   0.	   0.	   0.	   0.]
 [   0.	   0.	   0.	   0.	4680.]
2026-03-19 14:43:57,870 - INFO - Change Type PA (Recall) Matrix
 [[0.    	0.9583	0.    	0.    	0.    ]
 [1.    	0.    	0.    	0.    	0.    ]
 [0.    	0.    	0.    	0.    	0.    ]
 [0.    	0.    	0.    	0.    	0.    ]
 [0.    	0.    	0.    	0.    	0.    ]]
2026-03-19 14:43:57,871 - INFO - Change Type UA (Precision) Matrix
 [[0.    	0.8519	0.    	0.    	0.    ]
 [0.7949	0.    	0.    	0.    	0.    ]
 [0.    	0.    	0.    	0.    	0.    ]
 [0.    	0.    	0.    	0.    	0.    ]
 [0.    	0.    	0.    	0.    	0.    ]]
2026-03-19 14:43:57,871 - INFO - Change Type F1 Matrix
 [[0.    	0.902 	0.    	0.    	0.    ]
 [0.8857	0.    	0.    	0.    	0.    ]
 [0.    	0.    	0.    	0.    	0.    ]
 [0.    	0.    	0.    	0.    	0.    ]
 [0.    	0.    	0.    	0.    	0.    ]]
2026-03-19 14:43:57,872 - INFO - Epoch 0 saved.
