2026-03-19 14:43:58,134 - INFO - Epoch 0, Train loss: 0.0
2026-03-19 14:43:58,134 - INFO - mIoU: 0.9124; OA: 0.9897; AA: 0.9897; F1: 0.951; cls_weighted_F1: 0.9897; Kappa: 0.9819;
2026-03-19 14:43:58,134 - INFO - spatial_LccAccuracy: 0.9155; spatial_PA: 0.9869; spatial_UA: 0.9917; spatial_F1: 0.9893; weighted_F1: 0.8948
2026-03-19 14:43:58,135 - INFO - temporal_CdAccuracy: 0.9197; temporal_PA: 0.968; temporal_UA: 0.9604; temporal_F1: 0.9642
2026-03-19 14:43:58,135 - INFO - Confusion Matrix
 [24743.	   64.	    0.	    6.	    0.]
 [  253.	12628.	  101.	    2.	    0.]
 [   10.	   10.	  922.	    0.	    0.]
 [    0.	    0.	    0.	   21.	    0.]
 [    0.	    0.	    0.	    0.	 4560.]
2026-03-19 14:43:58,137 - INFO - Change Type PA (Recall) Matrix
 [[0.    	0.9214	0.9512	1.    	0.    ]
 [0.8904	0.    	0.7397	0.    	0.    ]
 [0.    	0.    	0.    	0.    	0.    ]
 [0.    	0.    	0.    	0.    	0.    ]
 [0.    	0.    	0.    	0.    	0.    ]]
2026-03-19 14:43:58,137 - INFO - Change Type UA (Precision) Matrix
 [[0.    	0.9441	0.6   	0.7778	0.    ]
 [0.8125	0.    	0.9153	0.    	0.    ]
 [0.    	0.    	0.    	0.    	0.    ]
 [0.    	0.    	0.    	0.    	0.    ]
 [0.    	0.    	0.    	0.    	0.    ]]
2026-03-19 14:43:58,138 - INFO - Change Type F1 Matrix
 [[0.    	0.9326	0.7358	0.875 	0.    ]
 [0.8497	0.    	0.8182	0.    	0.    ]
 [0.    	0.    	0.    	0.    	0.    ]
 [0.    	0.    	0.    	0.    	0.    ]
 [0.    	0.    	0.    	0.    	0.    ]]
2026-03-19 14:43:58,138 - INFO - Epoch 0 saved.
