2026-03-19 14:43:58,383 - INFO - Epoch 0, Train loss: 0.0
2026-03-19 14:43:58,385 - INFO - mIoU: 0.8765; OA: 0.9811; AA: 0.92; F1: 0.9292; cls_weighted_F1: 0.981; Kappa: 0.9615;
2026-03-19 14:43:58,385 - INFO - spatial_LccAccuracy: 0.8464; spatial_PA: 1.0; spatial_UA: 1.0; spatial_F1: 1.0; weighted_F1: 0.9476
2026-03-19 14:43:58,385 - INFO - temporal_CdAccuracy: 0.8464; temporal_PA: 0.9656; temporal_UA: 0.9537; temporal_F1: 0.9596
2026-03-19 14:43:58,385 - INFO - Confusion Matrix
 [14455.	  347.	    0.	    0.	    0.]
 [  232.	21300.	   47.	    0.	    0.]
 [    0.	   69.	  270.	    0.	    0.]
 [    0.	    0.	    0.	    0.	    0.]
 [    0.	    0.	    0.	    0.	    0.]
2026-03-19 14:43:58,386 - INFO - Change Type PA (Recall) Matrix
 [[0.    	0.9717	0.    	0.    	0.    ]
 [0.9479	0.    	0.9273	0.    	0.    ]
 [0.    	0.75  	0.    	0.    	0.    ]
 [0.    	0.    	0.    	0.    	0.    ]
 [0.    	0.    	0.    	0.    	0.    ]]
2026-03-19 14:43:58,388 - INFO - Change Type UA (Precision) Matrix
 [[0.    	0.9553	0.    	0.    	0.    ]
 [0.9129	0.    	0.8947	0.    	0.    ]
 [0.    	0.6   	0.    	0.    	0.    ]
 [0.    	0.    	0.    	0.    	0.    ]
 [0.    	0.    	0.    	0.    	0.    ]]
2026-03-19 14:43:58,389 - INFO - Change Type F1 Matrix
 [[0.    	0.9635	0.    	0.    	0.    ]
 [0.9301	0.    	0.9107	0.    	0.    ]
 [0.    	0.6667	0.    	0.    	0.    ]
 [0.    	0.    	0.    	0.    	0.    ]
 [0.    	0.    	0.    	0.    	0.    ]]
2026-03-19 14:43:58,389 - INFO - Epoch 0 saved.
