2026-03-19 14:43:58,529 - INFO - Epoch 0, Train loss: 0.0
2026-03-19 14:43:58,529 - INFO - mIoU: 0.7226; OA: 0.9943; AA: 0.9841; F1: 0.9812; cls_weighted_F1: 0.9946; Kappa: 0.9817;
2026-03-19 14:43:58,529 - INFO - spatial_LccAccuracy: 0.9377; spatial_PA: 1.0; spatial_UA: 1.0; spatial_F1: 1.0; weighted_F1: 0.9601
2026-03-19 14:43:58,529 - INFO - temporal_CdAccuracy: 0.9702; temporal_PA: 0.9903; temporal_UA: 0.9836; temporal_F1: 0.987
2026-03-19 14:43:58,530 - INFO - Confusion Matrix
 [18111.	   10.	    0.	    3.	    0.]
 [   19.	 2663.	   12.	   68.	    0.]
 [    0.	    0.	    0.	    0.	    0.]
 [    1.	   12.	    1.	 1240.	    0.]
 [    0.	    0.	    0.	    0.	    0.]
2026-03-19 14:43:58,531 - INFO - Change Type PA (Recall) Matrix
 [[0.    	0.9027	0.    	0.9795	0.    ]
 [1.    	0.    	0.    	0.    	0.    ]
 [0.    	0.    	0.    	0.    	0.    ]
 [0.    	1.    	0.    	0.    	0.    ]
 [0.    	0.    	0.    	0.    	0.    ]]
2026-03-19 14:43:58,532 - INFO - Change Type UA (Precision) Matrix
 [[0.    	0.9623	0.    	0.9455	0.    ]
 [0.875 	0.    	0.    	0.    	0.    ]
 [0.    	0.    	0.    	0.    	0.    ]
 [0.    	0.9739	0.    	0.    	0.    ]
 [0.    	0.    	0.    	0.    	0.    ]]
2026-03-19 14:43:58,533 - INFO - Change Type F1 Matrix
 [[0.    	0.9315	0.    	0.9622	0.    ]
 [0.9333	0.    	0.    	0.    	0.    ]
 [0.    	0.    	0.    	0.    	0.    ]
 [0.    	0.9868	0.    	0.    	0.    ]
 [0.    	0.    	0.    	0.    	0.    ]]
2026-03-19 14:43:58,533 - INFO - Epoch 0 saved.
