2026-03-19 14:43:58,642 - INFO - Epoch 0, Train loss: 0.0
2026-03-19 14:43:58,642 - INFO - mIoU: 0.9267; OA: 0.9693; AA: 0.9568; F1: 0.9618; cls_weighted_F1: 0.9693; Kappa: 0.9483;
2026-03-19 14:43:58,644 - INFO - spatial_LccAccuracy: 0.7261; spatial_PA: 0.9717; spatial_UA: 0.9917; spatial_F1: 0.9816; weighted_F1: 0.9044
2026-03-19 14:43:58,644 - INFO - temporal_CdAccuracy: 0.7261; temporal_PA: 0.9287; temporal_UA: 0.8707; temporal_F1: 0.8988
2026-03-19 14:43:58,644 - INFO - Confusion Matrix
 [5992.	 158.	   2.	  13.	   0.]
 [ 139.	5964.	  34.	   2.	   0.]
 [   1.	  44.	1036.	   0.	   0.]
 [  26.	   5.	   0.	 384.	   0.]
 [   0.	   0.	   0.	   0.	   0.]
2026-03-19 14:43:58,645 - INFO - Change Type PA (Recall) Matrix
 [[0.    	0.9722	0.    	1.    	0.    ]
 [1.    	0.    	0.8276	0.    	0.    ]
 [0.    	0.9512	0.    	0.    	0.    ]
 [0.    	0.    	0.    	0.    	0.    ]
 [0.    	0.    	0.    	0.    	0.    ]]
2026-03-19 14:43:58,646 - INFO - Change Type UA (Precision) Matrix
 [[0.    	0.875 	0.    	0.975 	0.    ]
 [0.747 	0.    	0.8276	0.    	0.    ]
 [0.    	0.9286	0.    	0.    	0.    ]
 [0.    	0.    	0.    	0.    	0.    ]
 [0.    	0.    	0.    	0.    	0.    ]]
2026-03-19 14:43:58,647 - INFO - Change Type F1 Matrix
 [[0.    	0.9211	0.    	0.9873	0.    ]
 [0.8552	0.    	0.8276	0.    	0.    ]
 [0.    	0.9398	0.    	0.    	0.    ]
 [0.    	0.    	0.    	0.    	0.    ]
 [0.    	0.    	0.    	0.    	0.    ]]
2026-03-19 14:43:58,647 - INFO - Epoch 0 saved.
