2026-03-19 14:45:07,700 - INFO - Epoch 0, Train loss: 0.0
2026-03-19 14:45:07,700 - INFO - mIoU: 0.8585; OA: 0.9513; AA: 0.9071; F1: 0.9194; cls_weighted_F1: 0.9509; Kappa: 0.9084;
2026-03-19 14:45:07,701 - INFO - spatial_LccAccuracy: 0.7183; spatial_PA: 0.7807; spatial_UA: 0.977; spatial_F1: 0.8679; weighted_F1: 0.8852
2026-03-19 14:45:07,701 - INFO - temporal_CdAccuracy: 0.7183; temporal_PA: 0.905; temporal_UA: 0.8474; temporal_F1: 0.8753
2026-03-19 14:45:07,701 - INFO - Confusion Matrix
 [15211.	  363.	    0.	    0.	   51.]
 [  943.	16623.	   15.	    0.	   33.]
 [    0.	    2.	  291.	    0.	    0.]
 [    0.	    0.	    0.	    0.	    0.]
 [   49.	  224.	    0.	    0.	  695.]
2026-03-19 14:45:07,702 - INFO - Change Type PA (Recall) Matrix
 [[0.    	0.9628	0.    	0.    	0.    ]
 [0.3182	0.    	1.    	0.    	0.8364]
 [0.    	1.    	0.    	0.    	0.    ]
 [0.    	0.    	0.    	0.    	0.    ]
 [0.    	0.    	0.    	0.    	0.    ]]
2026-03-19 14:45:07,703 - INFO - Change Type UA (Precision) Matrix
 [[0.    	0.8571	0.    	0.    	0.    ]
 [0.1228	0.    	0.913 	0.    	0.8519]
 [0.    	0.9545	0.    	0.    	0.    ]
 [0.    	0.    	0.    	0.    	0.    ]
 [0.    	0.    	0.    	0.    	0.    ]]
2026-03-19 14:45:07,703 - INFO - Change Type F1 Matrix
 [[0.    	0.9069	0.    	0.    	0.    ]
 [0.1772	0.    	0.9545	0.    	0.844 ]
 [0.    	0.9767	0.    	0.    	0.    ]
 [0.    	0.    	0.    	0.    	0.    ]
 [0.    	0.    	0.    	0.    	0.    ]]
2026-03-19 14:45:07,703 - INFO - Epoch 0 saved.
