2026-03-19 14:45:07,782 - INFO - Epoch 0, Train loss: 0.0
2026-03-19 14:45:07,782 - INFO - mIoU: 0.9527; OA: 0.9861; AA: 0.9758; F1: 0.9755; cls_weighted_F1: 0.9861; Kappa: 0.9744;
2026-03-19 14:45:07,782 - INFO - spatial_LccAccuracy: 0.8492; spatial_PA: 1.0; spatial_UA: 1.0; spatial_F1: 1.0; weighted_F1: 0.95
2026-03-19 14:45:07,782 - INFO - temporal_CdAccuracy: 0.8492; temporal_PA: 0.8783; temporal_UA: 0.8691; temporal_F1: 0.8737
2026-03-19 14:45:07,782 - INFO - Confusion Matrix
 [1527.	  60.	   0.	   0.	   0.]
 [  45.	1248.	   0.	   0.	   0.]
 [   0.	   0.	   0.	   0.	   0.]
 [   0.	   0.	   0.	   0.	   0.]
 [   0.	   0.	   0.	   0.	4680.]
2026-03-19 14:45:07,782 - INFO - Change Type PA (Recall) Matrix
 [[0.    	0.9583	0.    	0.    	0.    ]
 [0.9677	0.    	0.    	0.    	0.    ]
 [0.    	0.    	0.    	0.    	0.    ]
 [0.    	0.    	0.    	0.    	0.    ]
 [0.    	0.    	0.    	0.    	0.    ]]
2026-03-19 14:45:07,783 - INFO - Change Type UA (Precision) Matrix
 [[0.    	0.9388	0.    	0.    	0.    ]
 [0.9375	0.    	0.    	0.    	0.    ]
 [0.    	0.    	0.    	0.    	0.    ]
 [0.    	0.    	0.    	0.    	0.    ]
 [0.    	0.    	0.    	0.    	0.    ]]
2026-03-19 14:45:07,783 - INFO - Change Type F1 Matrix
 [[0.    	0.9485	0.    	0.    	0.    ]
 [0.9524	0.    	0.    	0.    	0.    ]
 [0.    	0.    	0.    	0.    	0.    ]
 [0.    	0.    	0.    	0.    	0.    ]
 [0.    	0.    	0.    	0.    	0.    ]]
2026-03-19 14:45:07,783 - INFO - Epoch 0 saved.
