2026-03-19 14:45:08,143 - INFO - Epoch 0, Train loss: 0.0
2026-03-19 14:45:08,144 - INFO - mIoU: 0.9503; OA: 0.99; AA: 0.9837; F1: 0.974; cls_weighted_F1: 0.99; Kappa: 0.9824;
2026-03-19 14:45:08,144 - INFO - spatial_LccAccuracy: 0.928; spatial_PA: 0.982; spatial_UA: 0.9906; spatial_F1: 0.9863; weighted_F1: 0.9272
2026-03-19 14:45:08,144 - INFO - temporal_CdAccuracy: 0.9335; temporal_PA: 0.9772; temporal_UA: 0.9606; temporal_F1: 0.9688
2026-03-19 14:45:08,144 - INFO - Confusion Matrix
 [24703.	  108.	    0.	    2.	    0.]
 [  208.	12712.	   64.	    0.	    0.]
 [    8.	   45.	  889.	    0.	    0.]
 [    0.	    0.	    0.	   21.	    0.]
 [    0.	    0.	    0.	    0.	 4560.]
2026-03-19 14:45:08,145 - INFO - Change Type PA (Recall) Matrix
 [[0.    	0.9716	0.8293	1.    	0.    ]
 [0.9041	0.    	0.9041	0.    	0.    ]
 [0.    	0.    	0.    	0.    	0.    ]
 [0.    	0.    	0.    	0.    	0.    ]
 [0.    	0.    	0.    	0.    	0.    ]]
2026-03-19 14:45:08,146 - INFO - Change Type UA (Precision) Matrix
 [[0.    	0.9388	0.8095	0.875 	0.    ]
 [0.8684	0.    	0.8571	0.    	0.    ]
 [0.    	0.    	0.    	0.    	0.    ]
 [0.    	0.    	0.    	0.    	0.    ]
 [0.    	0.    	0.    	0.    	0.    ]]
2026-03-19 14:45:08,147 - INFO - Change Type F1 Matrix
 [[0.    	0.9549	0.8193	0.9333	0.    ]
 [0.8859	0.    	0.88  	0.    	0.    ]
 [0.    	0.    	0.    	0.    	0.    ]
 [0.    	0.    	0.    	0.    	0.    ]
 [0.    	0.    	0.    	0.    	0.    ]]
2026-03-19 14:45:08,147 - INFO - Epoch 0 saved.
