2026-03-19 14:45:08,485 - INFO - Epoch 0, Train loss: 0.0
2026-03-19 14:45:08,485 - INFO - mIoU: 0.8371; OA: 0.9775; AA: 0.8841; F1: 0.9009; cls_weighted_F1: 0.9773; Kappa: 0.954;
2026-03-19 14:45:08,486 - INFO - spatial_LccAccuracy: 0.7516; spatial_PA: 1.0; spatial_UA: 1.0; spatial_F1: 1.0; weighted_F1: 0.9367
2026-03-19 14:45:08,486 - INFO - temporal_CdAccuracy: 0.7516; temporal_PA: 0.9273; temporal_UA: 0.9413; temporal_F1: 0.9342
2026-03-19 14:45:08,486 - INFO - Confusion Matrix
 [14321.	  481.	    0.	    0.	    0.]
 [  184.	21336.	   59.	    0.	    0.]
 [    0.	  103.	  236.	    0.	    0.]
 [    0.	    0.	    0.	    0.	    0.]
 [    0.	    0.	    0.	    0.	    0.]
2026-03-19 14:45:08,487 - INFO - Change Type PA (Recall) Matrix
 [[0.    	0.9533	0.    	0.    	0.    ]
 [0.9096	0.    	0.7636	0.    	0.    ]
 [0.    	0.3125	0.    	0.    	0.    ]
 [0.    	0.    	0.    	0.    	0.    ]
 [0.    	0.    	0.    	0.    	0.    ]]
2026-03-19 14:45:08,488 - INFO - Change Type UA (Precision) Matrix
 [[0.    	0.964 	0.    	0.    	0.    ]
 [0.9326	0.    	0.9767	0.    	0.    ]
 [0.    	0.8333	0.    	0.    	0.    ]
 [0.    	0.    	0.    	0.    	0.    ]
 [0.    	0.    	0.    	0.    	0.    ]]
2026-03-19 14:45:08,490 - INFO - Change Type F1 Matrix
 [[0.    	0.9586	0.    	0.    	0.    ]
 [0.9209	0.    	0.8571	0.    	0.    ]
 [0.    	0.4545	0.    	0.    	0.    ]
 [0.    	0.    	0.    	0.    	0.    ]
 [0.    	0.    	0.    	0.    	0.    ]]
2026-03-19 14:45:08,490 - INFO - Epoch 0 saved.
