2026-03-19 14:45:08,677 - INFO - Epoch 0, Train loss: 0.0
2026-03-19 14:45:08,677 - INFO - mIoU: 0.9804; OA: 0.9967; AA: 0.9893; F1: 0.99; cls_weighted_F1: 0.9967; Kappa: 0.9893;
2026-03-19 14:45:08,677 - INFO - spatial_LccAccuracy: 0.935; spatial_PA: 0.9853; spatial_UA: 0.9671; spatial_F1: 0.9761; weighted_F1: 0.9576
2026-03-19 14:45:08,678 - INFO - temporal_CdAccuracy: 0.9512; temporal_PA: 0.9904; temporal_UA: 0.9859; temporal_F1: 0.9881
2026-03-19 14:45:08,678 - INFO - Confusion Matrix
 [18103.	   15.	    0.	    6.	    0.]
 [   12.	 2736.	    0.	   14.	    0.]
 [    0.	    0.	    0.	    0.	    0.]
 [   14.	   13.	    0.	 1227.	    0.]
 [    0.	    0.	    0.	    0.	    0.]
2026-03-19 14:45:08,678 - INFO - Change Type PA (Recall) Matrix
 [[0.    	0.9558	0.    	0.9538	0.    ]
 [0.7143	0.    	0.    	0.    	0.    ]
 [0.    	0.    	0.    	0.    	0.    ]
 [0.    	0.9821	0.    	0.    	0.    ]
 [0.    	0.    	0.    	0.    	0.    ]]
2026-03-19 14:45:08,678 - INFO - Change Type UA (Precision) Matrix
 [[0.    	0.973 	0.    	0.9588	0.    ]
 [1.    	0.    	0.    	0.    	0.    ]
 [0.    	0.    	0.    	0.    	0.    ]
 [0.    	0.9402	0.    	0.    	0.    ]
 [0.    	0.    	0.    	0.    	0.    ]]
2026-03-19 14:45:08,680 - INFO - Change Type F1 Matrix
 [[0.    	0.9643	0.    	0.9563	0.    ]
 [0.8333	0.    	0.    	0.    	0.    ]
 [0.    	0.    	0.    	0.    	0.    ]
 [0.    	0.9607	0.    	0.    	0.    ]
 [0.    	0.    	0.    	0.    	0.    ]]
2026-03-19 14:45:08,680 - INFO - Epoch 0 saved.
