2026-03-19 14:45:08,817 - INFO - Epoch 0, Train loss: 0.0
2026-03-19 14:45:08,817 - INFO - mIoU: 0.9196; OA: 0.9641; AA: 0.951; F1: 0.9581; cls_weighted_F1: 0.9641; Kappa: 0.9396;
2026-03-19 14:45:08,818 - INFO - spatial_LccAccuracy: 0.6304; spatial_PA: 0.9717; spatial_UA: 0.9917; spatial_F1: 0.9816; weighted_F1: 0.8933
2026-03-19 14:45:08,818 - INFO - temporal_CdAccuracy: 0.6304; temporal_PA: 0.9032; temporal_UA: 0.8581; temporal_F1: 0.8801
2026-03-19 14:45:08,818 - INFO - Confusion Matrix
 [5949.	 202.	   3.	  11.	   0.]
 [ 142.	5963.	  32.	   2.	   0.]
 [   0.	  78.	1003.	   0.	   0.]
 [   9.	  16.	   0.	 390.	   0.]
 [   0.	   0.	   0.	   0.	   0.]
2026-03-19 14:45:08,818 - INFO - Change Type PA (Recall) Matrix
 [[0.    	0.9444	0.    	1.    	0.    ]
 [0.9516	0.    	0.6207	0.    	0.    ]
 [1.    	0.9512	0.    	0.    	0.    ]
 [0.    	0.    	0.    	0.    	0.    ]
 [0.    	0.    	0.    	0.    	0.    ]]
2026-03-19 14:45:08,819 - INFO - Change Type UA (Precision) Matrix
 [[0.    	0.8774	0.    	0.975 	0.    ]
 [0.7763	0.    	0.75  	0.    	0.    ]
 [1.    	1.    	0.    	0.    	0.    ]
 [0.    	0.    	0.    	0.    	0.    ]
 [0.    	0.    	0.    	0.    	0.    ]]
2026-03-19 14:45:08,820 - INFO - Change Type F1 Matrix
 [[0.    	0.9097	0.    	0.9873	0.    ]
 [0.8551	0.    	0.6792	0.    	0.    ]
 [1.    	0.975 	0.    	0.    	0.    ]
 [0.    	0.    	0.    	0.    	0.    ]
 [0.    	0.    	0.    	0.    	0.    ]]
2026-03-19 14:45:08,820 - INFO - Epoch 0 saved.
