2025-12-13 21:53:35,912 - INFO - Epoch 0, Train loss: 0.0
2025-12-13 21:53:35,912 - INFO - mIoU: 0.5291; OA: 0.9577; AA: 0.5481; F1: 0.5616; Kappa: 0.9195;
2025-12-13 21:53:35,912 - INFO - spatial_LccAccuracy: 0.8818; spatial_PA: 0.7982; spatial_UA: 0.977; spatial_F1: 0.8786
2025-12-13 21:53:35,913 - INFO - temporal_CdAccuracy: 0.7767; temporal_PA: 0.9132; temporal_UA: 0.8688; temporal_F1: 0.8905
2025-12-13 21:53:35,914 - INFO - Confusion Matrix
 [14070.	  203.	    0.	    0.	    8.]
 [  903.	15769.	   48.	    0.	   11.]
 [    0.	    0.	    0.	    0.	    0.]
 [    0.	    0.	    0.	    0.	    0.]
 [    0.	  181.	    0.	    0.	  787.]
2025-12-13 21:53:35,915 - INFO - Change Type PA (Recall) Matrix
 [[0.    	0.9574	0.    	0.    	0.    ]
 [0.3636	0.    	0.    	0.    	0.8182]
 [0.    	0.    	0.    	0.    	0.    ]
 [0.    	0.    	0.    	0.    	0.    ]
 [0.    	0.    	0.    	0.    	0.    ]]
2025-12-13 21:53:35,915 - INFO - Change Type UA (Precision) Matrix
 [[0.    	0.8821	0.    	0.    	0.    ]
 [0.2105	0.    	0.    	0.    	0.8333]
 [0.    	0.    	0.    	0.    	0.    ]
 [0.    	0.    	0.    	0.    	0.    ]
 [0.    	0.    	0.    	0.    	0.    ]]
2025-12-13 21:53:35,916 - INFO - Change Type F1 Matrix
 [[0.    	0.9182	0.    	0.    	0.    ]
 [0.2667	0.    	0.    	0.    	0.8257]
 [0.    	0.    	0.    	0.    	0.    ]
 [0.    	0.    	0.    	0.    	0.    ]
 [0.    	0.    	0.    	0.    	0.    ]]
2025-12-13 21:53:35,916 - INFO - Epoch 0 saved.
