<<<<<<< HEAD
2026-01-22 16:51:58,686 - INFO - Epoch 0, Train loss: 0.0
2026-01-22 16:51:58,686 - INFO - mIoU: 0.7656; OA: 0.9931; AA: 0.7795; F1: 0.7816; Kappa: 0.9882;
2026-01-22 16:51:58,687 - INFO - spatial_LccAccuracy: 0.943; spatial_PA: 0.998; spatial_UA: 0.999; spatial_F1: 0.9985; weighted_F1: 0.9515
2026-01-22 16:51:58,687 - INFO - temporal_CdAccuracy: 0.9512; temporal_PA: 0.9768; temporal_UA: 0.9717; temporal_F1: 0.9742
2026-01-22 16:51:58,687 - INFO - Confusion Matrix
=======
2025-12-13 21:53:36,395 - INFO - Epoch 0, Train loss: 0.0
2025-12-13 21:53:36,396 - INFO - mIoU: 0.7656; OA: 0.9931; AA: 0.7795; F1: 0.7816; Kappa: 0.9882;
2025-12-13 21:53:36,396 - INFO - spatial_LccAccuracy: 0.962; spatial_PA: 0.998; spatial_UA: 0.999; spatial_F1: 0.9985
2025-12-13 21:53:36,396 - INFO - temporal_CdAccuracy: 0.9512; temporal_PA: 0.9768; temporal_UA: 0.9717; temporal_F1: 0.9742
2025-12-13 21:53:36,397 - INFO - Confusion Matrix
>>>>>>> 93175a06c110e941919a0524e265707df6271051
 [23262.	  100.	    2.	    0.	    0.]
 [   88.	15419.	   46.	    0.	    0.]
 [    7.	   59.	  677.	    0.	    0.]
 [    0.	    0.	    0.	    0.	    0.]
 [    4.	    0.	    0.	    0.	 4556.]
<<<<<<< HEAD
2026-01-22 16:51:58,688 - INFO - Change Type PA (Recall) Matrix
=======
2025-12-13 21:53:36,398 - INFO - Change Type PA (Recall) Matrix
>>>>>>> 93175a06c110e941919a0524e265707df6271051
 [[0.    	0.9747	0.8409	0.    	0.    ]
 [0.9114	0.    	0.9211	0.    	0.    ]
 [0.    	0.    	0.    	0.    	0.    ]
 [0.    	0.    	0.    	0.    	0.    ]
 [0.    	0.    	0.    	0.    	0.    ]]
<<<<<<< HEAD
2026-01-22 16:51:58,689 - INFO - Change Type UA (Precision) Matrix
=======
2025-12-13 21:53:36,399 - INFO - Change Type UA (Precision) Matrix
>>>>>>> 93175a06c110e941919a0524e265707df6271051
 [[0.    	0.9666	0.9024	0.    	0.    ]
 [0.9351	0.    	0.814 	0.    	0.    ]
 [0.    	0.    	0.    	0.    	0.    ]
 [0.    	0.    	0.    	0.    	0.    ]
 [0.    	0.    	0.    	0.    	0.    ]]
<<<<<<< HEAD
2026-01-22 16:51:58,689 - INFO - Change Type F1 Matrix
=======
2025-12-13 21:53:36,400 - INFO - Change Type F1 Matrix
>>>>>>> 93175a06c110e941919a0524e265707df6271051
 [[0.    	0.9706	0.8706	0.    	0.    ]
 [0.9231	0.    	0.8642	0.    	0.    ]
 [0.    	0.    	0.    	0.    	0.    ]
 [0.    	0.    	0.    	0.    	0.    ]
 [0.    	0.    	0.    	0.    	0.    ]]
<<<<<<< HEAD
2026-01-22 16:51:58,690 - INFO - Epoch 0 saved.
=======
2025-12-13 21:53:36,400 - INFO - Epoch 0 saved.
>>>>>>> 93175a06c110e941919a0524e265707df6271051
