2026-01-29 22:25:49,031 - INFO - Epoch 0, Train loss: 0.0
2026-01-29 22:25:49,031 - INFO - mIoU: 0.6238; OA: 0.9425; AA: 0.9009; F1: 0.9051; Kappa: 0.8911;
2026-01-29 22:25:49,031 - INFO - spatial_LccAccuracy: 0.7036; spatial_PA: 0.7105; spatial_UA: 0.9676; spatial_F1: 0.8194; weighted_F1: 0.8586
2026-01-29 22:25:49,031 - INFO - temporal_CdAccuracy: 0.7054; temporal_PA: 0.8996; temporal_UA: 0.8373; temporal_F1: 0.8673
2026-01-29 22:25:49,031 - INFO - Confusion Matrix
 [13947.	  251.	    0.	    0.	   83.]
 [ 1224.	15416.	   26.	    0.	   65.]
 [    0.	    0.	    0.	    0.	    0.]
 [    0.	    0.	    0.	    0.	    0.]
 [   23.	  166.	    0.	    0.	  779.]
2026-01-29 22:25:49,032 - INFO - Change Type PA (Recall) Matrix
 [[0.    	0.951 	0.    	0.    	0.    ]
 [0.4091	0.    	0.    	0.    	0.7636]
 [0.    	0.    	0.    	0.    	0.    ]
 [0.    	0.    	0.    	0.    	0.    ]
 [0.    	0.    	0.    	0.    	0.    ]]
2026-01-29 22:25:49,032 - INFO - Change Type UA (Precision) Matrix
 [[0.    	0.8544	0.    	0.    	0.    ]
 [0.1915	0.    	0.    	0.    	0.7241]
 [0.    	0.    	0.    	0.    	0.    ]
 [0.    	0.    	0.    	0.    	0.    ]
 [0.    	0.    	0.    	0.    	0.    ]]
2026-01-29 22:25:49,032 - INFO - Change Type F1 Matrix
 [[0.    	0.9001	0.    	0.    	0.    ]
 [0.2609	0.    	0.    	0.    	0.7434]
 [0.    	0.    	0.    	0.    	0.    ]
 [0.    	0.    	0.    	0.    	0.    ]
 [0.    	0.    	0.    	0.    	0.    ]]
2026-01-29 22:25:49,032 - INFO - Epoch 0 saved.
