2026-01-29 22:25:49,617 - INFO - Epoch 0, Train loss: 0.0
2026-01-29 22:25:49,618 - INFO - mIoU: 0.7564; OA: 0.9747; AA: 0.9745; F1: 0.9718; Kappa: 0.9535;
2026-01-29 22:25:49,618 - INFO - spatial_LccAccuracy: 0.8616; spatial_PA: 1.0; spatial_UA: 1.0; spatial_F1: 1.0; weighted_F1: 0.9007
2026-01-29 22:25:49,618 - INFO - temporal_CdAccuracy: 0.8616; temporal_PA: 0.958; temporal_UA: 0.9324; temporal_F1: 0.945
2026-01-29 22:25:49,618 - INFO - Confusion Matrix
 [7058.	 109.	   0.	   1.	   3.]
 [ 165.	5334.	  27.	   3.	   1.]
 [   0.	  31.	 577.	   0.	   0.]
 [   0.	   0.	   0.	 131.	   0.]
 [   0.	   0.	   0.	   0.	   0.]
2026-01-29 22:25:49,618 - INFO - Change Type PA (Recall) Matrix
 [[0.    	0.9444	0.5   	1.    	0.    ]
 [0.8913	0.    	0.8421	0.    	0.    ]
 [0.    	1.    	0.    	0.    	0.    ]
 [0.    	0.    	0.    	0.    	0.    ]
 [0.    	0.    	0.    	0.    	0.    ]]
2026-01-29 22:25:49,618 - INFO - Change Type UA (Precision) Matrix
 [[0.    	0.9091	1.    	0.9231	0.    ]
 [0.7593	0.    	0.8   	0.    	0.    ]
 [0.    	1.    	0.    	0.    	0.    ]
 [0.    	0.    	0.    	0.    	0.    ]
 [0.    	0.    	0.    	0.    	0.    ]]
2026-01-29 22:25:49,618 - INFO - Change Type F1 Matrix
 [[0.    	0.9264	0.6667	0.96  	0.    ]
 [0.82  	0.    	0.8205	0.    	0.    ]
 [0.    	1.    	0.    	0.    	0.    ]
 [0.    	0.    	0.    	0.    	0.    ]
 [0.    	0.    	0.    	0.    	0.    ]]
2026-01-29 22:25:49,618 - INFO - Epoch 0 saved.
