<<<<<<< HEAD
2026-01-22 16:51:52,408 - INFO - Epoch 0, Train loss: 0.0
2026-01-22 16:51:52,408 - INFO - mIoU: 0.5268; OA: 0.9588; AA: 0.5454; F1: 0.5602; Kappa: 0.9215;
2026-01-22 16:51:52,408 - INFO - spatial_LccAccuracy: 0.7861; spatial_PA: 0.8291; spatial_UA: 0.933; spatial_F1: 0.878; weighted_F1: 0.9038
2026-01-22 16:51:52,409 - INFO - temporal_CdAccuracy: 0.7861; temporal_PA: 0.9187; temporal_UA: 0.869; temporal_F1: 0.8932
2026-01-22 16:51:52,409 - INFO - Confusion Matrix
=======
2025-12-13 21:53:30,692 - INFO - Epoch 0, Train loss: 0.0
2025-12-13 21:53:30,692 - INFO - mIoU: 0.5268; OA: 0.9588; AA: 0.5454; F1: 0.5602; Kappa: 0.9215;
2025-12-13 21:53:30,692 - INFO - spatial_LccAccuracy: 0.8818; spatial_PA: 0.8291; spatial_UA: 0.933; spatial_F1: 0.878
2025-12-13 21:53:30,693 - INFO - temporal_CdAccuracy: 0.7861; temporal_PA: 0.9187; temporal_UA: 0.869; temporal_F1: 0.8932
2025-12-13 21:53:30,694 - INFO - Confusion Matrix
>>>>>>> 93175a06c110e941919a0524e265707df6271051
 [13863.	  411.	    0.	    0.	    7.]
 [  658.	16027.	   32.	    0.	   14.]
 [    0.	    0.	    0.	    0.	    0.]
 [    0.	    0.	    0.	    0.	    0.]
 [    8.	  187.	    0.	    0.	  773.]
<<<<<<< HEAD
2026-01-22 16:51:52,410 - INFO - Change Type PA (Recall) Matrix
=======
2025-12-13 21:53:30,695 - INFO - Change Type PA (Recall) Matrix
>>>>>>> 93175a06c110e941919a0524e265707df6271051
 [[0.    	0.9701	0.    	0.    	0.    ]
 [0.6818	0.    	0.    	0.    	0.8364]
 [0.    	0.    	0.    	0.    	0.    ]
 [0.    	0.    	0.    	0.    	0.    ]
 [0.    	0.    	0.    	0.    	0.    ]]
<<<<<<< HEAD
2026-01-22 16:51:52,410 - INFO - Change Type UA (Precision) Matrix
=======
2025-12-13 21:53:30,695 - INFO - Change Type UA (Precision) Matrix
>>>>>>> 93175a06c110e941919a0524e265707df6271051
 [[0.    	0.9046	0.    	0.    	0.    ]
 [0.3409	0.    	0.    	0.    	0.7797]
 [0.    	0.    	0.    	0.    	0.    ]
 [0.    	0.    	0.    	0.    	0.    ]
 [0.    	0.    	0.    	0.    	0.    ]]
<<<<<<< HEAD
2026-01-22 16:51:52,410 - INFO - Change Type F1 Matrix
=======
2025-12-13 21:53:30,696 - INFO - Change Type F1 Matrix
>>>>>>> 93175a06c110e941919a0524e265707df6271051
 [[0.    	0.9362	0.    	0.    	0.    ]
 [0.4545	0.    	0.    	0.    	0.807 ]
 [0.    	0.    	0.    	0.    	0.    ]
 [0.    	0.    	0.    	0.    	0.    ]
 [0.    	0.    	0.    	0.    	0.    ]]
<<<<<<< HEAD
2026-01-22 16:51:52,410 - INFO - Epoch 0 saved.
=======
2025-12-13 21:53:30,696 - INFO - Epoch 0 saved.
>>>>>>> 93175a06c110e941919a0524e265707df6271051
