<<<<<<< HEAD
2026-01-22 16:51:52,475 - INFO - Epoch 0, Train loss: 0.0
2026-01-22 16:51:52,475 - INFO - mIoU: 0.2; OA: 1.0; AA: 0.2; F1: 0.2; Kappa: 0.0;
2026-01-22 16:51:52,475 - INFO - spatial_LccAccuracy: 1.0; spatial_PA: 0.75; spatial_UA: 0.75; spatial_F1: 0.75; weighted_F1: 0.0
2026-01-22 16:51:52,475 - INFO - temporal_CdAccuracy: 1.0; temporal_PA: 0.75; temporal_UA: 0.75; temporal_F1: 0.75
2026-01-22 16:51:52,475 - INFO - Confusion Matrix
=======
2025-12-13 21:53:30,761 - INFO - Epoch 0, Train loss: 0.0
2025-12-13 21:53:30,761 - INFO - mIoU: 0.2; OA: 1.0; AA: 0.2; F1: 0.2; Kappa: 0.0;
2025-12-13 21:53:30,761 - INFO - spatial_LccAccuracy: 1.0; spatial_PA: 0.75; spatial_UA: 0.75; spatial_F1: 0.75
2025-12-13 21:53:30,762 - INFO - temporal_CdAccuracy: 1.0; temporal_PA: 0.75; temporal_UA: 0.75; temporal_F1: 0.75
2025-12-13 21:53:30,763 - INFO - Confusion Matrix
>>>>>>> 93175a06c110e941919a0524e265707df6271051
 [   0.	   0.	   0.	   0.	   0.]
 [   0.	   0.	   0.	   0.	   0.]
 [   0.	   0.	   0.	   0.	   0.]
 [   0.	   0.	   0.	   0.	   0.]
 [   0.	   0.	   0.	   0.	6780.]
<<<<<<< HEAD
2026-01-22 16:51:52,476 - INFO - Change Type PA (Recall) Matrix
=======
2025-12-13 21:53:30,764 - INFO - Change Type PA (Recall) Matrix
>>>>>>> 93175a06c110e941919a0524e265707df6271051
 [[0.	0.	0.	0.	0.]
 [0.	0.	0.	0.	0.]
 [0.	0.	0.	0.	0.]
 [0.	0.	0.	0.	0.]
 [0.	0.	0.	0.	0.]]
<<<<<<< HEAD
2026-01-22 16:51:52,476 - INFO - Change Type UA (Precision) Matrix
=======
2025-12-13 21:53:30,765 - INFO - Change Type UA (Precision) Matrix
>>>>>>> 93175a06c110e941919a0524e265707df6271051
 [[0.	0.	0.	0.	0.]
 [0.	0.	0.	0.	0.]
 [0.	0.	0.	0.	0.]
 [0.	0.	0.	0.	0.]
 [0.	0.	0.	0.	0.]]
<<<<<<< HEAD
2026-01-22 16:51:52,476 - INFO - Change Type F1 Matrix
=======
2025-12-13 21:53:30,766 - INFO - Change Type F1 Matrix
>>>>>>> 93175a06c110e941919a0524e265707df6271051
 [[0.	0.	0.	0.	0.]
 [0.	0.	0.	0.	0.]
 [0.	0.	0.	0.	0.]
 [0.	0.	0.	0.	0.]
 [0.	0.	0.	0.	0.]]
<<<<<<< HEAD
2026-01-22 16:51:52,476 - INFO - Epoch 0 saved.
=======
2025-12-13 21:53:30,766 - INFO - Epoch 0 saved.
>>>>>>> 93175a06c110e941919a0524e265707df6271051
