<<<<<<< HEAD
2026-01-22 16:51:52,831 - INFO - Epoch 0, Train loss: 0.0
2026-01-22 16:51:52,832 - INFO - mIoU: 0.7635; OA: 0.9925; AA: 0.7779; F1: 0.7805; Kappa: 0.9873;
2026-01-22 16:51:52,832 - INFO - spatial_LccAccuracy: 0.9281; spatial_PA: 0.998; spatial_UA: 0.999; spatial_F1: 0.9985; weighted_F1: 0.9446
2026-01-22 16:51:52,832 - INFO - temporal_CdAccuracy: 0.9362; temporal_PA: 0.9758; temporal_UA: 0.9608; temporal_F1: 0.9683
2026-01-22 16:51:52,832 - INFO - Confusion Matrix
=======
2025-12-13 21:53:31,101 - INFO - Epoch 0, Train loss: 0.0
2025-12-13 21:53:31,102 - INFO - mIoU: 0.7635; OA: 0.9925; AA: 0.7779; F1: 0.7805; Kappa: 0.9873;
2025-12-13 21:53:31,102 - INFO - spatial_LccAccuracy: 0.9484; spatial_PA: 0.998; spatial_UA: 0.999; spatial_F1: 0.9985
2025-12-13 21:53:31,102 - INFO - temporal_CdAccuracy: 0.9362; temporal_PA: 0.9758; temporal_UA: 0.9608; temporal_F1: 0.9683
2025-12-13 21:53:31,103 - INFO - Confusion Matrix
>>>>>>> 93175a06c110e941919a0524e265707df6271051
 [23226.	  137.	    1.	    0.	    0.]
 [   57.	15448.	   48.	    0.	    0.]
 [    7.	   63.	  673.	    0.	    0.]
 [    0.	    0.	    0.	    0.	    0.]
 [   17.	    0.	    0.	    0.	 4543.]
<<<<<<< HEAD
2026-01-22 16:51:52,833 - INFO - Change Type PA (Recall) Matrix
=======
2025-12-13 21:53:31,104 - INFO - Change Type PA (Recall) Matrix
>>>>>>> 93175a06c110e941919a0524e265707df6271051
 [[0.    	0.9789	0.7727	0.    	0.    ]
 [0.9367	0.    	0.8947	0.    	0.    ]
 [0.    	0.    	0.    	0.    	0.    ]
 [0.    	0.    	0.    	0.    	0.    ]
 [0.    	0.    	0.    	0.    	0.    ]]
<<<<<<< HEAD
2026-01-22 16:51:52,834 - INFO - Change Type UA (Precision) Matrix
=======
2025-12-13 21:53:31,105 - INFO - Change Type UA (Precision) Matrix
>>>>>>> 93175a06c110e941919a0524e265707df6271051
 [[0.    	0.9647	0.8718	0.    	0.    ]
 [0.9136	0.    	0.7083	0.    	0.    ]
 [0.    	0.    	0.    	0.    	0.    ]
 [0.    	0.    	0.    	0.    	0.    ]
 [0.    	0.    	0.    	0.    	0.    ]]
<<<<<<< HEAD
2026-01-22 16:51:52,835 - INFO - Change Type F1 Matrix
=======
2025-12-13 21:53:31,106 - INFO - Change Type F1 Matrix
>>>>>>> 93175a06c110e941919a0524e265707df6271051
 [[0.    	0.9718	0.8193	0.    	0.    ]
 [0.925 	0.    	0.7907	0.    	0.    ]
 [0.    	0.    	0.    	0.    	0.    ]
 [0.    	0.    	0.    	0.    	0.    ]
 [0.    	0.    	0.    	0.    	0.    ]]
<<<<<<< HEAD
2026-01-22 16:51:52,835 - INFO - Epoch 0 saved.
=======
2025-12-13 21:53:31,106 - INFO - Epoch 0 saved.
>>>>>>> 93175a06c110e941919a0524e265707df6271051
