2026-01-22 16:51:53,136 - INFO - Epoch 0, Train loss: 0.0
2026-01-22 16:51:53,136 - INFO - mIoU: 0.4229; OA: 0.9767; AA: 0.4312; F1: 0.4587; Kappa: 0.95;
2026-01-22 16:51:53,137 - INFO - spatial_LccAccuracy: 0.7615; spatial_PA: 0.9908; spatial_UA: 0.9908; spatial_F1: 0.9908; weighted_F1: 0.9299
2026-01-22 16:51:53,137 - INFO - temporal_CdAccuracy: 0.7633; temporal_PA: 0.9278; temporal_UA: 0.9355; temporal_F1: 0.9316
2026-01-22 16:51:53,137 - INFO - Confusion Matrix
 [11573.	  525.	    0.	    0.	    0.]
 [  132.	20338.	    1.	    0.	    0.]
 [    0.	  104.	   27.	    0.	    0.]
 [    0.	    0.	    0.	    0.	    0.]
 [    0.	    0.	    0.	    0.	    0.]
2026-01-22 16:51:53,137 - INFO - Change Type PA (Recall) Matrix
 [[0.    	0.9408	0.    	0.    	0.    ]
 [0.8913	0.    	0.6   	0.    	0.    ]
 [0.    	0.    	0.    	0.    	0.    ]
 [0.    	0.    	0.    	0.    	0.    ]
 [0.    	0.    	0.    	0.    	0.    ]]
2026-01-22 16:51:53,139 - INFO - Change Type UA (Precision) Matrix
 [[0.    	0.9584	0.    	0.    	0.    ]
 [0.9111	0.    	0.5   	0.    	0.    ]
 [0.    	0.    	0.    	0.    	0.    ]
 [0.    	0.    	0.    	0.    	0.    ]
 [0.    	0.    	0.    	0.    	0.    ]]
2026-01-22 16:51:53,139 - INFO - Change Type F1 Matrix
 [[0.    	0.9495	0.    	0.    	0.    ]
 [0.9011	0.    	0.5455	0.    	0.    ]
 [0.    	0.    	0.    	0.    	0.    ]
 [0.    	0.    	0.    	0.    	0.    ]
 [0.    	0.    	0.    	0.    	0.    ]]
2026-01-22 16:51:53,139 - INFO - Epoch 0 saved.
