2026-02-22 20:06:46,292 - INFO - Epoch 0, Train loss: 0.0
2026-02-22 20:06:46,292 - INFO - mIoU: 0.9515; OA: 0.9769; AA: 0.9779; F1: 0.9751; cls_weighted_F1: 0.9769; Kappa: 0.9575;
2026-02-22 20:06:46,292 - INFO - spatial_LccAccuracy: 0.8393; spatial_PA: 1.0; spatial_UA: 1.0; spatial_F1: 1.0; weighted_F1: 0.8544
2026-02-22 20:06:46,292 - INFO - temporal_CdAccuracy: 0.8393; temporal_PA: 0.9603; temporal_UA: 0.8989; temporal_F1: 0.9286
2026-02-22 20:06:46,292 - INFO - Confusion Matrix
 [7021.	 147.	   0.	   3.	   0.]
 [ 113.	5391.	  26.	   0.	   0.]
 [   0.	  21.	 587.	   0.	   0.]
 [   1.	   0.	   0.	 130.	   0.]
 [   0.	   0.	   0.	   0.	   0.]
2026-02-22 20:06:46,292 - INFO - Change Type PA (Recall) Matrix
 [[0.    	0.95  	0.    	1.    	0.    ]
 [0.9348	0.    	0.8158	0.    	0.    ]
 [0.    	0.8421	0.    	0.    	0.    ]
 [0.    	0.    	0.    	0.    	0.    ]
 [0.    	0.    	0.    	0.    	0.    ]]
2026-02-22 20:06:46,292 - INFO - Change Type UA (Precision) Matrix
 [[0.    	0.8507	0.    	0.9231	0.    ]
 [0.6232	0.    	0.7561	0.    	0.    ]
 [0.    	0.8889	0.    	0.    	0.    ]
 [0.    	0.    	0.    	0.    	0.    ]
 [0.    	0.    	0.    	0.    	0.    ]]
2026-02-22 20:06:46,292 - INFO - Change Type F1 Matrix
 [[0.    	0.8976	0.    	0.96  	0.    ]
 [0.7478	0.    	0.7848	0.    	0.    ]
 [0.    	0.8649	0.    	0.    	0.    ]
 [0.    	0.    	0.    	0.    	0.    ]
 [0.    	0.    	0.    	0.    	0.    ]]
2026-02-22 20:06:46,292 - INFO - Epoch 0 saved.
