2026-03-19 14:45:20,673 - INFO - Epoch 0, Train loss: 0.0
2026-03-19 14:45:20,673 - INFO - mIoU: 0.8798; OA: 0.951; AA: 0.9352; F1: 0.9331; cls_weighted_F1: 0.9509; Kappa: 0.9082;
2026-03-19 14:45:20,673 - INFO - spatial_LccAccuracy: 0.7478; spatial_PA: 0.7456; spatial_UA: 0.9735; spatial_F1: 0.8444; weighted_F1: 0.8721
2026-03-19 14:45:20,673 - INFO - temporal_CdAccuracy: 0.7478; temporal_PA: 0.9148; temporal_UA: 0.8532; temporal_F1: 0.8829
2026-03-19 14:45:20,673 - INFO - Confusion Matrix
 [15190.	  382.	    0.	    0.	   53.]
 [  987.	16522.	    7.	    0.	   98.]
 [    0.	    0.	  293.	    0.	    0.]
 [    0.	    0.	    0.	    0.	    0.]
 [    8.	  156.	    0.	    0.	  804.]
2026-03-19 14:45:20,674 - INFO - Change Type PA (Recall) Matrix
 [[0.    	0.9511	0.    	0.    	0.    ]
 [0.2727	0.    	1.    	0.    	0.8182]
 [0.    	1.    	0.    	0.    	0.    ]
 [0.    	0.    	0.    	0.    	0.    ]
 [0.    	0.    	0.    	0.    	0.    ]]
2026-03-19 14:45:20,675 - INFO - Change Type UA (Precision) Matrix
 [[0.    	0.8394	0.    	0.    	0.    ]
 [0.1034	0.    	0.9545	0.    	0.8182]
 [0.    	0.9545	0.    	0.    	0.    ]
 [0.    	0.    	0.    	0.    	0.    ]
 [0.    	0.    	0.    	0.    	0.    ]]
2026-03-19 14:45:20,676 - INFO - Change Type F1 Matrix
 [[0.    	0.8917	0.    	0.    	0.    ]
 [0.15  	0.    	0.9767	0.    	0.8182]
 [0.    	0.9767	0.    	0.    	0.    ]
 [0.    	0.    	0.    	0.    	0.    ]
 [0.    	0.    	0.    	0.    	0.    ]]
2026-03-19 14:45:20,676 - INFO - Epoch 0 saved.
