2026-03-19 14:45:20,747 - INFO - Epoch 0, Train loss: 0.0
2026-03-19 14:45:20,747 - INFO - mIoU: 0.9601; OA: 0.9884; AA: 0.9793; F1: 0.9794; cls_weighted_F1: 0.9884; Kappa: 0.9786;
2026-03-19 14:45:20,747 - INFO - spatial_LccAccuracy: 0.881; spatial_PA: 1.0; spatial_UA: 1.0; spatial_F1: 1.0; weighted_F1: 0.8954
2026-03-19 14:45:20,747 - INFO - temporal_CdAccuracy: 0.881; temporal_PA: 0.9229; temporal_UA: 0.898; temporal_F1: 0.9103
2026-03-19 14:45:20,748 - INFO - Confusion Matrix
 [1545.	  42.	   0.	   0.	   0.]
 [  46.	1247.	   0.	   0.	   0.]
 [   0.	   0.	   0.	   0.	   0.]
 [   0.	   0.	   0.	   0.	   0.]
 [   0.	   0.	   0.	   0.	4680.]
2026-03-19 14:45:20,748 - INFO - Change Type PA (Recall) Matrix
 [[0.    	0.8958	0.    	0.    	0.    ]
 [0.9677	0.    	0.    	0.    	0.    ]
 [0.    	0.    	0.    	0.    	0.    ]
 [0.    	0.    	0.    	0.    	0.    ]
 [0.    	0.    	0.    	0.    	0.    ]]
2026-03-19 14:45:20,749 - INFO - Change Type UA (Precision) Matrix
 [[0.    	0.8776	0.    	0.    	0.    ]
 [0.8571	0.    	0.    	0.    	0.    ]
 [0.    	0.    	0.    	0.    	0.    ]
 [0.    	0.    	0.    	0.    	0.    ]
 [0.    	0.    	0.    	0.    	0.    ]]
2026-03-19 14:45:20,750 - INFO - Change Type F1 Matrix
 [[0.    	0.8866	0.    	0.    	0.    ]
 [0.9091	0.    	0.    	0.    	0.    ]
 [0.    	0.    	0.    	0.    	0.    ]
 [0.    	0.    	0.    	0.    	0.    ]
 [0.    	0.    	0.    	0.    	0.    ]]
2026-03-19 14:45:20,750 - INFO - Epoch 0 saved.
