2026-03-19 14:45:21,142 - INFO - Epoch 0, Train loss: 0.0
2026-03-19 14:45:21,143 - INFO - mIoU: 0.9479; OA: 0.9906; AA: 0.9903; F1: 0.9726; cls_weighted_F1: 0.9906; Kappa: 0.9836;
2026-03-19 14:45:21,143 - INFO - spatial_LccAccuracy: 0.9266; spatial_PA: 0.978; spatial_UA: 0.9886; spatial_F1: 0.9833; weighted_F1: 0.9344
2026-03-19 14:45:21,144 - INFO - temporal_CdAccuracy: 0.9307; temporal_PA: 0.975; temporal_UA: 0.9659; temporal_F1: 0.9704
2026-03-19 14:45:21,144 - INFO - Confusion Matrix
 [24665.	  145.	    0.	    3.	    0.]
 [  164.	12749.	   71.	    0.	    0.]
 [    6.	   17.	  919.	    0.	    0.]
 [    0.	    0.	    0.	   21.	    0.]
 [    0.	    0.	    0.	    0.	 4560.]
2026-03-19 14:45:21,145 - INFO - Change Type PA (Recall) Matrix
 [[0.    	0.9629	0.9756	1.    	0.    ]
 [0.8904	0.    	0.8767	0.    	0.    ]
 [0.    	0.5   	0.    	0.    	0.    ]
 [0.    	0.    	0.    	0.    	0.    ]
 [0.    	0.    	0.    	0.    	0.    ]]
2026-03-19 14:45:21,146 - INFO - Change Type UA (Precision) Matrix
 [[0.    	0.9504	0.8163	0.875 	0.    ]
 [0.8904	0.    	0.8767	0.    	0.    ]
 [0.    	0.5   	0.    	0.    	0.    ]
 [0.    	0.    	0.    	0.    	0.    ]
 [0.    	0.    	0.    	0.    	0.    ]]
2026-03-19 14:45:21,146 - INFO - Change Type F1 Matrix
 [[0.    	0.9566	0.8889	0.9333	0.    ]
 [0.8904	0.    	0.8767	0.    	0.    ]
 [0.    	0.5   	0.    	0.    	0.    ]
 [0.    	0.    	0.    	0.    	0.    ]
 [0.    	0.    	0.    	0.    	0.    ]]
2026-03-19 14:45:21,146 - INFO - Epoch 0 saved.
