2026-03-19 14:45:21,480 - INFO - Epoch 0, Train loss: 0.0
2026-03-19 14:45:21,480 - INFO - mIoU: 0.8818; OA: 0.9806; AA: 0.9242; F1: 0.933; cls_weighted_F1: 0.9805; Kappa: 0.9604;
2026-03-19 14:45:21,480 - INFO - spatial_LccAccuracy: 0.8072; spatial_PA: 1.0; spatial_UA: 1.0; spatial_F1: 1.0; weighted_F1: 0.9516
2026-03-19 14:45:21,481 - INFO - temporal_CdAccuracy: 0.8072; temporal_PA: 0.9405; temporal_UA: 0.9553; temporal_F1: 0.9479
2026-03-19 14:45:21,481 - INFO - Confusion Matrix
 [14397.	  405.	    0.	    0.	    0.]
 [  200.	21335.	   44.	    0.	    0.]
 [    0.	   64.	  275.	    0.	    0.]
 [    0.	    0.	    0.	    0.	    0.]
 [    0.	    0.	    0.	    0.	    0.]
2026-03-19 14:45:21,481 - INFO - Change Type PA (Recall) Matrix
 [[0.    	0.9533	0.    	0.    	0.    ]
 [0.9068	0.    	0.9455	0.    	0.    ]
 [0.    	0.6875	0.    	0.    	0.    ]
 [0.    	0.    	0.    	0.    	0.    ]
 [0.    	0.    	0.    	0.    	0.    ]]
2026-03-19 14:45:21,481 - INFO - Change Type UA (Precision) Matrix
 [[0.    	0.9786	0.    	0.    	0.    ]
 [0.9566	0.    	0.963 	0.    	0.    ]
 [0.    	0.6875	0.    	0.    	0.    ]
 [0.    	0.    	0.    	0.    	0.    ]
 [0.    	0.    	0.    	0.    	0.    ]]
2026-03-19 14:45:21,482 - INFO - Change Type F1 Matrix
 [[0.    	0.9658	0.    	0.    	0.    ]
 [0.9311	0.    	0.9541	0.    	0.    ]
 [0.    	0.6875	0.    	0.    	0.    ]
 [0.    	0.    	0.    	0.    	0.    ]
 [0.    	0.    	0.    	0.    	0.    ]]
2026-03-19 14:45:21,482 - INFO - Epoch 0 saved.
