2026-03-19 14:45:21,680 - INFO - Epoch 0, Train loss: 0.0
2026-03-19 14:45:21,680 - INFO - mIoU: 0.9786; OA: 0.9967; AA: 0.9884; F1: 0.9891; cls_weighted_F1: 0.9967; Kappa: 0.9893;
2026-03-19 14:45:21,681 - INFO - spatial_LccAccuracy: 0.9485; spatial_PA: 0.9918; spatial_UA: 0.9984; spatial_F1: 0.9951; weighted_F1: 0.9575
2026-03-19 14:45:21,681 - INFO - temporal_CdAccuracy: 0.9729; temporal_PA: 0.9915; temporal_UA: 0.9871; temporal_F1: 0.9893
2026-03-19 14:45:21,681 - INFO - Confusion Matrix
 [18102.	   20.	    0.	    2.	    0.]
 [    7.	 2744.	    0.	   11.	    0.]
 [    0.	    0.	    0.	    0.	    0.]
 [    0.	   34.	    0.	 1220.	    0.]
 [    0.	    0.	    0.	    0.	    0.]
2026-03-19 14:45:21,682 - INFO - Change Type PA (Recall) Matrix
 [[0.    	0.9646	0.    	0.9333	0.    ]
 [1.    	0.    	0.    	0.    	0.    ]
 [0.    	0.    	0.    	0.    	0.    ]
 [0.    	1.    	0.    	0.    	0.    ]
 [0.    	0.    	0.    	0.    	0.    ]]
2026-03-19 14:45:21,683 - INFO - Change Type UA (Precision) Matrix
 [[0.    	0.879 	0.    	0.9838	0.    ]
 [0.7778	0.    	0.    	0.    	0.    ]
 [0.    	0.    	0.    	0.    	0.    ]
 [0.    	1.    	0.    	0.    	0.    ]
 [0.    	0.    	0.    	0.    	0.    ]]
2026-03-19 14:45:21,683 - INFO - Change Type F1 Matrix
 [[0.    	0.9198	0.    	0.9579	0.    ]
 [0.875 	0.    	0.    	0.    	0.    ]
 [0.    	0.    	0.    	0.    	0.    ]
 [0.    	1.    	0.    	0.    	0.    ]
 [0.    	0.    	0.    	0.    	0.    ]]
2026-03-19 14:45:21,684 - INFO - Epoch 0 saved.
