2026-03-19 14:45:21,827 - INFO - Epoch 0, Train loss: 0.0
2026-03-19 14:45:21,828 - INFO - mIoU: 0.7584; OA: 0.9699; AA: 0.9765; F1: 0.9732; cls_weighted_F1: 0.9702; Kappa: 0.9496;
2026-03-19 14:45:21,829 - INFO - spatial_LccAccuracy: 0.7609; spatial_PA: 0.9717; spatial_UA: 0.9917; spatial_F1: 0.9816; weighted_F1: 0.8867
2026-03-19 14:45:21,829 - INFO - temporal_CdAccuracy: 0.7609; temporal_PA: 0.9255; temporal_UA: 0.8689; temporal_F1: 0.8963
2026-03-19 14:45:21,829 - INFO - Confusion Matrix
 [5969.	 184.	   1.	   6.	   5.]
 [ 130.	5955.	  53.	   0.	   1.]
 [   0.	  35.	1046.	   0.	   0.]
 [   0.	   0.	   0.	 415.	   0.]
 [   0.	   0.	   0.	   0.	   0.]
2026-03-19 14:45:21,830 - INFO - Change Type PA (Recall) Matrix
 [[0.    	0.9583	0.    	1.    	0.    ]
 [0.9677	0.    	0.8276	0.    	0.    ]
 [1.    	0.9756	0.    	0.    	0.    ]
 [0.    	0.    	0.    	0.    	0.    ]
 [0.    	0.    	0.    	0.    	0.    ]]
2026-03-19 14:45:21,831 - INFO - Change Type UA (Precision) Matrix
 [[0.    	0.8679	0.    	1.    	0.    ]
 [0.7595	0.    	0.6486	0.    	0.    ]
 [1.    	0.8   	0.    	0.    	0.    ]
 [0.    	0.    	0.    	0.    	0.    ]
 [0.    	0.    	0.    	0.    	0.    ]]
2026-03-19 14:45:21,832 - INFO - Change Type F1 Matrix
 [[0.    	0.9109	0.    	1.    	0.    ]
 [0.8511	0.    	0.7273	0.    	0.    ]
 [1.    	0.8791	0.    	0.    	0.    ]
 [0.    	0.    	0.    	0.    	0.    ]
 [0.    	0.    	0.    	0.    	0.    ]]
2026-03-19 14:45:21,832 - INFO - Epoch 0 saved.
