2026-01-29 22:26:11,655 - INFO - Epoch 0, Train loss: 0.0
2026-01-29 22:26:11,655 - INFO - mIoU: 0.6229; OA: 0.9488; AA: 0.8693; F1: 0.9031; Kappa: 0.9022;
2026-01-29 22:26:11,655 - INFO - spatial_LccAccuracy: 0.7148; spatial_PA: 0.7456; spatial_UA: 0.9713; spatial_F1: 0.8436; weighted_F1: 0.8429
2026-01-29 22:26:11,655 - INFO - temporal_CdAccuracy: 0.7167; temporal_PA: 0.9118; temporal_UA: 0.8219; temporal_F1: 0.8645
2026-01-29 22:26:11,655 - INFO - Confusion Matrix
 [13866.	  393.	    0.	    0.	   22.]
 [  899.	15806.	   18.	    0.	    8.]
 [    0.	    0.	    0.	    0.	    0.]
 [    0.	    0.	    0.	    0.	    0.]
 [   73.	  223.	    2.	    0.	  670.]
2026-01-29 22:26:11,655 - INFO - Change Type PA (Recall) Matrix
 [[0.    	0.9616	0.    	0.    	0.    ]
 [0.5909	0.    	0.    	0.    	0.5455]
 [0.    	0.    	0.    	0.    	0.    ]
 [0.    	0.    	0.    	0.    	0.    ]
 [0.    	0.    	0.    	0.    	0.    ]]
2026-01-29 22:26:11,655 - INFO - Change Type UA (Precision) Matrix
 [[0.    	0.8352	0.    	0.    	0.    ]
 [0.1444	0.    	0.    	0.    	0.8108]
 [0.    	0.    	0.    	0.    	0.    ]
 [0.    	0.    	0.    	0.    	0.    ]
 [0.    	0.    	0.    	0.    	0.    ]]
2026-01-29 22:26:11,655 - INFO - Change Type F1 Matrix
 [[0.    	0.894 	0.    	0.    	0.    ]
 [0.2321	0.    	0.    	0.    	0.6522]
 [0.    	0.    	0.    	0.    	0.    ]
 [0.    	0.    	0.    	0.    	0.    ]
 [0.    	0.    	0.    	0.    	0.    ]]
2026-01-29 22:26:11,655 - INFO - Epoch 0 saved.
