2026-01-29 22:26:11,894 - INFO - Epoch 0, Train loss: 0.0
2026-01-29 22:26:11,896 - INFO - mIoU: 0.9836; OA: 0.9968; AA: 0.9861; F1: 0.9916; Kappa: 0.9945;
2026-01-29 22:26:11,896 - INFO - spatial_LccAccuracy: 0.9756; spatial_PA: 1.0; spatial_UA: 1.0; spatial_F1: 1.0; weighted_F1: 0.9671
2026-01-29 22:26:11,896 - INFO - temporal_CdAccuracy: 0.9756; temporal_PA: 0.9896; temporal_UA: 0.9858; temporal_F1: 0.9877
2026-01-29 22:26:11,896 - INFO - Confusion Matrix
 [23325.	   38.	    1.	    0.	    0.]
 [   65.	15487.	    1.	    0.	    0.]
 [    6.	   31.	  706.	    0.	    0.]
 [    0.	    0.	    0.	    0.	    0.]
 [    0.	    0.	    0.	    0.	 4560.]
2026-01-29 22:26:11,896 - INFO - Change Type PA (Recall) Matrix
 [[0.    	0.9853	0.9091	0.    	0.    ]
 [0.9367	0.    	0.9474	0.    	0.    ]
 [0.    	0.    	0.    	0.    	0.    ]
 [0.    	0.    	0.    	0.    	0.    ]
 [0.    	0.    	0.    	0.    	0.    ]]
2026-01-29 22:26:11,896 - INFO - Change Type UA (Precision) Matrix
 [[0.    	0.971 	0.9756	0.    	0.    ]
 [0.9136	0.    	0.9474	0.    	0.    ]
 [0.    	0.    	0.    	0.    	0.    ]
 [0.    	0.    	0.    	0.    	0.    ]
 [0.    	0.    	0.    	0.    	0.    ]]
2026-01-29 22:26:11,896 - INFO - Change Type F1 Matrix
 [[0.    	0.9781	0.9412	0.    	0.    ]
 [0.925 	0.    	0.9474	0.    	0.    ]
 [0.    	0.    	0.    	0.    	0.    ]
 [0.    	0.    	0.    	0.    	0.    ]
 [0.    	0.    	0.    	0.    	0.    ]]
2026-01-29 22:26:11,896 - INFO - Epoch 0 saved.
