2026-01-29 22:26:12,052 - INFO - Epoch 0, Train loss: 0.0
2026-01-29 22:26:12,052 - INFO - mIoU: 0.9519; OA: 0.9886; AA: 0.9657; F1: 0.975; Kappa: 0.9758;
2026-01-29 22:26:12,052 - INFO - spatial_LccAccuracy: 0.8807; spatial_PA: 0.999; spatial_UA: 0.9919; spatial_F1: 0.9954; weighted_F1: 0.9604
2026-01-29 22:26:12,052 - INFO - temporal_CdAccuracy: 0.8807; temporal_PA: 0.9594; temporal_UA: 0.9753; temporal_F1: 0.9673
2026-01-29 22:26:12,052 - INFO - Confusion Matrix
 [11839.	  259.	    0.	    0.	    0.]
 [  100.	20368.	    3.	    0.	    0.]
 [    0.	   10.	  121.	    0.	    0.]
 [    0.	    0.	    0.	    0.	    0.]
 [    0.	    0.	    0.	    0.	    0.]
2026-01-29 22:26:12,052 - INFO - Change Type PA (Recall) Matrix
 [[0.    	0.9577	0.    	0.    	0.    ]
 [0.913 	0.    	1.    	0.    	0.    ]
 [1.    	1.    	0.    	0.    	0.    ]
 [0.    	0.    	0.    	0.    	0.    ]
 [0.    	0.    	0.    	0.    	0.    ]]
2026-01-29 22:26:12,052 - INFO - Change Type UA (Precision) Matrix
 [[0.    	0.9827	0.    	0.    	0.    ]
 [0.9703	0.    	0.8333	0.    	0.    ]
 [1.    	0.6667	0.    	0.    	0.    ]
 [0.    	0.    	0.    	0.    	0.    ]
 [0.    	0.    	0.    	0.    	0.    ]]
2026-01-29 22:26:12,052 - INFO - Change Type F1 Matrix
 [[0.    	0.97  	0.    	0.    	0.    ]
 [0.9408	0.    	0.9091	0.    	0.    ]
 [1.    	0.8   	0.    	0.    	0.    ]
 [0.    	0.    	0.    	0.    	0.    ]
 [0.    	0.    	0.    	0.    	0.    ]]
2026-01-29 22:26:12,052 - INFO - Epoch 0 saved.
