2026-01-29 22:26:12,158 - INFO - Epoch 0, Train loss: 0.0
2026-01-29 22:26:12,158 - INFO - mIoU: 0.9964; OA: 0.9992; AA: 0.9977; F1: 0.9982; Kappa: 0.9974;
2026-01-29 22:26:12,158 - INFO - spatial_LccAccuracy: 0.9946; spatial_PA: 1.0; spatial_UA: 1.0; spatial_F1: 1.0; weighted_F1: 0.9975
2026-01-29 22:26:12,158 - INFO - temporal_CdAccuracy: 0.9973; temporal_PA: 0.9987; temporal_UA: 0.9987; temporal_F1: 0.9987
2026-01-29 22:26:12,158 - INFO - Confusion Matrix
 [18122.	    7.	    0.	    0.	    0.]
 [    6.	 2991.	    0.	    0.	    0.]
 [    0.	    0.	    0.	    0.	    0.]
 [    2.	    3.	    0.	 1069.	    0.]
 [    0.	    0.	    0.	    0.	    0.]
2026-01-29 22:26:12,158 - INFO - Change Type PA (Recall) Matrix
 [[0.    	1.    	0.    	0.9941	0.    ]
 [1.    	0.    	0.    	0.    	0.    ]
 [0.    	0.    	0.    	0.    	0.    ]
 [0.    	1.    	0.    	0.    	0.    ]
 [0.    	0.    	0.    	0.    	0.    ]]
2026-01-29 22:26:12,158 - INFO - Change Type UA (Precision) Matrix
 [[0.    	0.9924	0.    	1.    	0.    ]
 [1.    	0.    	0.    	0.    	0.    ]
 [0.    	0.    	0.    	0.    	0.    ]
 [0.    	1.    	0.    	0.    	0.    ]
 [0.    	0.    	0.    	0.    	0.    ]]
2026-01-29 22:26:12,158 - INFO - Change Type F1 Matrix
 [[0.    	0.9962	0.    	0.9971	0.    ]
 [1.    	0.    	0.    	0.    	0.    ]
 [0.    	0.    	0.    	0.    	0.    ]
 [0.    	1.    	0.    	0.    	0.    ]
 [0.    	0.    	0.    	0.    	0.    ]]
2026-01-29 22:26:12,158 - INFO - Epoch 0 saved.
