2026-01-29 17:01:21,504 - INFO - Epoch 0, Train loss: 0.0
2026-01-29 17:01:21,504 - INFO - mIoU: 0.9355; OA: 0.9732; AA: 0.9605; F1: 0.9659; Kappa: 0.954;
2026-01-29 17:01:21,505 - INFO - spatial_LccAccuracy: 0.8014; spatial_PA: 0.9622; spatial_UA: 0.9876; spatial_F1: 0.9747; weighted_F1: 0.8768
2026-01-29 17:01:21,505 - INFO - temporal_CdAccuracy: 0.8076; temporal_PA: 0.9305; temporal_UA: 0.9164; temporal_F1: 0.9234
2026-01-29 17:01:21,505 - INFO - Confusion Matrix
 [77714.	 1054.	    4.	    7.	   85.]
 [ 2202.	57825.	  146.	   23.	   66.]
 [    1.	  364.	 2686.	    0.	    0.]
 [    1.	    8.	    0.	 1506.	    0.]
 [   23.	  167.	    0.	    0.	11098.]
2026-01-29 17:01:21,506 - INFO - Change Type PA (Recall) Matrix
 [[0.    	0.9262	0.8992	0.9498	0.    ]
 [0.833 	0.    	0.518 	0.    	0.7636]
 [0.    	0.9756	0.    	0.    	0.    ]
 [0.    	0.9495	0.    	0.    	0.    ]
 [0.    	0.    	0.    	0.    	0.    ]]
2026-01-29 17:01:21,507 - INFO - Change Type UA (Precision) Matrix
 [[0.    	0.8917	0.8992	0.9318	0.    ]
 [0.7655	0.    	0.7579	0.    	0.7   ]
 [0.    	0.8333	0.    	0.    	0.    ]
 [0.    	0.9495	0.    	0.    	0.    ]
 [0.    	0.    	0.    	0.    	0.    ]]
2026-01-29 17:01:21,507 - INFO - Change Type F1 Matrix
 [[0.    	0.9086	0.8992	0.9407	0.    ]
 [0.7978	0.    	0.6154	0.    	0.7304]
 [0.    	0.8989	0.    	0.    	0.    ]
 [0.    	0.9495	0.    	0.    	0.    ]
 [0.    	0.    	0.    	0.    	0.    ]]
2026-01-29 17:01:21,508 - INFO - Epoch 0 saved.
