2026-01-29 17:01:14,231 - INFO - Epoch 0, Train loss: 0.0
2026-01-29 17:01:14,231 - INFO - mIoU: 0.9321; OA: 0.9732; AA: 0.9556; F1: 0.9641; Kappa: 0.954;
2026-01-29 17:01:14,231 - INFO - spatial_LccAccuracy: 0.7944; spatial_PA: 0.9615; spatial_UA: 0.9823; spatial_F1: 0.9718; weighted_F1: 0.8694
2026-01-29 17:01:14,232 - INFO - temporal_CdAccuracy: 0.8022; temporal_PA: 0.92; temporal_UA: 0.9143; temporal_F1: 0.9171
2026-01-29 17:01:14,232 - INFO - Confusion Matrix
 [77648.	 1149.	    0.	   11.	   56.]
 [ 2080.	58002.	  119.	   23.	   38.]
 [    1.	  410.	 2638.	    2.	    0.]
 [    5.	   14.	    0.	 1496.	    0.]
 [   42.	  196.	    3.	    0.	11047.]
2026-01-29 17:01:14,233 - INFO - Change Type PA (Recall) Matrix
 [[0.    	0.9208	0.8605	0.9266	0.    ]
 [0.7749	0.    	0.5396	0.    	0.7636]
 [0.    	1.    	0.    	0.    	0.    ]
 [0.    	0.9394	0.    	0.    	0.    ]
 [0.    	0.    	0.    	0.    	0.    ]]
2026-01-29 17:01:14,234 - INFO - Change Type UA (Precision) Matrix
 [[0.    	0.8892	0.9174	0.9091	0.    ]
 [0.7734	0.    	0.7732	0.    	0.7636]
 [0.    	0.8367	0.    	0.    	0.    ]
 [0.    	0.9394	0.    	0.    	0.    ]
 [0.    	0.    	0.    	0.    	0.    ]]
2026-01-29 17:01:14,234 - INFO - Change Type F1 Matrix
 [[0.    	0.9048	0.888 	0.9178	0.    ]
 [0.7741	0.    	0.6356	0.    	0.7636]
 [0.    	0.9111	0.    	0.    	0.    ]
 [0.    	0.9394	0.    	0.    	0.    ]
 [0.    	0.    	0.    	0.    	0.    ]]
2026-01-29 17:01:14,235 - INFO - Epoch 0 saved.
