2026-01-29 17:01:11,609 - INFO - Epoch 0, Train loss: 0.0
2026-01-29 17:01:11,609 - INFO - mIoU: 0.935; OA: 0.9719; AA: 0.9639; F1: 0.9658; Kappa: 0.9518;
2026-01-29 17:01:11,610 - INFO - spatial_LccAccuracy: 0.7816; spatial_PA: 0.9487; spatial_UA: 0.9821; spatial_F1: 0.9651; weighted_F1: 0.8663
2026-01-29 17:01:11,610 - INFO - temporal_CdAccuracy: 0.7875; temporal_PA: 0.9241; temporal_UA: 0.9052; temporal_F1: 0.9146
2026-01-29 17:01:11,610 - INFO - Confusion Matrix
 [77739.	 1050.	    1.	   23.	   51.]
 [ 2482.	57493.	  164.	   29.	   94.]
 [    7.	  306.	 2738.	    0.	    0.]
 [    4.	    4.	    0.	 1507.	    0.]
 [    9.	  129.	    0.	    0.	11150.]
2026-01-29 17:01:11,611 - INFO - Change Type PA (Recall) Matrix
 [[0.    	0.9171	0.9225	0.9344	0.    ]
 [0.8049	0.    	0.6115	0.    	0.7636]
 [0.    	1.    	0.    	0.    	0.    ]
 [0.    	0.9495	0.    	0.    	0.    ]
 [0.    	0.    	0.    	0.    	0.    ]]
2026-01-29 17:01:11,611 - INFO - Change Type UA (Precision) Matrix
 [[0.    	0.8819	0.8881	0.88  	0.    ]
 [0.7358	0.    	0.787 	0.    	0.75  ]
 [0.    	0.7069	0.    	0.    	0.    ]
 [0.    	0.94  	0.    	0.    	0.    ]
 [0.    	0.    	0.    	0.    	0.    ]]
2026-01-29 17:01:11,612 - INFO - Change Type F1 Matrix
 [[0.    	0.8992	0.9049	0.9064	0.    ]
 [0.7688	0.    	0.6883	0.    	0.7568]
 [0.    	0.8283	0.    	0.    	0.    ]
 [0.    	0.9447	0.    	0.    	0.    ]
 [0.    	0.    	0.    	0.    	0.    ]]
2026-01-29 17:01:11,612 - INFO - Epoch 0 saved.
