2026-01-29 17:01:19,031 - INFO - Epoch 0, Train loss: 0.0
2026-01-29 17:01:19,031 - INFO - mIoU: 0.9326; OA: 0.9728; AA: 0.9566; F1: 0.9644; Kappa: 0.9533;
2026-01-29 17:01:19,032 - INFO - spatial_LccAccuracy: 0.7929; spatial_PA: 0.9593; spatial_UA: 0.986; spatial_F1: 0.9725; weighted_F1: 0.8726
2026-01-29 17:01:19,032 - INFO - temporal_CdAccuracy: 0.7998; temporal_PA: 0.9246; temporal_UA: 0.9077; temporal_F1: 0.9161
2026-01-29 17:01:19,032 - INFO - Confusion Matrix
 [77747.	 1013.	    0.	   11.	   93.]
 [ 2284.	57737.	  109.	   21.	  111.]
 [   12.	  405.	 2634.	    0.	    0.]
 [   10.	    9.	    0.	 1496.	    0.]
 [   25.	  109.	    0.	    0.	11154.]
2026-01-29 17:01:19,033 - INFO - Change Type PA (Recall) Matrix
 [[0.    	0.9305	0.8295	0.9459	0.    ]
 [0.8143	0.    	0.5468	0.    	0.8   ]
 [0.    	0.9268	0.    	0.    	0.    ]
 [0.    	0.9697	0.    	0.    	0.    ]
 [0.    	0.    	0.    	0.    	0.    ]]
2026-01-29 17:01:19,033 - INFO - Change Type UA (Precision) Matrix
 [[0.    	0.8821	0.964 	0.9351	0.    ]
 [0.7457	0.    	0.7103	0.    	0.7097]
 [0.    	0.9048	0.    	0.    	0.    ]
 [0.    	0.96  	0.    	0.    	0.    ]
 [0.    	0.    	0.    	0.    	0.    ]]
2026-01-29 17:01:19,034 - INFO - Change Type F1 Matrix
 [[0.    	0.9057	0.8917	0.9405	0.    ]
 [0.7785	0.    	0.6179	0.    	0.7521]
 [0.    	0.9157	0.    	0.    	0.    ]
 [0.    	0.9648	0.    	0.    	0.    ]
 [0.    	0.    	0.    	0.    	0.    ]]
2026-01-29 17:01:19,034 - INFO - Epoch 0 saved.
