2026-01-29 17:02:02,151 - INFO - Epoch 0, Train loss: 0.0
2026-01-29 17:02:02,151 - INFO - mIoU: 0.9366; OA: 0.9767; AA: 0.9602; F1: 0.9667; Kappa: 0.96;
2026-01-29 17:02:02,151 - INFO - spatial_LccAccuracy: 0.8184; spatial_PA: 0.9592; spatial_UA: 0.9886; spatial_F1: 0.9737; weighted_F1: 0.8843
2026-01-29 17:02:02,151 - INFO - temporal_CdAccuracy: 0.8227; temporal_PA: 0.9363; temporal_UA: 0.9151; temporal_F1: 0.9256
2026-01-29 17:02:02,152 - INFO - Confusion Matrix
 [77882.	  894.	    1.	   21.	   66.]
 [ 1925.	58177.	  102.	   17.	   41.]
 [    4.	  350.	 2691.	    1.	    5.]
 [    8.	   19.	    0.	 1485.	    3.]
 [   36.	  106.	    3.	   14.	11129.]
2026-01-29 17:02:02,153 - INFO - Change Type PA (Recall) Matrix
 [[0.    	0.9451	0.8992	0.9537	0.    ]
 [0.8368	0.    	0.5324	0.    	0.7273]
 [0.    	0.9512	0.    	0.    	0.    ]
 [0.    	0.9697	0.    	0.    	0.    ]
 [0.    	0.    	0.    	0.    	0.    ]]
2026-01-29 17:02:02,154 - INFO - Change Type UA (Precision) Matrix
 [[0.    	0.8909	0.9831	0.95  	0.    ]
 [0.7585	0.    	0.7048	0.    	0.7843]
 [0.    	0.7959	0.    	0.    	0.    ]
 [0.    	0.96  	0.    	0.    	0.    ]
 [0.    	0.    	0.    	0.    	0.    ]]
2026-01-29 17:02:02,155 - INFO - Change Type F1 Matrix
 [[0.    	0.9172	0.9393	0.9518	0.    ]
 [0.7957	0.    	0.6066	0.    	0.7547]
 [0.    	0.8667	0.    	0.    	0.    ]
 [0.    	0.9648	0.    	0.    	0.    ]
 [0.    	0.    	0.    	0.    	0.    ]]
2026-01-29 17:02:02,155 - INFO - Epoch 0 saved.
