2026-01-29 17:02:11,788 - INFO - Epoch 0, Train loss: 0.0
2026-01-29 17:02:11,788 - INFO - mIoU: 0.9351; OA: 0.9768; AA: 0.9609; F1: 0.9658; Kappa: 0.9602;
2026-01-29 17:02:11,789 - INFO - spatial_LccAccuracy: 0.8138; spatial_PA: 0.9618; spatial_UA: 0.9893; spatial_F1: 0.9753; weighted_F1: 0.887
2026-01-29 17:02:11,789 - INFO - temporal_CdAccuracy: 0.8169; temporal_PA: 0.9329; temporal_UA: 0.9174; temporal_F1: 0.9251
2026-01-29 17:02:11,789 - INFO - Confusion Matrix
 [77827.	  965.	    1.	   42.	   29.]
 [ 1777.	58317.	  133.	   12.	   23.]
 [    7.	  361.	 2682.	    1.	    0.]
 [    5.	    7.	    2.	 1501.	    0.]
 [   44.	  171.	    1.	   10.	11062.]
2026-01-29 17:02:11,790 - INFO - Change Type PA (Recall) Matrix
 [[0.    	0.9445	0.9225	0.9498	0.    ]
 [0.8274	0.    	0.4892	0.    	0.8545]
 [0.    	0.9512	0.    	0.    	0.    ]
 [0.    	0.9596	0.    	0.    	0.    ]
 [0.    	0.    	0.    	0.    	0.    ]]
2026-01-29 17:02:11,791 - INFO - Change Type UA (Precision) Matrix
 [[0.    	0.9023	0.9597	0.8945	0.    ]
 [0.7932	0.    	0.6939	0.    	0.7705]
 [0.    	0.8298	0.    	0.    	0.    ]
 [0.    	0.9406	0.    	0.    	0.    ]
 [0.    	0.    	0.    	0.    	0.    ]]
2026-01-29 17:02:11,792 - INFO - Change Type F1 Matrix
 [[0.    	0.9229	0.9407	0.9213	0.    ]
 [0.8099	0.    	0.5738	0.    	0.8103]
 [0.    	0.8864	0.    	0.    	0.    ]
 [0.    	0.95  	0.    	0.    	0.    ]
 [0.    	0.    	0.    	0.    	0.    ]]
2026-01-29 17:02:11,792 - INFO - Epoch 0 saved.
