2026-01-29 22:26:10,227 - INFO - Epoch 0, Train loss: 0.0
2026-01-29 22:26:10,228 - INFO - mIoU: 0.8467; OA: 0.9486; AA: 0.8922; F1: 0.9145; Kappa: 0.9021;
2026-01-29 22:26:10,228 - INFO - spatial_LccAccuracy: 0.743; spatial_PA: 0.7018; spatial_UA: 0.9667; spatial_F1: 0.8132; weighted_F1: 0.861
2026-01-29 22:26:10,228 - INFO - temporal_CdAccuracy: 0.743; temporal_PA: 0.9162; temporal_UA: 0.844; temporal_F1: 0.8786
2026-01-29 22:26:10,228 - INFO - Confusion Matrix
 [14063.	  201.	    0.	    0.	   17.]
 [ 1163.	15533.	    0.	    0.	   35.]
 [    0.	    0.	    0.	    0.	    0.]
 [    0.	    0.	    0.	    0.	    0.]
 [   39.	  190.	    0.	    0.	  739.]
2026-01-29 22:26:10,228 - INFO - Change Type PA (Recall) Matrix
 [[0.    	0.9595	0.    	0.    	0.    ]
 [0.4091	0.    	0.    	0.    	0.8   ]
 [0.    	0.    	0.    	0.    	0.    ]
 [0.    	0.    	0.    	0.    	0.    ]
 [0.    	0.    	0.    	0.    	0.    ]]
2026-01-29 22:26:10,228 - INFO - Change Type UA (Precision) Matrix
 [[0.    	0.8475	0.    	0.    	0.    ]
 [0.1475	0.    	0.    	0.    	0.7719]
 [0.    	0.    	0.    	0.    	0.    ]
 [0.    	0.    	0.    	0.    	0.    ]
 [0.    	0.    	0.    	0.    	0.    ]]
2026-01-29 22:26:10,228 - INFO - Change Type F1 Matrix
 [[0.    	0.9   	0.    	0.    	0.    ]
 [0.2169	0.    	0.    	0.    	0.7857]
 [0.    	0.    	0.    	0.    	0.    ]
 [0.    	0.    	0.    	0.    	0.    ]
 [0.    	0.    	0.    	0.    	0.    ]]
2026-01-29 22:26:10,228 - INFO - Epoch 0 saved.
