2026-01-29 22:26:10,605 - INFO - Epoch 0, Train loss: 0.0
2026-01-29 22:26:10,605 - INFO - mIoU: 0.7117; OA: 0.9879; AA: 0.9692; F1: 0.9734; Kappa: 0.9743;
2026-01-29 22:26:10,605 - INFO - spatial_LccAccuracy: 0.8936; spatial_PA: 1.0; spatial_UA: 1.0; spatial_F1: 1.0; weighted_F1: 0.9705
2026-01-29 22:26:10,605 - INFO - temporal_CdAccuracy: 0.8936; temporal_PA: 0.9673; temporal_UA: 0.9686; temporal_F1: 0.9679
2026-01-29 22:26:10,605 - INFO - Confusion Matrix
 [11952.	  145.	    0.	    0.	    1.]
 [  236.	20230.	    5.	    0.	    0.]
 [    0.	    9.	  122.	    0.	    0.]
 [    0.	    0.	    0.	    0.	    0.]
 [    0.	    0.	    0.	    0.	    0.]
2026-01-29 22:26:10,605 - INFO - Change Type PA (Recall) Matrix
 [[0.    	0.9789	0.    	0.    	0.    ]
 [0.9565	0.    	0.6   	0.    	0.    ]
 [1.    	0.5   	0.    	0.    	0.    ]
 [0.    	0.    	0.    	0.    	0.    ]
 [0.    	0.    	0.    	0.    	0.    ]]
2026-01-29 22:26:10,605 - INFO - Change Type UA (Precision) Matrix
 [[0.    	0.9789	0.    	0.    	0.    ]
 [0.9625	0.    	0.75  	0.    	0.    ]
 [1.    	0.5   	0.    	0.    	0.    ]
 [0.    	0.    	0.    	0.    	0.    ]
 [0.    	0.    	0.    	0.    	0.    ]]
2026-01-29 22:26:10,605 - INFO - Change Type F1 Matrix
 [[0.    	0.9789	0.    	0.    	0.    ]
 [0.9595	0.    	0.6667	0.    	0.    ]
 [1.    	0.5   	0.    	0.    	0.    ]
 [0.    	0.    	0.    	0.    	0.    ]
 [0.    	0.    	0.    	0.    	0.    ]]
2026-01-29 22:26:10,605 - INFO - Epoch 0 saved.
