2026-01-29 22:26:10,768 - INFO - Epoch 0, Train loss: 0.0
2026-01-29 22:26:10,768 - INFO - mIoU: 0.9501; OA: 0.9755; AA: 0.9733; F1: 0.9741; Kappa: 0.9549;
2026-01-29 22:26:10,768 - INFO - spatial_LccAccuracy: 0.8393; spatial_PA: 1.0; spatial_UA: 1.0; spatial_F1: 1.0; weighted_F1: 0.9097
2026-01-29 22:26:10,768 - INFO - temporal_CdAccuracy: 0.8393; temporal_PA: 0.9373; temporal_UA: 0.9103; temporal_F1: 0.9236
2026-01-29 22:26:10,768 - INFO - Confusion Matrix
 [7078.	  93.	   0.	   0.	   0.]
 [ 173.	5329.	  27.	   1.	   0.]
 [   0.	  35.	 573.	   0.	   0.]
 [   0.	   0.	   0.	 131.	   0.]
 [   0.	   0.	   0.	   0.	   0.]
2026-01-29 22:26:10,768 - INFO - Change Type PA (Recall) Matrix
 [[0.    	0.9556	0.5   	1.    	0.    ]
 [0.9348	0.    	0.8684	0.    	0.    ]
 [0.    	0.9474	0.    	0.    	0.    ]
 [0.    	0.    	0.    	0.    	0.    ]
 [0.    	0.    	0.    	0.    	0.    ]]
2026-01-29 22:26:10,768 - INFO - Change Type UA (Precision) Matrix
 [[0.    	0.9198	1.    	1.    	0.    ]
 [0.7679	0.    	0.7857	0.    	0.    ]
 [0.    	0.9474	0.    	0.    	0.    ]
 [0.    	0.    	0.    	0.    	0.    ]
 [0.    	0.    	0.    	0.    	0.    ]]
2026-01-29 22:26:10,768 - INFO - Change Type F1 Matrix
 [[0.    	0.9373	0.6667	1.    	0.    ]
 [0.8431	0.    	0.825 	0.    	0.    ]
 [0.    	0.9474	0.    	0.    	0.    ]
 [0.    	0.    	0.    	0.    	0.    ]
 [0.    	0.    	0.    	0.    	0.    ]]
2026-01-29 22:26:10,768 - INFO - Epoch 0 saved.
