2026-01-29 17:01:59,926 - INFO - Epoch 0, Train loss: 0.0
2026-01-29 17:01:59,927 - INFO - mIoU: 0.626; OA: 0.9447; AA: 0.8965; F1: 0.9069; Kappa: 0.895;
2026-01-29 17:01:59,927 - INFO - spatial_LccAccuracy: 0.7129; spatial_PA: 0.7105; spatial_UA: 0.9676; spatial_F1: 0.8194; weighted_F1: 0.8509
2026-01-29 17:01:59,927 - INFO - temporal_CdAccuracy: 0.7129; temporal_PA: 0.9012; temporal_UA: 0.8307; temporal_F1: 0.8645
2026-01-29 17:01:59,927 - INFO - Confusion Matrix
 [13971.	  259.	    0.	    0.	   51.]
 [ 1179.	15479.	    6.	    0.	   67.]
 [    0.	    0.	    0.	    0.	    0.]
 [    0.	    0.	    0.	    0.	    0.]
 [   57.	  150.	    0.	    0.	  761.]
2026-01-29 17:01:59,928 - INFO - Change Type PA (Recall) Matrix
 [[0.    	0.9574	0.    	0.    	0.    ]
 [0.2273	0.    	0.    	0.    	0.7455]
 [0.    	0.    	0.    	0.    	0.    ]
 [0.    	0.    	0.    	0.    	0.    ]
 [0.    	0.    	0.    	0.    	0.    ]]
2026-01-29 17:01:59,929 - INFO - Change Type UA (Precision) Matrix
 [[0.    	0.8424	0.    	0.    	0.    ]
 [0.0758	0.    	0.    	0.    	0.7736]
 [0.    	0.    	0.    	0.    	0.    ]
 [0.    	0.    	0.    	0.    	0.    ]
 [0.    	0.    	0.    	0.    	0.    ]]
2026-01-29 17:01:59,930 - INFO - Change Type F1 Matrix
 [[0.    	0.8962	0.    	0.    	0.    ]
 [0.1136	0.    	0.    	0.    	0.7593]
 [0.    	0.    	0.    	0.    	0.    ]
 [0.    	0.    	0.    	0.    	0.    ]
 [0.    	0.    	0.    	0.    	0.    ]]
2026-01-29 17:01:59,930 - INFO - Epoch 0 saved.
