2026-01-29 17:02:00,720 - INFO - Epoch 0, Train loss: 0.0
2026-01-29 17:02:00,721 - INFO - mIoU: 0.9745; OA: 0.989; AA: 0.9889; F1: 0.9871; Kappa: 0.9766;
2026-01-29 17:02:00,721 - INFO - spatial_LccAccuracy: 0.8917; spatial_PA: 1.0; spatial_UA: 1.0; spatial_F1: 1.0; weighted_F1: 0.9727
2026-01-29 17:02:00,721 - INFO - temporal_CdAccuracy: 0.8917; temporal_PA: 0.9646; temporal_UA: 0.9752; temporal_F1: 0.9699
2026-01-29 17:02:00,721 - INFO - Confusion Matrix
 [11854.	  244.	    0.	    0.	    0.]
 [  112.	20356.	    3.	    0.	    0.]
 [    0.	    1.	  130.	    0.	    0.]
 [    0.	    0.	    0.	    0.	    0.]
 [    0.	    0.	    0.	    0.	    0.]
2026-01-29 17:02:00,723 - INFO - Change Type PA (Recall) Matrix
 [[0.    	0.9704	0.    	0.    	0.    ]
 [0.941 	0.    	1.    	0.    	0.    ]
 [1.    	1.    	0.    	0.    	0.    ]
 [0.    	0.    	0.    	0.    	0.    ]
 [0.    	0.    	0.    	0.    	0.    ]]
2026-01-29 17:02:00,723 - INFO - Change Type UA (Precision) Matrix
 [[0.    	0.9871	0.    	0.    	0.    ]
 [0.9774	0.    	1.    	0.    	0.    ]
 [1.    	1.    	0.    	0.    	0.    ]
 [0.    	0.    	0.    	0.    	0.    ]
 [0.    	0.    	0.    	0.    	0.    ]]
2026-01-29 17:02:00,724 - INFO - Change Type F1 Matrix
 [[0.    	0.9787	0.    	0.    	0.    ]
 [0.9589	0.    	1.    	0.    	0.    ]
 [1.    	1.    	0.    	0.    	0.    ]
 [0.    	0.    	0.    	0.    	0.    ]
 [0.    	0.    	0.    	0.    	0.    ]]
2026-01-29 17:02:00,724 - INFO - Epoch 0 saved.
