2026-01-29 17:02:01,073 - INFO - Epoch 0, Train loss: 0.0
2026-01-29 17:02:01,074 - INFO - mIoU: 0.9496; OA: 0.9769; AA: 0.9746; F1: 0.9738; Kappa: 0.9574;
2026-01-29 17:02:01,075 - INFO - spatial_LccAccuracy: 0.8661; spatial_PA: 1.0; spatial_UA: 1.0; spatial_F1: 1.0; weighted_F1: 0.8917
2026-01-29 17:02:01,075 - INFO - temporal_CdAccuracy: 0.8661; temporal_PA: 0.9626; temporal_UA: 0.9187; temporal_F1: 0.9401
2026-01-29 17:02:01,075 - INFO - Confusion Matrix
 [7068.	 103.	   0.	   0.	   0.]
 [ 140.	5356.	  34.	   0.	   0.]
 [   0.	  33.	 574.	   1.	   0.]
 [   0.	   0.	   0.	 131.	   0.]
 [   0.	   0.	   0.	   0.	   0.]
2026-01-29 17:02:01,076 - INFO - Change Type PA (Recall) Matrix
 [[0.    	0.9611	0.5   	1.    	0.    ]
 [0.9783	0.    	0.7632	0.    	0.    ]
 [0.    	0.9474	0.    	0.    	0.    ]
 [0.    	0.    	0.    	0.    	0.    ]
 [0.    	0.    	0.    	0.    	0.    ]]
2026-01-29 17:02:01,077 - INFO - Change Type UA (Precision) Matrix
 [[0.    	0.9058	0.2   	1.    	0.    ]
 [0.6923	0.    	0.7436	0.    	0.    ]
 [0.    	1.    	0.    	0.    	0.    ]
 [0.    	0.    	0.    	0.    	0.    ]
 [0.    	0.    	0.    	0.    	0.    ]]
2026-01-29 17:02:01,078 - INFO - Change Type F1 Matrix
 [[0.    	0.9326	0.2857	1.    	0.    ]
 [0.8108	0.    	0.7532	0.    	0.    ]
 [0.    	0.973 	0.    	0.    	0.    ]
 [0.    	0.    	0.    	0.    	0.    ]
 [0.    	0.    	0.    	0.    	0.    ]]
2026-01-29 17:02:01,078 - INFO - Epoch 0 saved.
