2026-03-19 14:42:54,770 - INFO - Epoch 0, Train loss: 0.0
2026-03-19 14:42:54,771 - INFO - mIoU: 0.8525; OA: 0.9604; AA: 0.9048; F1: 0.9181; cls_weighted_F1: 0.9603; Kappa: 0.9256;
2026-03-19 14:42:54,771 - INFO - spatial_LccAccuracy: 0.7722; spatial_PA: 0.8539; spatial_UA: 0.921; spatial_F1: 0.8862; weighted_F1: 0.921
2026-03-19 14:42:54,772 - INFO - temporal_CdAccuracy: 0.7722; temporal_PA: 0.9175; temporal_UA: 0.8701; temporal_F1: 0.8932
2026-03-19 14:42:54,772 - INFO - Confusion Matrix
 [15036.	  576.	    0.	    0.	   13.]
 [  523.	17020.	   41.	    0.	   30.]
 [    0.	   51.	  242.	    0.	    0.]
 [    0.	    0.	    0.	    0.	    0.]
 [    2.	  129.	    0.	    0.	  837.]
2026-03-19 14:42:54,773 - INFO - Change Type PA (Recall) Matrix
 [[0.    	0.9667	0.    	0.    	0.    ]
 [0.8636	0.    	1.    	0.    	0.8727]
 [0.    	1.    	0.    	0.    	0.    ]
 [0.    	0.    	0.    	0.    	0.    ]
 [0.    	0.    	0.    	0.    	0.    ]]
2026-03-19 14:42:54,774 - INFO - Change Type UA (Precision) Matrix
 [[0.    	0.9081	0.    	0.    	0.    ]
 [0.3333	0.    	0.9545	0.    	0.8276]
 [0.    	1.    	0.    	0.    	0.    ]
 [0.    	0.    	0.    	0.    	0.    ]
 [0.    	0.    	0.    	0.    	0.    ]]
2026-03-19 14:42:54,775 - INFO - Change Type F1 Matrix
 [[0.    	0.9365	0.    	0.    	0.    ]
 [0.481 	0.    	0.9767	0.    	0.8496]
 [0.    	1.    	0.    	0.    	0.    ]
 [0.    	0.    	0.    	0.    	0.    ]
 [0.    	0.    	0.    	0.    	0.    ]]
2026-03-19 14:42:54,775 - INFO - Epoch 0 saved.
