2026-03-19 14:42:55,269 - INFO - Epoch 0, Train loss: 0.0
2026-03-19 14:42:55,270 - INFO - mIoU: 0.9568; OA: 0.9902; AA: 0.9822; F1: 0.9776; cls_weighted_F1: 0.9902; Kappa: 0.9829;
2026-03-19 14:42:55,270 - INFO - spatial_LccAccuracy: 0.9266; spatial_PA: 0.984; spatial_UA: 0.9917; spatial_F1: 0.9878; weighted_F1: 0.9254
2026-03-19 14:42:55,270 - INFO - temporal_CdAccuracy: 0.9307; temporal_PA: 0.9832; temporal_UA: 0.9558; temporal_F1: 0.9693
2026-03-19 14:42:55,270 - INFO - Confusion Matrix
 [24618.	  192.	    2.	    1.	    0.]
 [  150.	12772.	   62.	    0.	    0.]
 [    9.	    7.	  926.	    0.	    0.]
 [    1.	    0.	    0.	   20.	    0.]
 [    0.	    0.	    0.	    0.	 4560.]
2026-03-19 14:42:55,270 - INFO - Change Type PA (Recall) Matrix
 [[0.    	0.9651	0.878 	0.7143	0.    ]
 [0.9726	0.    	0.9178	0.    	0.    ]
 [0.    	1.    	0.    	0.    	0.    ]
 [0.    	0.    	0.    	0.    	0.    ]
 [0.    	0.    	0.    	0.    	0.    ]]
2026-03-19 14:42:55,270 - INFO - Change Type UA (Precision) Matrix
 [[0.    	0.9404	0.766 	0.7143	0.    ]
 [0.7889	0.    	0.8701	0.    	0.    ]
 [0.    	0.6667	0.    	0.    	0.    ]
 [0.    	0.    	0.    	0.    	0.    ]
 [0.    	0.    	0.    	0.    	0.    ]]
2026-03-19 14:42:55,271 - INFO - Change Type F1 Matrix
 [[0.    	0.9526	0.8182	0.7143	0.    ]
 [0.8712	0.    	0.8933	0.    	0.    ]
 [0.    	0.8   	0.    	0.    	0.    ]
 [0.    	0.    	0.    	0.    	0.    ]
 [0.    	0.    	0.    	0.    	0.    ]]
2026-03-19 14:42:55,271 - INFO - Epoch 0 saved.
