2026-03-19 14:42:55,624 - INFO - Epoch 0, Train loss: 0.0
2026-03-19 14:42:55,624 - INFO - mIoU: 0.8676; OA: 0.9773; AA: 0.9154; F1: 0.9239; cls_weighted_F1: 0.9772; Kappa: 0.9536;
2026-03-19 14:42:55,624 - INFO - spatial_LccAccuracy: 0.7761; spatial_PA: 1.0; spatial_UA: 1.0; spatial_F1: 1.0; weighted_F1: 0.9286
2026-03-19 14:42:55,625 - INFO - temporal_CdAccuracy: 0.7761; temporal_PA: 0.9424; temporal_UA: 0.9421; temporal_F1: 0.9423
2026-03-19 14:42:55,625 - INFO - Confusion Matrix
 [14237.	  565.	    0.	    0.	    0.]
 [  147.	21380.	   52.	    0.	    0.]
 [    0.	   70.	  269.	    0.	    0.]
 [    0.	    0.	    0.	    0.	    0.]
 [    0.	    0.	    0.	    0.	    0.]
2026-03-19 14:42:55,626 - INFO - Change Type PA (Recall) Matrix
 [[0.    	0.9373	0.    	0.    	0.    ]
 [0.9068	0.    	0.9273	0.    	0.    ]
 [0.    	1.    	0.    	0.    	0.    ]
 [0.    	0.    	0.    	0.    	0.    ]
 [0.    	0.    	0.    	0.    	0.    ]]
2026-03-19 14:42:55,626 - INFO - Change Type UA (Precision) Matrix
 [[0.    	0.9467	0.    	0.    	0.    ]
 [0.8898	0.    	0.9444	0.    	0.    ]
 [0.    	0.8421	0.    	0.    	0.    ]
 [0.    	0.    	0.    	0.    	0.    ]
 [0.    	0.    	0.    	0.    	0.    ]]
2026-03-19 14:42:55,627 - INFO - Change Type F1 Matrix
 [[0.    	0.942 	0.    	0.    	0.    ]
 [0.8982	0.    	0.9358	0.    	0.    ]
 [0.    	0.9143	0.    	0.    	0.    ]
 [0.    	0.    	0.    	0.    	0.    ]
 [0.    	0.    	0.    	0.    	0.    ]]
2026-03-19 14:42:55,627 - INFO - Epoch 0 saved.
