2026-03-19 14:42:55,846 - INFO - Epoch 0, Train loss: 0.0
2026-03-19 14:42:55,846 - INFO - mIoU: 0.7268; OA: 0.995; AA: 0.9838; F1: 0.9842; cls_weighted_F1: 0.9951; Kappa: 0.9841;
2026-03-19 14:42:55,846 - INFO - spatial_LccAccuracy: 0.9079; spatial_PA: 1.0; spatial_UA: 1.0; spatial_F1: 1.0; weighted_F1: 0.9294
2026-03-19 14:42:55,847 - INFO - temporal_CdAccuracy: 0.9593; temporal_PA: 0.9937; temporal_UA: 0.9783; temporal_F1: 0.986
2026-03-19 14:42:55,847 - INFO - Confusion Matrix
 [18094.	   29.	    0.	    1.	    0.]
 [   13.	 2723.	    0.	   26.	    0.]
 [    0.	    0.	    0.	    0.	    0.]
 [    3.	   37.	    0.	 1213.	    1.]
 [    0.	    0.	    0.	    0.	    0.]
2026-03-19 14:42:55,848 - INFO - Change Type PA (Recall) Matrix
 [[0.    	0.9292	0.    	0.9282	0.    ]
 [1.    	0.    	0.    	0.    	0.    ]
 [0.    	0.    	0.    	0.    	0.    ]
 [0.    	0.9732	0.    	0.    	0.    ]
 [0.    	0.    	0.    	0.    	0.    ]]
2026-03-19 14:42:55,849 - INFO - Change Type UA (Precision) Matrix
 [[0.    	0.8607	0.    	0.9526	0.    ]
 [0.6364	0.    	0.    	0.    	0.    ]
 [0.    	0.    	0.    	0.    	0.    ]
 [0.    	0.9397	0.    	0.    	0.    ]
 [0.    	0.    	0.    	0.    	0.    ]]
2026-03-19 14:42:55,850 - INFO - Change Type F1 Matrix
 [[0.    	0.8936	0.    	0.9403	0.    ]
 [0.7778	0.    	0.    	0.    	0.    ]
 [0.    	0.    	0.    	0.    	0.    ]
 [0.    	0.9561	0.    	0.    	0.    ]
 [0.    	0.    	0.    	0.    	0.    ]]
2026-03-19 14:42:55,850 - INFO - Epoch 0 saved.
