2026-03-19 14:42:56,003 - INFO - Epoch 0, Train loss: 0.0
2026-03-19 14:42:56,003 - INFO - mIoU: 0.9542; OA: 0.9733; AA: 0.9731; F1: 0.9765; cls_weighted_F1: 0.9733; Kappa: 0.9551;
2026-03-19 14:42:56,004 - INFO - spatial_LccAccuracy: 0.7783; spatial_PA: 0.9811; spatial_UA: 0.9944; spatial_F1: 0.9877; weighted_F1: 0.8786
2026-03-19 14:42:56,004 - INFO - temporal_CdAccuracy: 0.7783; temporal_PA: 0.9294; temporal_UA: 0.8921; temporal_F1: 0.9104
2026-03-19 14:42:56,004 - INFO - Confusion Matrix
 [5929.	 234.	   0.	   2.	   0.]
 [  72.	6047.	  20.	   0.	   0.]
 [   0.	  30.	1051.	   0.	   0.]
 [   9.	   2.	   0.	 404.	   0.]
 [   0.	   0.	   0.	   0.	   0.]
2026-03-19 14:42:56,005 - INFO - Change Type PA (Recall) Matrix
 [[0.    	0.9306	0.    	1.    	0.    ]
 [0.9516	0.    	0.7586	0.    	0.    ]
 [1.    	0.9024	0.    	0.    	0.    ]
 [0.    	0.    	0.    	0.    	0.    ]
 [0.    	0.    	0.    	0.    	0.    ]]
2026-03-19 14:42:56,006 - INFO - Change Type UA (Precision) Matrix
 [[0.    	0.8481	0.    	1.    	0.    ]
 [0.7284	0.    	0.7333	0.    	0.    ]
 [1.    	0.9487	0.    	0.    	0.    ]
 [0.    	0.    	0.    	0.    	0.    ]
 [0.    	0.    	0.    	0.    	0.    ]]
2026-03-19 14:42:56,006 - INFO - Change Type F1 Matrix
 [[0.    	0.8874	0.    	1.    	0.    ]
 [0.8252	0.    	0.7458	0.    	0.    ]
 [1.    	0.925 	0.    	0.    	0.    ]
 [0.    	0.    	0.    	0.    	0.    ]
 [0.    	0.    	0.    	0.    	0.    ]]
2026-03-19 14:42:56,007 - INFO - Epoch 0 saved.
