2026-01-29 22:28:21,757 - INFO - Epoch 0, Train loss: 0.0
2026-01-29 22:28:21,757 - INFO - mIoU: 0.6566; OA: 0.9574; AA: 0.9294; F1: 0.9321; Kappa: 0.9193;
2026-01-29 22:28:21,758 - INFO - spatial_LccAccuracy: 0.7542; spatial_PA: 0.7895; spatial_UA: 0.976; spatial_F1: 0.8729; weighted_F1: 0.8571
2026-01-29 22:28:21,758 - INFO - temporal_CdAccuracy: 0.7561; temporal_PA: 0.927; temporal_UA: 0.8424; temporal_F1: 0.8827
2026-01-29 22:28:21,758 - INFO - Confusion Matrix
 [13894.	  329.	    1.	    0.	   57.]
 [  753.	15887.	   39.	    0.	   52.]
 [    0.	    0.	    0.	    0.	    0.]
 [    0.	    0.	    0.	    0.	    0.]
 [   20.	  109.	    1.	    0.	  838.]
2026-01-29 22:28:21,758 - INFO - Change Type PA (Recall) Matrix
 [[0.    	0.9488	0.    	0.    	0.    ]
 [0.7273	0.    	0.    	0.    	0.7091]
 [0.    	0.    	0.    	0.    	0.    ]
 [0.    	0.    	0.    	0.    	0.    ]
 [0.    	0.    	0.    	0.    	0.    ]]
2026-01-29 22:28:21,759 - INFO - Change Type UA (Precision) Matrix
 [[0.    	0.8525	0.    	0.    	0.    ]
 [0.1928	0.    	0.    	0.    	0.75  ]
 [0.    	0.    	0.    	0.    	0.    ]
 [0.    	0.    	0.    	0.    	0.    ]
 [0.    	0.    	0.    	0.    	0.    ]]
2026-01-29 22:28:21,759 - INFO - Change Type F1 Matrix
 [[0.    	0.8981	0.    	0.    	0.    ]
 [0.3048	0.    	0.    	0.    	0.729 ]
 [0.    	0.    	0.    	0.    	0.    ]
 [0.    	0.    	0.    	0.    	0.    ]
 [0.    	0.    	0.    	0.    	0.    ]]
2026-01-29 22:28:21,759 - INFO - Epoch 0 saved.
