2026-01-29 22:28:21,957 - INFO - Epoch 0, Train loss: 0.0
2026-01-29 22:28:21,957 - INFO - mIoU: 0.9534; OA: 0.9928; AA: 0.9671; F1: 0.975; Kappa: 0.9877;
2026-01-29 22:28:21,958 - INFO - spatial_LccAccuracy: 0.9362; spatial_PA: 1.0; spatial_UA: 1.0; spatial_F1: 1.0; weighted_F1: 0.9402
2026-01-29 22:28:21,958 - INFO - temporal_CdAccuracy: 0.9417; temporal_PA: 0.9789; temporal_UA: 0.957; temporal_F1: 0.9678
2026-01-29 22:28:21,958 - INFO - Confusion Matrix
 [23279.	   84.	    1.	    0.	    0.]
 [  112.	15407.	   34.	    0.	    0.]
 [   18.	   70.	  655.	    0.	    0.]
 [    0.	    0.	    0.	    0.	    0.]
 [    0.	    0.	    0.	    0.	 4560.]
2026-01-29 22:28:21,958 - INFO - Change Type PA (Recall) Matrix
 [[0.    	0.9768	0.8409	0.    	0.    ]
 [0.9114	0.    	0.9474	0.    	0.    ]
 [0.    	0.    	0.    	0.    	0.    ]
 [0.    	0.    	0.    	0.    	0.    ]
 [0.    	0.    	0.    	0.    	0.    ]]
2026-01-29 22:28:21,958 - INFO - Change Type UA (Precision) Matrix
 [[0.    	0.9547	0.925 	0.    	0.    ]
 [0.8571	0.    	0.7059	0.    	0.    ]
 [0.    	0.    	0.    	0.    	0.    ]
 [0.    	0.    	0.    	0.    	0.    ]
 [0.    	0.    	0.    	0.    	0.    ]]
2026-01-29 22:28:21,958 - INFO - Change Type F1 Matrix
 [[0.    	0.9657	0.881 	0.    	0.    ]
 [0.8834	0.    	0.809 	0.    	0.    ]
 [0.    	0.    	0.    	0.    	0.    ]
 [0.    	0.    	0.    	0.    	0.    ]
 [0.    	0.    	0.    	0.    	0.    ]]
2026-01-29 22:28:21,958 - INFO - Epoch 0 saved.
