2026-01-29 22:28:22,085 - INFO - Epoch 0, Train loss: 0.0
2026-01-29 22:28:22,085 - INFO - mIoU: 0.608; OA: 0.9792; AA: 0.8351; F1: 0.8791; Kappa: 0.9556;
2026-01-29 22:28:22,085 - INFO - spatial_LccAccuracy: 0.8; spatial_PA: 0.9826; spatial_UA: 0.9896; spatial_F1: 0.9861; weighted_F1: 0.9196
2026-01-29 22:28:22,085 - INFO - temporal_CdAccuracy: 0.8; temporal_PA: 0.9481; temporal_UA: 0.9282; temporal_F1: 0.938
2026-01-29 22:28:22,085 - INFO - Confusion Matrix
 [11683.	  415.	    0.	    0.	    0.]
 [  198.	20264.	    9.	    0.	    0.]
 [    0.	   58.	   72.	    0.	    1.]
 [    0.	    0.	    0.	    0.	    0.]
 [    0.	    0.	    0.	    0.	    0.]
2026-01-29 22:28:22,085 - INFO - Change Type PA (Recall) Matrix
 [[0.    	0.9423	0.    	0.    	0.    ]
 [0.9441	0.    	0.6   	0.    	0.    ]
 [0.    	0.    	0.    	0.    	0.    ]
 [0.    	0.    	0.    	0.    	0.    ]
 [0.    	0.    	0.    	0.    	0.    ]]
2026-01-29 22:28:22,085 - INFO - Change Type UA (Precision) Matrix
 [[0.    	0.9305	0.    	0.    	0.    ]
 [0.8588	0.    	0.3   	0.    	0.    ]
 [0.    	0.    	0.    	0.    	0.    ]
 [0.    	0.    	0.    	0.    	0.    ]
 [0.    	0.    	0.    	0.    	0.    ]]
2026-01-29 22:28:22,085 - INFO - Change Type F1 Matrix
 [[0.    	0.9363	0.    	0.    	0.    ]
 [0.8994	0.    	0.4   	0.    	0.    ]
 [0.    	0.    	0.    	0.    	0.    ]
 [0.    	0.    	0.    	0.    	0.    ]
 [0.    	0.    	0.    	0.    	0.    ]]
2026-01-29 22:28:22,085 - INFO - Epoch 0 saved.
