2026-01-29 17:01:09,125 - INFO - Epoch 0, Train loss: 0.0
2026-01-29 17:01:09,125 - INFO - mIoU: 0.6579; OA: 0.9556; AA: 0.9141; F1: 0.9335; Kappa: 0.9155;
2026-01-29 17:01:09,125 - INFO - spatial_LccAccuracy: 0.7467; spatial_PA: 0.7797; spatial_UA: 0.9598; spatial_F1: 0.8604; weighted_F1: 0.8872
2026-01-29 17:01:09,125 - INFO - temporal_CdAccuracy: 0.7467; temporal_PA: 0.901; temporal_UA: 0.8528; temporal_F1: 0.8762
2026-01-29 17:01:09,125 - INFO - Confusion Matrix
 [14044.	  226.	    0.	    0.	   11.]
 [  955.	15722.	   32.	    0.	   22.]
 [    0.	    0.	    0.	    0.	    0.]
 [    0.	    0.	    0.	    0.	    0.]
 [    1.	  174.	    0.	    0.	  793.]
2026-01-29 17:01:09,126 - INFO - Change Type PA (Recall) Matrix
 [[0.    	0.9574	0.    	0.    	0.    ]
 [0.4545	0.    	0.    	0.    	0.8909]
 [0.    	0.    	0.    	0.    	0.    ]
 [0.    	0.    	0.    	0.    	0.    ]
 [0.    	0.    	0.    	0.    	0.    ]]
2026-01-29 17:01:09,127 - INFO - Change Type UA (Precision) Matrix
 [[0.    	0.8856	0.    	0.    	0.    ]
 [0.2564	0.    	0.    	0.    	0.7778]
 [0.    	0.    	0.    	0.    	0.    ]
 [0.    	0.    	0.    	0.    	0.    ]
 [0.    	0.    	0.    	0.    	0.    ]]
2026-01-29 17:01:09,128 - INFO - Change Type F1 Matrix
 [[0.    	0.9201	0.    	0.    	0.    ]
 [0.3279	0.    	0.    	0.    	0.8305]
 [0.    	0.    	0.    	0.    	0.    ]
 [0.    	0.    	0.    	0.    	0.    ]
 [0.    	0.    	0.    	0.    	0.    ]]
2026-01-29 17:01:09,128 - INFO - Epoch 0 saved.
