2026-01-29 17:01:10,102 - INFO - Epoch 0, Train loss: 0.0
2026-01-29 17:01:10,102 - INFO - mIoU: 0.9814; OA: 0.9974; AA: 0.9871; F1: 0.9906; Kappa: 0.9918;
2026-01-29 17:01:10,103 - INFO - spatial_LccAccuracy: 0.9541; spatial_PA: 1.0; spatial_UA: 1.0; spatial_F1: 1.0; weighted_F1: 0.9638
2026-01-29 17:01:10,103 - INFO - temporal_CdAccuracy: 0.9811; temporal_PA: 0.9948; temporal_UA: 0.9912; temporal_F1: 0.993
2026-01-29 17:01:10,103 - INFO - Confusion Matrix
 [18120.	    7.	    0.	    2.	    0.]
 [   10.	 2986.	    0.	    1.	    0.]
 [    0.	    0.	    0.	    0.	    0.]
 [    2.	   35.	    0.	 1037.	    0.]
 [    0.	    0.	    0.	    0.	    0.]
2026-01-29 17:01:10,104 - INFO - Change Type PA (Recall) Matrix
 [[0.    	1.    	0.    	0.9235	0.    ]
 [1.    	0.    	0.    	0.    	0.    ]
 [0.    	0.    	0.    	0.    	0.    ]
 [0.    	1.    	0.    	0.    	0.    ]
 [0.    	0.    	0.    	0.    	0.    ]]
2026-01-29 17:01:10,105 - INFO - Change Type UA (Precision) Matrix
 [[0.    	0.9097	0.    	1.    	0.    ]
 [1.    	0.    	0.    	0.    	0.    ]
 [0.    	0.    	0.    	0.    	0.    ]
 [0.    	0.9691	0.    	0.    	0.    ]
 [0.    	0.    	0.    	0.    	0.    ]]
2026-01-29 17:01:10,106 - INFO - Change Type F1 Matrix
 [[0.    	0.9527	0.    	0.9602	0.    ]
 [1.    	0.    	0.    	0.    	0.    ]
 [0.    	0.    	0.    	0.    	0.    ]
 [0.    	0.9843	0.    	0.    	0.    ]
 [0.    	0.    	0.    	0.    	0.    ]]
2026-01-29 17:01:10,106 - INFO - Epoch 0 saved.
