2026-01-29 17:01:10,239 - INFO - Epoch 0, Train loss: 0.0
2026-01-29 17:01:10,239 - INFO - mIoU: 0.9612; OA: 0.9819; AA: 0.9785; F1: 0.98; Kappa: 0.9667;
2026-01-29 17:01:10,239 - INFO - spatial_LccAccuracy: 0.8795; spatial_PA: 1.0; spatial_UA: 1.0; spatial_F1: 1.0; weighted_F1: 0.9148
2026-01-29 17:01:10,240 - INFO - temporal_CdAccuracy: 0.8795; temporal_PA: 0.9613; temporal_UA: 0.9316; temporal_F1: 0.9462
2026-01-29 17:01:10,240 - INFO - Confusion Matrix
 [7093.	  77.	   0.	   1.	   0.]
 [ 116.	5396.	  18.	   0.	   0.]
 [   0.	  31.	 577.	   0.	   0.]
 [   0.	   0.	   0.	 131.	   0.]
 [   0.	   0.	   0.	   0.	   0.]
2026-01-29 17:01:10,241 - INFO - Change Type PA (Recall) Matrix
 [[0.    	0.9833	0.    	1.    	0.    ]
 [0.9565	0.    	0.8421	0.    	0.    ]
 [0.    	0.8947	0.    	0.    	0.    ]
 [0.    	0.    	0.    	0.    	0.    ]
 [0.    	0.    	0.    	0.    	0.    ]]
2026-01-29 17:01:10,241 - INFO - Change Type UA (Precision) Matrix
 [[0.    	0.9267	0.    	1.    	0.    ]
 [0.7719	0.    	0.8   	0.    	0.    ]
 [0.    	0.9444	0.    	0.    	0.    ]
 [0.    	0.    	0.    	0.    	0.    ]
 [0.    	0.    	0.    	0.    	0.    ]]
2026-01-29 17:01:10,242 - INFO - Change Type F1 Matrix
 [[0.    	0.9542	0.    	1.    	0.    ]
 [0.8544	0.    	0.8205	0.    	0.    ]
 [0.    	0.9189	0.    	0.    	0.    ]
 [0.    	0.    	0.    	0.    	0.    ]
 [0.    	0.    	0.    	0.    	0.    ]]
2026-01-29 17:01:10,242 - INFO - Epoch 0 saved.
