2026-02-22 20:07:35,424 - INFO - Epoch 0, Train loss: 0.0
2026-02-22 20:07:35,424 - INFO - mIoU: 0.782; OA: 0.9716; AA: 0.8436; F1: 0.8549; cls_weighted_F1: 0.9714; Kappa: 0.9421;
2026-02-22 20:07:35,424 - INFO - spatial_LccAccuracy: 0.7627; spatial_PA: 0.9817; spatial_UA: 0.9817; spatial_F1: 0.9817; weighted_F1: 0.9209
2026-02-22 20:07:35,424 - INFO - temporal_CdAccuracy: 0.7644; temporal_PA: 0.9356; temporal_UA: 0.9163; temporal_F1: 0.9258
2026-02-22 20:07:35,424 - INFO - Confusion Matrix
 [13581.	  383.	    0.	    0.	    0.]
 [  349.	20598.	  115.	    0.	    0.]
 [    8.	  149.	  217.	    0.	    0.]
 [    0.	    0.	    0.	    0.	    0.]
 [    0.	    0.	    0.	    0.	    0.]
2026-02-22 20:07:35,424 - INFO - Change Type PA (Recall) Matrix
 [[0.    	0.9735	0.    	0.    	0.    ]
 [0.9596	0.    	0.72  	0.    	0.    ]
 [0.    	0.    	0.    	0.    	0.    ]
 [0.    	0.    	0.    	0.    	0.    ]
 [0.    	0.    	0.    	0.    	0.    ]]
2026-02-22 20:07:35,425 - INFO - Change Type UA (Precision) Matrix
 [[0.    	0.9472	0.    	0.    	0.    ]
 [0.868 	0.    	0.72  	0.    	0.    ]
 [0.    	0.    	0.    	0.    	0.    ]
 [0.    	0.    	0.    	0.    	0.    ]
 [0.    	0.    	0.    	0.    	0.    ]]
2026-02-22 20:07:35,425 - INFO - Change Type F1 Matrix
 [[0.    	0.9602	0.    	0.    	0.    ]
 [0.9115	0.    	0.72  	0.    	0.    ]
 [0.    	0.    	0.    	0.    	0.    ]
 [0.    	0.    	0.    	0.    	0.    ]
 [0.    	0.    	0.    	0.    	0.    ]]
2026-02-22 20:07:35,425 - INFO - Epoch 0 saved.
