<<<<<<< HEAD
2026-01-22 16:53:12,149 - INFO - Epoch 0, Train loss: 0.0
2026-01-22 16:53:12,150 - INFO - mIoU: 0.5779; OA: 0.9952; AA: 0.5866; F1: 0.5886; Kappa: 0.9845;
2026-01-22 16:53:12,150 - INFO - spatial_LccAccuracy: 0.8378; spatial_PA: 0.9983; spatial_UA: 0.9929; spatial_F1: 0.9956; weighted_F1: 0.9612
2026-01-22 16:53:12,150 - INFO - temporal_CdAccuracy: 0.8378; temporal_PA: 0.9522; temporal_UA: 0.927; temporal_F1: 0.9395
2026-01-22 16:53:12,150 - INFO - Confusion Matrix
=======
2025-12-13 21:54:43,777 - INFO - Epoch 0, Train loss: 0.0
2025-12-13 21:54:43,777 - INFO - mIoU: 0.5779; OA: 0.9952; AA: 0.5866; F1: 0.5886; Kappa: 0.9845;
2025-12-13 21:54:43,777 - INFO - spatial_LccAccuracy: 0.9216; spatial_PA: 0.9983; spatial_UA: 0.9929; spatial_F1: 0.9956
2025-12-13 21:54:43,778 - INFO - temporal_CdAccuracy: 0.8378; temporal_PA: 0.9522; temporal_UA: 0.927; temporal_F1: 0.9395
2025-12-13 21:54:43,779 - INFO - Confusion Matrix
>>>>>>> 93175a06c110e941919a0524e265707df6271051
 [18123.	    6.	    0.	    0.	    0.]
 [   18.	 2951.	    0.	   28.	    0.]
 [    0.	    0.	    0.	    0.	    0.]
 [    5.	   50.	    0.	 1019.	    0.]
 [    0.	    0.	    0.	    0.	    0.]
<<<<<<< HEAD
2026-01-22 16:53:12,150 - INFO - Change Type PA (Recall) Matrix
=======
2025-12-13 21:54:43,779 - INFO - Change Type PA (Recall) Matrix
>>>>>>> 93175a06c110e941919a0524e265707df6271051
 [[0.    	0.9771	0.    	0.9529	0.    ]
 [0.5   	0.    	0.    	0.    	0.    ]
 [0.    	0.    	0.    	0.    	0.    ]
 [0.    	0.9787	0.    	0.    	0.    ]
 [0.    	0.    	0.    	0.    	0.    ]]
<<<<<<< HEAD
2026-01-22 16:53:12,150 - INFO - Change Type UA (Precision) Matrix
=======
2025-12-13 21:54:43,780 - INFO - Change Type UA (Precision) Matrix
>>>>>>> 93175a06c110e941919a0524e265707df6271051
 [[0.    	0.9481	0.    	0.9701	0.    ]
 [0.5   	0.    	0.    	0.    	0.    ]
 [0.    	0.    	0.    	0.    	0.    ]
 [0.    	0.9787	0.    	0.    	0.    ]
 [0.    	0.    	0.    	0.    	0.    ]]
<<<<<<< HEAD
2026-01-22 16:53:12,151 - INFO - Change Type F1 Matrix
=======
2025-12-13 21:54:43,781 - INFO - Change Type F1 Matrix
>>>>>>> 93175a06c110e941919a0524e265707df6271051
 [[0.    	0.9624	0.    	0.9614	0.    ]
 [0.5   	0.    	0.    	0.    	0.    ]
 [0.    	0.    	0.    	0.    	0.    ]
 [0.    	0.9787	0.    	0.    	0.    ]
 [0.    	0.    	0.    	0.    	0.    ]]
<<<<<<< HEAD
2026-01-22 16:53:12,151 - INFO - Epoch 0 saved.
=======
2025-12-13 21:54:43,781 - INFO - Epoch 0 saved.
>>>>>>> 93175a06c110e941919a0524e265707df6271051
