2025-12-13 21:54:43,962 - INFO - Epoch 0, Train loss: 0.0
2025-12-13 21:54:43,963 - INFO - mIoU: 0.7501; OA: 0.9696; AA: 0.7706; F1: 0.7739; Kappa: 0.9441;
2025-12-13 21:54:43,963 - INFO - spatial_LccAccuracy: 0.8571; spatial_PA: 1.0; spatial_UA: 1.0; spatial_F1: 1.0
2025-12-13 21:54:43,963 - INFO - temporal_CdAccuracy: 0.7723; temporal_PA: 0.9246; temporal_UA: 0.8809; temporal_F1: 0.9022
2025-12-13 21:54:43,964 - INFO - Confusion Matrix
 [6991.	 180.	   0.	   0.	   0.]
 [ 146.	5357.	  25.	   1.	   1.]
 [   0.	  55.	 553.	   0.	   0.]
 [   0.	   0.	   0.	 131.	   0.]
 [   0.	   0.	   0.	   0.	   0.]
2025-12-13 21:54:43,965 - INFO - Change Type PA (Recall) Matrix
 [[0.    	0.9444	0.    	1.    	0.    ]
 [0.8261	0.    	0.7632	0.    	0.    ]
 [0.    	0.8947	0.    	0.    	0.    ]
 [0.    	0.    	0.    	0.    	0.    ]
 [0.    	0.    	0.    	0.    	0.    ]]
2025-12-13 21:54:43,966 - INFO - Change Type UA (Precision) Matrix
 [[0.    	0.8586	0.    	1.    	0.    ]
 [0.6333	0.    	0.7632	0.    	0.    ]
 [0.    	0.7083	0.    	0.    	0.    ]
 [0.    	0.    	0.    	0.    	0.    ]
 [0.    	0.    	0.    	0.    	0.    ]]
2025-12-13 21:54:43,967 - INFO - Change Type F1 Matrix
 [[0.    	0.8995	0.    	1.    	0.    ]
 [0.717 	0.    	0.7632	0.    	0.    ]
 [0.    	0.7907	0.    	0.    	0.    ]
 [0.    	0.    	0.    	0.    	0.    ]
 [0.    	0.    	0.    	0.    	0.    ]]
2025-12-13 21:54:43,967 - INFO - Epoch 0 saved.
