<<<<<<< HEAD
2026-01-22 16:52:44,827 - INFO - Epoch 0, Train loss: 0.0
2026-01-22 16:52:44,828 - INFO - mIoU: 0.5276; OA: 0.9617; AA: 0.5624; F1: 0.5605; Kappa: 0.9273;
2026-01-22 16:52:44,828 - INFO - spatial_LccAccuracy: 0.7955; spatial_PA: 0.8642; spatial_UA: 0.9411; spatial_F1: 0.901; weighted_F1: 0.8818
2026-01-22 16:52:44,828 - INFO - temporal_CdAccuracy: 0.7974; temporal_PA: 0.9205; temporal_UA: 0.87; temporal_F1: 0.8946
2026-01-22 16:52:44,828 - INFO - Confusion Matrix
=======
2025-12-13 21:54:20,303 - INFO - Epoch 0, Train loss: 0.0
2025-12-13 21:54:20,304 - INFO - mIoU: 0.5276; OA: 0.9617; AA: 0.5624; F1: 0.5605; Kappa: 0.9273;
2025-12-13 21:54:20,304 - INFO - spatial_LccAccuracy: 0.8856; spatial_PA: 0.8642; spatial_UA: 0.9411; spatial_F1: 0.901
2025-12-13 21:54:20,304 - INFO - temporal_CdAccuracy: 0.7974; temporal_PA: 0.9205; temporal_UA: 0.87; temporal_F1: 0.8946
2025-12-13 21:54:20,305 - INFO - Confusion Matrix
>>>>>>> 93175a06c110e941919a0524e265707df6271051
 [13733.	  452.	    0.	    0.	   96.]
 [  520.	16167.	    4.	    0.	   40.]
 [    0.	    0.	    0.	    0.	    0.]
 [    0.	    0.	    0.	    0.	    0.]
 [    0.	  112.	    0.	    0.	  856.]
<<<<<<< HEAD
2026-01-22 16:52:44,828 - INFO - Change Type PA (Recall) Matrix
=======
2025-12-13 21:54:20,306 - INFO - Change Type PA (Recall) Matrix
>>>>>>> 93175a06c110e941919a0524e265707df6271051
 [[0.    	0.9531	0.    	0.    	0.    ]
 [0.6364	0.    	0.    	0.    	0.7636]
 [0.    	0.    	0.    	0.    	0.    ]
 [0.    	0.    	0.    	0.    	0.    ]
 [0.    	0.    	0.    	0.    	0.    ]]
<<<<<<< HEAD
2026-01-22 16:52:44,829 - INFO - Change Type UA (Precision) Matrix
=======
2025-12-13 21:54:20,307 - INFO - Change Type UA (Precision) Matrix
>>>>>>> 93175a06c110e941919a0524e265707df6271051
 [[0.    	0.894 	0.    	0.    	0.    ]
 [0.2979	0.    	0.    	0.    	0.6885]
 [0.    	0.    	0.    	0.    	0.    ]
 [0.    	0.    	0.    	0.    	0.    ]
 [0.    	0.    	0.    	0.    	0.    ]]
<<<<<<< HEAD
2026-01-22 16:52:44,829 - INFO - Change Type F1 Matrix
=======
2025-12-13 21:54:20,308 - INFO - Change Type F1 Matrix
>>>>>>> 93175a06c110e941919a0524e265707df6271051
 [[0.    	0.9226	0.    	0.    	0.    ]
 [0.4058	0.    	0.    	0.    	0.7241]
 [0.    	0.    	0.    	0.    	0.    ]
 [0.    	0.    	0.    	0.    	0.    ]
 [0.    	0.    	0.    	0.    	0.    ]]
<<<<<<< HEAD
2026-01-22 16:52:44,829 - INFO - Epoch 0 saved.
=======
2025-12-13 21:54:20,308 - INFO - Epoch 0 saved.
>>>>>>> 93175a06c110e941919a0524e265707df6271051
