2025-12-13 21:54:20,762 - INFO - Epoch 0, Train loss: 0.0
2025-12-13 21:54:20,762 - INFO - mIoU: 0.7681; OA: 0.994; AA: 0.7742; F1: 0.783; Kappa: 0.9898;
2025-12-13 21:54:20,763 - INFO - spatial_LccAccuracy: 0.9701; spatial_PA: 1.0; spatial_UA: 1.0; spatial_F1: 1.0
2025-12-13 21:54:20,763 - INFO - temporal_CdAccuracy: 0.9498; temporal_PA: 0.9768; temporal_UA: 0.9709; temporal_F1: 0.9738
2025-12-13 21:54:20,764 - INFO - Confusion Matrix
 [23269.	   95.	    0.	    0.	    0.]
 [   66.	15473.	   14.	    0.	    0.]
 [    6.	   83.	  654.	    0.	    0.]
 [    0.	    0.	    0.	    0.	    0.]
 [    0.	    0.	    0.	    0.	 4560.]
2025-12-13 21:54:20,765 - INFO - Change Type PA (Recall) Matrix
 [[0.    	0.9895	0.7727	0.    	0.    ]
 [0.962 	0.    	0.9211	0.    	0.    ]
 [0.    	0.    	0.    	0.    	0.    ]
 [0.    	0.    	0.    	0.    	0.    ]
 [0.    	0.    	0.    	0.    	0.    ]]
2025-12-13 21:54:20,765 - INFO - Change Type UA (Precision) Matrix
 [[0.    	0.9691	0.9444	0.    	0.    ]
 [0.95  	0.    	0.8537	0.    	0.    ]
 [0.    	0.    	0.    	0.    	0.    ]
 [0.    	0.    	0.    	0.    	0.    ]
 [0.    	0.    	0.    	0.    	0.    ]]
2025-12-13 21:54:20,766 - INFO - Change Type F1 Matrix
 [[0.    	0.9792	0.85  	0.    	0.    ]
 [0.956 	0.    	0.8861	0.    	0.    ]
 [0.    	0.    	0.    	0.    	0.    ]
 [0.    	0.    	0.    	0.    	0.    ]
 [0.    	0.    	0.    	0.    	0.    ]]
2025-12-13 21:54:20,766 - INFO - Epoch 0 saved.
