2025-12-13 21:54:21,062 - INFO - Epoch 0, Train loss: 0.0
2025-12-13 21:54:21,063 - INFO - mIoU: 0.4618; OA: 0.9794; AA: 0.4692; F1: 0.5039; Kappa: 0.9559;
2025-12-13 21:54:21,063 - INFO - spatial_LccAccuracy: 0.8752; spatial_PA: 0.9897; spatial_UA: 0.9828; spatial_F1: 0.9863
2025-12-13 21:54:21,063 - INFO - temporal_CdAccuracy: 0.8055; temporal_PA: 0.9426; temporal_UA: 0.9471; temporal_F1: 0.9449
2025-12-13 21:54:21,064 - INFO - Confusion Matrix
 [11675.	  417.	    0.	    0.	    6.]
 [  169.	20299.	    0.	    0.	    3.]
 [    0.	   80.	   51.	    0.	    0.]
 [    0.	    0.	    0.	    0.	    0.]
 [    0.	    0.	    0.	    0.	    0.]
2025-12-13 21:54:21,065 - INFO - Change Type PA (Recall) Matrix
 [[0.    	0.9352	0.    	0.    	0.    ]
 [0.8975	0.    	0.2   	0.    	0.    ]
 [0.    	0.    	0.    	0.    	0.    ]
 [0.    	0.    	0.    	0.    	0.    ]
 [0.    	0.    	0.    	0.    	0.    ]]
2025-12-13 21:54:21,066 - INFO - Change Type UA (Precision) Matrix
 [[0.    	0.9527	0.    	0.    	0.    ]
 [0.9003	0.    	0.25  	0.    	0.    ]
 [0.    	0.    	0.    	0.    	0.    ]
 [0.    	0.    	0.    	0.    	0.    ]
 [0.    	0.    	0.    	0.    	0.    ]]
2025-12-13 21:54:21,067 - INFO - Change Type F1 Matrix
 [[0.    	0.9439	0.    	0.    	0.    ]
 [0.8989	0.    	0.2222	0.    	0.    ]
 [0.    	0.    	0.    	0.    	0.    ]
 [0.    	0.    	0.    	0.    	0.    ]
 [0.    	0.    	0.    	0.    	0.    ]]
2025-12-13 21:54:21,067 - INFO - Epoch 0 saved.
