2026-01-22 16:52:45,864 - INFO - Epoch 0, Train loss: 0.0
2026-01-22 16:52:45,865 - INFO - mIoU: 0.5807; OA: 0.9953; AA: 0.5873; F1: 0.5901; Kappa: 0.985;
2026-01-22 16:52:45,865 - INFO - spatial_LccAccuracy: 0.9378; spatial_PA: 1.0; spatial_UA: 1.0; spatial_F1: 1.0; weighted_F1: 0.9483
2026-01-22 16:52:45,865 - INFO - temporal_CdAccuracy: 0.9811; temporal_PA: 0.9973; temporal_UA: 0.9889; temporal_F1: 0.9931
2026-01-22 16:52:45,865 - INFO - Confusion Matrix
 [18099.	   30.	    0.	    0.	    0.]
 [    7.	 2985.	    0.	    5.	    0.]
 [    0.	    0.	    0.	    0.	    0.]
 [    2.	   58.	    0.	 1012.	    2.]
 [    0.	    0.	    0.	    0.	    0.]
2026-01-22 16:52:45,866 - INFO - Change Type PA (Recall) Matrix
 [[0.    	0.9924	0.    	0.9   	0.    ]
 [1.    	0.    	0.    	0.    	0.    ]
 [0.    	0.    	0.    	0.    	0.    ]
 [0.    	1.    	0.    	0.    	0.    ]
 [0.    	0.    	0.    	0.    	0.    ]]
2026-01-22 16:52:45,866 - INFO - Change Type UA (Precision) Matrix
 [[0.    	0.8784	0.    	0.9935	0.    ]
 [0.6667	0.    	0.    	0.    	0.    ]
 [0.    	0.    	0.    	0.    	0.    ]
 [0.    	0.9691	0.    	0.    	0.    ]
 [0.    	0.    	0.    	0.    	0.    ]]
2026-01-22 16:52:45,867 - INFO - Change Type F1 Matrix
 [[0.    	0.9319	0.    	0.9444	0.    ]
 [0.8   	0.    	0.    	0.    	0.    ]
 [0.    	0.    	0.    	0.    	0.    ]
 [0.    	0.9843	0.    	0.    	0.    ]
 [0.    	0.    	0.    	0.    	0.    ]]
2026-01-22 16:52:45,867 - INFO - Epoch 0 saved.
