<<<<<<< HEAD
2026-01-22 16:52:46,008 - INFO - Epoch 0, Train loss: 0.0
2026-01-22 16:52:46,008 - INFO - mIoU: 0.7614; OA: 0.9756; AA: 0.779; F1: 0.78; Kappa: 0.9552;
2026-01-22 16:52:46,009 - INFO - spatial_LccAccuracy: 0.8393; spatial_PA: 1.0; spatial_UA: 1.0; spatial_F1: 1.0; weighted_F1: 0.8945
2026-01-22 16:52:46,009 - INFO - temporal_CdAccuracy: 0.8393; temporal_PA: 0.9425; temporal_UA: 0.9165; temporal_F1: 0.9293
2026-01-22 16:52:46,009 - INFO - Confusion Matrix
=======
2025-12-13 21:54:21,403 - INFO - Epoch 0, Train loss: 0.0
2025-12-13 21:54:21,403 - INFO - mIoU: 0.7614; OA: 0.9756; AA: 0.779; F1: 0.78; Kappa: 0.9552;
2025-12-13 21:54:21,403 - INFO - spatial_LccAccuracy: 0.9063; spatial_PA: 1.0; spatial_UA: 1.0; spatial_F1: 1.0
2025-12-13 21:54:21,403 - INFO - temporal_CdAccuracy: 0.8393; temporal_PA: 0.9425; temporal_UA: 0.9165; temporal_F1: 0.9293
2025-12-13 21:54:21,403 - INFO - Confusion Matrix
>>>>>>> 93175a06c110e941919a0524e265707df6271051
 [7001.	 170.	   0.	   0.	   0.]
 [  95.	5408.	  27.	   0.	   0.]
 [   2.	  34.	 572.	   0.	   0.]
 [   0.	   0.	   0.	 131.	   0.]
 [   0.	   0.	   0.	   0.	   0.]
<<<<<<< HEAD
2026-01-22 16:52:46,010 - INFO - Change Type PA (Recall) Matrix
=======
2025-12-13 21:54:21,404 - INFO - Change Type PA (Recall) Matrix
>>>>>>> 93175a06c110e941919a0524e265707df6271051
 [[0.    	0.9722	0.    	1.    	0.    ]
 [0.9565	0.    	0.7632	0.    	0.    ]
 [0.    	0.7895	0.    	0.    	0.    ]
 [0.    	0.    	0.    	0.    	0.    ]
 [0.    	0.    	0.    	0.    	0.    ]]
<<<<<<< HEAD
2026-01-22 16:52:46,011 - INFO - Change Type UA (Precision) Matrix
=======
2025-12-13 21:54:21,404 - INFO - Change Type UA (Precision) Matrix
>>>>>>> 93175a06c110e941919a0524e265707df6271051
 [[0.    	0.9211	0.    	1.    	0.    ]
 [0.7458	0.    	0.7632	0.    	0.    ]
 [0.    	0.8824	0.    	0.    	0.    ]
 [0.    	0.    	0.    	0.    	0.    ]
 [0.    	0.    	0.    	0.    	0.    ]]
<<<<<<< HEAD
2026-01-22 16:52:46,011 - INFO - Change Type F1 Matrix
=======
2025-12-13 21:54:21,404 - INFO - Change Type F1 Matrix
>>>>>>> 93175a06c110e941919a0524e265707df6271051
 [[0.    	0.9459	0.    	1.    	0.    ]
 [0.8381	0.    	0.7632	0.    	0.    ]
 [0.    	0.8333	0.    	0.    	0.    ]
 [0.    	0.    	0.    	0.    	0.    ]
 [0.    	0.    	0.    	0.    	0.    ]]
<<<<<<< HEAD
2026-01-22 16:52:46,012 - INFO - Epoch 0 saved.
=======
2025-12-13 21:54:21,404 - INFO - Epoch 0 saved.
>>>>>>> 93175a06c110e941919a0524e265707df6271051
