2026-03-19 14:44:26,221 - INFO - Epoch 0, Train loss: 0.0
2026-03-19 14:44:26,221 - INFO - mIoU: 0.8653; OA: 0.9621; AA: 0.93; F1: 0.9263; cls_weighted_F1: 0.9619; Kappa: 0.9288;
2026-03-19 14:44:26,221 - INFO - spatial_LccAccuracy: 0.7983; spatial_PA: 0.8577; spatial_UA: 0.9617; spatial_F1: 0.9067; weighted_F1: 0.9099
2026-03-19 14:44:26,222 - INFO - temporal_CdAccuracy: 0.7983; temporal_PA: 0.9283; temporal_UA: 0.8867; temporal_F1: 0.907
2026-03-19 14:44:26,222 - INFO - Confusion Matrix
 [15129.	  489.	    0.	    0.	    7.]
 [  532.	17011.	   64.	    0.	    7.]
 [    0.	    0.	  293.	    0.	    0.]
 [    0.	    0.	    0.	    0.	    0.]
 [    1.	  206.	    0.	    0.	  761.]
2026-03-19 14:44:26,223 - INFO - Change Type PA (Recall) Matrix
 [[0.    	0.9628	0.    	0.    	0.    ]
 [0.5909	0.    	1.    	0.    	0.8364]
 [0.    	1.    	0.    	0.    	0.    ]
 [0.    	0.    	0.    	0.    	0.    ]
 [0.    	0.    	0.    	0.    	0.    ]]
2026-03-19 14:44:26,224 - INFO - Change Type UA (Precision) Matrix
 [[0.    	0.9028	0.    	0.    	0.    ]
 [0.2826	0.    	0.913 	0.    	0.7931]
 [0.    	1.    	0.    	0.    	0.    ]
 [0.    	0.    	0.    	0.    	0.    ]
 [0.    	0.    	0.    	0.    	0.    ]]
2026-03-19 14:44:26,224 - INFO - Change Type F1 Matrix
 [[0.    	0.9318	0.    	0.    	0.    ]
 [0.3824	0.    	0.9545	0.    	0.8142]
 [0.    	1.    	0.    	0.    	0.    ]
 [0.    	0.    	0.    	0.    	0.    ]
 [0.    	0.    	0.    	0.    	0.    ]]
2026-03-19 14:44:26,225 - INFO - Epoch 0 saved.
