2026-03-19 14:44:26,318 - INFO - Epoch 0, Train loss: 0.0
2026-03-19 14:44:26,318 - INFO - mIoU: 0.9546; OA: 0.9866; AA: 0.978; F1: 0.9765; cls_weighted_F1: 0.9867; Kappa: 0.9754;
2026-03-19 14:44:26,319 - INFO - spatial_LccAccuracy: 0.8571; spatial_PA: 1.0; spatial_UA: 1.0; spatial_F1: 1.0; weighted_F1: 0.9689
2026-03-19 14:44:26,319 - INFO - temporal_CdAccuracy: 0.8571; temporal_PA: 0.8911; temporal_UA: 0.8769; temporal_F1: 0.8839
2026-03-19 14:44:26,319 - INFO - Confusion Matrix
 [1503.	  84.	   0.	   0.	   0.]
 [  17.	1276.	   0.	   0.	   0.]
 [   0.	   0.	   0.	   0.	   0.]
 [   0.	   0.	   0.	   0.	   0.]
 [   0.	   0.	   0.	   0.	4680.]
2026-03-19 14:44:26,320 - INFO - Change Type PA (Recall) Matrix
 [[0.    	0.9792	0.    	0.    	0.    ]
 [1.    	0.    	0.    	0.    	0.    ]
 [0.    	0.    	0.    	0.    	0.    ]
 [0.    	0.    	0.    	0.    	0.    ]
 [0.    	0.    	0.    	0.    	0.    ]]
2026-03-19 14:44:26,320 - INFO - Change Type UA (Precision) Matrix
 [[0.    	0.9592	0.    	0.    	0.    ]
 [0.9394	0.    	0.    	0.    	0.    ]
 [0.    	0.    	0.    	0.    	0.    ]
 [0.    	0.    	0.    	0.    	0.    ]
 [0.    	0.    	0.    	0.    	0.    ]]
2026-03-19 14:44:26,321 - INFO - Change Type F1 Matrix
 [[0.    	0.9691	0.    	0.    	0.    ]
 [0.9688	0.    	0.    	0.    	0.    ]
 [0.    	0.    	0.    	0.    	0.    ]
 [0.    	0.    	0.    	0.    	0.    ]
 [0.    	0.    	0.    	0.    	0.    ]]
2026-03-19 14:44:26,321 - INFO - Epoch 0 saved.
