2026-03-19 14:44:26,734 - INFO - Epoch 0, Train loss: 0.0
2026-03-19 14:44:26,734 - INFO - mIoU: 0.9721; OA: 0.9909; AA: 0.9923; F1: 0.9855; cls_weighted_F1: 0.9909; Kappa: 0.9841;
2026-03-19 14:44:26,735 - INFO - spatial_LccAccuracy: 0.9294; spatial_PA: 0.99; spatial_UA: 0.9948; spatial_F1: 0.9924; weighted_F1: 0.9196
2026-03-19 14:44:26,735 - INFO - temporal_CdAccuracy: 0.9335; temporal_PA: 0.9809; temporal_UA: 0.9549; temporal_F1: 0.9677
2026-03-19 14:44:26,736 - INFO - Confusion Matrix
 [24693.	  119.	    1.	    0.	    0.]
 [  174.	12723.	   87.	    0.	    0.]
 [    9.	    4.	  929.	    0.	    0.]
 [    0.	    0.	    0.	    0.	    0.]
 [    0.	    0.	    0.	    0.	    0.]
2026-03-19 14:44:26,737 - INFO - Change Type PA (Recall) Matrix
 [[0.    	0.9607	0.9268	0.  	0.    ]
 [0.863 	0.    	0.9726	0.    	0.    ]
 [0.    	0.    	0.    	0.    	0.    ]
 [0.    	0.    	0.    	0.    	0.    ]
 [0.    	0.    	0.    	0.    	0.    ]]
2026-03-19 14:44:26,737 - INFO - Change Type UA (Precision) Matrix
 [[0.    	0.9302	0.8636	0.  	0.    ]
 [0.7875	0.    	0.8353	0.    	0.    ]
 [0.    	0.     	0.    	0.    	0.    ]
 [0.    	0.    	0.    	0.    	0.    ]
 [0.    	0.    	0.    	0.    	0.    ]]
2026-03-19 14:44:26,738 - INFO - Change Type F1 Matrix
 [[0.    	0.9452	0.8941	0.  	0.    ]
 [0.8235	0.    	0.8987	0.    	0.    ]
 [0.    	0.  	0.    	0.    	0.    ]
 [0.    	0.    	0.    	0.    	0.    ]
 [0.    	0.    	0.    	0.    	0.    ]]
2026-03-19 14:44:26,738 - INFO - Epoch 0 saved.
