2026-03-19 14:44:27,122 - INFO - Epoch 0, Train loss: 0.0
2026-03-19 14:44:27,123 - INFO - mIoU: 0.8929; OA: 0.9809; AA: 0.958; F1: 0.9403; cls_weighted_F1: 0.981; Kappa: 0.9611;
2026-03-19 14:44:27,123 - INFO - spatial_LccAccuracy: 0.8121; spatial_PA: 0.9991; spatial_UA: 0.9865; spatial_F1: 0.9928; weighted_F1: 0.9403
2026-03-19 14:44:27,123 - INFO - temporal_CdAccuracy: 0.8121; temporal_PA: 0.9518; temporal_UA: 0.9484; temporal_F1: 0.9501
2026-03-19 14:44:27,123 - INFO - Confusion Matrix
 [14362.	  440.	    0.	    0.	    0.]
 [  158.	21347.	   74.	    0.	    0.]
 [    0.	   29.	  310.	    0.	    0.]
 [    0.	    0.	    0.	    0.	    0.]
 [    0.	    0.	    0.	    0.	    0.]
2026-03-19 14:44:27,124 - INFO - Change Type PA (Recall) Matrix
 [[0.    	0.9558	0.    	0.    	0.    ]
 [0.9151	0.    	0.9636	0.    	0.    ]
 [0.    	0.9375	0.    	0.    	0.    ]
 [0.    	0.    	0.    	0.    	0.    ]
 [0.    	0.    	0.    	0.    	0.    ]]
2026-03-19 14:44:27,125 - INFO - Change Type UA (Precision) Matrix
 [[0.    	0.9523	0.    	0.    	0.    ]
 [0.9101	0.    	0.9138	0.    	0.    ]
 [0.    	0.8333	0.    	0.    	0.    ]
 [0.    	0.    	0.    	0.    	0.    ]
 [0.    	0.    	0.    	0.    	0.    ]]
2026-03-19 14:44:27,126 - INFO - Change Type F1 Matrix
 [[0.    	0.954 	0.    	0.    	0.    ]
 [0.9126	0.    	0.9381	0.    	0.    ]
 [0.    	0.8824	0.    	0.    	0.    ]
 [0.    	0.    	0.    	0.    	0.    ]
 [0.    	0.    	0.    	0.    	0.    ]]
2026-03-19 14:44:27,126 - INFO - Epoch 0 saved.
