2026-03-19 14:44:27,349 - INFO - Epoch 0, Train loss: 0.0
2026-03-19 14:44:27,349 - INFO - mIoU: 0.9841; OA: 0.9975; AA: 0.991; F1: 0.992; cls_weighted_F1: 0.9975; Kappa: 0.9919;
2026-03-19 14:44:27,349 - INFO - spatial_LccAccuracy: 0.9648; spatial_PA: 0.9968; spatial_UA: 0.9841; spatial_F1: 0.9904; weighted_F1: 0.9659
2026-03-19 14:44:27,350 - INFO - temporal_CdAccuracy: 0.981; temporal_PA: 0.9917; temporal_UA: 0.9951; temporal_F1: 0.9934
2026-03-19 14:44:27,350 - INFO - Confusion Matrix
 [18109.	   12.	    0.	    3.	    0.]
 [    7.	 2747.	    0.	    8.	    0.]
 [    0.	    0.	    0.	    0.	    0.]
 [    6.	   20.	    0.	 1228.	    0.]
 [    0.	    0.	    0.	    0.	    0.]
2026-03-19 14:44:27,351 - INFO - Change Type PA (Recall) Matrix
 [[0.    	0.9735	0.    	0.959 	0.    ]
 [0.8571	0.    	0.    	0.    	0.    ]
 [0.    	0.    	0.    	0.    	0.    ]
 [0.    	0.9643	0.    	0.    	0.    ]
 [0.    	0.    	0.    	0.    	0.    ]]
2026-03-19 14:44:27,351 - INFO - Change Type UA (Precision) Matrix
 [[0.    	0.9483	0.    	0.9791	0.    ]
 [1.    	0.    	0.    	0.    	0.    ]
 [0.    	0.    	0.    	0.    	0.    ]
 [0.    	0.973 	0.    	0.    	0.    ]
 [0.    	0.    	0.    	0.    	0.    ]]
2026-03-19 14:44:27,353 - INFO - Change Type F1 Matrix
 [[0.    	0.9607	0.    	0.9689	0.    ]
 [0.9231	0.    	0.    	0.    	0.    ]
 [0.    	0.    	0.    	0.    	0.    ]
 [0.    	0.9686	0.    	0.    	0.    ]
 [0.    	0.    	0.    	0.    	0.    ]]
2026-03-19 14:44:27,353 - INFO - Epoch 0 saved.
