2026-03-19 14:44:27,508 - INFO - Epoch 0, Train loss: 0.0
2026-03-19 14:44:27,509 - INFO - mIoU: 0.9503; OA: 0.9673; AA: 0.9752; F1: 0.9744; cls_weighted_F1: 0.9673; Kappa: 0.9451;
2026-03-19 14:44:27,509 - INFO - spatial_LccAccuracy: 0.7696; spatial_PA: 0.9811; spatial_UA: 0.9944; spatial_F1: 0.9877; weighted_F1: 0.8848
2026-03-19 14:44:27,509 - INFO - temporal_CdAccuracy: 0.7696; temporal_PA: 0.9323; temporal_UA: 0.8839; temporal_F1: 0.9075
2026-03-19 14:44:27,509 - INFO - Confusion Matrix
 [5840.	 321.	   1.	   3.	   0.]
 [  63.	6043.	  33.	   0.	   0.]
 [   0.	  28.	1053.	   0.	   0.]
 [   2.	   0.	   0.	 413.	   0.]
 [   0.	   0.	   0.	   0.	   0.]
2026-03-19 14:44:27,510 - INFO - Change Type PA (Recall) Matrix
 [[0.    	0.9375	0.    	1.    	0.    ]
 [0.9355	0.    	0.8276	0.    	0.    ]
 [1.    	1.    	0.    	0.    	0.    ]
 [0.    	0.    	0.    	0.    	0.    ]
 [0.    	0.    	0.    	0.    	0.    ]]
2026-03-19 14:44:27,510 - INFO - Change Type UA (Precision) Matrix
 [[0.    	0.8599	0.    	1.    	0.    ]
 [0.7532	0.    	0.6154	0.    	0.    ]
 [1.    	0.9111	0.    	0.    	0.    ]
 [0.    	0.    	0.    	0.    	0.    ]
 [0.    	0.    	0.    	0.    	0.    ]]
2026-03-19 14:44:27,510 - INFO - Change Type F1 Matrix
 [[0.    	0.897 	0.    	1.    	0.    ]
 [0.8345	0.    	0.7059	0.    	0.    ]
 [0.    	0.9535	0.    	0.    	0.    ]
 [0.    	0.    	0.    	0.    	0.    ]
 [0.    	0.    	0.    	0.    	0.    ]]
2026-03-19 14:44:27,510 - INFO - Epoch 0 saved.
