2026-01-29 17:01:31,116 - INFO - Epoch 0, Train loss: 0.0
2026-01-29 17:01:31,117 - INFO - mIoU: 0.5823; OA: 0.9831; AA: 0.7889; F1: 0.8441; Kappa: 0.9641;
2026-01-29 17:01:31,117 - INFO - spatial_LccAccuracy: 0.8587; spatial_PA: 0.9908; spatial_UA: 0.9908; spatial_F1: 0.9908; weighted_F1: 0.9523
2026-01-29 17:01:31,117 - INFO - temporal_CdAccuracy: 0.8587; temporal_PA: 0.9588; temporal_UA: 0.9583; temporal_F1: 0.9586
2026-01-29 17:01:31,117 - INFO - Confusion Matrix
 [11884.	  214.	    0.	    0.	    0.]
 [  258.	20212.	    1.	    0.	    0.]
 [    2.	   72.	   52.	    5.	    0.]
 [    0.	    0.	    0.	    0.	    0.]
 [    0.	    0.	    0.	    0.	    0.]
2026-01-29 17:01:31,118 - INFO - Change Type PA (Recall) Matrix
 [[0.    	0.9676	0.    	0.    	0.    ]
 [0.9441	0.    	0.2   	0.    	0.    ]
 [0.    	0.    	0.    	0.    	0.    ]
 [0.    	0.    	0.    	0.    	0.    ]
 [0.    	0.    	0.    	0.    	0.    ]]
2026-01-29 17:01:31,119 - INFO - Change Type UA (Precision) Matrix
 [[0.    	0.9662	0.    	0.    	0.    ]
 [0.9354	0.    	0.3333	0.    	0.    ]
 [0.    	0.    	0.    	0.    	0.    ]
 [0.    	0.    	0.    	0.    	0.    ]
 [0.    	0.    	0.    	0.    	0.    ]]
2026-01-29 17:01:31,119 - INFO - Change Type F1 Matrix
 [[0.    	0.9669	0.    	0.    	0.    ]
 [0.9397	0.    	0.25  	0.    	0.    ]
 [0.    	0.    	0.    	0.    	0.    ]
 [0.    	0.    	0.    	0.    	0.    ]
 [0.    	0.    	0.    	0.    	0.    ]]
2026-01-29 17:01:31,120 - INFO - Epoch 0 saved.
