2026-03-19 14:45:45,582 - INFO - Epoch 0, Train loss: 0.0
2026-03-19 14:45:45,583 - INFO - mIoU: 0.7128; OA: 0.9604; AA: 0.9353; F1: 0.9408; cls_weighted_F1: 0.9604; Kappa: 0.9257;
2026-03-19 14:45:45,583 - INFO - spatial_LccAccuracy: 0.7478; spatial_PA: 0.7982; spatial_UA: 0.9787; spatial_F1: 0.8793; weighted_F1: 0.8717
2026-03-19 14:45:45,583 - INFO - temporal_CdAccuracy: 0.7478; temporal_PA: 0.9167; temporal_UA: 0.8442; temporal_F1: 0.8789
2026-03-19 14:45:45,583 - INFO - Confusion Matrix
 [15109.	  473.	    0.	    0.	   43.]
 [  632.	16937.	   15.	    0.	   30.]
 [    0.	    4.	  289.	    0.	    0.]
 [    0.	    0.	    0.	    0.	    0.]
 [    3.	  159.	    0.	    6.	  800.]
2026-03-19 14:45:45,585 - INFO - Change Type PA (Recall) Matrix
 [[0.    	0.9569	0.    	0.    	0.    ]
 [0.4545	0.    	1.    	0.    	0.7636]
 [0.    	1.    	0.    	0.    	0.    ]
 [0.    	0.    	0.    	0.    	0.    ]
 [0.    	0.    	0.    	0.    	0.    ]]
2026-03-19 14:45:45,586 - INFO - Change Type UA (Precision) Matrix
 [[0.    	0.8417	0.    	0.    	0.    ]
 [0.1351	0.    	0.9545	0.    	0.7119]
 [0.    	1.    	0.    	0.    	0.    ]
 [0.    	0.    	0.    	0.    	0.    ]
 [0.    	0.    	0.    	0.    	0.    ]]
2026-03-19 14:45:45,587 - INFO - Change Type F1 Matrix
 [[0.    	0.8956	0.    	0.    	0.    ]
 [0.2083	0.    	0.9767	0.    	0.7368]
 [0.    	1.    	0.    	0.    	0.    ]
 [0.    	0.    	0.    	0.    	0.    ]
 [0.    	0.    	0.    	0.    	0.    ]]
2026-03-19 14:45:45,587 - INFO - Epoch 0 saved.
