2026-03-19 14:45:45,649 - INFO - Epoch 0, Train loss: 0.0
2026-03-19 14:45:45,650 - INFO - mIoU: 0.958; OA: 0.9877; AA: 0.9789; F1: 0.9783; cls_weighted_F1: 0.9877; Kappa: 0.9774;
2026-03-19 14:45:45,650 - INFO - spatial_LccAccuracy: 0.8889; spatial_PA: 1.0; spatial_UA: 1.0; spatial_F1: 1.0; weighted_F1: 0.9689
2026-03-19 14:45:45,651 - INFO - temporal_CdAccuracy: 0.8889; temporal_PA: 0.9167; temporal_UA: 0.9016; temporal_F1: 0.909
2026-03-19 14:45:45,651 - INFO - Confusion Matrix
 [1526.	  61.	   0.	   0.	   0.]
 [  32.	1261.	   0.	   0.	   0.]
 [   0.	   0.	   0.	   0.	   0.]
 [   0.	   0.	   0.	   0.	   0.]
 [   0.	   0.	   0.	   0.	4680.]
2026-03-19 14:45:45,651 - INFO - Change Type PA (Recall) Matrix
 [[0.    	0.9792	0.    	0.    	0.    ]
 [1.    	0.    	0.    	0.    	0.    ]
 [0.    	0.    	0.    	0.    	0.    ]
 [0.    	0.    	0.    	0.    	0.    ]
 [0.    	0.    	0.    	0.    	0.    ]]
2026-03-19 14:45:45,652 - INFO - Change Type UA (Precision) Matrix
 [[0.    	0.9592	0.    	0.    	0.    ]
 [0.9394	0.    	0.    	0.    	0.    ]
 [0.    	0.    	0.    	0.    	0.    ]
 [0.    	0.    	0.    	0.    	0.    ]
 [0.    	0.    	0.    	0.    	0.    ]]
2026-03-19 14:45:45,652 - INFO - Change Type F1 Matrix
 [[0.    	0.9691	0.    	0.    	0.    ]
 [0.9688	0.    	0.    	0.    	0.    ]
 [0.    	0.    	0.    	0.    	0.    ]
 [0.    	0.    	0.    	0.    	0.    ]
 [0.    	0.    	0.    	0.    	0.    ]]
2026-03-19 14:45:45,652 - INFO - Epoch 0 saved.
