2026-03-19 14:45:45,948 - INFO - Epoch 0, Train loss: 0.0
2026-03-19 14:45:45,948 - INFO - mIoU: 0.9276; OA: 0.9894; AA: 0.9823; F1: 0.9609; cls_weighted_F1: 0.9894; Kappa: 0.9815;
2026-03-19 14:45:45,949 - INFO - spatial_LccAccuracy: 0.8906; spatial_PA: 0.98; spatial_UA: 0.9896; spatial_F1: 0.9848; weighted_F1: 0.9075
2026-03-19 14:45:45,949 - INFO - temporal_CdAccuracy: 0.8947; temporal_PA: 0.953; temporal_UA: 0.9297; temporal_F1: 0.9412
2026-03-19 14:45:45,950 - INFO - Confusion Matrix
 [24680.	  126.	    2.	    5.	    0.]
 [  204.	12718.	   62.	    0.	    0.]
 [   12.	   47.	  883.	    0.	    0.]
 [    0.	    0.	    0.	   21.	    0.]
 [    0.	    0.	    0.	    0.	 4560.]
2026-03-19 14:45:45,950 - INFO - Change Type PA (Recall) Matrix
 [[0.    	0.9432	0.878 	1.    	0.    ]
 [0.8904	0.    	0.9041	0.    	0.    ]
 [0.    	0.    	0.    	0.    	0.    ]
 [0.    	0.    	0.    	0.    	0.    ]
 [0.    	0.    	0.    	0.    	0.    ]]
2026-03-19 14:45:45,951 - INFO - Change Type UA (Precision) Matrix
 [[0.    	0.9251	0.8   	0.7778	0.    ]
 [0.7558	0.    	0.8919	0.    	0.    ]
 [0.    	0.    	0.    	0.    	0.    ]
 [0.    	0.    	0.    	0.    	0.    ]
 [0.    	0.    	0.    	0.    	0.    ]]
2026-03-19 14:45:45,952 - INFO - Change Type F1 Matrix
 [[0.    	0.9341	0.8372	0.875 	0.    ]
 [0.8176	0.    	0.898 	0.    	0.    ]
 [0.    	0.    	0.    	0.    	0.    ]
 [0.    	0.    	0.    	0.    	0.    ]
 [0.    	0.    	0.    	0.    	0.    ]]
2026-03-19 14:45:45,952 - INFO - Epoch 0 saved.
