2026-03-19 14:45:46,200 - INFO - Epoch 0, Train loss: 0.0
2026-03-19 14:45:46,200 - INFO - mIoU: 0.6294; OA: 0.9793; AA: 0.8738; F1: 0.902; cls_weighted_F1: 0.979; Kappa: 0.9577;
2026-03-19 14:45:46,200 - INFO - spatial_LccAccuracy: 0.7843; spatial_PA: 1.0; spatial_UA: 1.0; spatial_F1: 1.0; weighted_F1: 0.9293
2026-03-19 14:45:46,201 - INFO - temporal_CdAccuracy: 0.7843; temporal_PA: 0.9427; temporal_UA: 0.9397; temporal_F1: 0.9412
2026-03-19 14:45:46,201 - INFO - Confusion Matrix
 [14355.	  445.	    0.	    2.	    0.]
 [  160.	21380.	   39.	    0.	    0.]
 [    0.	  115.	  224.	    0.	    0.]
 [    0.	    0.	    0.	    0.	    0.]
 [    0.	    0.	    0.	    0.	    0.]
2026-03-19 14:45:46,202 - INFO - Change Type PA (Recall) Matrix
 [[0.    	0.9533	0.    	0.    	0.    ]
 [0.9068	0.    	0.8909	0.    	0.    ]
 [0.    	0.625 	0.    	0.    	0.    ]
 [0.    	0.    	0.    	0.    	0.    ]
 [0.    	0.    	0.    	0.    	0.    ]]
2026-03-19 14:45:46,203 - INFO - Change Type UA (Precision) Matrix
 [[0.    	0.9475	0.    	0.    	0.    ]
 [0.897 	0.    	0.9074	0.    	0.    ]
 [0.    	0.5556	0.    	0.    	0.    ]
 [0.    	0.    	0.    	0.    	0.    ]
 [0.    	0.    	0.    	0.    	0.    ]]
2026-03-19 14:45:46,204 - INFO - Change Type F1 Matrix
 [[0.    	0.9504	0.    	0.    	0.    ]
 [0.9019	0.    	0.8991	0.    	0.    ]
 [0.    	0.5882	0.    	0.    	0.    ]
 [0.    	0.    	0.    	0.    	0.    ]
 [0.    	0.    	0.    	0.    	0.    ]]
2026-03-19 14:45:46,204 - INFO - Epoch 0 saved.
