2026-03-19 14:45:46,346 - INFO - Epoch 0, Train loss: 0.0
2026-03-19 14:45:46,347 - INFO - mIoU: 0.9707; OA: 0.9954; AA: 0.9854; F1: 0.985; cls_weighted_F1: 0.9954; Kappa: 0.9853;
2026-03-19 14:45:46,347 - INFO - spatial_LccAccuracy: 0.897; spatial_PA: 0.9754; spatial_UA: 0.9952; spatial_F1: 0.9852; weighted_F1: 0.9367
2026-03-19 14:45:46,347 - INFO - temporal_CdAccuracy: 0.916; temporal_PA: 0.991; temporal_UA: 0.9634; temporal_F1: 0.977
2026-03-19 14:45:46,347 - INFO - Confusion Matrix
 [18105.	   12.	    0.	    7.	    0.]
 [   21.	 2710.	    0.	   31.	    0.]
 [    0.	    0.	    0.	    0.	    0.]
 [    2.	   28.	    0.	 1224.	    0.]
 [    0.	    0.	    0.	    0.	    0.]
2026-03-19 14:45:46,349 - INFO - Change Type PA (Recall) Matrix
 [[0.    	0.9115	0.    	0.9744	0.    ]
 [1.    	0.    	0.    	0.    	0.    ]
 [0.    	0.    	0.    	0.    	0.    ]
 [0.    	1.    	0.    	0.    	0.    ]
 [0.    	0.    	0.    	0.    	0.    ]]
2026-03-19 14:45:46,349 - INFO - Change Type UA (Precision) Matrix
 [[0.    	0.9364	0.    	0.9406	0.    ]
 [0.875 	0.    	0.    	0.    	0.    ]
 [0.    	0.    	0.    	0.    	0.    ]
 [0.    	0.8421	0.    	0.    	0.    ]
 [0.    	0.    	0.    	0.    	0.    ]]
2026-03-19 14:45:46,350 - INFO - Change Type F1 Matrix
 [[0.    	0.9238	0.    	0.9572	0.    ]
 [0.9333	0.    	0.    	0.    	0.    ]
 [0.    	0.    	0.    	0.    	0.    ]
 [0.    	0.9143	0.    	0.    	0.    ]
 [0.    	0.    	0.    	0.    	0.    ]]
2026-03-19 14:45:46,350 - INFO - Epoch 0 saved.
