2026-03-19 14:45:46,447 - INFO - Epoch 0, Train loss: 0.0
2026-03-19 14:45:46,448 - INFO - mIoU: 0.754; OA: 0.9722; AA: 0.9673; F1: 0.9703; cls_weighted_F1: 0.9722; Kappa: 0.9532;
2026-03-19 14:45:46,448 - INFO - spatial_LccAccuracy: 0.7957; spatial_PA: 0.9811; spatial_UA: 0.9944; spatial_F1: 0.9877; weighted_F1: 0.885
2026-03-19 14:45:46,449 - INFO - temporal_CdAccuracy: 0.7957; temporal_PA: 0.9341; temporal_UA: 0.892; temporal_F1: 0.9126
2026-03-19 14:45:46,449 - INFO - Confusion Matrix
 [5969.	 182.	   1.	  13.	   0.]
 [  95.	6027.	  17.	   0.	   0.]
 [   1.	  68.	1012.	   0.	   0.]
 [   0.	   6.	   0.	 408.	   1.]
 [   0.	   0.	   0.	   0.	   0.]
2026-03-19 14:45:46,451 - INFO - Change Type PA (Recall) Matrix
 [[0.    	0.9722	0.    	1.    	0.    ]
 [0.9839	0.    	0.6207	0.    	0.    ]
 [1.    	0.9024	0.    	0.    	0.    ]
 [0.    	0.    	0.    	0.    	0.    ]
 [0.    	0.    	0.    	0.    	0.    ]]
2026-03-19 14:45:46,452 - INFO - Change Type UA (Precision) Matrix
 [[0.    	0.8589	0.    	1.    	0.    ]
 [0.7093	0.    	0.75  	0.    	0.    ]
 [1.    	0.9737	0.    	0.    	0.    ]
 [0.    	0.    	0.    	0.    	0.    ]
 [0.    	0.    	0.    	0.    	0.    ]]
2026-03-19 14:45:46,452 - INFO - Change Type F1 Matrix
 [[0.    	0.9121	0.    	1.    	0.    ]
 [0.8243	0.    	0.6792	0.    	0.    ]
 [1.    	0.9367	0.    	0.    	0.    ]
 [0.    	0.    	0.    	0.    	0.    ]
 [0.    	0.    	0.    	0.    	0.    ]]
2026-03-19 14:45:46,453 - INFO - Epoch 0 saved.
