2026-01-29 17:02:12,955 - INFO - Epoch 0, Train loss: 0.0
2026-01-29 17:02:12,955 - INFO - mIoU: 0.9841; OA: 0.9974; AA: 0.9917; F1: 0.992; Kappa: 0.9918;
2026-01-29 17:02:12,956 - INFO - spatial_LccAccuracy: 0.9459; spatial_PA: 0.9928; spatial_UA: 0.9983; spatial_F1: 0.9955; weighted_F1: 0.9716
2026-01-29 17:02:12,956 - INFO - temporal_CdAccuracy: 0.9514; temporal_PA: 0.987; temporal_UA: 0.9765; temporal_F1: 0.9817
2026-01-29 17:02:12,956 - INFO - Confusion Matrix
 [18118.	   10.	    0.	    1.	    0.]
 [   16.	 2966.	    0.	   15.	    0.]
 [    0.	    0.	    0.	    0.	    0.]
 [    3.	   12.	    0.	 1059.	    0.]
 [    0.	    0.	    0.	    0.	    0.]
2026-01-29 17:02:12,957 - INFO - Change Type PA (Recall) Matrix
 [[0.    	0.9695	0.    	0.9824	0.    ]
 [1.    	0.    	0.    	0.    	0.    ]
 [0.    	0.    	0.    	0.    	0.    ]
 [0.    	1.    	0.    	0.    	0.    ]
 [0.    	0.    	0.    	0.    	0.    ]]
2026-01-29 17:02:12,958 - INFO - Change Type UA (Precision) Matrix
 [[0.    	0.9695	0.    	0.9709	0.    ]
 [0.8   	0.    	0.    	0.    	0.    ]
 [0.    	0.    	0.    	0.    	0.    ]
 [0.    	0.94  	0.    	0.    	0.    ]
 [0.    	0.    	0.    	0.    	0.    ]]
2026-01-29 17:02:12,959 - INFO - Change Type F1 Matrix
 [[0.    	0.9695	0.    	0.9766	0.    ]
 [0.8889	0.    	0.    	0.    	0.    ]
 [0.    	0.    	0.    	0.    	0.    ]
 [0.    	0.9691	0.    	0.    	0.    ]
 [0.    	0.    	0.    	0.    	0.    ]]
2026-01-29 17:02:12,959 - INFO - Epoch 0 saved.
