2026-03-19 14:42:58,404 - INFO - Epoch 0, Train loss: 0.0
2026-03-19 14:42:58,404 - INFO - mIoU: 0.8432; OA: 0.962; AA: 0.8952; F1: 0.9123; cls_weighted_F1: 0.9617; Kappa: 0.9284;
2026-03-19 14:42:58,404 - INFO - spatial_LccAccuracy: 0.7652; spatial_PA: 0.8158; spatial_UA: 0.9805; spatial_F1: 0.8906; weighted_F1: 0.9072
2026-03-19 14:42:58,404 - INFO - temporal_CdAccuracy: 0.7652; temporal_PA: 0.9168; temporal_UA: 0.8704; temporal_F1: 0.893
2026-03-19 14:42:58,404 - INFO - Confusion Matrix
 [15318.	  299.	    0.	    0.	    8.]
 [  684.	16867.	   46.	    0.	   17.]
 [    0.	   38.	  255.	    0.	    0.]
 [    0.	    0.	    0.	    0.	    0.]
 [   17.	  203.	    0.	    0.	  748.]
2026-03-19 14:42:58,405 - INFO - Change Type PA (Recall) Matrix
 [[0.    	0.9706	0.    	0.    	0.    ]
 [0.5455	0.    	1.    	0.    	0.7818]
 [0.    	1.    	0.    	0.    	0.    ]
 [0.    	0.    	0.    	0.    	0.    ]
 [0.    	0.    	0.    	0.    	0.    ]]
2026-03-19 14:42:58,406 - INFO - Change Type UA (Precision) Matrix
 [[0.    	0.8986	0.    	0.    	0.    ]
 [0.2553	0.    	0.913 	0.    	0.7818]
 [0.    	1.    	0.    	0.    	0.    ]
 [0.    	0.    	0.    	0.    	0.    ]
 [0.    	0.    	0.    	0.    	0.    ]]
2026-03-19 14:42:58,406 - INFO - Change Type F1 Matrix
 [[0.    	0.9332	0.    	0.    	0.    ]
 [0.3478	0.    	0.9545	0.    	0.7818]
 [0.    	1.    	0.    	0.    	0.    ]
 [0.    	0.    	0.    	0.    	0.    ]
 [0.    	0.    	0.    	0.    	0.    ]]
2026-03-19 14:42:58,406 - INFO - Epoch 0 saved.
