2026-03-19 14:42:58,495 - INFO - Epoch 0, Train loss: 0.0
2026-03-19 14:42:58,495 - INFO - mIoU: 0.9452; OA: 0.9837; AA: 0.9736; F1: 0.9714; cls_weighted_F1: 0.9838; Kappa: 0.9701;
2026-03-19 14:42:58,495 - INFO - spatial_LccAccuracy: 0.8333; spatial_PA: 1.0; spatial_UA: 1.0; spatial_F1: 1.0; weighted_F1: 0.8754
2026-03-19 14:42:58,496 - INFO - temporal_CdAccuracy: 0.8333; temporal_PA: 0.8969; temporal_UA: 0.8489; temporal_F1: 0.8723
2026-03-19 14:42:58,496 - INFO - Confusion Matrix
 [1476.	 111.	   0.	   0.	   0.]
 [  12.	1281.	   0.	   0.	   0.]
 [   0.	   0.	   0.	   0.	   0.]
 [   0.	   0.	   0.	   0.	   0.]
 [   0.	   0.	   0.	   0.	4680.]
2026-03-19 14:42:58,497 - INFO - Change Type PA (Recall) Matrix
 [[0.    	0.8958	0.    	0.    	0.    ]
 [1.    	0.    	0.    	0.    	0.    ]
 [0.    	0.    	0.    	0.    	0.    ]
 [0.    	0.    	0.    	0.    	0.    ]
 [0.    	0.    	0.    	0.    	0.    ]]
2026-03-19 14:42:58,498 - INFO - Change Type UA (Precision) Matrix
 [[0.    	0.8431	0.    	0.    	0.    ]
 [0.7949	0.    	0.    	0.    	0.    ]
 [0.    	0.    	0.    	0.    	0.    ]
 [0.    	0.    	0.    	0.    	0.    ]
 [0.    	0.    	0.    	0.    	0.    ]]
2026-03-19 14:42:58,499 - INFO - Change Type F1 Matrix
 [[0.    	0.8687	0.    	0.    	0.    ]
 [0.8857	0.    	0.    	0.    	0.    ]
 [0.    	0.    	0.    	0.    	0.    ]
 [0.    	0.    	0.    	0.    	0.    ]
 [0.    	0.    	0.    	0.    	0.    ]]
2026-03-19 14:42:58,499 - INFO - Epoch 0 saved.
