2026-03-19 14:42:58,950 - INFO - Epoch 0, Train loss: 0.0
2026-03-19 14:42:58,951 - INFO - mIoU: 0.9637; OA: 0.9887; AA: 0.9912; F1: 0.9813; cls_weighted_F1: 0.9887; Kappa: 0.9802;
2026-03-19 14:42:58,951 - INFO - spatial_LccAccuracy: 0.9086; spatial_PA: 0.98; spatial_UA: 0.9896; spatial_F1: 0.9848; weighted_F1: 0.9098
2026-03-19 14:42:58,951 - INFO - temporal_CdAccuracy: 0.91; temporal_PA: 0.9754; temporal_UA: 0.944; temporal_F1: 0.9594
2026-03-19 14:42:58,951 - INFO - Confusion Matrix
 [24612.	  199.	    1.	    1.	    0.]
 [  205.	12710.	   69.	    0.	    0.]
 [    9.	    5.	  928.	    0.	    0.]
 [    0.	    0.	    0.	   21.	    0.]
 [    0.	    0.	    0.	    0.	 4560.]
2026-03-19 14:42:58,953 - INFO - Change Type PA (Recall) Matrix
 [[0.    	0.9629	0.878 	0.7143	0.    ]
 [0.8493	0.    	0.9589	0.    	0.    ]
 [0.    	1.    	0.    	0.    	0.    ]
 [0.    	0.    	0.    	0.    	0.    ]
 [0.    	0.    	0.    	0.    	0.    ]]
2026-03-19 14:42:58,954 - INFO - Change Type UA (Precision) Matrix
 [[0.    	0.9149	0.8571	0.7143	0.    ]
 [0.7561	0.    	0.8235	0.    	0.    ]
 [0.    	0.6667	0.    	0.    	0.    ]
 [0.    	0.    	0.    	0.    	0.    ]
 [0.    	0.    	0.    	0.    	0.    ]]
2026-03-19 14:42:58,954 - INFO - Change Type F1 Matrix
 [[0.    	0.9383	0.8675	0.7143	0.    ]
 [0.8   	0.    	0.8861	0.    	0.    ]
 [0.    	0.8   	0.    	0.    	0.    ]
 [0.    	0.    	0.    	0.    	0.    ]
 [0.    	0.    	0.    	0.    	0.    ]]
2026-03-19 14:42:58,955 - INFO - Epoch 0 saved.
