2026-03-19 14:42:59,368 - INFO - Epoch 0, Train loss: 0.0
2026-03-19 14:42:59,369 - INFO - mIoU: 0.86; OA: 0.9745; AA: 0.9172; F1: 0.9191; cls_weighted_F1: 0.9744; Kappa: 0.9479;
2026-03-19 14:42:59,369 - INFO - spatial_LccAccuracy: 0.7565; spatial_PA: 0.9991; spatial_UA: 0.9865; spatial_F1: 0.9928; weighted_F1: 0.9227
2026-03-19 14:42:59,370 - INFO - temporal_CdAccuracy: 0.7565; temporal_PA: 0.9373; temporal_UA: 0.9333; temporal_F1: 0.9353
2026-03-19 14:42:59,370 - INFO - Confusion Matrix
 [14171.	  631.	    0.	    0.	    0.]
 [  175.	21339.	   65.	    0.	    0.]
 [    0.	   66.	  273.	    0.	    0.]
 [    0.	    0.	    0.	    0.	    0.]
 [    0.	    0.	    0.	    0.	    0.]
2026-03-19 14:42:59,371 - INFO - Change Type PA (Recall) Matrix
 [[0.    	0.9337	0.    	0.    	0.    ]
 [0.9068	0.    	0.9273	0.    	0.    ]
 [0.    	1.    	0.    	0.    	0.    ]
 [0.    	0.    	0.    	0.    	0.    ]
 [0.    	0.    	0.    	0.    	0.    ]]
2026-03-19 14:42:59,372 - INFO - Change Type UA (Precision) Matrix
 [[0.    	0.9418	0.    	0.    	0.    ]
 [0.8803	0.    	0.9107	0.    	0.    ]
 [0.    	0.7273	0.    	0.    	0.    ]
 [0.    	0.    	0.    	0.    	0.    ]
 [0.    	0.    	0.    	0.    	0.    ]]
2026-03-19 14:42:59,372 - INFO - Change Type F1 Matrix
 [[0.    	0.9377	0.    	0.    	0.    ]
 [0.8934	0.    	0.9189	0.    	0.    ]
 [0.    	0.8421	0.    	0.    	0.    ]
 [0.    	0.    	0.    	0.    	0.    ]
 [0.    	0.    	0.    	0.    	0.    ]]
2026-03-19 14:42:59,372 - INFO - Epoch 0 saved.
