2026-03-19 14:42:59,594 - INFO - Epoch 0, Train loss: 0.0
2026-03-19 14:42:59,594 - INFO - mIoU: 0.9565; OA: 0.9935; AA: 0.9735; F1: 0.9775; cls_weighted_F1: 0.9935; Kappa: 0.9792;
2026-03-19 14:42:59,594 - INFO - spatial_LccAccuracy: 0.8916; spatial_PA: 0.9968; spatial_UA: 0.9841; spatial_F1: 0.9904; weighted_F1: 0.9166
2026-03-19 14:42:59,594 - INFO - temporal_CdAccuracy: 0.9512; temporal_PA: 0.9879; temporal_UA: 0.9813; temporal_F1: 0.9846
2026-03-19 14:42:59,594 - INFO - Confusion Matrix
 [18118.	    3.	    0.	    3.	    0.]
 [   35.	 2693.	    0.	   34.	    0.]
 [    0.	    0.	    0.	    0.	    0.]
 [    9.	   59.	    0.	 1186.	    0.]
 [    0.	    0.	    0.	    0.	    0.]
2026-03-19 14:42:59,595 - INFO - Change Type PA (Recall) Matrix
 [[0.    	0.9292	0.    	0.8872	0.    ]
 [0.8571	0.    	0.    	0.    	0.    ]
 [0.    	0.    	0.    	0.    	0.    ]
 [0.    	0.9821	0.    	0.    	0.    ]
 [0.    	0.    	0.    	0.    	0.    ]]
2026-03-19 14:42:59,595 - INFO - Change Type UA (Precision) Matrix
 [[0.    	0.8333	0.    	0.9505	0.    ]
 [0.8571	0.    	0.    	0.    	0.    ]
 [0.    	0.    	0.    	0.    	0.    ]
 [0.    	0.9322	0.    	0.    	0.    ]
 [0.    	0.    	0.    	0.    	0.    ]]
2026-03-19 14:42:59,595 - INFO - Change Type F1 Matrix
 [[0.    	0.8787	0.    	0.9178	0.    ]
 [0.8571	0.    	0.    	0.    	0.    ]
 [0.    	0.    	0.    	0.    	0.    ]
 [0.    	0.9565	0.    	0.    	0.    ]
 [0.    	0.    	0.    	0.    	0.    ]]
2026-03-19 14:42:59,595 - INFO - Epoch 0 saved.
