2026-03-19 14:42:59,750 - INFO - Epoch 0, Train loss: 0.0
2026-03-19 14:42:59,751 - INFO - mIoU: 0.9523; OA: 0.9725; AA: 0.9732; F1: 0.9755; cls_weighted_F1: 0.9725; Kappa: 0.9537;
2026-03-19 14:42:59,751 - INFO - spatial_LccAccuracy: 0.7696; spatial_PA: 0.9811; spatial_UA: 0.9944; spatial_F1: 0.9877; weighted_F1: 0.8726
2026-03-19 14:42:59,751 - INFO - temporal_CdAccuracy: 0.7696; temporal_PA: 0.9369; temporal_UA: 0.8818; temporal_F1: 0.9085
2026-03-19 14:42:59,751 - INFO - Confusion Matrix
 [5948.	 214.	   0.	   3.	   0.]
 [ 101.	6012.	  26.	   0.	   0.]
 [   0.	  24.	1057.	   0.	   0.]
 [   7.	   5.	   0.	 403.	   0.]
 [   0.	   0.	   0.	   0.	   0.]
2026-03-19 14:42:59,752 - INFO - Change Type PA (Recall) Matrix
 [[0.    	0.9375	0.    	1.    	0.    ]
 [0.9516	0.    	0.7931	0.    	0.    ]
 [0.    	0.9512	0.    	0.    	0.    ]
 [0.    	0.    	0.    	0.    	0.    ]
 [0.    	0.    	0.    	0.    	0.    ]]
2026-03-19 14:42:59,753 - INFO - Change Type UA (Precision) Matrix
 [[0.    	0.8544	0.    	1.    	0.    ]
 [0.7284	0.    	0.6389	0.    	0.    ]
 [0.    	0.8667	0.    	0.    	0.    ]
 [0.    	0.    	0.    	0.    	0.    ]
 [0.    	0.    	0.    	0.    	0.    ]]
2026-03-19 14:42:59,754 - INFO - Change Type F1 Matrix
 [[0.    	0.894 	0.    	1.    	0.    ]
 [0.8252	0.    	0.7077	0.    	0.    ]
 [0.    	0.907 	0.    	0.    	0.    ]
 [0.    	0.    	0.    	0.    	0.    ]
 [0.    	0.    	0.    	0.    	0.    ]]
2026-03-19 14:42:59,754 - INFO - Epoch 0 saved.
