2026-02-22 20:07:27,203 - INFO - Epoch 0, Train loss: 0.0
2026-02-22 20:07:27,203 - INFO - mIoU: 0.6072; OA: 0.9394; AA: 0.6409; F1: 0.8889; cls_weighted_F1: 0.9353; Kappa: 0.8846;
2026-02-22 20:07:27,203 - INFO - spatial_LccAccuracy: 0.618; spatial_PA: 0.7018; spatial_UA: 0.9688; spatial_F1: 0.8139; weighted_F1: 0.7579
2026-02-22 20:07:27,203 - INFO - temporal_CdAccuracy: 0.618; temporal_PA: 0.8349; temporal_UA: 0.7911; temporal_F1: 0.8124
2026-02-22 20:07:27,203 - INFO - Confusion Matrix
 [14862.	  519.	    0.	    0.	   20.]
 [  920.	16520.	   10.	    0.	   17.]
 [    0.	  244.	    0.	    0.	    0.]
 [    0.	    0.	    0.	    0.	    0.]
 [   64.	  272.	    0.	    0.	  632.]
2026-02-22 20:07:27,203 - INFO - Change Type PA (Recall) Matrix
 [[0.    	0.9524	0.    	0.    	0.    ]
 [0.5   	0.    	0.    	0.    	0.6909]
 [0.    	0.    	0.    	0.    	0.    ]
 [0.    	0.    	0.    	0.    	0.    ]
 [0.    	0.    	0.    	0.    	0.    ]]
2026-02-22 20:07:27,207 - INFO - Change Type UA (Precision) Matrix
 [[0.    	0.8333	0.    	0.    	0.    ]
 [0.1111	0.    	0.    	0.    	0.8261]
 [0.    	0.    	0.    	0.    	0.    ]
 [0.    	0.    	0.    	0.    	0.    ]
 [0.    	0.    	0.    	0.    	0.    ]]
2026-02-22 20:07:27,207 - INFO - Change Type F1 Matrix
 [[0.    	0.8889	0.    	0.    	0.    ]
 [0.1818	0.    	0.    	0.    	0.7525]
 [0.    	0.    	0.    	0.    	0.    ]
 [0.    	0.    	0.    	0.    	0.    ]
 [0.    	0.    	0.    	0.    	0.    ]]
2026-02-22 20:07:27,207 - INFO - Epoch 0 saved.
