2026-01-22 16:52:57,259 - INFO - Epoch 0, Train loss: 0.0
2026-01-22 16:52:57,259 - INFO - mIoU: 0.7522; OA: 0.9905; AA: 0.7632; F1: 0.7738; Kappa: 0.9837;
2026-01-22 16:52:57,260 - INFO - spatial_LccAccuracy: 0.9132; spatial_PA: 1.0; spatial_UA: 1.0; spatial_F1: 1.0; weighted_F1: 0.9232
2026-01-22 16:52:57,260 - INFO - temporal_CdAccuracy: 0.9186; temporal_PA: 0.9616; temporal_UA: 0.9546; temporal_F1: 0.9581
2026-01-22 16:52:57,260 - INFO - Confusion Matrix
 [23268.	   95.	    1.	    0.	    0.]
 [  171.	15351.	   31.	    0.	    0.]
 [   20.	  104.	  619.	    0.	    0.]
 [    0.	    0.	    0.	    0.	    0.]
 [    0.	    0.	    0.	    0.	 4560.]
2026-01-22 16:52:57,261 - INFO - Change Type PA (Recall) Matrix
 [[0.    	0.9684	0.6818	0.    	0.    ]
 [0.9241	0.    	0.7368	0.    	0.    ]
 [0.    	0.    	0.    	0.    	0.    ]
 [0.    	0.    	0.    	0.    	0.    ]
 [0.    	0.    	0.    	0.    	0.    ]]
2026-01-22 16:52:57,262 - INFO - Change Type UA (Precision) Matrix
 [[0.    	0.9524	0.75  	0.    	0.    ]
 [0.8795	0.    	0.7568	0.    	0.    ]
 [0.    	0.    	0.    	0.    	0.    ]
 [0.    	0.    	0.    	0.    	0.    ]
 [0.    	0.    	0.    	0.    	0.    ]]
2026-01-22 16:52:57,263 - INFO - Change Type F1 Matrix
 [[0.    	0.9603	0.7143	0.    	0.    ]
 [0.9012	0.    	0.7467	0.    	0.    ]
 [0.    	0.    	0.    	0.    	0.    ]
 [0.    	0.    	0.    	0.    	0.    ]
 [0.    	0.    	0.    	0.    	0.    ]]
2026-01-22 16:52:57,263 - INFO - Epoch 0 saved.
