2025-12-13 21:54:31,831 - INFO - Epoch 0, Train loss: 0.0
2025-12-13 21:54:31,831 - INFO - mIoU: 0.437; OA: 0.974; AA: 0.4482; F1: 0.4787; Kappa: 0.9443;
2025-12-13 21:54:31,832 - INFO - spatial_LccAccuracy: 0.8642; spatial_PA: 0.9897; spatial_UA: 0.9828; spatial_F1: 0.9863
2025-12-13 21:54:31,832 - INFO - temporal_CdAccuracy: 0.7468; temporal_PA: 0.9189; temporal_UA: 0.9264; temporal_F1: 0.9226
2025-12-13 21:54:31,833 - INFO - Confusion Matrix
 [11514.	  584.	    0.	    0.	    0.]
 [  169.	20297.	    5.	    0.	    0.]
 [    0.	   92.	   39.	    0.	    0.]
 [    0.	    0.	    0.	    0.	    0.]
 [    0.	    0.	    0.	    0.	    0.]
2025-12-13 21:54:31,834 - INFO - Change Type PA (Recall) Matrix
 [[0.    	0.9282	0.    	0.    	0.    ]
 [0.8789	0.    	0.4   	0.    	0.    ]
 [0.    	0.    	0.    	0.    	0.    ]
 [0.    	0.    	0.    	0.    	0.    ]
 [0.    	0.    	0.    	0.    	0.    ]]
2025-12-13 21:54:31,834 - INFO - Change Type UA (Precision) Matrix
 [[0.    	0.9509	0.    	0.    	0.    ]
 [0.8927	0.    	0.3333	0.    	0.    ]
 [0.    	0.    	0.    	0.    	0.    ]
 [0.    	0.    	0.    	0.    	0.    ]
 [0.    	0.    	0.    	0.    	0.    ]]
2025-12-13 21:54:31,835 - INFO - Change Type F1 Matrix
 [[0.    	0.9394	0.    	0.    	0.    ]
 [0.8858	0.    	0.3636	0.    	0.    ]
 [0.    	0.    	0.    	0.    	0.    ]
 [0.    	0.    	0.    	0.    	0.    ]
 [0.    	0.    	0.    	0.    	0.    ]]
2025-12-13 21:54:31,835 - INFO - Epoch 0 saved.
