2026-01-29 17:04:25,081 - INFO - Epoch 0, Train loss: 0.0
2026-01-29 17:04:25,082 - INFO - mIoU: 0.9666; OA: 0.9946; AA: 0.9802; F1: 0.9829; Kappa: 0.9827;
2026-01-29 17:04:25,082 - INFO - spatial_LccAccuracy: 0.8919; spatial_PA: 0.9983; spatial_UA: 0.9929; spatial_F1: 0.9956; weighted_F1: 0.9535
2026-01-29 17:04:25,082 - INFO - temporal_CdAccuracy: 0.9135; temporal_PA: 0.9854; temporal_UA: 0.9573; temporal_F1: 0.9711
2026-01-29 17:04:25,082 - INFO - Confusion Matrix
 [18108.	   21.	    0.	    0.	    0.]
 [   33.	 2940.	    0.	   24.	    0.]
 [    0.	    0.	    0.	    0.	    0.]
 [    8.	   34.	    0.	 1032.	    0.]
 [    0.	    0.	    0.	    0.	    0.]
2026-01-29 17:04:25,083 - INFO - Change Type PA (Recall) Matrix
 [[0.    	0.9771	0.    	0.9412	0.    ]
 [1.    	0.    	0.    	0.    	0.    ]
 [0.    	0.    	0.    	0.    	0.    ]
 [0.    	0.9894	0.    	0.    	0.    ]
 [0.    	0.    	0.    	0.    	0.    ]]
2026-01-29 17:04:25,085 - INFO - Change Type UA (Precision) Matrix
 [[0.    	0.9209	0.    	0.9816	0.    ]
 [0.6667	0.    	0.    	0.    	0.    ]
 [0.    	0.    	0.    	0.    	0.    ]
 [0.    	0.9208	0.    	0.    	0.    ]
 [0.    	0.    	0.    	0.    	0.    ]]
2026-01-29 17:04:25,085 - INFO - Change Type F1 Matrix
 [[0.    	0.9481	0.    	0.961 	0.    ]
 [0.8   	0.    	0.    	0.    	0.    ]
 [0.    	0.    	0.    	0.    	0.    ]
 [0.    	0.9538	0.    	0.    	0.    ]
 [0.    	0.    	0.    	0.    	0.    ]]
2026-01-29 17:04:25,086 - INFO - Epoch 0 saved.
