2026-01-22 16:52:57,983 - INFO - Epoch 0, Train loss: 0.0
2026-01-22 16:52:57,983 - INFO - mIoU: 0.7414; OA: 0.9661; AA: 0.7641; F1: 0.7692; Kappa: 0.9375;
2026-01-22 16:52:57,984 - INFO - spatial_LccAccuracy: 0.7679; spatial_PA: 1.0; spatial_UA: 1.0; spatial_F1: 1.0; weighted_F1: 0.8739
2026-01-22 16:52:57,984 - INFO - temporal_CdAccuracy: 0.7679; temporal_PA: 0.9058; temporal_UA: 0.8661; temporal_F1: 0.8855
2026-01-22 16:52:57,984 - INFO - Confusion Matrix
 [6997.	 173.	   0.	   0.	   1.]
 [ 192.	5303.	  35.	   0.	   0.]
 [   0.	  51.	 557.	   0.	   0.]
 [   2.	   2.	   0.	 127.	   0.]
 [   0.	   0.	   0.	   0.	   0.]
2026-01-22 16:52:57,985 - INFO - Change Type PA (Recall) Matrix
 [[0.    	0.95  	0.    	1.    	0.    ]
 [0.9348	0.    	0.7895	0.    	0.    ]
 [0.    	0.8947	0.    	0.    	0.    ]
 [0.    	0.    	0.    	0.    	0.    ]
 [0.    	0.    	0.    	0.    	0.    ]]
2026-01-22 16:52:57,986 - INFO - Change Type UA (Precision) Matrix
 [[0.    	0.8906	0.    	1.    	0.    ]
 [0.6825	0.    	0.7895	0.    	0.    ]
 [0.    	0.7727	0.    	0.    	0.    ]
 [0.    	0.    	0.    	0.    	0.    ]
 [0.    	0.    	0.    	0.    	0.    ]]
2026-01-22 16:52:57,987 - INFO - Change Type F1 Matrix
 [[0.    	0.9194	0.    	1.    	0.    ]
 [0.789 	0.    	0.7895	0.    	0.    ]
 [0.    	0.8293	0.    	0.    	0.    ]
 [0.    	0.    	0.    	0.    	0.    ]
 [0.    	0.    	0.    	0.    	0.    ]]
2026-01-22 16:52:57,987 - INFO - Epoch 0 saved.
