2026-01-29 22:26:00,555 - INFO - Epoch 0, Train loss: 0.0
2026-01-29 22:26:00,555 - INFO - mIoU: 0.8833; OA: 0.9823; AA: 0.9424; F1: 0.9339; Kappa: 0.9623;
2026-01-29 22:26:00,555 - INFO - spatial_LccAccuracy: 0.8239; spatial_PA: 0.9908; spatial_UA: 0.9908; spatial_F1: 0.9908; weighted_F1: 0.9284
2026-01-29 22:26:00,555 - INFO - temporal_CdAccuracy: 0.8239; temporal_PA: 0.9424; temporal_UA: 0.956; temporal_F1: 0.9492
2026-01-29 22:26:00,555 - INFO - Confusion Matrix
 [11635.	  463.	    0.	    0.	    0.]
 [   71.	20373.	   27.	    0.	    0.]
 [    0.	   17.	  114.	    0.	    0.]
 [    0.	    0.	    0.	    0.	    0.]
 [    0.	    0.	    0.	    0.	    0.]
2026-01-29 22:26:00,555 - INFO - Change Type PA (Recall) Matrix
 [[0.    	0.9324	0.    	0.    	0.    ]
 [0.8789	0.    	0.6   	0.    	0.    ]
 [0.    	0.    	0.    	0.    	0.    ]
 [0.    	0.    	0.    	0.    	0.    ]
 [0.    	0.    	0.    	0.    	0.    ]]
2026-01-29 22:26:00,555 - INFO - Change Type UA (Precision) Matrix
 [[0.    	0.9636	0.    	0.    	0.    ]
 [0.9279	0.    	0.3   	0.    	0.    ]
 [0.    	0.    	0.    	0.    	0.    ]
 [0.    	0.    	0.    	0.    	0.    ]
 [0.    	0.    	0.    	0.    	0.    ]]
2026-01-29 22:26:00,556 - INFO - Change Type F1 Matrix
 [[0.    	0.9477	0.    	0.    	0.    ]
 [0.9027	0.    	0.4   	0.    	0.    ]
 [0.    	0.    	0.    	0.    	0.    ]
 [0.    	0.    	0.    	0.    	0.    ]
 [0.    	0.    	0.    	0.    	0.    ]]
2026-01-29 22:26:00,556 - INFO - Epoch 0 saved.
