2026-01-29 22:26:00,842 - INFO - Epoch 0, Train loss: 0.0
2026-01-29 22:26:00,842 - INFO - mIoU: 0.9585; OA: 0.9795; AA: 0.9854; F1: 0.9786; Kappa: 0.9623;
2026-01-29 22:26:00,842 - INFO - spatial_LccAccuracy: 0.8527; spatial_PA: 1.0; spatial_UA: 1.0; spatial_F1: 1.0; weighted_F1: 0.8953
2026-01-29 22:26:00,842 - INFO - temporal_CdAccuracy: 0.8527; temporal_PA: 0.9624; temporal_UA: 0.9124; temporal_F1: 0.9367
2026-01-29 22:26:00,842 - INFO - Confusion Matrix
 [7061.	 110.	   0.	   0.	   0.]
 [ 109.	5373.	  48.	   0.	   0.]
 [   0.	   9.	 599.	   0.	   0.]
 [   0.	   0.	   0.	 131.	   0.]
 [   0.	   0.	   0.	   0.	   0.]
2026-01-29 22:26:00,842 - INFO - Change Type PA (Recall) Matrix
 [[0.    	0.9667	0.5   	1.    	0.    ]
 [0.9783	0.    	0.7895	0.    	0.    ]
 [0.    	1.    	0.    	0.    	0.    ]
 [0.    	0.    	0.    	0.    	0.    ]
 [0.    	0.    	0.    	0.    	0.    ]]
2026-01-29 22:26:00,842 - INFO - Change Type UA (Precision) Matrix
 [[0.    	0.9158	0.2   	1.    	0.    ]
 [0.7258	0.    	0.7143	0.    	0.    ]
 [0.    	0.8261	0.    	0.    	0.    ]
 [0.    	0.    	0.    	0.    	0.    ]
 [0.    	0.    	0.    	0.    	0.    ]]
2026-01-29 22:26:00,842 - INFO - Change Type F1 Matrix
 [[0.    	0.9405	0.2857	1.    	0.    ]
 [0.8333	0.    	0.75  	0.    	0.    ]
 [0.    	0.9048	0.    	0.    	0.    ]
 [0.    	0.    	0.    	0.    	0.    ]
 [0.    	0.    	0.    	0.    	0.    ]]
2026-01-29 22:26:00,842 - INFO - Epoch 0 saved.
