2026-01-29 22:26:18,291 - INFO - Epoch 0, Train loss: 0.0
2026-01-29 22:26:18,291 - INFO - mIoU: 0.9243; OA: 0.9765; AA: 0.9505; F1: 0.96; Kappa: 0.9597;
2026-01-29 22:26:18,291 - INFO - spatial_LccAccuracy: 0.8153; spatial_PA: 0.965; spatial_UA: 0.9893; spatial_F1: 0.977; weighted_F1: 0.8765
2026-01-29 22:26:18,291 - INFO - temporal_CdAccuracy: 0.8196; temporal_PA: 0.9288; temporal_UA: 0.914; temporal_F1: 0.9213
2026-01-29 22:26:18,291 - INFO - Confusion Matrix
 [77265.	 1508.	   10.	   35.	   46.]
 [ 1195.	58860.	  134.	   18.	   55.]
 [    1.	  338.	 2711.	    1.	    0.]
 [    6.	  108.	    0.	 1401.	    0.]
 [   15.	  174.	    0.	    4.	11095.]
2026-01-29 22:26:18,291 - INFO - Change Type PA (Recall) Matrix
 [[0.    	0.9284	0.8992	0.9653	0.    ]
 [0.803 	0.    	0.482 	0.    	0.8182]
 [0.    	0.9512	0.    	0.    	0.    ]
 [0.    	0.9596	0.    	0.    	0.    ]
 [0.    	0.    	0.    	0.    	0.    ]]
2026-01-29 22:26:18,291 - INFO - Change Type UA (Precision) Matrix
 [[0.    	0.9017	0.8923	0.9191	0.    ]
 [0.7726	0.    	0.7128	0.    	0.6164]
 [0.    	0.8125	0.    	0.    	0.    ]
 [0.    	0.9596	0.    	0.    	0.    ]
 [0.    	0.    	0.    	0.    	0.    ]]
2026-01-29 22:26:18,291 - INFO - Change Type F1 Matrix
 [[0.    	0.9148	0.8958	0.9416	0.    ]
 [0.7875	0.    	0.5751	0.    	0.7031]
 [0.    	0.8764	0.    	0.    	0.    ]
 [0.    	0.9596	0.    	0.    	0.    ]
 [0.    	0.    	0.    	0.    	0.    ]]
2026-01-29 22:26:18,291 - INFO - Epoch 0 saved.
