2026-01-29 22:26:19,572 - INFO - Epoch 0, Train loss: 0.0
2026-01-29 22:26:19,572 - INFO - mIoU: 0.9338; OA: 0.9768; AA: 0.9594; F1: 0.9649; Kappa: 0.9602;
2026-01-29 22:26:19,572 - INFO - spatial_LccAccuracy: 0.8173; spatial_PA: 0.9587; spatial_UA: 0.9867; spatial_F1: 0.9725; weighted_F1: 0.8793
2026-01-29 22:26:19,572 - INFO - temporal_CdAccuracy: 0.8231; temporal_PA: 0.9362; temporal_UA: 0.915; temporal_F1: 0.9255
2026-01-29 22:26:19,572 - INFO - Confusion Matrix
 [77543.	 1237.	    2.	   26.	   56.]
 [ 1460.	58596.	  166.	   14.	   26.]
 [    5.	  383.	 2662.	    1.	    0.]
 [    3.	   18.	    0.	 1494.	    0.]
 [    0.	  192.	    1.	    4.	11091.]
2026-01-29 22:26:19,572 - INFO - Change Type PA (Recall) Matrix
 [[0.    	0.9424	0.8527	0.9459	0.    ]
 [0.8518	0.    	0.4964	0.    	0.7636]
 [0.    	0.9512	0.    	0.    	0.    ]
 [0.    	0.9697	0.    	0.    	0.    ]
 [0.    	0.    	0.    	0.    	0.    ]]
2026-01-29 22:26:19,572 - INFO - Change Type UA (Precision) Matrix
 [[0.    	0.8924	0.9735	0.9211	0.    ]
 [0.7592	0.    	0.6635	0.    	0.7119]
 [0.    	0.65  	0.    	0.    	0.    ]
 [0.    	0.9697	0.    	0.    	0.    ]
 [0.    	0.    	0.    	0.    	0.    ]]
2026-01-29 22:26:19,573 - INFO - Change Type F1 Matrix
 [[0.    	0.9167	0.9091	0.9333	0.    ]
 [0.8028	0.    	0.5679	0.    	0.7368]
 [0.    	0.7723	0.    	0.    	0.    ]
 [0.    	0.9697	0.    	0.    	0.    ]
 [0.    	0.    	0.    	0.    	0.    ]]
2026-01-29 22:26:19,573 - INFO - Epoch 0 saved.
