2026-01-29 22:26:17,058 - INFO - Epoch 0, Train loss: 0.0
2026-01-29 22:26:17,058 - INFO - mIoU: 0.9245; OA: 0.9763; AA: 0.9606; F1: 0.9601; Kappa: 0.9593;
2026-01-29 22:26:17,059 - INFO - spatial_LccAccuracy: 0.7998; spatial_PA: 0.964; spatial_UA: 0.9856; spatial_F1: 0.9747; weighted_F1: 0.8793
2026-01-29 22:26:17,059 - INFO - temporal_CdAccuracy: 0.8041; temporal_PA: 0.9323; temporal_UA: 0.9081; temporal_F1: 0.92
2026-01-29 22:26:17,059 - INFO - Confusion Matrix
 [77527.	 1288.	    2.	   14.	   33.]
 [ 1491.	58551.	  170.	   41.	    9.]
 [    7.	  309.	 2735.	    0.	    0.]
 [   10.	   22.	    0.	 1480.	    3.]
 [   58.	  131.	   14.	   78.	11007.]
2026-01-29 22:26:17,059 - INFO - Change Type PA (Recall) Matrix
 [[0.    	0.9445	0.8605	0.9382	0.    ]
 [0.8462	0.    	0.518 	0.    	0.5818]
 [0.    	1.    	0.    	0.    	0.    ]
 [0.    	0.9293	0.    	0.    	0.    ]
 [0.    	0.    	0.    	0.    	0.    ]]
2026-01-29 22:26:17,059 - INFO - Change Type UA (Precision) Matrix
 [[0.    	0.894 	0.9487	0.9101	0.    ]
 [0.7567	0.    	0.6667	0.    	0.9143]
 [0.    	0.8367	0.    	0.    	0.    ]
 [0.    	0.92  	0.    	0.    	0.    ]
 [0.    	0.    	0.    	0.    	0.    ]]
2026-01-29 22:26:17,059 - INFO - Change Type F1 Matrix
 [[0.    	0.9186	0.9024	0.924 	0.    ]
 [0.7989	0.    	0.583 	0.    	0.7111]
 [0.    	0.9111	0.    	0.    	0.    ]
 [0.    	0.9246	0.    	0.    	0.    ]
 [0.    	0.    	0.    	0.    	0.    ]]
2026-01-29 22:26:17,059 - INFO - Epoch 0 saved.
