2026-01-29 22:27:37,127 - INFO - Epoch 0, Train loss: 0.0
2026-01-29 22:27:37,127 - INFO - mIoU: 0.9586; OA: 0.9789; AA: 0.9857; F1: 0.9786; Kappa: 0.9613;
2026-01-29 22:27:37,127 - INFO - spatial_LccAccuracy: 0.8527; spatial_PA: 1.0; spatial_UA: 1.0; spatial_F1: 1.0; weighted_F1: 0.8973
2026-01-29 22:27:37,127 - INFO - temporal_CdAccuracy: 0.8527; temporal_PA: 0.9642; temporal_UA: 0.9164; temporal_F1: 0.9397
2026-01-29 22:27:37,127 - INFO - Confusion Matrix
 [7026.	 145.	   0.	   0.	   0.]
 [  84.	5399.	  47.	   0.	   0.]
 [   0.	   8.	 600.	   0.	   0.]
 [   0.	   0.	   0.	 131.	   0.]
 [   0.	   0.	   0.	   0.	   0.]
2026-01-29 22:27:37,127 - INFO - Change Type PA (Recall) Matrix
 [[0.    	0.9611	0.5   	1.    	0.    ]
 [0.9783	0.    	0.8158	0.    	0.    ]
 [0.    	1.    	0.    	0.    	0.    ]
 [0.    	0.    	0.    	0.    	0.    ]
 [0.    	0.    	0.    	0.    	0.    ]]
2026-01-29 22:27:37,127 - INFO - Change Type UA (Precision) Matrix
 [[0.    	0.9202	0.25  	1.    	0.    ]
 [0.7627	0.    	0.6889	0.    	0.    ]
 [0.    	0.7917	0.    	0.    	0.    ]
 [0.    	0.    	0.    	0.    	0.    ]
 [0.    	0.    	0.    	0.    	0.    ]]
2026-01-29 22:27:37,127 - INFO - Change Type F1 Matrix
 [[0.    	0.9402	0.3333	1.    	0.    ]
 [0.8571	0.    	0.747 	0.    	0.    ]
 [0.    	0.8837	0.    	0.    	0.    ]
 [0.    	0.    	0.    	0.    	0.    ]
 [0.    	0.    	0.    	0.    	0.    ]]
2026-01-29 22:27:37,127 - INFO - Epoch 0 saved.
