2026-01-29 17:01:57,116 - INFO - Epoch 0, Train loss: 0.0
2026-01-29 17:01:57,117 - INFO - mIoU: 0.6482; OA: 0.9533; AA: 0.9258; F1: 0.9255; Kappa: 0.9115;
2026-01-29 17:01:57,117 - INFO - spatial_LccAccuracy: 0.7467; spatial_PA: 0.7193; spatial_UA: 0.9685; spatial_F1: 0.8255; weighted_F1: 0.8521
2026-01-29 17:01:57,117 - INFO - temporal_CdAccuracy: 0.7486; temporal_PA: 0.9234; temporal_UA: 0.8449; temporal_F1: 0.8824
2026-01-29 17:01:57,118 - INFO - Confusion Matrix
 [13900.	  320.	    0.	    0.	   61.]
 [  900.	15752.	   10.	    0.	   69.]
 [    0.	    0.	    0.	    0.	    0.]
 [    0.	    0.	    0.	    0.	    0.]
 [    6.	  127.	    0.	    0.	  835.]
2026-01-29 17:01:57,119 - INFO - Change Type PA (Recall) Matrix
 [[0.    	0.9446	0.    	0.    	0.    ]
 [0.4091	0.    	0.    	0.    	0.8727]
 [0.    	0.    	0.    	0.    	0.    ]
 [0.    	0.    	0.    	0.    	0.    ]
 [0.    	0.    	0.    	0.    	0.    ]]
2026-01-29 17:01:57,119 - INFO - Change Type UA (Precision) Matrix
 [[0.    	0.8343	0.    	0.    	0.    ]
 [0.125 	0.    	0.    	0.    	0.7869]
 [0.    	0.    	0.    	0.    	0.    ]
 [0.    	0.    	0.    	0.    	0.    ]
 [0.    	0.    	0.    	0.    	0.    ]]
2026-01-29 17:01:57,120 - INFO - Change Type F1 Matrix
 [[0.    	0.886 	0.    	0.    	0.    ]
 [0.1915	0.    	0.    	0.    	0.8276]
 [0.    	0.    	0.    	0.    	0.    ]
 [0.    	0.    	0.    	0.    	0.    ]
 [0.    	0.    	0.    	0.    	0.    ]]
2026-01-29 17:01:57,120 - INFO - Epoch 0 saved.
