2026-01-29 17:01:57,607 - INFO - Epoch 0, Train loss: 0.0
2026-01-29 17:01:57,607 - INFO - mIoU: 0.7801; OA: 0.996; AA: 0.9853; F1: 0.9871; Kappa: 0.9931;
2026-01-29 17:01:57,608 - INFO - spatial_LccAccuracy: 0.9688; spatial_PA: 1.0; spatial_UA: 1.0; spatial_F1: 1.0; weighted_F1: 0.9722
2026-01-29 17:01:57,608 - INFO - temporal_CdAccuracy: 0.9729; temporal_PA: 0.9833; temporal_UA: 0.9886; temporal_F1: 0.986
2026-01-29 17:01:57,608 - INFO - Confusion Matrix
 [23300.	   63.	    1.	    0.	    0.]
 [   52.	15476.	   25.	    0.	    0.]
 [    3.	   34.	  705.	    1.	    0.]
 [    0.	    0.	    0.	    0.	    0.]
 [    0.	    0.	    0.	    0.	 4560.]
2026-01-29 17:01:57,609 - INFO - Change Type PA (Recall) Matrix
 [[0.    	0.9811	0.9318	0.    	0.    ]
 [0.9241	0.    	0.9211	0.    	0.    ]
 [0.    	0.    	0.    	0.    	0.    ]
 [0.    	0.    	0.    	0.    	0.    ]
 [0.    	0.    	0.    	0.    	0.    ]]
2026-01-29 17:01:57,609 - INFO - Change Type UA (Precision) Matrix
 [[0.    	0.9852	0.9318	0.    	0.    ]
 [0.9733	0.    	0.9459	0.    	0.    ]
 [0.    	0.    	0.    	0.    	0.    ]
 [0.    	0.    	0.    	0.    	0.    ]
 [0.    	0.    	0.    	0.    	0.    ]]
2026-01-29 17:01:57,611 - INFO - Change Type F1 Matrix
 [[0.    	0.9831	0.9318	0.    	0.    ]
 [0.9481	0.    	0.9333	0.    	0.    ]
 [0.    	0.    	0.    	0.    	0.    ]
 [0.    	0.    	0.    	0.    	0.    ]
 [0.    	0.    	0.    	0.    	0.    ]]
2026-01-29 17:01:57,611 - INFO - Epoch 0 saved.
