2026-01-29 17:01:58,141 - INFO - Epoch 0, Train loss: 0.0
2026-01-29 17:01:58,142 - INFO - mIoU: 0.9909; OA: 0.9986; AA: 0.9936; F1: 0.9954; Kappa: 0.9954;
2026-01-29 17:01:58,143 - INFO - spatial_LccAccuracy: 0.9811; spatial_PA: 1.0; spatial_UA: 1.0; spatial_F1: 1.0; weighted_F1: 0.985
2026-01-29 17:01:58,143 - INFO - temporal_CdAccuracy: 0.9973; temporal_PA: 0.9987; temporal_UA: 0.9987; temporal_F1: 0.9987
2026-01-29 17:01:58,143 - INFO - Confusion Matrix
 [18123.	    6.	    0.	    0.	    0.]
 [    9.	 2988.	    0.	    0.	    0.]
 [    0.	    0.	    0.	    0.	    0.]
 [    0.	   17.	    0.	 1057.	    0.]
 [    0.	    0.	    0.	    0.	    0.]
2026-01-29 17:01:58,143 - INFO - Change Type PA (Recall) Matrix
 [[0.    	1.    	0.    	0.9647	0.    ]
 [1.    	0.    	0.    	0.    	0.    ]
 [0.    	0.    	0.    	0.    	0.    ]
 [0.    	1.    	0.    	0.    	0.    ]
 [0.    	0.    	0.    	0.    	0.    ]]
2026-01-29 17:01:58,144 - INFO - Change Type UA (Precision) Matrix
 [[0.    	0.9562	0.    	1.    	0.    ]
 [1.    	0.    	0.    	0.    	0.    ]
 [0.    	0.    	0.    	0.    	0.    ]
 [0.    	1.    	0.    	0.    	0.    ]
 [0.    	0.    	0.    	0.    	0.    ]]
2026-01-29 17:01:58,145 - INFO - Change Type F1 Matrix
 [[0.    	0.9776	0.    	0.982 	0.    ]
 [1.    	0.    	0.    	0.    	0.    ]
 [0.    	0.    	0.    	0.    	0.    ]
 [0.    	1.    	0.    	0.    	0.    ]
 [0.    	0.    	0.    	0.    	0.    ]]
2026-01-29 17:01:58,145 - INFO - Epoch 0 saved.
