2026-03-19 14:43:21,165 - INFO - Epoch 0, Train loss: 0.0
2026-03-19 14:43:21,165 - INFO - mIoU: 0.8488; OA: 0.9485; AA: 0.9083; F1: 0.9153; cls_weighted_F1: 0.9483; Kappa: 0.9034;
2026-03-19 14:43:21,166 - INFO - spatial_LccAccuracy: 0.7339; spatial_PA: 0.7183; spatial_UA: 0.9516; spatial_F1: 0.8187; weighted_F1: 0.8668
2026-03-19 14:43:21,166 - INFO - temporal_CdAccuracy: 0.7357; temporal_PA: 0.9205; temporal_UA: 0.8473; temporal_F1: 0.8824
2026-03-19 14:43:21,166 - INFO - Confusion Matrix
 [15266.	  287.	    0.	    0.	   72.]
 [ 1120.	16434.	   21.	    0.	   39.]
 [    0.	   13.	  280.	    0.	    0.]
 [    0.	    0.	    0.	    0.	    0.]
 [   39.	  185.	    1.	    0.	  743.]
2026-03-19 14:43:21,167 - INFO - Change Type PA (Recall) Matrix
 [[0.    	0.9628	0.    	0.    	0.    ]
 [0.3636	0.    	0.9762	0.    	0.6909]
 [0.    	0.9762	0.    	0.    	0.    ]
 [0.    	0.    	0.    	0.    	0.    ]
 [0.    	0.    	0.    	0.    	0.    ]]
2026-03-19 14:43:21,167 - INFO - Change Type UA (Precision) Matrix
 [[0.    	0.8396	0.    	0.    	0.    ]
 [0.1039	0.    	0.9111	0.    	0.8261]
 [0.    	0.9111	0.    	0.    	0.    ]
 [0.    	0.    	0.    	0.    	0.    ]
 [0.    	0.    	0.    	0.    	0.    ]]
2026-03-19 14:43:21,169 - INFO - Change Type F1 Matrix
 [[0.    	0.897 	0.    	0.    	0.    ]
 [0.1616	0.    	0.9425	0.    	0.7525]
 [0.    	0.9425	0.    	0.    	0.    ]
 [0.    	0.    	0.    	0.    	0.    ]
 [0.    	0.    	0.    	0.    	0.    ]]
2026-03-19 14:43:21,169 - INFO - Epoch 0 saved.
