2026-03-19 14:43:21,242 - INFO - Epoch 0, Train loss: 0.0
2026-03-19 14:43:21,242 - INFO - mIoU: 0.9276; OA: 0.9786; AA: 0.959; F1: 0.9617; cls_weighted_F1: 0.9784; Kappa: 0.9605;
2026-03-19 14:43:21,242 - INFO - spatial_LccAccuracy: 0.8254; spatial_PA: 1.0; spatial_UA: 1.0; spatial_F1: 1.0; weighted_F1: 0.9689
2026-03-19 14:43:21,243 - INFO - temporal_CdAccuracy: 0.8254; temporal_PA: 0.8143; temporal_UA: 0.8029; temporal_F1: 0.8086
2026-03-19 14:43:21,243 - INFO - Confusion Matrix
 [1572.	  15.	   0.	   0.	   0.]
 [ 147.	1146.	   0.	   0.	   0.]
 [   0.	   0.	   0.	   0.	   0.]
 [   0.	   0.	   0.	   0.	   0.]
 [   0.	   0.	   0.	   0.	4680.]
2026-03-19 14:43:21,244 - INFO - Change Type PA (Recall) Matrix
 [[0.    	0.9792	0.    	0.    	0.    ]
 [1.    	0.    	0.    	0.    	0.    ]
 [0.    	0.    	0.    	0.    	0.    ]
 [0.    	0.    	0.    	0.    	0.    ]
 [0.    	0.    	0.    	0.    	0.    ]]
2026-03-19 14:43:21,244 - INFO - Change Type UA (Precision) Matrix
 [[0.    	0.9592	0.    	0.    	0.    ]
 [0.9394	0.    	0.    	0.    	0.    ]
 [0.    	0.    	0.    	0.    	0.    ]
 [0.    	0.    	0.    	0.    	0.    ]
 [0.    	0.    	0.    	0.    	0.    ]]
2026-03-19 14:43:21,245 - INFO - Change Type F1 Matrix
 [[0.    	0.9691	0.    	0.    	0.    ]
 [0.9688	0.    	0.    	0.    	0.    ]
 [0.    	0.    	0.    	0.    	0.    ]
 [0.    	0.    	0.    	0.    	0.    ]
 [0.    	0.    	0.    	0.    	0.    ]]
2026-03-19 14:43:21,245 - INFO - Epoch 0 saved.
