2026-03-19 14:43:21,641 - INFO - Epoch 0, Train loss: 0.0
2026-03-19 14:43:21,641 - INFO - mIoU: 0.9405; OA: 0.991; AA: 0.9798; F1: 0.9684; cls_weighted_F1: 0.991; Kappa: 0.9842;
2026-03-19 14:43:21,642 - INFO - spatial_LccAccuracy: 0.9211; spatial_PA: 0.986; spatial_UA: 0.9927; spatial_F1: 0.9893; weighted_F1: 0.9296
2026-03-19 14:43:21,642 - INFO - temporal_CdAccuracy: 0.928; temporal_PA: 0.9786; temporal_UA: 0.954; temporal_F1: 0.9662
2026-03-19 14:43:21,642 - INFO - Confusion Matrix
 [24716.	   94.	    0.	    3.	    0.]
 [  159.	12768.	   57.	    0.	    0.]
 [    9.	   67.	  866.	    0.	    0.]
 [    0.	    0.	    0.	   21.	    0.]
 [    0.	    0.	    0.	    0.	 4560.]
2026-03-19 14:43:21,642 - INFO - Change Type PA (Recall) Matrix
 [[0.    	0.9782	0.7805	0.7143	0.    ]
 [0.9315	0.    	0.9452	0.    	0.    ]
 [0.    	0.    	0.    	0.    	0.    ]
 [0.    	0.    	0.    	0.    	0.    ]
 [0.    	0.    	0.    	0.    	0.    ]]
2026-03-19 14:43:21,642 - INFO - Change Type UA (Precision) Matrix
 [[0.    	0.9412	0.8421	0.625 	0.    ]
 [0.8608	0.    	0.8519	0.    	0.    ]
 [0.    	0.    	0.    	0.    	0.    ]
 [0.    	0.    	0.    	0.    	0.    ]
 [0.    	0.    	0.    	0.    	0.    ]]
2026-03-19 14:43:21,643 - INFO - Change Type F1 Matrix
 [[0.    	0.9593	0.8101	0.6667	0.    ]
 [0.8947	0.    	0.8961	0.    	0.    ]
 [0.    	0.    	0.    	0.    	0.    ]
 [0.    	0.    	0.    	0.    	0.    ]
 [0.    	0.    	0.    	0.    	0.    ]]
2026-03-19 14:43:21,643 - INFO - Epoch 0 saved.
