2026-03-19 14:43:21,995 - INFO - Epoch 0, Train loss: 0.0
2026-03-19 14:43:21,996 - INFO - mIoU: 0.8454; OA: 0.9776; AA: 0.8795; F1: 0.9074; cls_weighted_F1: 0.9774; Kappa: 0.9544;
2026-03-19 14:43:21,996 - INFO - spatial_LccAccuracy: 0.781; spatial_PA: 1.0; spatial_UA: 1.0; spatial_F1: 1.0; weighted_F1: 0.9421
2026-03-19 14:43:21,996 - INFO - temporal_CdAccuracy: 0.781; temporal_PA: 0.9416; temporal_UA: 0.9409; temporal_F1: 0.9412
2026-03-19 14:43:21,996 - INFO - Confusion Matrix
 [14470.	  332.	    0.	    0.	    0.]
 [  348.	21198.	   33.	    0.	    0.]
 [    0.	  109.	  230.	    0.	    0.]
 [    0.	    0.	    0.	    0.	    0.]
 [    0.	    0.	    0.	    0.	    0.]
2026-03-19 14:43:21,997 - INFO - Change Type PA (Recall) Matrix
 [[0.    	0.9644	0.    	0.    	0.    ]
 [0.9315	0.    	0.8545	0.    	0.    ]
 [0.    	0.5   	0.    	0.    	0.    ]
 [0.    	0.    	0.    	0.    	0.    ]
 [0.    	0.    	0.    	0.    	0.    ]]
2026-03-19 14:43:21,998 - INFO - Change Type UA (Precision) Matrix
 [[0.    	0.9562	0.    	0.    	0.    ]
 [0.914 	0.    	0.9592	0.    	0.    ]
 [0.    	0.7273	0.    	0.    	0.    ]
 [0.    	0.    	0.    	0.    	0.    ]
 [0.    	0.    	0.    	0.    	0.    ]]
2026-03-19 14:43:21,998 - INFO - Change Type F1 Matrix
 [[0.    	0.9602	0.    	0.    	0.    ]
 [0.9227	0.    	0.9038	0.    	0.    ]
 [0.    	0.5926	0.    	0.    	0.    ]
 [0.    	0.    	0.    	0.    	0.    ]
 [0.    	0.    	0.    	0.    	0.    ]]
2026-03-19 14:43:21,999 - INFO - Epoch 0 saved.
