2026-03-19 14:43:22,212 - INFO - Epoch 0, Train loss: 0.0
2026-03-19 14:43:22,213 - INFO - mIoU: 0.9773; OA: 0.9963; AA: 0.9873; F1: 0.9884; cls_weighted_F1: 0.9962; Kappa: 0.988;
2026-03-19 14:43:22,213 - INFO - spatial_LccAccuracy: 0.9322; spatial_PA: 0.9902; spatial_UA: 0.9902; spatial_F1: 0.9902; weighted_F1: 0.9504
2026-03-19 14:43:22,213 - INFO - temporal_CdAccuracy: 0.9621; temporal_PA: 0.9915; temporal_UA: 0.9837; temporal_F1: 0.9876
2026-03-19 14:43:22,213 - INFO - Confusion Matrix
 [18101.	   18.	    0.	    5.	    0.]
 [   14.	 2737.	    0.	   11.	    0.]
 [    0.	    0.	    0.	    0.	    0.]
 [    6.	   29.	    0.	 1219.	    0.]
 [    0.	    0.	    0.	    0.	    0.]
2026-03-19 14:43:22,214 - INFO - Change Type PA (Recall) Matrix
 [[0.    	0.9735	0.    	0.9333	0.    ]
 [0.7143	0.    	0.    	0.    	0.    ]
 [0.    	0.    	0.    	0.    	0.    ]
 [0.    	0.9821	0.    	0.    	0.    ]
 [0.    	0.    	0.    	0.    	0.    ]]
2026-03-19 14:43:22,215 - INFO - Change Type UA (Precision) Matrix
 [[0.    	0.8943	0.    	0.9733	0.    ]
 [0.625 	0.    	0.    	0.    	0.    ]
 [0.    	0.    	0.    	0.    	0.    ]
 [0.    	0.9821	0.    	0.    	0.    ]
 [0.    	0.    	0.    	0.    	0.    ]]
2026-03-19 14:43:22,216 - INFO - Change Type F1 Matrix
 [[0.    	0.9322	0.    	0.9529	0.    ]
 [0.6667	0.    	0.    	0.    	0.    ]
 [0.    	0.    	0.    	0.    	0.    ]
 [0.    	0.9821	0.    	0.    	0.    ]
 [0.    	0.    	0.    	0.    	0.    ]]
2026-03-19 14:43:22,216 - INFO - Epoch 0 saved.
