2026-03-19 14:43:22,335 - INFO - Epoch 0, Train loss: 0.0
2026-03-19 14:43:22,335 - INFO - mIoU: 0.9284; OA: 0.9632; AA: 0.9543; F1: 0.9629; cls_weighted_F1: 0.9632; Kappa: 0.938;
2026-03-19 14:43:22,335 - INFO - spatial_LccAccuracy: 0.6826; spatial_PA: 0.9623; spatial_UA: 0.989; spatial_F1: 0.9754; weighted_F1: 0.8824
2026-03-19 14:43:22,335 - INFO - temporal_CdAccuracy: 0.6826; temporal_PA: 0.916; temporal_UA: 0.8665; temporal_F1: 0.8906
2026-03-19 14:43:22,335 - INFO - Confusion Matrix
 [5971.	 187.	   1.	   6.	   0.]
 [ 215.	5906.	  18.	   0.	   0.]
 [   1.	  54.	1026.	   0.	   0.]
 [  13.	  12.	   1.	 389.	   0.]
 [   0.	   0.	   0.	   0.	   0.]
2026-03-19 14:43:22,336 - INFO - Change Type PA (Recall) Matrix
 [[0.    	0.9514	0.    	1.    	0.    ]
 [0.9677	0.    	0.6552	0.    	0.    ]
 [1.    	0.9024	0.    	0.    	0.    ]
 [0.    	0.    	0.    	0.    	0.    ]
 [0.    	0.    	0.    	0.    	0.    ]]
2026-03-19 14:43:22,336 - INFO - Change Type UA (Precision) Matrix
 [[0.    	0.8509	0.    	1.    	0.    ]
 [0.7407	0.    	0.76  	0.    	0.    ]
 [1.    	0.9487	0.    	0.    	0.    ]
 [0.    	0.    	0.    	0.    	0.    ]
 [0.    	0.    	0.    	0.    	0.    ]]
2026-03-19 14:43:22,336 - INFO - Change Type F1 Matrix
 [[0.    	0.8984	0.    	1.    	0.    ]
 [0.8392	0.    	0.7037	0.    	0.    ]
 [1.    	0.925 	0.    	0.    	0.    ]
 [0.    	0.    	0.    	0.    	0.    ]
 [0.    	0.    	0.    	0.    	0.    ]]
2026-03-19 14:43:22,336 - INFO - Epoch 0 saved.
