2026-01-29 22:28:15,404 - INFO - Epoch 0, Train loss: 0.0
2026-01-29 22:28:15,404 - INFO - mIoU: 0.5034; OA: 0.9468; AA: 0.8989; F1: 0.9094; Kappa: 0.8989;
2026-01-29 22:28:15,405 - INFO - spatial_LccAccuracy: 0.7092; spatial_PA: 0.7632; spatial_UA: 0.9732; spatial_F1: 0.8555; weighted_F1: 0.873
2026-01-29 22:28:15,405 - INFO - temporal_CdAccuracy: 0.7092; temporal_PA: 0.8912; temporal_UA: 0.8282; temporal_F1: 0.8585
2026-01-29 22:28:15,405 - INFO - Confusion Matrix
 [13796.	  439.	    0.	    1.	   45.]
 [  899.	15716.	   39.	    1.	   76.]
 [    0.	    0.	    0.	    0.	    0.]
 [    0.	    0.	    0.	    0.	    0.]
 [   17.	  182.	    3.	    0.	  766.]
2026-01-29 22:28:15,405 - INFO - Change Type PA (Recall) Matrix
 [[0.    	0.9638	0.    	0.    	0.    ]
 [0.4091	0.    	0.    	0.    	0.7818]
 [0.    	0.    	0.    	0.    	0.    ]
 [0.    	0.    	0.    	0.    	0.    ]
 [0.    	0.    	0.    	0.    	0.    ]]
2026-01-29 22:28:15,405 - INFO - Change Type UA (Precision) Matrix
 [[0.    	0.8676	0.    	0.    	0.    ]
 [0.1765	0.    	0.    	0.    	0.7818]
 [0.    	0.    	0.    	0.    	0.    ]
 [0.    	0.    	0.    	0.    	0.    ]
 [0.    	0.    	0.    	0.    	0.    ]]
2026-01-29 22:28:15,405 - INFO - Change Type F1 Matrix
 [[0.    	0.9131	0.    	0.    	0.    ]
 [0.2466	0.    	0.    	0.    	0.7818]
 [0.    	0.    	0.    	0.    	0.    ]
 [0.    	0.    	0.    	0.    	0.    ]
 [0.    	0.    	0.    	0.    	0.    ]]
2026-01-29 22:28:15,405 - INFO - Epoch 0 saved.
