2026-01-29 22:28:15,622 - INFO - Epoch 0, Train loss: 0.0
2026-01-29 22:28:15,622 - INFO - mIoU: 0.9467; OA: 0.9919; AA: 0.9619; F1: 0.9711; Kappa: 0.9862;
2026-01-29 22:28:15,622 - INFO - spatial_LccAccuracy: 0.9254; spatial_PA: 1.0; spatial_UA: 1.0; spatial_F1: 1.0; weighted_F1: 0.9263
2026-01-29 22:28:15,624 - INFO - temporal_CdAccuracy: 0.9349; temporal_PA: 0.9642; temporal_UA: 0.97; temporal_F1: 0.9671
2026-01-29 22:28:15,624 - INFO - Confusion Matrix
 [23236.	  127.	    1.	    0.	    0.]
 [   88.	15427.	   38.	    0.	    0.]
 [   13.	   90.	  640.	    0.	    0.]
 [    0.	    0.	    0.	    0.	    0.]
 [    0.	    0.	    0.	    0.	 4560.]
2026-01-29 22:28:15,624 - INFO - Change Type PA (Recall) Matrix
 [[0.    	0.9579	0.7727	0.    	0.    ]
 [0.8101	0.    	0.8684	0.    	0.    ]
 [0.    	0.    	0.    	0.    	0.    ]
 [0.    	0.    	0.    	0.    	0.    ]
 [0.    	0.    	0.    	0.    	0.    ]]
2026-01-29 22:28:15,624 - INFO - Change Type UA (Precision) Matrix
 [[0.    	0.9479	0.85  	0.    	0.    ]
 [0.9143	0.    	0.8684	0.    	0.    ]
 [0.    	0.    	0.    	0.    	0.    ]
 [0.    	0.    	0.    	0.    	0.    ]
 [0.    	0.    	0.    	0.    	0.    ]]
2026-01-29 22:28:15,624 - INFO - Change Type F1 Matrix
 [[0.    	0.9529	0.8095	0.    	0.    ]
 [0.8591	0.    	0.8684	0.    	0.    ]
 [0.    	0.    	0.    	0.    	0.    ]
 [0.    	0.    	0.    	0.    	0.    ]
 [0.    	0.    	0.    	0.    	0.    ]]
2026-01-29 22:28:15,624 - INFO - Epoch 0 saved.
