2026-01-29 22:28:15,775 - INFO - Epoch 0, Train loss: 0.0
2026-01-29 22:28:15,775 - INFO - mIoU: 0.8573; OA: 0.9803; AA: 0.9222; F1: 0.916; Kappa: 0.9581;
2026-01-29 22:28:15,775 - INFO - spatial_LccAccuracy: 0.8128; spatial_PA: 0.9836; spatial_UA: 0.9979; spatial_F1: 0.9907; weighted_F1: 0.936
2026-01-29 22:28:15,776 - INFO - temporal_CdAccuracy: 0.8128; temporal_PA: 0.9413; temporal_UA: 0.9505; temporal_F1: 0.9458
2026-01-29 22:28:15,776 - INFO - Confusion Matrix
 [11736.	  361.	    1.	    0.	    0.]
 [  226.	20214.	   31.	    0.	    0.]
 [    0.	   25.	  106.	    0.	    0.]
 [    0.	    0.	    0.	    0.	    0.]
 [    0.	    0.	    0.	    0.	    0.]
2026-01-29 22:28:15,776 - INFO - Change Type PA (Recall) Matrix
 [[0.    	0.9465	0.    	0.    	0.    ]
 [0.8882	0.    	0.6   	0.    	0.    ]
 [0.    	0.5   	0.    	0.    	0.    ]
 [0.    	0.    	0.    	0.    	0.    ]
 [0.    	0.    	0.    	0.    	0.    ]]
2026-01-29 22:28:15,776 - INFO - Change Type UA (Precision) Matrix
 [[0.    	0.96  	0.    	0.    	0.    ]
 [0.9377	0.    	0.4286	0.    	0.    ]
 [0.    	0.1429	0.    	0.    	0.    ]
 [0.    	0.    	0.    	0.    	0.    ]
 [0.    	0.    	0.    	0.    	0.    ]]
2026-01-29 22:28:15,776 - INFO - Change Type F1 Matrix
 [[0.    	0.9532	0.    	0.    	0.    ]
 [0.9123	0.    	0.5   	0.    	0.    ]
 [0.    	0.2222	0.    	0.    	0.    ]
 [0.    	0.    	0.    	0.    	0.    ]
 [0.    	0.    	0.    	0.    	0.    ]]
2026-01-29 22:28:15,776 - INFO - Epoch 0 saved.
