2026-01-29 22:28:19,749 - INFO - Epoch 0, Train loss: 0.0
2026-01-29 22:28:19,749 - INFO - mIoU: 0.7462; OA: 0.9782; AA: 0.7875; F1: 0.8147; Kappa: 0.9536;
2026-01-29 22:28:19,749 - INFO - spatial_LccAccuracy: 0.7963; spatial_PA: 0.9744; spatial_UA: 0.9884; spatial_F1: 0.9814; weighted_F1: 0.9356
2026-01-29 22:28:19,749 - INFO - temporal_CdAccuracy: 0.7982; temporal_PA: 0.9571; temporal_UA: 0.9274; temporal_F1: 0.942
2026-01-29 22:28:19,749 - INFO - Confusion Matrix
 [11774.	  324.	    0.	    0.	    0.]
 [  277.	20160.	   34.	    0.	    0.]
 [    1.	   77.	   53.	    0.	    0.]
 [    0.	    0.	    0.	    0.	    0.]
 [    0.	    0.	    0.	    0.	    0.]
2026-01-29 22:28:19,750 - INFO - Change Type PA (Recall) Matrix
 [[0.    	0.9732	0.    	0.    	0.    ]
 [0.9565	0.    	0.6   	0.    	0.    ]
 [0.    	0.5   	0.    	0.    	0.    ]
 [0.    	0.    	0.    	0.    	0.    ]
 [0.    	0.    	0.    	0.    	0.    ]]
2026-01-29 22:28:19,750 - INFO - Change Type UA (Precision) Matrix
 [[0.    	0.9338	0.    	0.    	0.    ]
 [0.875 	0.    	0.2308	0.    	0.    ]
 [0.    	0.1   	0.    	0.    	0.    ]
 [0.    	0.    	0.    	0.    	0.    ]
 [0.    	0.    	0.    	0.    	0.    ]]
2026-01-29 22:28:19,750 - INFO - Change Type F1 Matrix
 [[0.    	0.9531	0.    	0.    	0.    ]
 [0.9139	0.    	0.3333	0.    	0.    ]
 [0.    	0.1667	0.    	0.    	0.    ]
 [0.    	0.    	0.    	0.    	0.    ]
 [0.    	0.    	0.    	0.    	0.    ]]
2026-01-29 22:28:19,750 - INFO - Epoch 0 saved.
