2026-01-22 16:52:44,493 - INFO - Epoch 0, Train loss: 0.0
2026-01-22 16:52:44,494 - INFO - mIoU: 0.9386; OA: 0.9782; AA: 0.9564; F1: 0.9678; Kappa: 0.9627;
2026-01-22 16:52:44,494 - INFO - spatial_LccAccuracy: 0.82; spatial_PA: 0.9695; spatial_UA: 0.988; spatial_F1: 0.9787; weighted_F1: 0.8827
2026-01-22 16:52:44,495 - INFO - temporal_CdAccuracy: 0.8316; temporal_PA: 0.9353; temporal_UA: 0.9235; temporal_F1: 0.9294
2026-01-22 16:52:44,495 - INFO - Confusion Matrix
 [77332.	 1406.	    0.	   13.	  113.]
 [ 1167.	58992.	   45.	   15.	   43.]
 [    2.	  404.	 2645.	    0.	    0.]
 [    7.	   45.	    0.	 1463.	    0.]
 [    0.	  112.	    0.	    0.	11176.]
2026-01-22 16:52:44,496 - INFO - Change Type PA (Recall) Matrix
 [[0.    	0.9354	0.7984	0.9305	0.    ]
 [0.8518	0.    	0.5108	0.    	0.7636]
 [0.    	0.878 	0.    	0.    	0.    ]
 [0.    	0.9798	0.    	0.    	0.    ]
 [0.    	0.    	0.    	0.    	0.    ]]
2026-01-22 16:52:44,497 - INFO - Change Type UA (Precision) Matrix
 [[0.    	0.8981	0.9717	0.9488	0.    ]
 [0.7855	0.    	0.7245	0.    	0.6885]
 [0.    	0.766 	0.    	0.    	0.    ]
 [0.    	0.97  	0.    	0.    	0.    ]
 [0.    	0.    	0.    	0.    	0.    ]]
2026-01-22 16:52:44,497 - INFO - Change Type F1 Matrix
 [[0.    	0.9164	0.8766	0.9396	0.    ]
 [0.8173	0.    	0.5992	0.    	0.7241]
 [0.    	0.8182	0.    	0.    	0.    ]
 [0.    	0.9749	0.    	0.    	0.    ]
 [0.    	0.    	0.    	0.    	0.    ]]
2026-01-22 16:52:44,498 - INFO - Epoch 0 saved.
