2026-02-22 20:07:12,767 - INFO - Epoch 0, Train loss: 0.0
2026-02-22 20:07:12,767 - INFO - mIoU: 0.9214; OA: 0.9763; AA: 0.9558; F1: 0.958; cls_weighted_F1: 0.9762; Kappa: 0.9593;
2026-02-22 20:07:12,767 - INFO - spatial_LccAccuracy: 0.7976; spatial_PA: 0.9668; spatial_UA: 0.9901; spatial_F1: 0.9783; weighted_F1: 0.8772
2026-02-22 20:07:12,767 - INFO - temporal_CdAccuracy: 0.8137; temporal_PA: 0.9292; temporal_UA: 0.9199; temporal_F1: 0.9245
2026-02-22 20:07:12,767 - INFO - Confusion Matrix
 [80573.	 1221.	    0.	   24.	   32.]
 [ 1519.	59735.	  205.	   98.	   32.]
 [    0.	  517.	 3021.	    0.	    0.]
 [   18.	   11.	    0.	 1486.	    0.]
 [    1.	  111.	    0.	    0.	11176.]
2026-02-22 20:07:12,767 - INFO - Change Type PA (Recall) Matrix
 [[0.    	0.921 	0.8837	0.9653	0.    ]
 [0.8236	0.    	0.6575	0.    	0.8545]
 [0.    	0.7582	0.    	0.    	0.    ]
 [0.    	0.9697	0.    	0.    	0.    ]
 [0.    	0.    	0.    	0.    	0.    ]]
2026-02-22 20:07:12,767 - INFO - Change Type UA (Precision) Matrix
 [[0.    	0.901 	0.9828	0.8333	0.    ]
 [0.7702	0.    	0.8045	0.    	0.8246]
 [0.    	0.8625	0.    	0.    	0.    ]
 [0.    	0.96  	0.    	0.    	0.    ]
 [0.    	0.    	0.    	0.    	0.    ]]
2026-02-22 20:07:12,767 - INFO - Change Type F1 Matrix
 [[0.    	0.9109	0.9306	0.8945	0.    ]
 [0.796 	0.    	0.7236	0.    	0.8393]
 [0.    	0.807 	0.    	0.    	0.    ]
 [0.    	0.9648	0.    	0.    	0.    ]
 [0.    	0.    	0.    	0.    	0.    ]]
2026-02-22 20:07:12,767 - INFO - Epoch 0 saved.
