2026-02-22 20:07:15,197 - INFO - Epoch 0, Train loss: 0.0
2026-02-22 20:07:15,197 - INFO - mIoU: 0.9269; OA: 0.9774; AA: 0.9547; F1: 0.9608; cls_weighted_F1: 0.9773; Kappa: 0.9612;
2026-02-22 20:07:15,197 - INFO - spatial_LccAccuracy: 0.8055; spatial_PA: 0.9678; spatial_UA: 0.9878; spatial_F1: 0.9777; weighted_F1: 0.8878
2026-02-22 20:07:15,197 - INFO - temporal_CdAccuracy: 0.8156; temporal_PA: 0.9318; temporal_UA: 0.9214; temporal_F1: 0.9266
2026-02-22 20:07:15,197 - INFO - Confusion Matrix
 [80840.	  966.	    1.	   28.	   15.]
 [ 1637.	59679.	  226.	   38.	    9.]
 [    2.	  525.	 3011.	    0.	    0.]
 [    6.	   29.	    0.	 1480.	    0.]
 [    0.	  128.	    0.	    0.	11160.]
2026-02-22 20:07:15,197 - INFO - Change Type PA (Recall) Matrix
 [[0.    	0.9458	0.8992	0.9382	0.    ]
 [0.878 	0.    	0.5525	0.    	0.8545]
 [0.    	0.7033	0.    	0.    	0.    ]
 [0.    	0.9697	0.    	0.    	0.    ]
 [0.    	0.    	0.    	0.    	0.    ]]
2026-02-22 20:07:15,197 - INFO - Change Type UA (Precision) Matrix
 [[0.    	0.9119	0.8722	0.8967	0.    ]
 [0.8139	0.    	0.7707	0.    	0.7705]
 [0.    	0.7805	0.    	0.    	0.    ]
 [0.    	0.9697	0.    	0.    	0.    ]
 [0.    	0.    	0.    	0.    	0.    ]]
2026-02-22 20:07:15,197 - INFO - Change Type F1 Matrix
 [[0.    	0.9285	0.8855	0.917 	0.    ]
 [0.8448	0.    	0.6436	0.    	0.8103]
 [0.    	0.7399	0.    	0.    	0.    ]
 [0.    	0.9697	0.    	0.    	0.    ]
 [0.    	0.    	0.    	0.    	0.    ]]
2026-02-22 20:07:15,197 - INFO - Epoch 0 saved.
