2026-02-22 20:07:10,356 - INFO - Epoch 0, Train loss: 0.0
2026-02-22 20:07:10,356 - INFO - mIoU: 0.9205; OA: 0.9763; AA: 0.9429; F1: 0.9571; cls_weighted_F1: 0.9761; Kappa: 0.9592;
2026-02-22 20:07:10,356 - INFO - spatial_LccAccuracy: 0.7991; spatial_PA: 0.9575; spatial_UA: 0.9885; spatial_F1: 0.9727; weighted_F1: 0.8757
2026-02-22 20:07:10,356 - INFO - temporal_CdAccuracy: 0.81; temporal_PA: 0.924; temporal_UA: 0.9199; temporal_F1: 0.9219
2026-02-22 20:07:10,356 - INFO - Confusion Matrix
 [80706.	 1085.	    0.	    4.	   55.]
 [ 1557.	59747.	  216.	    7.	   62.]
 [    1.	  604.	 2933.	    0.	    0.]
 [    3.	   89.	    0.	 1423.	    0.]
 [   15.	   96.	    0.	    0.	11177.]
2026-02-22 20:07:10,356 - INFO - Change Type PA (Recall) Matrix
 [[0.    	0.9401	0.8915	0.8764	0.    ]
 [0.8368	0.    	0.516 	0.    	0.8727]
 [0.    	0.5714	0.    	0.    	0.    ]
 [0.    	0.9697	0.    	0.    	0.    ]
 [0.    	0.    	0.    	0.    	0.    ]]
2026-02-22 20:07:10,356 - INFO - Change Type UA (Precision) Matrix
 [[0.    	0.9033	0.9274	0.9538	0.    ]
 [0.8139	0.    	0.7635	0.    	0.8276]
 [0.    	0.6582	0.    	0.    	0.    ]
 [0.    	0.9231	0.    	0.    	0.    ]
 [0.    	0.    	0.    	0.    	0.    ]]
2026-02-22 20:07:10,357 - INFO - Change Type F1 Matrix
 [[0.    	0.9213	0.9091	0.9135	0.    ]
 [0.8252	0.    	0.6158	0.    	0.8496]
 [0.    	0.6118	0.    	0.    	0.    ]
 [0.    	0.9458	0.    	0.    	0.    ]
 [0.    	0.    	0.    	0.    	0.    ]]
2026-02-22 20:07:10,357 - INFO - Epoch 0 saved.
