<<<<<<< HEAD
2026-01-22 16:52:41,065 - INFO - Epoch 0, Train loss: 0.0
2026-01-22 16:52:41,065 - INFO - mIoU: 0.9368; OA: 0.9785; AA: 0.9616; F1: 0.9668; Kappa: 0.9631;
2026-01-22 16:52:41,065 - INFO - spatial_LccAccuracy: 0.8204; spatial_PA: 0.9754; spatial_UA: 0.9808; spatial_F1: 0.9781; weighted_F1: 0.8872
2026-01-22 16:52:41,065 - INFO - temporal_CdAccuracy: 0.8304; temporal_PA: 0.9324; temporal_UA: 0.9243; temporal_F1: 0.9283
2026-01-22 16:52:41,065 - INFO - Confusion Matrix
=======
2025-12-13 21:54:15,546 - INFO - Epoch 0, Train loss: 0.0
2025-12-13 21:54:15,547 - INFO - mIoU: 0.9368; OA: 0.9785; AA: 0.9616; F1: 0.9668; Kappa: 0.9631;
2025-12-13 21:54:15,547 - INFO - spatial_LccAccuracy: 0.8738; spatial_PA: 0.9754; spatial_UA: 0.9808; spatial_F1: 0.9781
2025-12-13 21:54:15,548 - INFO - temporal_CdAccuracy: 0.8304; temporal_PA: 0.9324; temporal_UA: 0.9243; temporal_F1: 0.9283
2025-12-13 21:54:15,548 - INFO - Confusion Matrix
>>>>>>> 93175a06c110e941919a0524e265707df6271051
 [77667.	 1173.	    1.	   10.	   13.]
 [ 1377.	58694.	  120.	   60.	   11.]
 [    3.	  345.	 2703.	    0.	    0.]
 [   18.	   12.	    0.	 1485.	    0.]
 [   11.	  179.	    0.	    1.	11097.]
<<<<<<< HEAD
2026-01-22 16:52:41,066 - INFO - Change Type PA (Recall) Matrix
=======
2025-12-13 21:54:15,549 - INFO - Change Type PA (Recall) Matrix
>>>>>>> 93175a06c110e941919a0524e265707df6271051
 [[0.    	0.9278	0.8837	0.9614	0.    ]
 [0.8555	0.    	0.4604	0.    	0.8   ]
 [0.    	0.9024	0.    	0.    	0.    ]
 [0.    	0.9697	0.    	0.    	0.    ]
 [0.    	0.    	0.    	0.    	0.    ]]
<<<<<<< HEAD
2026-01-22 16:52:41,067 - INFO - Change Type UA (Precision) Matrix
=======
2025-12-13 21:54:15,550 - INFO - Change Type UA (Precision) Matrix
>>>>>>> 93175a06c110e941919a0524e265707df6271051
 [[0.    	0.918 	0.9048	0.8925	0.    ]
 [0.8261	0.    	0.6598	0.    	0.8148]
 [0.    	0.5781	0.    	0.    	0.    ]
 [0.    	0.96  	0.    	0.    	0.    ]
 [0.    	0.    	0.    	0.    	0.    ]]
<<<<<<< HEAD
2026-01-22 16:52:41,068 - INFO - Change Type F1 Matrix
=======
2025-12-13 21:54:15,551 - INFO - Change Type F1 Matrix
>>>>>>> 93175a06c110e941919a0524e265707df6271051
 [[0.    	0.9229	0.8941	0.9257	0.    ]
 [0.8406	0.    	0.5424	0.    	0.8073]
 [0.    	0.7048	0.    	0.    	0.    ]
 [0.    	0.9648	0.    	0.    	0.    ]
 [0.    	0.    	0.    	0.    	0.    ]]
<<<<<<< HEAD
2026-01-22 16:52:41,068 - INFO - Epoch 0 saved.
=======
2025-12-13 21:54:15,551 - INFO - Epoch 0 saved.
>>>>>>> 93175a06c110e941919a0524e265707df6271051
