2026-01-29 22:26:19,711 - INFO - Epoch 0, Train loss: 0.0
2026-01-29 22:26:19,711 - INFO - mIoU: 0.5145; OA: 0.954; AA: 0.9052; F1: 0.9208; Kappa: 0.9125;
2026-01-29 22:26:19,711 - INFO - spatial_LccAccuracy: 0.7617; spatial_PA: 0.7895; spatial_UA: 0.976; spatial_F1: 0.8729; weighted_F1: 0.8541
2026-01-29 22:26:19,711 - INFO - temporal_CdAccuracy: 0.7617; temporal_PA: 0.9075; temporal_UA: 0.8276; temporal_F1: 0.8657
2026-01-29 22:26:19,711 - INFO - Confusion Matrix
 [13817.	  408.	    0.	    0.	   56.]
 [  748.	15922.	   35.	    0.	   26.]
 [    0.	    0.	    0.	    0.	    0.]
 [    0.	    0.	    0.	    0.	    0.]
 [    0.	  192.	    1.	    4.	  771.]
2026-01-29 22:26:19,711 - INFO - Change Type PA (Recall) Matrix
 [[0.    	0.9552	0.    	0.    	0.    ]
 [0.5909	0.    	0.    	0.    	0.7636]
 [0.    	0.    	0.    	0.    	0.    ]
 [0.    	0.    	0.    	0.    	0.    ]
 [0.    	0.    	0.    	0.    	0.    ]]
2026-01-29 22:26:19,711 - INFO - Change Type UA (Precision) Matrix
 [[0.    	0.8421	0.    	0.    	0.    ]
 [0.1781	0.    	0.    	0.    	0.7119]
 [0.    	0.    	0.    	0.    	0.    ]
 [0.    	0.    	0.    	0.    	0.    ]
 [0.    	0.    	0.    	0.    	0.    ]]
2026-01-29 22:26:19,711 - INFO - Change Type F1 Matrix
 [[0.    	0.8951	0.    	0.    	0.    ]
 [0.2737	0.    	0.    	0.    	0.7368]
 [0.    	0.    	0.    	0.    	0.    ]
 [0.    	0.    	0.    	0.    	0.    ]
 [0.    	0.    	0.    	0.    	0.    ]]
2026-01-29 22:26:19,711 - INFO - Epoch 0 saved.
