2026-01-29 22:26:17,390 - INFO - Epoch 0, Train loss: 0.0
2026-01-29 22:26:17,390 - INFO - mIoU: 0.7636; OA: 0.9927; AA: 0.9714; F1: 0.9757; Kappa: 0.9875;
2026-01-29 22:26:17,390 - INFO - spatial_LccAccuracy: 0.9362; spatial_PA: 0.996; spatial_UA: 0.998; spatial_F1: 0.997; weighted_F1: 0.9479
2026-01-29 22:26:17,390 - INFO - temporal_CdAccuracy: 0.943; temporal_PA: 0.9759; temporal_UA: 0.9651; temporal_F1: 0.9705
2026-01-29 22:26:17,390 - INFO - Confusion Matrix
 [23264.	   96.	    4.	    0.	    0.]
 [   87.	15424.	   42.	    0.	    0.]
 [    5.	   67.	  671.	    0.	    0.]
 [    0.	    0.	    0.	    0.	    0.]
 [   21.	    0.	    0.	    1.	 4538.]
2026-01-29 22:26:17,390 - INFO - Change Type PA (Recall) Matrix
 [[0.    	0.9811	0.8636	0.    	0.    ]
 [0.8861	0.    	0.9211	0.    	0.    ]
 [0.    	0.    	0.    	0.    	0.    ]
 [0.    	0.    	0.    	0.    	0.    ]
 [0.    	0.    	0.    	0.    	0.    ]]
2026-01-29 22:26:17,390 - INFO - Change Type UA (Precision) Matrix
 [[0.    	0.9549	1.    	0.    	0.    ]
 [0.875 	0.    	0.814 	0.    	0.    ]
 [0.    	0.    	0.    	0.    	0.    ]
 [0.    	0.    	0.    	0.    	0.    ]
 [0.    	0.    	0.    	0.    	0.    ]]
2026-01-29 22:26:17,390 - INFO - Change Type F1 Matrix
 [[0.    	0.9678	0.9268	0.    	0.    ]
 [0.8805	0.    	0.8642	0.    	0.    ]
 [0.    	0.    	0.    	0.    	0.    ]
 [0.    	0.    	0.    	0.    	0.    ]
 [0.    	0.    	0.    	0.    	0.    ]]
2026-01-29 22:26:17,390 - INFO - Epoch 0 saved.
