2026-01-29 22:25:44,593 - INFO - Epoch 0, Train loss: 0.0
2026-01-29 22:25:44,593 - INFO - mIoU: 0.6268; OA: 0.9493; AA: 0.8884; F1: 0.9067; Kappa: 0.9036;
2026-01-29 22:25:44,593 - INFO - spatial_LccAccuracy: 0.7298; spatial_PA: 0.7456; spatial_UA: 0.9713; spatial_F1: 0.8436; weighted_F1: 0.8515
2026-01-29 22:25:44,595 - INFO - temporal_CdAccuracy: 0.7298; temporal_PA: 0.9006; temporal_UA: 0.8412; temporal_F1: 0.8699
2026-01-29 22:25:44,595 - INFO - Confusion Matrix
 [13945.	  280.	    0.	    0.	   56.]
 [  982.	15687.	   24.	    0.	   38.]
 [    0.	    0.	    0.	    0.	    0.]
 [    0.	    0.	    0.	    0.	    0.]
 [   42.	  196.	    3.	    0.	  727.]
2026-01-29 22:25:44,595 - INFO - Change Type PA (Recall) Matrix
 [[0.    	0.951 	0.    	0.    	0.    ]
 [0.1364	0.    	0.    	0.    	0.7636]
 [0.    	0.    	0.    	0.    	0.    ]
 [0.    	0.    	0.    	0.    	0.    ]
 [0.    	0.    	0.    	0.    	0.    ]]
2026-01-29 22:25:44,595 - INFO - Change Type UA (Precision) Matrix
 [[0.    	0.8495	0.    	0.    	0.    ]
 [0.0698	0.    	0.    	0.    	0.7636]
 [0.    	0.    	0.    	0.    	0.    ]
 [0.    	0.    	0.    	0.    	0.    ]
 [0.    	0.    	0.    	0.    	0.    ]]
2026-01-29 22:25:44,595 - INFO - Change Type F1 Matrix
 [[0.    	0.8974	0.    	0.    	0.    ]
 [0.0923	0.    	0.    	0.    	0.7636]
 [0.    	0.    	0.    	0.    	0.    ]
 [0.    	0.    	0.    	0.    	0.    ]
 [0.    	0.    	0.    	0.    	0.    ]]
2026-01-29 22:25:44,595 - INFO - Epoch 0 saved.
