2026-01-29 22:25:44,989 - INFO - Epoch 0, Train loss: 0.0
2026-01-29 22:25:44,989 - INFO - mIoU: 0.9538; OA: 0.9887; AA: 0.9861; F1: 0.9761; Kappa: 0.9759;
2026-01-29 22:25:44,989 - INFO - spatial_LccAccuracy: 0.8936; spatial_PA: 0.9979; spatial_UA: 0.9841; spatial_F1: 0.991; weighted_F1: 0.9668
2026-01-29 22:25:44,989 - INFO - temporal_CdAccuracy: 0.8936; temporal_PA: 0.9623; temporal_UA: 0.9765; temporal_F1: 0.9693
2026-01-29 22:25:44,989 - INFO - Confusion Matrix
 [11849.	  249.	    0.	    0.	    0.]
 [  108.	20352.	   11.	    0.	    0.]
 [    0.	    2.	  129.	    0.	    0.]
 [    0.	    0.	    0.	    0.	    0.]
 [    0.	    0.	    0.	    0.	    0.]
2026-01-29 22:25:44,989 - INFO - Change Type PA (Recall) Matrix
 [[0.    	0.9634	0.    	0.    	0.    ]
 [0.9255	0.    	1.    	0.    	0.    ]
 [1.    	1.    	0.    	0.    	0.    ]
 [0.    	0.    	0.    	0.    	0.    ]
 [0.    	0.    	0.    	0.    	0.    ]]
2026-01-29 22:25:44,989 - INFO - Change Type UA (Precision) Matrix
 [[0.    	0.9842	0.    	0.    	0.    ]
 [0.9835	0.    	0.8333	0.    	0.    ]
 [1.    	0.6667	0.    	0.    	0.    ]
 [0.    	0.    	0.    	0.    	0.    ]
 [0.    	0.    	0.    	0.    	0.    ]]
2026-01-29 22:25:44,989 - INFO - Change Type F1 Matrix
 [[0.    	0.9737	0.    	0.    	0.    ]
 [0.9536	0.    	0.9091	0.    	0.    ]
 [1.    	0.8   	0.    	0.    	0.    ]
 [0.    	0.    	0.    	0.    	0.    ]
 [0.    	0.    	0.    	0.    	0.    ]]
2026-01-29 22:25:44,989 - INFO - Epoch 0 saved.
