2026-01-29 22:25:45,165 - INFO - Epoch 0, Train loss: 0.0
2026-01-29 22:25:45,165 - INFO - mIoU: 0.9548; OA: 0.9763; AA: 0.98; F1: 0.9768; Kappa: 0.9563;
2026-01-29 22:25:45,165 - INFO - spatial_LccAccuracy: 0.8571; spatial_PA: 0.9973; spatial_UA: 0.9868; spatial_F1: 0.9921; weighted_F1: 0.9101
2026-01-29 22:25:45,165 - INFO - temporal_CdAccuracy: 0.8571; temporal_PA: 0.9458; temporal_UA: 0.9157; temporal_F1: 0.9305
2026-01-29 22:25:45,165 - INFO - Confusion Matrix
 [7071.	  99.	   1.	   0.	   0.]
 [ 174.	5329.	  27.	   0.	   0.]
 [   0.	  16.	 590.	   2.	   0.]
 [   0.	   0.	   0.	 131.	   0.]
 [   0.	   0.	   0.	   0.	   0.]
2026-01-29 22:25:45,165 - INFO - Change Type PA (Recall) Matrix
 [[0.    	0.9556	0.5   	1.    	0.    ]
 [0.8913	0.    	0.9211	0.    	0.    ]
 [0.    	1.    	0.    	0.    	0.    ]
 [0.    	0.    	0.    	0.    	0.    ]
 [0.    	0.    	0.    	0.    	0.    ]]
2026-01-29 22:25:45,165 - INFO - Change Type UA (Precision) Matrix
 [[0.    	0.9149	0.5   	0.9231	0.    ]
 [0.7455	0.    	0.8537	0.    	0.    ]
 [0.    	0.95  	0.    	0.    	0.    ]
 [0.    	0.    	0.    	0.    	0.    ]
 [0.    	0.    	0.    	0.    	0.    ]]
2026-01-29 22:25:45,165 - INFO - Change Type F1 Matrix
 [[0.    	0.9348	0.5   	0.96  	0.    ]
 [0.8119	0.    	0.8861	0.    	0.    ]
 [0.    	0.9744	0.    	0.    	0.    ]
 [0.    	0.    	0.    	0.    	0.    ]
 [0.    	0.    	0.    	0.    	0.    ]]
2026-01-29 22:25:45,165 - INFO - Epoch 0 saved.
