2026-01-29 17:01:51,231 - INFO - Epoch 0, Train loss: 0.0
2026-01-29 17:01:51,232 - INFO - mIoU: 0.9356; OA: 0.9731; AA: 0.9553; F1: 0.966; Kappa: 0.9538;
2026-01-29 17:01:51,232 - INFO - spatial_LccAccuracy: 0.796; spatial_PA: 0.9537; spatial_UA: 0.9862; spatial_F1: 0.9697; weighted_F1: 0.8719
2026-01-29 17:01:51,232 - INFO - temporal_CdAccuracy: 0.801; temporal_PA: 0.9306; temporal_UA: 0.9087; temporal_F1: 0.9195
2026-01-29 17:01:51,232 - INFO - Confusion Matrix
 [77880.	  942.	    2.	   20.	   20.]
 [ 2379.	57759.	   82.	    6.	   36.]
 [    3.	  416.	 2632.	    0.	    0.]
 [    2.	   14.	    0.	 1499.	    0.]
 [   51.	  192.	    0.	    0.	11045.]
2026-01-29 17:01:51,233 - INFO - Change Type PA (Recall) Matrix
 [[0.    	0.9408	0.7597	0.9189	0.    ]
 [0.8274	0.    	0.5683	0.    	0.8   ]
 [0.    	0.9756	0.    	0.    	0.    ]
 [0.    	0.9596	0.    	0.    	0.    ]
 [0.    	0.    	0.    	0.    	0.    ]]
2026-01-29 17:01:51,234 - INFO - Change Type UA (Precision) Matrix
 [[0.    	0.8748	1.    	0.9189	0.    ]
 [0.7487	0.    	0.6639	0.    	0.7719]
 [0.    	0.9091	0.    	0.    	0.    ]
 [0.    	0.95  	0.    	0.    	0.    ]
 [0.    	0.    	0.    	0.    	0.    ]]
2026-01-29 17:01:51,234 - INFO - Change Type F1 Matrix
 [[0.    	0.9066	0.8634	0.9189	0.    ]
 [0.7861	0.    	0.6124	0.    	0.7857]
 [0.    	0.9412	0.    	0.    	0.    ]
 [0.    	0.9548	0.    	0.    	0.    ]
 [0.    	0.    	0.    	0.    	0.    ]]
2026-01-29 17:01:51,235 - INFO - Epoch 0 saved.
