2026-01-29 17:01:56,801 - INFO - Epoch 0, Train loss: 0.0
2026-01-29 17:01:56,801 - INFO - mIoU: 0.9351; OA: 0.9736; AA: 0.9569; F1: 0.9658; Kappa: 0.9548;
2026-01-29 17:01:56,801 - INFO - spatial_LccAccuracy: 0.7871; spatial_PA: 0.9509; spatial_UA: 0.9845; spatial_F1: 0.9674; weighted_F1: 0.8621
2026-01-29 17:01:56,802 - INFO - temporal_CdAccuracy: 0.7933; temporal_PA: 0.9263; temporal_UA: 0.9026; temporal_F1: 0.9143
2026-01-29 17:01:56,802 - INFO - Confusion Matrix
 [77467.	 1320.	    6.	   10.	   61.]
 [ 1936.	58125.	  128.	    3.	   70.]
 [    2.	  374.	 2675.	    0.	    0.]
 [   16.	   23.	    0.	 1474.	    2.]
 [    6.	  127.	    0.	    0.	11155.]
2026-01-29 17:01:56,803 - INFO - Change Type PA (Recall) Matrix
 [[0.    	0.9284	0.8837	0.9266	0.    ]
 [0.8368	0.    	0.4317	0.    	0.8727]
 [0.    	0.9756	0.    	0.    	0.    ]
 [0.    	0.9596	0.    	0.    	0.    ]
 [0.    	0.    	0.    	0.    	0.    ]]
2026-01-29 17:01:56,804 - INFO - Change Type UA (Precision) Matrix
 [[0.    	0.8694	0.9048	0.9449	0.    ]
 [0.7002	0.    	0.6897	0.    	0.7869]
 [0.    	0.9091	0.    	0.    	0.    ]
 [0.    	0.9314	0.    	0.    	0.    ]
 [0.    	0.    	0.    	0.    	0.    ]]
2026-01-29 17:01:56,805 - INFO - Change Type F1 Matrix
 [[0.    	0.8979	0.8941	0.9357	0.    ]
 [0.7624	0.    	0.531 	0.    	0.8276]
 [0.    	0.9412	0.    	0.    	0.    ]
 [0.    	0.9453	0.    	0.    	0.    ]
 [0.    	0.    	0.    	0.    	0.    ]]
2026-01-29 17:01:56,805 - INFO - Epoch 0 saved.
