2026-01-29 17:01:59,641 - INFO - Epoch 0, Train loss: 0.0
2026-01-29 17:01:59,642 - INFO - mIoU: 0.9341; OA: 0.9731; AA: 0.9576; F1: 0.9653; Kappa: 0.9538;
2026-01-29 17:01:59,642 - INFO - spatial_LccAccuracy: 0.7987; spatial_PA: 0.9632; spatial_UA: 0.9853; spatial_F1: 0.9741; weighted_F1: 0.8754
2026-01-29 17:01:59,642 - INFO - temporal_CdAccuracy: 0.8033; temporal_PA: 0.9282; temporal_UA: 0.9103; temporal_F1: 0.9192
2026-01-29 17:01:59,642 - INFO - Confusion Matrix
 [77652.	 1144.	   10.	    7.	   51.]
 [ 2154.	57904.	  113.	   24.	   67.]
 [   13.	  349.	 2688.	    1.	    0.]
 [   27.	    3.	    0.	 1485.	    0.]
 [   62.	  150.	    0.	    0.	11076.]
2026-01-29 17:01:59,643 - INFO - Change Type PA (Recall) Matrix
 [[0.    	0.9332	0.8915	0.9421	0.    ]
 [0.833 	0.    	0.5036	0.    	0.7455]
 [0.    	0.9512	0.    	0.    	0.    ]
 [0.    	0.9798	0.    	0.    	0.    ]
 [0.    	0.    	0.    	0.    	0.    ]]
2026-01-29 17:01:59,644 - INFO - Change Type UA (Precision) Matrix
 [[0.    	0.8883	0.9055	0.9349	0.    ]
 [0.7255	0.    	0.7447	0.    	0.7736]
 [0.    	0.975 	0.    	0.    	0.    ]
 [0.    	0.9798	0.    	0.    	0.    ]
 [0.    	0.    	0.    	0.    	0.    ]]
2026-01-29 17:01:59,645 - INFO - Change Type F1 Matrix
 [[0.    	0.9102	0.8984	0.9385	0.    ]
 [0.7755	0.    	0.6009	0.    	0.7593]
 [0.    	0.963 	0.    	0.    	0.    ]
 [0.    	0.9798	0.    	0.    	0.    ]
 [0.    	0.    	0.    	0.    	0.    ]]
2026-01-29 17:01:59,645 - INFO - Epoch 0 saved.
