2026-01-29 17:01:48,780 - INFO - Epoch 0, Train loss: 0.0
2026-01-29 17:01:48,781 - INFO - mIoU: 0.9372; OA: 0.9749; AA: 0.9587; F1: 0.9669; Kappa: 0.9571;
2026-01-29 17:01:48,781 - INFO - spatial_LccAccuracy: 0.7859; spatial_PA: 0.9616; spatial_UA: 0.9883; spatial_F1: 0.9748; weighted_F1: 0.8687
2026-01-29 17:01:48,782 - INFO - temporal_CdAccuracy: 0.7925; temporal_PA: 0.9264; temporal_UA: 0.907; temporal_F1: 0.9166
2026-01-29 17:01:48,782 - INFO - Confusion Matrix
 [77072.	 1714.	    1.	   15.	   62.]
 [ 1288.	58823.	   93.	   16.	   42.]
 [    2.	  396.	 2653.	    0.	    0.]
 [    5.	    7.	    0.	 1503.	    0.]
 [    6.	  236.	    0.	    0.	11046.]
2026-01-29 17:01:48,783 - INFO - Change Type PA (Recall) Matrix
 [[0.    	0.9338	0.7209	0.9614	0.    ]
 [0.833 	0.    	0.5396	0.    	0.7273]
 [0.    	0.9756	0.    	0.    	0.    ]
 [0.    	0.9697	0.    	0.    	0.    ]
 [0.    	0.    	0.    	0.    	0.    ]]
2026-01-29 17:01:48,784 - INFO - Change Type UA (Precision) Matrix
 [[0.    	0.8762	0.949 	0.9361	0.    ]
 [0.7487	0.    	0.625 	0.    	0.7692]
 [0.    	0.7692	0.    	0.    	0.    ]
 [0.    	0.9697	0.    	0.    	0.    ]
 [0.    	0.    	0.    	0.    	0.    ]]
2026-01-29 17:01:48,785 - INFO - Change Type F1 Matrix
 [[0.    	0.9041	0.8194	0.9486	0.    ]
 [0.7886	0.    	0.5792	0.    	0.7477]
 [0.    	0.8602	0.    	0.    	0.    ]
 [0.    	0.9697	0.    	0.    	0.    ]
 [0.    	0.    	0.    	0.    	0.    ]]
2026-01-29 17:01:48,785 - INFO - Epoch 0 saved.
