2026-01-29 22:27:54,152 - INFO - Epoch 0, Train loss: 0.0
2026-01-29 22:27:54,152 - INFO - mIoU: 0.9494; OA: 0.9921; AA: 0.9575; F1: 0.9727; Kappa: 0.9865;
2026-01-29 22:27:54,152 - INFO - spatial_LccAccuracy: 0.9254; spatial_PA: 0.998; spatial_UA: 0.999; spatial_F1: 0.9985; weighted_F1: 0.9081
2026-01-29 22:27:54,152 - INFO - temporal_CdAccuracy: 0.9335; temporal_PA: 0.9758; temporal_UA: 0.9615; temporal_F1: 0.9686
2026-01-29 22:27:54,152 - INFO - Confusion Matrix
 [23259.	  105.	    0.	    0.	    0.]
 [  109.	15432.	   12.	    0.	    0.]
 [    5.	  111.	  627.	    0.	    0.]
 [    0.	    0.	    0.	    0.	    0.]
 [    8.	    0.	    0.	    0.	 4552.]
2026-01-29 22:27:54,152 - INFO - Change Type PA (Recall) Matrix
 [[0.    	0.9705	0.5455	0.    	0.    ]
 [0.8354	0.    	0.9474	0.    	0.    ]
 [0.    	0.    	0.    	0.    	0.    ]
 [0.    	0.    	0.    	0.    	0.    ]
 [0.    	0.    	0.    	0.    	0.    ]]
2026-01-29 22:27:54,152 - INFO - Change Type UA (Precision) Matrix
 [[0.    	0.9276	0.96  	0.    	0.    ]
 [0.8684	0.    	0.6429	0.    	0.    ]
 [0.    	0.    	0.    	0.    	0.    ]
 [0.    	0.    	0.    	0.    	0.    ]
 [0.    	0.    	0.    	0.    	0.    ]]
2026-01-29 22:27:54,152 - INFO - Change Type F1 Matrix
 [[0.    	0.9486	0.6957	0.    	0.    ]
 [0.8516	0.    	0.766 	0.    	0.    ]
 [0.    	0.    	0.    	0.    	0.    ]
 [0.    	0.    	0.    	0.    	0.    ]
 [0.    	0.    	0.    	0.    	0.    ]]
2026-01-29 22:27:54,152 - INFO - Epoch 0 saved.
