2026-01-29 22:27:54,271 - INFO - Epoch 0, Train loss: 0.0
2026-01-29 22:27:54,273 - INFO - mIoU: 0.8346; OA: 0.9792; AA: 0.857; F1: 0.899; Kappa: 0.9555;
2026-01-29 22:27:54,273 - INFO - spatial_LccAccuracy: 0.7853; spatial_PA: 0.9897; spatial_UA: 0.9828; spatial_F1: 0.9863; weighted_F1: 0.9257
2026-01-29 22:27:54,273 - INFO - temporal_CdAccuracy: 0.7853; temporal_PA: 0.9359; temporal_UA: 0.9338; temporal_F1: 0.9349
2026-01-29 22:27:54,273 - INFO - Confusion Matrix
 [11612.	  486.	    0.	    0.	    0.]
 [  137.	20327.	    7.	    0.	    0.]
 [    0.	   50.	   81.	    0.	    0.]
 [    0.	    0.	    0.	    0.	    0.]
 [    0.	    0.	    0.	    0.	    0.]
2026-01-29 22:27:54,273 - INFO - Change Type PA (Recall) Matrix
 [[0.    	0.9423	0.    	0.    	0.    ]
 [0.9037	0.    	0.4   	0.    	0.    ]
 [0.    	0.    	0.    	0.    	0.    ]
 [0.    	0.    	0.    	0.    	0.    ]
 [0.    	0.    	0.    	0.    	0.    ]]
2026-01-29 22:27:54,273 - INFO - Change Type UA (Precision) Matrix
 [[0.    	0.9489	0.    	0.    	0.    ]
 [0.8954	0.    	0.2857	0.    	0.    ]
 [0.    	0.    	0.    	0.    	0.    ]
 [0.    	0.    	0.    	0.    	0.    ]
 [0.    	0.    	0.    	0.    	0.    ]]
2026-01-29 22:27:54,273 - INFO - Change Type F1 Matrix
 [[0.    	0.9456	0.    	0.    	0.    ]
 [0.8995	0.    	0.3333	0.    	0.    ]
 [0.    	0.    	0.    	0.    	0.    ]
 [0.    	0.    	0.    	0.    	0.    ]
 [0.    	0.    	0.    	0.    	0.    ]]
2026-01-29 22:27:54,273 - INFO - Epoch 0 saved.
