2026-01-29 17:01:33,057 - INFO - Epoch 0, Train loss: 0.0
2026-01-29 17:01:33,058 - INFO - mIoU: 0.9518; OA: 0.9934; AA: 0.9635; F1: 0.974; Kappa: 0.9887;
2026-01-29 17:01:33,058 - INFO - spatial_LccAccuracy: 0.9376; spatial_PA: 1.0; spatial_UA: 1.0; spatial_F1: 1.0; weighted_F1: 0.9273
2026-01-29 17:01:33,058 - INFO - temporal_CdAccuracy: 0.9457; temporal_PA: 0.9806; temporal_UA: 0.9641; temporal_F1: 0.9723
2026-01-29 17:01:33,058 - INFO - Confusion Matrix
 [23263.	  100.	    1.	    0.	    0.]
 [   64.	15462.	   27.	    0.	    0.]
 [    3.	   98.	  642.	    0.	    0.]
 [    0.	    0.	    0.	    0.	    0.]
 [    0.	    0.	    0.	    0.	 4560.]
2026-01-29 17:01:33,059 - INFO - Change Type PA (Recall) Matrix
 [[0.    	0.9768	0.6591	0.    	0.    ]
 [0.8861	0.    	0.9211	0.    	0.    ]
 [0.    	0.    	0.    	0.    	0.    ]
 [0.    	0.    	0.    	0.    	0.    ]
 [0.    	0.    	0.    	0.    	0.    ]]
2026-01-29 17:01:33,060 - INFO - Change Type UA (Precision) Matrix
 [[0.    	0.9412	0.9667	0.    	0.    ]
 [0.8861	0.    	0.6863	0.    	0.    ]
 [0.    	0.    	0.    	0.    	0.    ]
 [0.    	0.    	0.    	0.    	0.    ]
 [0.    	0.    	0.    	0.    	0.    ]]
2026-01-29 17:01:33,061 - INFO - Change Type F1 Matrix
 [[0.    	0.9587	0.7838	0.    	0.    ]
 [0.8861	0.    	0.7865	0.    	0.    ]
 [0.    	0.    	0.    	0.    	0.    ]
 [0.    	0.    	0.    	0.    	0.    ]
 [0.    	0.    	0.    	0.    	0.    ]]
2026-01-29 17:01:33,061 - INFO - Epoch 0 saved.
