2026-01-29 17:01:33,614 - INFO - Epoch 0, Train loss: 0.0
2026-01-29 17:01:33,615 - INFO - mIoU: 0.7602; OA: 0.9744; AA: 0.9781; F1: 0.9744; Kappa: 0.9531;
2026-01-29 17:01:33,615 - INFO - spatial_LccAccuracy: 0.8259; spatial_PA: 1.0; spatial_UA: 1.0; spatial_F1: 1.0; weighted_F1: 0.9037
2026-01-29 17:01:33,616 - INFO - temporal_CdAccuracy: 0.8259; temporal_PA: 0.9437; temporal_UA: 0.9027; temporal_F1: 0.9228
2026-01-29 17:01:33,616 - INFO - Confusion Matrix
 [6970.	 199.	   0.	   2.	   0.]
 [  89.	5410.	  26.	   1.	   4.]
 [   0.	  23.	 585.	   0.	   0.]
 [   0.	   0.	   0.	 131.	   0.]
 [   0.	   0.	   0.	   0.	   0.]
2026-01-29 17:01:33,617 - INFO - Change Type PA (Recall) Matrix
 [[0.    	0.9667	0.5   	1.    	0.    ]
 [0.9348	0.    	0.8684	0.    	0.    ]
 [0.    	1.    	0.    	0.    	0.    ]
 [0.    	0.    	0.    	0.    	0.    ]
 [0.    	0.    	0.    	0.    	0.    ]]
2026-01-29 17:01:33,618 - INFO - Change Type UA (Precision) Matrix
 [[0.    	0.8969	1.    	1.    	0.    ]
 [0.7049	0.    	0.8462	0.    	0.    ]
 [0.    	0.9048	0.    	0.    	0.    ]
 [0.    	0.    	0.    	0.    	0.    ]
 [0.    	0.    	0.    	0.    	0.    ]]
2026-01-29 17:01:33,618 - INFO - Change Type F1 Matrix
 [[0.    	0.9305	0.6667	1.    	0.    ]
 [0.8037	0.    	0.8571	0.    	0.    ]
 [0.    	0.95  	0.    	0.    	0.    ]
 [0.    	0.    	0.    	0.    	0.    ]
 [0.    	0.    	0.    	0.    	0.    ]]
2026-01-29 17:01:33,618 - INFO - Epoch 0 saved.
