2026-03-19 14:44:18,691 - INFO - Epoch 0, Train loss: 0.0
2026-03-19 14:44:18,691 - INFO - mIoU: 0.849; OA: 0.9577; AA: 0.9342; F1: 0.9165; cls_weighted_F1: 0.9577; Kappa: 0.9206;
2026-03-19 14:44:18,691 - INFO - spatial_LccAccuracy: 0.7896; spatial_PA: 0.8539; spatial_UA: 0.921; spatial_F1: 0.8862; weighted_F1: 0.9161
2026-03-19 14:44:18,691 - INFO - temporal_CdAccuracy: 0.793; temporal_PA: 0.9298; temporal_UA: 0.8875; temporal_F1: 0.9082
2026-03-19 14:44:18,691 - INFO - Confusion Matrix
 [15000.	  591.	    0.	    0.	   34.]
 [  551.	16960.	   86.	    0.	   17.]
 [    0.	    0.	  293.	    0.	    0.]
 [    0.	    0.	    0.	    0.	    0.]
 [    0.	  180.	    0.	    0.	  788.]
2026-03-19 14:44:18,691 - INFO - Change Type PA (Recall) Matrix
 [[0.    	0.9589	0.    	0.    	0.    ]
 [0.7273	0.    	1.    	0.    	0.8545]
 [0.    	1.    	0.    	0.    	0.    ]
 [0.    	0.    	0.    	0.    	0.    ]
 [0.    	0.    	0.    	0.    	0.    ]]
2026-03-19 14:44:18,692 - INFO - Change Type UA (Precision) Matrix
 [[0.    	0.9074	0.    	0.    	0.    ]
 [0.3333	0.    	0.913 	0.    	0.8545]
 [0.    	1.    	0.    	0.    	0.    ]
 [0.    	0.    	0.    	0.    	0.    ]
 [0.    	0.    	0.    	0.    	0.    ]]
2026-03-19 14:44:18,693 - INFO - Change Type F1 Matrix
 [[0.    	0.9324	0.    	0.    	0.    ]
 [0.4571	0.    	0.9545	0.    	0.8545]
 [0.    	1.    	0.    	0.    	0.    ]
 [0.    	0.    	0.    	0.    	0.    ]
 [0.    	0.    	0.    	0.    	0.    ]]
2026-03-19 14:44:18,693 - INFO - Epoch 0 saved.
