2026-03-19 14:44:18,822 - INFO - Epoch 0, Train loss: 0.0
2026-03-19 14:44:18,823 - INFO - mIoU: 0.9597; OA: 0.9882; AA: 0.9799; F1: 0.9792; cls_weighted_F1: 0.9882; Kappa: 0.9783;
2026-03-19 14:44:18,823 - INFO - spatial_LccAccuracy: 0.8492; spatial_PA: 1.0; spatial_UA: 1.0; spatial_F1: 1.0; weighted_F1: 0.9506
2026-03-19 14:44:18,823 - INFO - temporal_CdAccuracy: 0.8492; temporal_PA: 0.8846; temporal_UA: 0.8663; temporal_F1: 0.8753
2026-03-19 14:44:18,824 - INFO - Confusion Matrix
 [1527.	  60.	   0.	   0.	   0.]
 [  29.	1264.	   0.	   0.	   0.]
 [   0.	   0.	   0.	   0.	   0.]
 [   0.	   0.	   0.	   0.	   0.]
 [   0.	   0.	   0.	   0.	4680.]
2026-03-19 14:44:18,825 - INFO - Change Type PA (Recall) Matrix
 [[0.    	0.9583	0.    	0.    	0.    ]
 [1.    	0.    	0.    	0.    	0.    ]
 [0.    	0.    	0.    	0.    	0.    ]
 [0.    	0.    	0.    	0.    	0.    ]
 [0.    	0.    	0.    	0.    	0.    ]]
2026-03-19 14:44:18,826 - INFO - Change Type UA (Precision) Matrix
 [[0.    	0.9388	0.    	0.    	0.    ]
 [0.9118	0.    	0.    	0.    	0.    ]
 [0.    	0.    	0.    	0.    	0.    ]
 [0.    	0.    	0.    	0.    	0.    ]
 [0.    	0.    	0.    	0.    	0.    ]]
2026-03-19 14:44:18,827 - INFO - Change Type F1 Matrix
 [[0.    	0.9485	0.    	0.    	0.    ]
 [0.9538	0.    	0.    	0.    	0.    ]
 [0.    	0.    	0.    	0.    	0.    ]
 [0.    	0.    	0.    	0.    	0.    ]
 [0.    	0.    	0.    	0.    	0.    ]]
2026-03-19 14:44:18,827 - INFO - Epoch 0 saved.
