2026-03-19 14:44:19,497 - INFO - Epoch 0, Train loss: 0.0
2026-03-19 14:44:19,498 - INFO - mIoU: 0.9198; OA: 0.9911; AA: 0.9923; F1: 0.9556; cls_weighted_F1: 0.9911; Kappa: 0.9844;
2026-03-19 14:44:19,498 - INFO - spatial_LccAccuracy: 0.9211; spatial_PA: 0.99; spatial_UA: 0.9948; spatial_F1: 0.9924; weighted_F1: 0.9325
2026-03-19 14:44:19,499 - INFO - temporal_CdAccuracy: 0.928; temporal_PA: 0.9779; temporal_UA: 0.9593; temporal_F1: 0.9685
2026-03-19 14:44:19,499 - INFO - Confusion Matrix
 [24702.	  104.	    1.	    6.	    0.]
 [  158.	12722.	  103.	    1.	    0.]
 [    9.	    4.	  929.	    0.	    0.]
 [    0.	    0.	    0.	   21.	    0.]
 [    0.	    0.	    0.	    0.	 4560.]
2026-03-19 14:44:19,500 - INFO - Change Type PA (Recall) Matrix
 [[0.    	0.9585	0.9512	1.    	0.    ]
 [0.9315	0.    	0.9041	0.    	0.    ]
 [0.    	1.    	0.    	0.    	0.    ]
 [0.    	0.    	0.    	0.    	0.    ]
 [0.    	0.    	0.    	0.    	0.    ]]
2026-03-19 14:44:19,501 - INFO - Change Type UA (Precision) Matrix
 [[0.    	0.9585	0.75  	0.7778	0.    ]
 [0.8608	0.    	0.8354	0.    	0.    ]
 [0.    	0.6667	0.    	0.    	0.    ]
 [0.    	0.    	0.    	0.    	0.    ]
 [0.    	0.    	0.    	0.    	0.    ]]
2026-03-19 14:44:19,502 - INFO - Change Type F1 Matrix
 [[0.    	0.9585	0.8387	0.875 	0.    ]
 [0.8947	0.    	0.8684	0.    	0.    ]
 [0.    	0.8   	0.    	0.    	0.    ]
 [0.    	0.    	0.    	0.    	0.    ]
 [0.    	0.    	0.    	0.    	0.    ]]
2026-03-19 14:44:19,502 - INFO - Epoch 0 saved.
