2026-03-19 14:44:20,050 - INFO - Epoch 0, Train loss: 0.0
2026-03-19 14:44:20,051 - INFO - mIoU: 0.8818; OA: 0.9813; AA: 0.9492; F1: 0.9327; cls_weighted_F1: 0.9814; Kappa: 0.962;
2026-03-19 14:44:20,051 - INFO - spatial_LccAccuracy: 0.835; spatial_PA: 1.0; spatial_UA: 1.0; spatial_F1: 1.0; weighted_F1: 0.9468
2026-03-19 14:44:20,051 - INFO - temporal_CdAccuracy: 0.835; temporal_PA: 0.9595; temporal_UA: 0.9515; temporal_F1: 0.9555
2026-03-19 14:44:20,051 - INFO - Confusion Matrix
 [14457.	  345.	    0.	    0.	    0.]
 [  222.	21276.	   81.	    0.	    0.]
 [    0.	   39.	  300.	    0.	    0.]
 [    0.	    0.	    0.	    0.	    0.]
 [    0.	    0.	    0.	    0.	    0.]
2026-03-19 14:44:20,052 - INFO - Change Type PA (Recall) Matrix
 [[0.    	0.9607	0.    	0.    	0.    ]
 [0.9397	0.    	0.9818	0.    	0.    ]
 [0.    	0.9375	0.    	0.    	0.    ]
 [0.    	0.    	0.    	0.    	0.    ]
 [0.    	0.    	0.    	0.    	0.    ]]
2026-03-19 14:44:20,053 - INFO - Change Type UA (Precision) Matrix
 [[0.    	0.9572	0.    	0.    	0.    ]
 [0.9147	0.    	0.8852	0.    	0.    ]
 [0.    	0.75  	0.    	0.    	0.    ]
 [0.    	0.    	0.    	0.    	0.    ]
 [0.    	0.    	0.    	0.    	0.    ]]
2026-03-19 14:44:20,054 - INFO - Change Type F1 Matrix
 [[0.    	0.9589	0.    	0.    	0.    ]
 [0.927 	0.    	0.931 	0.    	0.    ]
 [0.    	0.8333	0.    	0.    	0.    ]
 [0.    	0.    	0.    	0.    	0.    ]
 [0.    	0.    	0.    	0.    	0.    ]]
2026-03-19 14:44:20,054 - INFO - Epoch 0 saved.
