2026-03-19 14:44:20,298 - INFO - Epoch 0, Train loss: 0.0
2026-03-19 14:44:20,299 - INFO - mIoU: 0.9758; OA: 0.9962; AA: 0.9908; F1: 0.9877; cls_weighted_F1: 0.9962; Kappa: 0.9877;
2026-03-19 14:44:20,299 - INFO - spatial_LccAccuracy: 0.9377; spatial_PA: 0.9984; spatial_UA: 0.9919; spatial_F1: 0.9951; weighted_F1: 0.9597
2026-03-19 14:44:20,300 - INFO - temporal_CdAccuracy: 0.9756; temporal_PA: 0.9904; temporal_UA: 0.9904; temporal_F1: 0.9904
2026-03-19 14:44:20,300 - INFO - Confusion Matrix
 [18105.	   15.	    0.	    4.	    0.]
 [   15.	 2702.	    0.	   45.	    0.]
 [    0.	    0.	    0.	    0.	    0.]
 [    2.	    4.	    0.	 1248.	    0.]
 [    0.	    0.	    0.	    0.	    0.]
2026-03-19 14:44:20,301 - INFO - Change Type PA (Recall) Matrix
 [[0.    	0.8673	0.    	0.9897	0.    ]
 [1.    	0.    	0.    	0.    	0.    ]
 [0.    	0.    	0.    	0.    	0.    ]
 [0.    	1.    	0.    	0.    	0.    ]
 [0.    	0.    	0.    	0.    	0.    ]]
2026-03-19 14:44:20,302 - INFO - Change Type UA (Precision) Matrix
 [[0.    	0.9899	0.    	0.9279	0.    ]
 [0.875 	0.    	0.    	0.    	0.    ]
 [0.    	0.    	0.    	0.    	0.    ]
 [0.    	1.    	0.    	0.    	0.    ]
 [0.    	0.    	0.    	0.    	0.    ]]
2026-03-19 14:44:20,303 - INFO - Change Type F1 Matrix
 [[0.    	0.9245	0.    	0.9578	0.    ]
 [0.9333	0.    	0.    	0.    	0.    ]
 [0.    	0.    	0.    	0.    	0.    ]
 [0.    	1.    	0.    	0.    	0.    ]
 [0.    	0.    	0.    	0.    	0.    ]]
2026-03-19 14:44:20,303 - INFO - Epoch 0 saved.
