2026-03-19 14:44:20,446 - INFO - Epoch 0, Train loss: 0.0
2026-03-19 14:44:20,447 - INFO - mIoU: 0.9537; OA: 0.9753; AA: 0.9776; F1: 0.9763; cls_weighted_F1: 0.9753; Kappa: 0.9586;
2026-03-19 14:44:20,447 - INFO - spatial_LccAccuracy: 0.8087; spatial_PA: 0.9811; spatial_UA: 0.9944; spatial_F1: 0.9877; weighted_F1: 0.8753
2026-03-19 14:44:20,447 - INFO - temporal_CdAccuracy: 0.8087; temporal_PA: 0.9402; temporal_UA: 0.8868; temporal_F1: 0.9127
2026-03-19 14:44:20,447 - INFO - Confusion Matrix
 [5987.	 174.	   1.	   3.	   0.]
 [  84.	6005.	  50.	   0.	   0.]
 [   0.	  21.	1060.	   0.	   0.]
 [   8.	   0.	   0.	 407.	   0.]
 [   0.	   0.	   0.	   0.	   0.]
2026-03-19 14:44:20,448 - INFO - Change Type PA (Recall) Matrix
 [[0.    	0.9375	0.    	1.    	0.    ]
 [0.9516	0.    	0.8276	0.    	0.    ]
 [0.    	0.9756	0.    	0.    	0.    ]
 [0.    	0.    	0.    	0.    	0.    ]
 [0.    	0.    	0.    	0.    	0.    ]]
2026-03-19 14:44:20,449 - INFO - Change Type UA (Precision) Matrix
 [[0.    	0.8544	0.    	1.    	0.    ]
 [0.7195	0.    	0.6316	0.    	0.    ]
 [0.    	0.8889	0.    	0.    	0.    ]
 [0.    	0.    	0.    	0.    	0.    ]
 [0.    	0.    	0.    	0.    	0.    ]]
2026-03-19 14:44:20,450 - INFO - Change Type F1 Matrix
 [[0.    	0.894 	0.    	1.    	0.    ]
 [0.8194	0.    	0.7164	0.    	0.    ]
 [0.    	0.9302	0.    	0.    	0.    ]
 [0.    	0.    	0.    	0.    	0.    ]
 [0.    	0.    	0.    	0.    	0.    ]]
2026-03-19 14:44:20,450 - INFO - Epoch 0 saved.
