2026-03-19 14:44:52,956 - INFO - Epoch 0, Train loss: 0.0
2026-03-19 14:44:52,957 - INFO - mIoU: 0.912; OA: 0.9676; AA: 0.9394; F1: 0.953; cls_weighted_F1: 0.9675; Kappa: 0.9441;
2026-03-19 14:44:52,957 - INFO - spatial_LccAccuracy: 0.7471; spatial_PA: 0.9491; spatial_UA: 0.9814; spatial_F1: 0.965; weighted_F1: 0.855
2026-03-19 14:44:52,957 - INFO - temporal_CdAccuracy: 0.7584; temporal_PA: 0.9062; temporal_UA: 0.898; temporal_F1: 0.9021
2026-03-19 14:44:52,957 - INFO - Confusion Matrix
 [83553.	 1662.	    1.	   18.	   53.]
 [ 2341.	60321.	  180.	   22.	   41.]
 [    2.	  578.	 3065.	    0.	    0.]
 [   10.	   68.	    0.	 1437.	    0.]
 [   91.	  260.	    0.	    0.	10937.]
2026-03-19 14:44:52,958 - INFO - Change Type PA (Recall) Matrix
 [[0.    	0.9232	0.7442	0.8687	0.    ]
 [0.7814	0.    	0.6287	0.    	0.6364]
 [0.    	0.8265	0.    	0.    	0.    ]
 [0.    	0.9495	0.    	0.    	0.    ]
 [0.    	0.    	0.    	0.    	0.    ]]
2026-03-19 14:44:52,960 - INFO - Change Type UA (Precision) Matrix
 [[0.    	0.871 	0.9697	0.9109	0.    ]
 [0.7491	0.    	0.776 	0.    	0.814 ]
 [0.    	0.8617	0.    	0.    	0.    ]
 [0.    	0.8952	0.    	0.    	0.    ]
 [0.    	0.    	0.    	0.    	0.    ]]
2026-03-19 14:44:52,960 - INFO - Change Type F1 Matrix
 [[0.    	0.8963	0.8421	0.8893	0.    ]
 [0.7649	0.    	0.6946	0.    	0.7143]
 [0.    	0.8438	0.    	0.    	0.    ]
 [0.    	0.9216	0.    	0.    	0.    ]
 [0.    	0.    	0.    	0.    	0.    ]]
2026-03-19 14:44:52,961 - INFO - Epoch 0 saved.
