2026-03-19 14:44:49,828 - INFO - Epoch 0, Train loss: 0.0
2026-03-19 14:44:49,828 - INFO - mIoU: 0.9227; OA: 0.9706; AA: 0.9551; F1: 0.9591; cls_weighted_F1: 0.9706; Kappa: 0.9494;
2026-03-19 14:44:49,828 - INFO - spatial_LccAccuracy: 0.7449; spatial_PA: 0.9672; spatial_UA: 0.9888; spatial_F1: 0.9779; weighted_F1: 0.8638
2026-03-19 14:44:49,829 - INFO - temporal_CdAccuracy: 0.7544; temporal_PA: 0.9037; temporal_UA: 0.8925; temporal_F1: 0.898
2026-03-19 14:44:49,829 - INFO - Confusion Matrix
 [82876.	 2336.	   16.	   14.	   45.]
 [ 1369.	61210.	  215.	   51.	   60.]
 [    4.	  439.	 3202.	    0.	    0.]
 [   18.	   21.	    0.	 1476.	    0.]
 [   18.	  230.	    0.	    0.	11040.]
2026-03-19 14:44:49,830 - INFO - Change Type PA (Recall) Matrix
 [[0.    	0.9123	0.8527	0.9228	0.    ]
 [0.7885	0.    	0.692 	0.    	0.7273]
 [0.    	0.9184	0.    	0.    	0.    ]
 [0.    	0.9697	0.    	0.    	0.    ]
 [0.    	0.    	0.    	0.    	0.    ]]
2026-03-19 14:44:49,831 - INFO - Change Type UA (Precision) Matrix
 [[0.    	0.8834	0.9483	0.8951	0.    ]
 [0.7108	0.    	0.82  	0.    	0.8163]
 [0.    	0.8911	0.    	0.    	0.    ]
 [0.    	0.932 	0.    	0.    	0.    ]
 [0.    	0.    	0.    	0.    	0.    ]]
2026-03-19 14:44:49,832 - INFO - Change Type F1 Matrix
 [[0.    	0.8976	0.898 	0.9087	0.    ]
 [0.7477	0.    	0.7506	0.    	0.7692]
 [0.    	0.9045	0.    	0.    	0.    ]
 [0.    	0.9505	0.    	0.    	0.    ]
 [0.    	0.    	0.    	0.    	0.    ]]
2026-03-19 14:44:49,832 - INFO - Epoch 0 saved.
