2026-03-19 14:45:04,158 - INFO - Epoch 0, Train loss: 0.0
2026-03-19 14:45:04,159 - INFO - mIoU: 0.9288; OA: 0.9712; AA: 0.9575; F1: 0.9622; cls_weighted_F1: 0.9712; Kappa: 0.9503;
2026-03-19 14:45:04,159 - INFO - spatial_LccAccuracy: 0.7675; spatial_PA: 0.9657; spatial_UA: 0.9893; spatial_F1: 0.9774; weighted_F1: 0.878
2026-03-19 14:45:04,159 - INFO - temporal_CdAccuracy: 0.7719; temporal_PA: 0.9115; temporal_UA: 0.9002; temporal_F1: 0.9058
2026-03-19 14:45:04,159 - INFO - Confusion Matrix
 [83038.	 2178.	    2.	   16.	   53.]
 [ 1547.	61049.	  254.	    9.	   46.]
 [    0.	  429.	 3213.	    3.	    0.]
 [   14.	   15.	    0.	 1481.	    5.]
 [   11.	  166.	    1.	    0.	11110.]
2026-03-19 14:45:04,160 - INFO - Change Type PA (Recall) Matrix
 [[0.    	0.9291	0.8295	0.9189	0.    ]
 [0.7993	0.    	0.7173	0.    	0.8364]
 [0.    	0.9388	0.    	0.    	0.    ]
 [0.    	0.9495	0.    	0.    	0.    ]
 [0.    	0.    	0.    	0.    	0.    ]]
2026-03-19 14:45:04,161 - INFO - Change Type UA (Precision) Matrix
 [[0.    	0.8937	0.9727	0.9261	0.    ]
 [0.7521	0.    	0.7944	0.    	0.8214]
 [0.    	0.8598	0.    	0.    	0.    ]
 [0.    	0.9495	0.    	0.    	0.    ]
 [0.    	0.    	0.    	0.    	0.    ]]
2026-03-19 14:45:04,161 - INFO - Change Type F1 Matrix
 [[0.    	0.9111	0.8954	0.9225	0.    ]
 [0.775 	0.    	0.7539	0.    	0.8288]
 [0.    	0.8976	0.    	0.    	0.    ]
 [0.    	0.9495	0.    	0.    	0.    ]
 [0.    	0.    	0.    	0.    	0.    ]]
2026-03-19 14:45:04,161 - INFO - Epoch 0 saved.
