2026-03-19 14:45:07,401 - INFO - Epoch 0, Train loss: 0.0
2026-03-19 14:45:07,401 - INFO - mIoU: 0.9217; OA: 0.9702; AA: 0.9475; F1: 0.9584; cls_weighted_F1: 0.9702; Kappa: 0.9486;
2026-03-19 14:45:07,401 - INFO - spatial_LccAccuracy: 0.7394; spatial_PA: 0.9613; spatial_UA: 0.9882; spatial_F1: 0.9746; weighted_F1: 0.86
2026-03-19 14:45:07,402 - INFO - temporal_CdAccuracy: 0.7442; temporal_PA: 0.9032; temporal_UA: 0.8952; temporal_F1: 0.8992
2026-03-19 14:45:07,402 - INFO - Confusion Matrix
 [83522.	 1695.	    4.	   15.	   51.]
 [ 2042.	60640.	  167.	   22.	   34.]
 [    0.	  535.	 3110.	    0.	    0.]
 [   32.	   18.	    1.	 1464.	    0.]
 [   62.	  224.	    0.	    0.	11002.]
2026-03-19 14:45:07,403 - INFO - Change Type PA (Recall) Matrix
 [[0.    	0.9242	0.6667	0.9228	0.    ]
 [0.7616	0.    	0.6456	0.    	0.8364]
 [0.    	0.8776	0.    	0.    	0.    ]
 [0.    	0.9495	0.    	0.    	0.    ]
 [0.    	0.    	0.    	0.    	0.    ]]
2026-03-19 14:45:07,404 - INFO - Change Type UA (Precision) Matrix
 [[0.    	0.8752	0.9663	0.9373	0.    ]
 [0.7509	0.    	0.7356	0.    	0.8519]
 [0.    	0.9247	0.    	0.    	0.    ]
 [0.    	0.9307	0.    	0.    	0.    ]
 [0.    	0.    	0.    	0.    	0.    ]]
2026-03-19 14:45:07,404 - INFO - Change Type F1 Matrix
 [[0.    	0.899 	0.789 	0.93  	0.    ]
 [0.7562	0.    	0.6876	0.    	0.844 ]
 [0.    	0.9005	0.    	0.    	0.    ]
 [0.    	0.94  	0.    	0.    	0.    ]
 [0.    	0.    	0.    	0.    	0.    ]]
2026-03-19 14:45:07,405 - INFO - Epoch 0 saved.
