2026-03-19 14:44:56,681 - INFO - Epoch 0, Train loss: 0.0
2026-03-19 14:44:56,681 - INFO - mIoU: 0.9181; OA: 0.9687; AA: 0.9467; F1: 0.9567; cls_weighted_F1: 0.9687; Kappa: 0.946;
2026-03-19 14:44:56,682 - INFO - spatial_LccAccuracy: 0.7445; spatial_PA: 0.9586; spatial_UA: 0.9772; spatial_F1: 0.9678; weighted_F1: 0.8531
2026-03-19 14:44:56,682 - INFO - temporal_CdAccuracy: 0.7522; temporal_PA: 0.9025; temporal_UA: 0.8846; temporal_F1: 0.8934
2026-03-19 14:44:56,682 - INFO - Confusion Matrix
 [83291.	 1905.	    1.	    9.	   81.]
 [ 2079.	60552.	  184.	   32.	   58.]
 [   11.	  444.	 3190.	    0.	    0.]
 [   54.	   32.	    0.	 1427.	    2.]
 [   67.	  186.	    0.	    3.	11032.]
2026-03-19 14:44:56,683 - INFO - Change Type PA (Recall) Matrix
 [[0.    	0.9138	0.9147	0.8649	0.    ]
 [0.7814	0.    	0.6793	0.    	0.7091]
 [0.    	0.8878	0.    	0.    	0.    ]
 [0.    	0.899 	0.    	0.    	0.    ]
 [0.    	0.    	0.    	0.    	0.    ]]
2026-03-19 14:44:56,684 - INFO - Change Type UA (Precision) Matrix
 [[0.    	0.8706	0.9593	0.9032	0.    ]
 [0.6791	0.    	0.8798	0.    	0.7647]
 [0.    	0.8286	0.    	0.    	0.    ]
 [0.    	0.8241	0.    	0.    	0.    ]
 [0.    	0.    	0.    	0.    	0.    ]]
2026-03-19 14:44:56,685 - INFO - Change Type F1 Matrix
 [[0.    	0.8917	0.9365	0.8836	0.    ]
 [0.7267	0.    	0.7667	0.    	0.7358]
 [0.    	0.8571	0.    	0.    	0.    ]
 [0.    	0.8599	0.    	0.    	0.    ]
 [0.    	0.    	0.    	0.    	0.    ]]
2026-03-19 14:44:56,685 - INFO - Epoch 0 saved.
