2026-03-19 14:45:16,888 - INFO - Epoch 0, Train loss: 0.0
2026-03-19 14:45:16,888 - INFO - mIoU: 0.9131; OA: 0.9698; AA: 0.9362; F1: 0.9536; cls_weighted_F1: 0.9697; Kappa: 0.9478;
2026-03-19 14:45:16,889 - INFO - spatial_LccAccuracy: 0.7474; spatial_PA: 0.958; spatial_UA: 0.9847; spatial_F1: 0.9712; weighted_F1: 0.8648
2026-03-19 14:45:16,889 - INFO - temporal_CdAccuracy: 0.7598; temporal_PA: 0.9035; temporal_UA: 0.8922; temporal_F1: 0.8978
2026-03-19 14:45:16,890 - INFO - Confusion Matrix
 [83378.	 1796.	    3.	   16.	   94.]
 [ 1970.	60776.	   91.	   15.	   53.]
 [    1.	  619.	 3025.	    0.	    0.]
 [   21.	   82.	    5.	 1402.	    5.]
 [   22.	  183.	    0.	    0.	11083.]
2026-03-19 14:45:16,890 - INFO - Change Type PA (Recall) Matrix
 [[0.    	0.9296	0.814 	0.8571	0.    ]
 [0.819 	0.    	0.6245	0.    	0.6182]
 [0.    	0.8265	0.    	0.    	0.    ]
 [0.    	0.9596	0.    	0.    	0.    ]
 [0.    	0.    	0.    	0.    	0.    ]]
2026-03-19 14:45:16,891 - INFO - Change Type UA (Precision) Matrix
 [[0.    	0.8803	0.9633	0.9407	0.    ]
 [0.7407	0.    	0.8706	0.    	0.68  ]
 [0.    	0.8804	0.    	0.    	0.    ]
 [0.    	0.8559	0.    	0.    	0.    ]
 [0.    	0.    	0.    	0.    	0.    ]]
2026-03-19 14:45:16,892 - INFO - Change Type F1 Matrix
 [[0.    	0.9043	0.8824	0.897 	0.    ]
 [0.7779	0.    	0.7273	0.    	0.6476]
 [0.    	0.8526	0.    	0.    	0.    ]
 [0.    	0.9048	0.    	0.    	0.    ]
 [0.    	0.    	0.    	0.    	0.    ]]
2026-03-19 14:45:16,892 - INFO - Epoch 0 saved.
