2026-03-19 14:45:20,367 - INFO - Epoch 0, Train loss: 0.0
2026-03-19 14:45:20,368 - INFO - mIoU: 0.9249; OA: 0.9708; AA: 0.9527; F1: 0.9603; cls_weighted_F1: 0.9707; Kappa: 0.9496;
2026-03-19 14:45:20,368 - INFO - spatial_LccAccuracy: 0.769; spatial_PA: 0.9544; spatial_UA: 0.9864; spatial_F1: 0.9701; weighted_F1: 0.8636
2026-03-19 14:45:20,369 - INFO - temporal_CdAccuracy: 0.7751; temporal_PA: 0.9152; temporal_UA: 0.8988; temporal_F1: 0.9069
2026-03-19 14:45:20,369 - INFO - Confusion Matrix
 [83421.	 1793.	    4.	    9.	   60.]
 [ 1947.	60617.	  224.	   15.	  102.]
 [    8.	  411.	 3226.	    0.	    0.]
 [   13.	   61.	    0.	 1441.	    0.]
 [    8.	  156.	    0.	    0.	11124.]
2026-03-19 14:45:20,370 - INFO - Change Type PA (Recall) Matrix
 [[0.    	0.9232	0.845 	0.888 	0.    ]
 [0.7832	0.    	0.7131	0.    	0.8182]
 [0.    	0.9286	0.    	0.    	0.    ]
 [0.    	0.9596	0.    	0.    	0.    ]
 [0.    	0.    	0.    	0.    	0.    ]]
2026-03-19 14:45:20,370 - INFO - Change Type UA (Precision) Matrix
 [[0.    	0.8726	0.9732	0.9388	0.    ]
 [0.7308	0.    	0.7788	0.    	0.8036]
 [0.    	0.7459	0.    	0.    	0.    ]
 [0.    	0.95  	0.    	0.    	0.    ]
 [0.    	0.    	0.    	0.    	0.    ]]
2026-03-19 14:45:20,371 - INFO - Change Type F1 Matrix
 [[0.    	0.8972	0.9046	0.9127	0.    ]
 [0.7561	0.    	0.7445	0.    	0.8108]
 [0.    	0.8273	0.    	0.    	0.    ]
 [0.    	0.9548	0.    	0.    	0.    ]
 [0.    	0.    	0.    	0.    	0.    ]]
2026-03-19 14:45:20,371 - INFO - Epoch 0 saved.
