2026-03-19 14:45:13,722 - INFO - Epoch 0, Train loss: 0.0
2026-03-19 14:45:13,722 - INFO - mIoU: 0.9207; OA: 0.9711; AA: 0.9489; F1: 0.9579; cls_weighted_F1: 0.971; Kappa: 0.95;
2026-03-19 14:45:13,722 - INFO - spatial_LccAccuracy: 0.7558; spatial_PA: 0.9649; spatial_UA: 0.9798; spatial_F1: 0.9723; weighted_F1: 0.8674
2026-03-19 14:45:13,723 - INFO - temporal_CdAccuracy: 0.766; temporal_PA: 0.9079; temporal_UA: 0.9055; temporal_F1: 0.9067
2026-03-19 14:45:13,723 - INFO - Confusion Matrix
 [83641.	 1564.	    2.	    6.	   74.]
 [ 2060.	60582.	  149.	   56.	   58.]
 [   11.	  506.	 3128.	    0.	    0.]
 [   50.	    3.	    0.	 1458.	    4.]
 [   22.	  200.	    0.	    0.	11066.]
2026-03-19 14:45:13,724 - INFO - Change Type PA (Recall) Matrix
 [[0.    	0.9123	0.8527	0.9035	0.    ]
 [0.7832	0.    	0.6835	0.    	0.7091]
 [0.    	0.8163	0.    	0.    	0.    ]
 [0.    	0.9394	0.    	0.    	0.    ]
 [0.    	0.    	0.    	0.    	0.    ]]
2026-03-19 14:45:13,724 - INFO - Change Type UA (Precision) Matrix
 [[0.    	0.8976	0.9735	0.8764	0.    ]
 [0.7419	0.    	0.8438	0.    	0.7959]
 [0.    	0.8989	0.    	0.    	0.    ]
 [0.    	0.9208	0.    	0.    	0.    ]
 [0.    	0.    	0.    	0.    	0.    ]]
2026-03-19 14:45:13,724 - INFO - Change Type F1 Matrix
 [[0.    	0.9049	0.9091	0.8897	0.    ]
 [0.762 	0.    	0.7552	0.    	0.75  ]
 [0.    	0.8556	0.    	0.    	0.    ]
 [0.    	0.93  	0.    	0.    	0.    ]
 [0.    	0.    	0.    	0.    	0.    ]]
2026-03-19 14:45:13,724 - INFO - Epoch 0 saved.
