2026-03-19 14:45:00,398 - INFO - Epoch 0, Train loss: 0.0
2026-03-19 14:45:00,399 - INFO - mIoU: 0.9218; OA: 0.9708; AA: 0.9506; F1: 0.9585; cls_weighted_F1: 0.9708; Kappa: 0.9497;
2026-03-19 14:45:00,399 - INFO - spatial_LccAccuracy: 0.7471; spatial_PA: 0.9457; spatial_UA: 0.9805; spatial_F1: 0.9628; weighted_F1: 0.8554
2026-03-19 14:45:00,400 - INFO - temporal_CdAccuracy: 0.7555; temporal_PA: 0.9097; temporal_UA: 0.8912; temporal_F1: 0.9004
2026-03-19 14:45:00,400 - INFO - Confusion Matrix
 [83416.	 1810.	   11.	    6.	   44.]
 [ 1884.	60701.	  267.	   19.	   34.]
 [    3.	  419.	 3223.	    0.	    0.]
 [   17.	   64.	    1.	 1432.	    1.]
 [    7.	  209.	    4.	    0.	11068.]
2026-03-19 14:45:00,401 - INFO - Change Type PA (Recall) Matrix
 [[0.    	0.9232	0.7984	0.8726	0.    ]
 [0.7688	0.    	0.7004	0.    	0.8   ]
 [0.    	0.9286	0.    	0.    	0.    ]
 [0.    	0.9596	0.    	0.    	0.    ]
 [0.    	0.    	0.    	0.    	0.    ]]
2026-03-19 14:45:00,402 - INFO - Change Type UA (Precision) Matrix
 [[0.    	0.8577	0.945 	0.9417	0.    ]
 [0.7079	0.    	0.7793	0.    	0.8148]
 [0.    	0.901 	0.    	0.    	0.    ]
 [0.    	0.9135	0.    	0.    	0.    ]
 [0.    	0.    	0.    	0.    	0.    ]]
2026-03-19 14:45:00,403 - INFO - Change Type F1 Matrix
 [[0.    	0.8893	0.8655	0.9058	0.    ]
 [0.7371	0.    	0.7378	0.    	0.8073]
 [0.    	0.9146	0.    	0.    	0.    ]
 [0.    	0.936 	0.    	0.    	0.    ]
 [0.    	0.    	0.    	0.    	0.    ]]
2026-03-19 14:45:00,403 - INFO - Epoch 0 saved.
