2026-03-19 14:45:10,604 - INFO - Epoch 0, Train loss: 0.0
2026-03-19 14:45:10,604 - INFO - mIoU: 0.9248; OA: 0.9726; AA: 0.9576; F1: 0.9601; cls_weighted_F1: 0.9726; Kappa: 0.9528;
2026-03-19 14:45:10,605 - INFO - spatial_LccAccuracy: 0.7635; spatial_PA: 0.9583; spatial_UA: 0.9856; spatial_F1: 0.9718; weighted_F1: 0.8626
2026-03-19 14:45:10,605 - INFO - temporal_CdAccuracy: 0.7679; temporal_PA: 0.918; temporal_UA: 0.896; temporal_F1: 0.9069
2026-03-19 14:45:10,606 - INFO - Confusion Matrix
 [83561.	 1631.	   10.	   19.	   66.]
 [ 1724.	60804.	  292.	   29.	   56.]
 [    4.	  406.	 3234.	    1.	    0.]
 [    9.	   14.	    2.	 1476.	   14.]
 [   29.	  196.	    1.	    0.	11062.]
2026-03-19 14:45:10,607 - INFO - Change Type PA (Recall) Matrix
 [[0.    	0.9247	0.814 	0.9112	0.    ]
 [0.8047	0.    	0.7046	0.    	0.7455]
 [0.    	0.9388	0.    	0.    	0.    ]
 [0.    	0.9192	0.    	0.    	0.    ]
 [0.    	0.    	0.    	0.    	0.    ]]
2026-03-19 14:45:10,607 - INFO - Change Type UA (Precision) Matrix
 [[0.    	0.8814	0.9633	0.8973	0.    ]
 [0.723 	0.    	0.7523	0.    	0.7321]
 [0.    	0.7244	0.    	0.    	0.    ]
 [0.    	0.9192	0.    	0.    	0.    ]
 [0.    	0.    	0.    	0.    	0.    ]]
2026-03-19 14:45:10,607 - INFO - Change Type F1 Matrix
 [[0.    	0.9025	0.8824	0.9042	0.    ]
 [0.7617	0.    	0.7277	0.    	0.7387]
 [0.    	0.8178	0.    	0.    	0.    ]
 [0.    	0.9192	0.    	0.    	0.    ]
 [0.    	0.    	0.    	0.    	0.    ]]
2026-03-19 14:45:10,607 - INFO - Epoch 0 saved.
