2026-01-29 17:01:26,537 - INFO - Epoch 0, Train loss: 0.0
2026-01-29 17:01:26,537 - INFO - mIoU: 0.5006; OA: 0.9496; AA: 0.8789; F1: 0.9055; Kappa: 0.904;
2026-01-29 17:01:26,538 - INFO - spatial_LccAccuracy: 0.7092; spatial_PA: 0.7895; spatial_UA: 0.976; spatial_F1: 0.8729; weighted_F1: 0.865
2026-01-29 17:01:26,538 - INFO - temporal_CdAccuracy: 0.7092; temporal_PA: 0.8816; temporal_UA: 0.8145; temporal_F1: 0.8468
2026-01-29 17:01:26,539 - INFO - Confusion Matrix
 [13882.	  352.	    0.	    0.	   47.]
 [  881.	15789.	   46.	    0.	   15.]
 [    0.	    0.	    0.	    0.	    0.]
 [    0.	    0.	    0.	    0.	    0.]
 [    9.	  259.	    0.	    2.	  698.]
2026-01-29 17:01:26,539 - INFO - Change Type PA (Recall) Matrix
 [[0.    	0.9531	0.    	0.    	0.    ]
 [0.5455	0.    	0.    	0.    	0.7818]
 [0.    	0.    	0.    	0.    	0.    ]
 [0.    	0.    	0.    	0.    	0.    ]
 [0.    	0.    	0.    	0.    	0.    ]]
2026-01-29 17:01:26,540 - INFO - Change Type UA (Precision) Matrix
 [[0.    	0.8646	0.    	0.    	0.    ]
 [0.1935	0.    	0.    	0.    	0.7049]
 [0.    	0.    	0.    	0.    	0.    ]
 [0.    	0.    	0.    	0.    	0.    ]
 [0.    	0.    	0.    	0.    	0.    ]]
2026-01-29 17:01:26,540 - INFO - Change Type F1 Matrix
 [[0.    	0.9067	0.    	0.    	0.    ]
 [0.2857	0.    	0.    	0.    	0.7414]
 [0.    	0.    	0.    	0.    	0.    ]
 [0.    	0.    	0.    	0.    	0.    ]
 [0.    	0.    	0.    	0.    	0.    ]]
2026-01-29 17:01:26,541 - INFO - Epoch 0 saved.
