2026-01-29 17:01:27,255 - INFO - Epoch 0, Train loss: 0.0
2026-01-29 17:01:27,256 - INFO - mIoU: 0.7141; OA: 0.9927; AA: 0.9647; F1: 0.9751; Kappa: 0.9764;
2026-01-29 17:01:27,256 - INFO - spatial_LccAccuracy: 0.8757; spatial_PA: 0.9967; spatial_UA: 0.9859; spatial_F1: 0.9913; weighted_F1: 0.9077
2026-01-29 17:01:27,257 - INFO - temporal_CdAccuracy: 0.9378; temporal_PA: 0.9757; temporal_UA: 0.971; temporal_F1: 0.9733
2026-01-29 17:01:27,258 - INFO - Confusion Matrix
 [18123.	    6.	    0.	    0.	    0.]
 [   35.	 2929.	   23.	   10.	    0.]
 [    0.	    0.	    0.	    0.	    0.]
 [   11.	   78.	    0.	  985.	    0.]
 [    0.	    0.	    0.	    0.	    0.]
2026-01-29 17:01:27,259 - INFO - Change Type PA (Recall) Matrix
 [[0.    	0.9924	0.    	0.8706	0.    ]
 [1.    	0.    	0.    	0.    	0.    ]
 [0.    	0.    	0.    	0.    	0.    ]
 [0.    	0.8404	0.    	0.    	0.    ]
 [0.    	0.    	0.    	0.    	0.    ]]
2026-01-29 17:01:27,259 - INFO - Change Type UA (Precision) Matrix
 [[0.    	0.7879	0.    	0.9933	0.    ]
 [1.    	0.    	0.    	0.    	0.    ]
 [0.    	0.    	0.    	0.    	0.    ]
 [0.    	0.9875	0.    	0.    	0.    ]
 [0.    	0.    	0.    	0.    	0.    ]]
2026-01-29 17:01:27,260 - INFO - Change Type F1 Matrix
 [[0.    	0.8784	0.    	0.9279	0.    ]
 [1.    	0.    	0.    	0.    	0.    ]
 [0.    	0.    	0.    	0.    	0.    ]
 [0.    	0.908 	0.    	0.    	0.    ]
 [0.    	0.    	0.    	0.    	0.    ]]
2026-01-29 17:01:27,260 - INFO - Epoch 0 saved.
