2026-01-29 17:01:21,787 - INFO - Epoch 0, Train loss: 0.0
2026-01-29 17:01:21,788 - INFO - mIoU: 0.6238; OA: 0.9426; AA: 0.9006; F1: 0.9051; Kappa: 0.8912;
2026-01-29 17:01:21,788 - INFO - spatial_LccAccuracy: 0.6998; spatial_PA: 0.7018; spatial_UA: 0.9667; spatial_F1: 0.8132; weighted_F1: 0.857
2026-01-29 17:01:21,788 - INFO - temporal_CdAccuracy: 0.7017; temporal_PA: 0.8995; temporal_UA: 0.8352; temporal_F1: 0.8662
2026-01-29 17:01:21,789 - INFO - Confusion Matrix
 [13949.	  250.	    0.	    0.	   82.]
 [ 1224.	15416.	   26.	    0.	   65.]
 [    0.	    0.	    0.	    0.	    0.]
 [    0.	    0.	    0.	    0.	    0.]
 [   23.	  167.	    0.	    0.	  778.]
2026-01-29 17:01:21,790 - INFO - Change Type PA (Recall) Matrix
 [[0.    	0.951 	0.    	0.    	0.    ]
 [0.4091	0.    	0.    	0.    	0.7636]
 [0.    	0.    	0.    	0.    	0.    ]
 [0.    	0.    	0.    	0.    	0.    ]
 [0.    	0.    	0.    	0.    	0.    ]]
2026-01-29 17:01:21,791 - INFO - Change Type UA (Precision) Matrix
 [[0.    	0.8528	0.    	0.    	0.    ]
 [0.1875	0.    	0.    	0.    	0.7119]
 [0.    	0.    	0.    	0.    	0.    ]
 [0.    	0.    	0.    	0.    	0.    ]
 [0.    	0.    	0.    	0.    	0.    ]]
2026-01-29 17:01:21,792 - INFO - Change Type F1 Matrix
 [[0.    	0.8992	0.    	0.    	0.    ]
 [0.2571	0.    	0.    	0.    	0.7368]
 [0.    	0.    	0.    	0.    	0.    ]
 [0.    	0.    	0.    	0.    	0.    ]
 [0.    	0.    	0.    	0.    	0.    ]]
2026-01-29 17:01:21,792 - INFO - Epoch 0 saved.
