2026-01-29 17:01:22,235 - INFO - Epoch 0, Train loss: 0.0
2026-01-29 17:01:22,236 - INFO - mIoU: 0.9844; OA: 0.9974; AA: 0.989; F1: 0.992; Kappa: 0.9955;
2026-01-29 17:01:22,236 - INFO - spatial_LccAccuracy: 0.9783; spatial_PA: 1.0; spatial_UA: 1.0; spatial_F1: 1.0; weighted_F1: 0.9811
2026-01-29 17:01:22,237 - INFO - temporal_CdAccuracy: 0.9796; temporal_PA: 0.9912; temporal_UA: 0.9912; temporal_F1: 0.9912
2026-01-29 17:01:22,237 - INFO - Confusion Matrix
 [23338.	   24.	    2.	    0.	    0.]
 [   54.	15491.	    8.	    0.	    0.]
 [    1.	   28.	  714.	    0.	    0.]
 [    0.	    0.	    0.	    0.	    0.]
 [    0.	    0.	    0.	    0.	 4560.]
2026-01-29 17:01:22,238 - INFO - Change Type PA (Recall) Matrix
 [[0.    	0.9895	0.9773	0.    	0.    ]
 [0.962 	0.    	0.9211	0.    	0.    ]
 [0.    	0.    	0.    	0.    	0.    ]
 [0.    	0.    	0.    	0.    	0.    ]
 [0.    	0.    	0.    	0.    	0.    ]]
2026-01-29 17:01:22,238 - INFO - Change Type UA (Precision) Matrix
 [[0.    	0.9874	0.9556	0.    	0.    ]
 [0.962 	0.    	0.9722	0.    	0.    ]
 [0.    	0.    	0.    	0.    	0.    ]
 [0.    	0.    	0.    	0.    	0.    ]
 [0.    	0.    	0.    	0.    	0.    ]]
2026-01-29 17:01:22,239 - INFO - Change Type F1 Matrix
 [[0.    	0.9884	0.9663	0.    	0.    ]
 [0.962 	0.    	0.9459	0.    	0.    ]
 [0.    	0.    	0.    	0.    	0.    ]
 [0.    	0.    	0.    	0.    	0.    ]
 [0.    	0.    	0.    	0.    	0.    ]]
2026-01-29 17:01:22,240 - INFO - Epoch 0 saved.
