2026-01-29 17:01:22,549 - INFO - Epoch 0, Train loss: 0.0
2026-01-29 17:01:22,549 - INFO - mIoU: 0.9425; OA: 0.99; AA: 0.9625; F1: 0.9696; Kappa: 0.9788;
2026-01-29 17:01:22,549 - INFO - spatial_LccAccuracy: 0.9119; spatial_PA: 0.999; spatial_UA: 0.9919; spatial_F1: 0.9954; weighted_F1: 0.9682
2026-01-29 17:01:22,549 - INFO - temporal_CdAccuracy: 0.9119; temporal_PA: 0.9785; temporal_UA: 0.9741; temporal_F1: 0.9763
2026-01-29 17:01:22,549 - INFO - Confusion Matrix
 [11934.	  164.	    0.	    0.	    0.]
 [  145.	20320.	    6.	    0.	    0.]
 [    0.	   12.	  119.	    0.	    0.]
 [    0.	    0.	    0.	    0.	    0.]
 [    0.	    0.	    0.	    0.	    0.]
2026-01-29 17:01:22,550 - INFO - Change Type PA (Recall) Matrix
 [[0.    	0.9789	0.    	0.    	0.    ]
 [0.9658	0.    	0.8   	0.    	0.    ]
 [1.    	0.5   	0.    	0.    	0.    ]
 [0.    	0.    	0.    	0.    	0.    ]
 [0.    	0.    	0.    	0.    	0.    ]]
2026-01-29 17:01:22,550 - INFO - Change Type UA (Precision) Matrix
 [[0.    	0.9734	0.    	0.    	0.    ]
 [0.9482	0.    	0.8   	0.    	0.    ]
 [1.    	0.3333	0.    	0.    	0.    ]
 [0.    	0.    	0.    	0.    	0.    ]
 [0.    	0.    	0.    	0.    	0.    ]]
2026-01-29 17:01:22,551 - INFO - Change Type F1 Matrix
 [[0.    	0.9761	0.    	0.    	0.    ]
 [0.9569	0.    	0.8   	0.    	0.    ]
 [1.    	0.4   	0.    	0.    	0.    ]
 [0.    	0.    	0.    	0.    	0.    ]
 [0.    	0.    	0.    	0.    	0.    ]]
2026-01-29 17:01:22,551 - INFO - Epoch 0 saved.
