2026-03-19 14:44:00,102 - INFO - Epoch 0, Train loss: 0.0
2026-03-19 14:44:00,102 - INFO - mIoU: 0.6858; OA: 0.9529; AA: 0.9275; F1: 0.9208; cls_weighted_F1: 0.9528; Kappa: 0.9118;
2026-03-19 14:44:00,103 - INFO - spatial_LccAccuracy: 0.7739; spatial_PA: 0.8119; spatial_UA: 0.9304; spatial_F1: 0.8671; weighted_F1: 0.9003
2026-03-19 14:44:00,103 - INFO - temporal_CdAccuracy: 0.7739; temporal_PA: 0.9211; temporal_UA: 0.8658; temporal_F1: 0.8926
2026-03-19 14:44:00,103 - INFO - Confusion Matrix
 [15124.	  418.	    0.	    0.	   83.]
 [  856.	16685.	   37.	    0.	   36.]
 [    0.	    2.	  291.	    0.	    0.]
 [    0.	    0.	    0.	    0.	    0.]
 [   25.	  165.	    0.	    2.	  776.]
2026-03-19 14:44:00,103 - INFO - Change Type PA (Recall) Matrix
 [[0.    	0.9589	0.    	0.    	0.    ]
 [0.6818	0.    	1.    	0.    	0.7818]
 [0.    	1.    	0.    	0.    	0.    ]
 [0.    	0.    	0.    	0.    	0.    ]
 [0.    	0.    	0.    	0.    	0.    ]]
2026-03-19 14:44:00,104 - INFO - Change Type UA (Precision) Matrix
 [[0.    	0.8974	0.    	0.    	0.    ]
 [0.283 	0.    	0.913 	0.    	0.7544]
 [0.    	0.913 	0.    	0.    	0.    ]
 [0.    	0.    	0.    	0.    	0.    ]
 [0.    	0.    	0.    	0.    	0.    ]]
2026-03-19 14:44:00,104 - INFO - Change Type F1 Matrix
 [[0.    	0.9272	0.    	0.    	0.    ]
 [0.4   	0.    	0.9545	0.    	0.7679]
 [0.    	0.9545	0.    	0.    	0.    ]
 [0.    	0.    	0.    	0.    	0.    ]
 [0.    	0.    	0.    	0.    	0.    ]]
2026-03-19 14:44:00,104 - INFO - Epoch 0 saved.
