2026-03-19 14:44:00,167 - INFO - Epoch 0, Train loss: 0.0
2026-03-19 14:44:00,168 - INFO - mIoU: 0.9632; OA: 0.9893; AA: 0.9819; F1: 0.9811; cls_weighted_F1: 0.9893; Kappa: 0.9803;
2026-03-19 14:44:00,169 - INFO - spatial_LccAccuracy: 0.9206; spatial_PA: 1.0; spatial_UA: 1.0; spatial_F1: 1.0; weighted_F1: 0.9689
2026-03-19 14:44:00,169 - INFO - temporal_CdAccuracy: 0.9206; temporal_PA: 0.9422; temporal_UA: 0.9262; temporal_F1: 0.9342
2026-03-19 14:44:00,169 - INFO - Confusion Matrix
 [1529.	  58.	   0.	   0.	   0.]
 [  23.	1270.	   0.	   0.	   0.]
 [   0.	   0.	   0.	   0.	   0.]
 [   0.	   0.	   0.	   0.	   0.]
 [   0.	   0.	   0.	   0.	4680.]
2026-03-19 14:44:00,170 - INFO - Change Type PA (Recall) Matrix
 [[0.    	0.9792	0.    	0.    	0.    ]
 [1.    	0.    	0.    	0.    	0.    ]
 [0.    	0.    	0.    	0.    	0.    ]
 [0.    	0.    	0.    	0.    	0.    ]
 [0.    	0.    	0.    	0.    	0.    ]]
2026-03-19 14:44:00,171 - INFO - Change Type UA (Precision) Matrix
 [[0.    	0.9592	0.    	0.    	0.    ]
 [0.9394	0.    	0.    	0.    	0.    ]
 [0.    	0.    	0.    	0.    	0.    ]
 [0.    	0.    	0.    	0.    	0.    ]
 [0.    	0.    	0.    	0.    	0.    ]]
2026-03-19 14:44:00,172 - INFO - Change Type F1 Matrix
 [[0.    	0.9691	0.    	0.    	0.    ]
 [0.9688	0.    	0.    	0.    	0.    ]
 [0.    	0.    	0.    	0.    	0.    ]
 [0.    	0.    	0.    	0.    	0.    ]
 [0.    	0.    	0.    	0.    	0.    ]]
2026-03-19 14:44:00,172 - INFO - Epoch 0 saved.
