2026-03-19 14:44:00,497 - INFO - Epoch 0, Train loss: 0.0
2026-03-19 14:44:00,498 - INFO - mIoU: 0.8846; OA: 0.9885; AA: 0.9845; F1: 0.9306; cls_weighted_F1: 0.9886; Kappa: 0.9799;
2026-03-19 14:44:00,498 - INFO - spatial_LccAccuracy: 0.8989; spatial_PA: 0.982; spatial_UA: 0.9906; spatial_F1: 0.9863; weighted_F1: 0.9008
2026-03-19 14:44:00,498 - INFO - temporal_CdAccuracy: 0.9044; temporal_PA: 0.9624; temporal_UA: 0.9444; temporal_F1: 0.9533
2026-03-19 14:44:00,498 - INFO - Confusion Matrix
 [24616.	  189.	    0.	    8.	    0.]
 [  190.	12731.	   62.	    1.	    0.]
 [    5.	   36.	  895.	    6.	    0.]
 [    0.	    0.	    0.	   21.	    0.]
 [    0.	    0.	    0.	    0.	 4560.]
2026-03-19 14:44:00,498 - INFO - Change Type PA (Recall) Matrix
 [[0.    	0.9454	0.8537	0.8571	0.    ]
 [0.8082	0.    	0.9041	0.    	0.    ]
 [0.    	0.5   	0.    	0.    	0.    ]
 [0.    	0.    	0.    	0.    	0.    ]
 [0.    	0.    	0.    	0.    	0.    ]]
2026-03-19 14:44:00,500 - INFO - Change Type UA (Precision) Matrix
 [[0.    	0.9272	0.7447	0.6667	0.    ]
 [0.7763	0.    	0.8571	0.    	0.    ]
 [0.    	0.1429	0.    	0.    	0.    ]
 [0.    	0.    	0.    	0.    	0.    ]
 [0.    	0.    	0.    	0.    	0.    ]]
2026-03-19 14:44:00,501 - INFO - Change Type F1 Matrix
 [[0.    	0.9362	0.7955	0.75  	0.    ]
 [0.7919	0.    	0.88  	0.    	0.    ]
 [0.    	0.2222	0.    	0.    	0.    ]
 [0.    	0.    	0.    	0.    	0.    ]
 [0.    	0.    	0.    	0.    	0.    ]]
2026-03-19 14:44:00,501 - INFO - Epoch 0 saved.
