2026-03-19 14:44:00,832 - INFO - Epoch 0, Train loss: 0.0
2026-03-19 14:44:00,832 - INFO - mIoU: 0.6313; OA: 0.9779; AA: 0.8895; F1: 0.9044; cls_weighted_F1: 0.9777; Kappa: 0.9548;
2026-03-19 14:44:00,832 - INFO - spatial_LccAccuracy: 0.7745; spatial_PA: 0.9861; spatial_UA: 0.9991; spatial_F1: 0.9926; weighted_F1: 0.9275
2026-03-19 14:44:00,832 - INFO - temporal_CdAccuracy: 0.7745; temporal_PA: 0.9381; temporal_UA: 0.9443; temporal_F1: 0.9412
2026-03-19 14:44:00,833 - INFO - Confusion Matrix
 [14359.	  442.	    0.	    0.	    1.]
 [  213.	21307.	   59.	    0.	    0.]
 [    0.	   98.	  241.	    0.	    0.]
 [    0.	    0.	    0.	    0.	    0.]
 [    0.	    0.	    0.	    0.	    0.]
2026-03-19 14:44:00,833 - INFO - Change Type PA (Recall) Matrix
 [[0.    	0.9496	0.    	0.    	0.    ]
 [0.9178	0.    	0.8909	0.    	0.    ]
 [0.    	0.    	0.    	0.    	0.    ]
 [0.    	0.    	0.    	0.    	0.    ]
 [0.    	0.    	0.    	0.    	0.    ]]
2026-03-19 14:44:00,833 - INFO - Change Type UA (Precision) Matrix
 [[0.    	0.9543	0.    	0.    	0.    ]
 [0.9079	0.    	0.98  	0.    	0.    ]
 [0.    	0.    	0.    	0.    	0.    ]
 [0.    	0.    	0.    	0.    	0.    ]
 [0.    	0.    	0.    	0.    	0.    ]]
2026-03-19 14:44:00,833 - INFO - Change Type F1 Matrix
 [[0.    	0.952 	0.    	0.    	0.    ]
 [0.9128	0.    	0.9333	0.    	0.    ]
 [0.    	0.    	0.    	0.    	0.    ]
 [0.    	0.    	0.    	0.    	0.    ]
 [0.    	0.    	0.    	0.    	0.    ]]
2026-03-19 14:44:00,833 - INFO - Epoch 0 saved.
