2026-03-19 14:44:01,009 - INFO - Epoch 0, Train loss: 0.0
2026-03-19 14:44:01,010 - INFO - mIoU: 0.9601; OA: 0.9938; AA: 0.9791; F1: 0.9794; cls_weighted_F1: 0.9938; Kappa: 0.9801;
2026-03-19 14:44:01,010 - INFO - spatial_LccAccuracy: 0.8266; spatial_PA: 0.959; spatial_UA: 0.992; spatial_F1: 0.9752; weighted_F1: 0.9323
2026-03-19 14:44:01,010 - INFO - temporal_CdAccuracy: 0.8401; temporal_PA: 0.9495; temporal_UA: 0.9326; temporal_F1: 0.941
2026-03-19 14:44:01,010 - INFO - Confusion Matrix
 [18093.	   21.	    0.	   10.	    0.]
 [   21.	 2708.	    0.	   33.	    0.]
 [    0.	    0.	    0.	    0.	    0.]
 [    4.	   48.	    0.	 1202.	    0.]
 [    0.	    0.	    0.	    0.	    0.]
2026-03-19 14:44:01,011 - INFO - Change Type PA (Recall) Matrix
 [[0.    	0.9646	0.    	0.9231	0.    ]
 [0.8571	0.    	0.    	0.    	0.    ]
 [0.    	0.    	0.    	0.    	0.    ]
 [0.    	0.9911	0.    	0.    	0.    ]
 [0.    	0.    	0.    	0.    	0.    ]]
2026-03-19 14:44:01,012 - INFO - Change Type UA (Precision) Matrix
 [[0.    	0.879 	0.    	0.9524	0.    ]
 [0.8571	0.    	0.    	0.    	0.    ]
 [0.    	0.    	0.    	0.    	0.    ]
 [0.    	0.8952	0.    	0.    	0.    ]
 [0.    	0.    	0.    	0.    	0.    ]]
2026-03-19 14:44:01,013 - INFO - Change Type F1 Matrix
 [[0.    	0.9198	0.    	0.9375	0.    ]
 [0.8571	0.    	0.    	0.    	0.    ]
 [0.    	0.    	0.    	0.    	0.    ]
 [0.    	0.9407	0.    	0.    	0.    ]
 [0.    	0.    	0.    	0.    	0.    ]]
2026-03-19 14:44:01,013 - INFO - Epoch 0 saved.
