2026-03-19 14:44:01,127 - INFO - Epoch 0, Train loss: 0.0
2026-03-19 14:44:01,128 - INFO - mIoU: 0.733; OA: 0.9653; AA: 0.944; F1: 0.9561; cls_weighted_F1: 0.9656; Kappa: 0.9416;
2026-03-19 14:44:01,128 - INFO - spatial_LccAccuracy: 0.713; spatial_PA: 0.9717; spatial_UA: 0.9917; spatial_F1: 0.9816; weighted_F1: 0.8844
2026-03-19 14:44:01,128 - INFO - temporal_CdAccuracy: 0.713; temporal_PA: 0.9097; temporal_UA: 0.8629; temporal_F1: 0.8856
2026-03-19 14:44:01,129 - INFO - Confusion Matrix
 [5966.	 190.	   1.	   8.	   0.]
 [ 141.	5965.	  33.	   0.	   0.]
 [   0.	  62.	1019.	   0.	   0.]
 [  29.	   6.	   0.	 371.	   9.]
 [   0.	   0.	   0.	   0.	   0.]
2026-03-19 14:44:01,129 - INFO - Change Type PA (Recall) Matrix
 [[0.    	0.9722	0.    	0.9744	0.    ]
 [0.9839	0.    	0.6552	0.    	0.    ]
 [1.    	0.9024	0.    	0.    	0.    ]
 [0.    	0.    	0.    	0.    	0.    ]
 [0.    	0.    	0.    	0.    	0.    ]]
2026-03-19 14:44:01,130 - INFO - Change Type UA (Precision) Matrix
 [[0.    	0.8642	0.    	0.9048	0.    ]
 [0.7821	0.    	0.76  	0.    	0.    ]
 [1.    	0.881 	0.    	0.    	0.    ]
 [0.    	0.    	0.    	0.    	0.    ]
 [0.    	0.    	0.    	0.    	0.    ]]
2026-03-19 14:44:01,132 - INFO - Change Type F1 Matrix
 [[0.    	0.915 	0.    	0.9383	0.    ]
 [0.8714	0.    	0.7037	0.    	0.    ]
 [1.    	0.8916	0.    	0.    	0.    ]
 [0.    	0.    	0.    	0.    	0.    ]
 [0.    	0.    	0.    	0.    	0.    ]]
2026-03-19 14:44:01,132 - INFO - Epoch 0 saved.
