2026-01-29 17:01:26,283 - INFO - Epoch 0, Train loss: 0.0
2026-01-29 17:01:26,284 - INFO - mIoU: 0.9259; OA: 0.9754; AA: 0.9537; F1: 0.9608; Kappa: 0.9577;
2026-01-29 17:01:26,284 - INFO - spatial_LccAccuracy: 0.7967; spatial_PA: 0.9567; spatial_UA: 0.9792; spatial_F1: 0.9678; weighted_F1: 0.8884
2026-01-29 17:01:26,284 - INFO - temporal_CdAccuracy: 0.8037; temporal_PA: 0.9261; temporal_UA: 0.9079; temporal_F1: 0.9169
2026-01-29 17:01:26,284 - INFO - Confusion Matrix
 [77657.	 1117.	    0.	   43.	   47.]
 [ 1705.	58362.	  164.	   16.	   15.]
 [   10.	  366.	 2671.	    4.	    0.]
 [   16.	   38.	    0.	 1461.	    0.]
 [   12.	  263.	    0.	    2.	11011.]
2026-01-29 17:01:26,285 - INFO - Change Type PA (Recall) Matrix
 [[0.    	0.9424	0.938 	0.9382	0.    ]
 [0.8724	0.    	0.5324	0.    	0.7818]
 [0.    	0.9268	0.    	0.    	0.    ]
 [0.    	0.8485	0.    	0.    	0.    ]
 [0.    	0.    	0.    	0.    	0.    ]]
2026-01-29 17:01:26,286 - INFO - Change Type UA (Precision) Matrix
 [[0.    	0.9021	0.9758	0.9205	0.    ]
 [0.7802	0.    	0.7115	0.    	0.6935]
 [0.    	0.8085	0.    	0.    	0.    ]
 [0.    	0.9655	0.    	0.    	0.    ]
 [0.    	0.    	0.    	0.    	0.    ]]
2026-01-29 17:01:26,286 - INFO - Change Type F1 Matrix
 [[0.    	0.9218	0.9565	0.9293	0.    ]
 [0.8237	0.    	0.6091	0.    	0.735 ]
 [0.    	0.8636	0.    	0.    	0.    ]
 [0.    	0.9032	0.    	0.    	0.    ]
 [0.    	0.    	0.    	0.    	0.    ]]
2026-01-29 17:01:26,287 - INFO - Epoch 0 saved.
