2026-01-29 17:01:28,346 - INFO - Epoch 0, Train loss: 0.0
2026-01-29 17:01:28,347 - INFO - mIoU: 0.9309; OA: 0.9756; AA: 0.9584; F1: 0.9636; Kappa: 0.9582;
2026-01-29 17:01:28,347 - INFO - spatial_LccAccuracy: 0.8095; spatial_PA: 0.9627; spatial_UA: 0.9895; spatial_F1: 0.9759; weighted_F1: 0.8864
2026-01-29 17:01:28,347 - INFO - temporal_CdAccuracy: 0.8161; temporal_PA: 0.9371; temporal_UA: 0.9146; temporal_F1: 0.9257
2026-01-29 17:01:28,348 - INFO - Confusion Matrix
 [77984.	  765.	    4.	   36.	   75.]
 [ 2074.	57990.	  149.	   28.	   21.]
 [   10.	  341.	 2699.	    1.	    0.]
 [   20.	   14.	    0.	 1481.	    0.]
 [   17.	  222.	    0.	    0.	11049.]
2026-01-29 17:01:28,348 - INFO - Change Type PA (Recall) Matrix
 [[0.    	0.9418	0.8837	0.9575	0.    ]
 [0.8687	0.    	0.5108	0.    	0.7455]
 [0.    	0.9024	0.    	0.    	0.    ]
 [0.    	0.9798	0.    	0.    	0.    ]
 [0.    	0.    	0.    	0.    	0.    ]]
2026-01-29 17:01:28,349 - INFO - Change Type UA (Precision) Matrix
 [[0.    	0.9002	0.8837	0.9084	0.    ]
 [0.7795	0.    	0.703 	0.    	0.7593]
 [0.    	0.8605	0.    	0.    	0.    ]
 [0.    	0.9604	0.    	0.    	0.    ]
 [0.    	0.    	0.    	0.    	0.    ]]
2026-01-29 17:01:28,350 - INFO - Change Type F1 Matrix
 [[0.    	0.9205	0.8837	0.9323	0.    ]
 [0.8217	0.    	0.5917	0.    	0.7523]
 [0.    	0.881 	0.    	0.    	0.    ]
 [0.    	0.97  	0.    	0.    	0.    ]
 [0.    	0.    	0.    	0.    	0.    ]]
2026-01-29 17:01:28,350 - INFO - Epoch 0 saved.
