2026-01-29 17:01:32,411 - INFO - Epoch 0, Train loss: 0.0
2026-01-29 17:01:32,411 - INFO - mIoU: 0.9349; OA: 0.9759; AA: 0.9616; F1: 0.9656; Kappa: 0.9587;
2026-01-29 17:01:32,411 - INFO - spatial_LccAccuracy: 0.8033; spatial_PA: 0.9531; spatial_UA: 0.9869; spatial_F1: 0.9697; weighted_F1: 0.8745
2026-01-29 17:01:32,411 - INFO - temporal_CdAccuracy: 0.8095; temporal_PA: 0.9322; temporal_UA: 0.91; temporal_F1: 0.921
2026-01-29 17:01:32,412 - INFO - Confusion Matrix
 [77143.	 1620.	    3.	   37.	   61.]
 [ 1258.	58797.	  144.	   17.	   46.]
 [    5.	  366.	 2679.	    1.	    0.]
 [    4.	   10.	    0.	 1501.	    0.]
 [    7.	  156.	    1.	    0.	11124.]
2026-01-29 17:01:32,413 - INFO - Change Type PA (Recall) Matrix
 [[0.    	0.9413	0.814 	0.9344	0.    ]
 [0.8386	0.    	0.5324	0.    	0.8   ]
 [0.    	0.9756	0.    	0.    	0.    ]
 [0.    	0.9596	0.    	0.    	0.    ]
 [0.    	0.    	0.    	0.    	0.    ]]
2026-01-29 17:01:32,413 - INFO - Change Type UA (Precision) Matrix
 [[0.    	0.8842	0.9722	0.88  	0.    ]
 [0.75  	0.    	0.6789	0.    	0.8462]
 [0.    	0.7692	0.    	0.    	0.    ]
 [0.    	0.9314	0.    	0.    	0.    ]
 [0.    	0.    	0.    	0.    	0.    ]]
2026-01-29 17:01:32,415 - INFO - Change Type F1 Matrix
 [[0.    	0.9118	0.8861	0.9064	0.    ]
 [0.7919	0.    	0.5968	0.    	0.8224]
 [0.    	0.8602	0.    	0.    	0.    ]
 [0.    	0.9453	0.    	0.    	0.    ]
 [0.    	0.    	0.    	0.    	0.    ]]
2026-01-29 17:01:32,415 - INFO - Epoch 0 saved.
