2026-01-29 22:28:14,061 - INFO - Epoch 0, Train loss: 0.0
2026-01-29 22:28:14,061 - INFO - mIoU: 0.4816; OA: 0.948; AA: 0.853; F1: 0.8817; Kappa: 0.9007;
2026-01-29 22:28:14,061 - INFO - spatial_LccAccuracy: 0.7167; spatial_PA: 0.7719; spatial_UA: 0.9741; spatial_F1: 0.8613; weighted_F1: 0.8299
2026-01-29 22:28:14,061 - INFO - temporal_CdAccuracy: 0.7167; temporal_PA: 0.8945; temporal_UA: 0.819; temporal_F1: 0.8551
2026-01-29 22:28:14,061 - INFO - Confusion Matrix
 [13797.	  427.	    0.	    2.	   55.]
 [  776.	15899.	   13.	    0.	   43.]
 [    0.	    0.	    0.	    0.	    0.]
 [    0.	    0.	    0.	    0.	    0.]
 [   38.	  307.	    1.	    0.	  622.]
2026-01-29 22:28:14,061 - INFO - Change Type PA (Recall) Matrix
 [[0.    	0.9403	0.    	0.    	0.    ]
 [0.3636	0.    	0.    	0.    	0.6   ]
 [0.    	0.    	0.    	0.    	0.    ]
 [0.    	0.    	0.    	0.    	0.    ]
 [0.    	0.    	0.    	0.    	0.    ]]
2026-01-29 22:28:14,061 - INFO - Change Type UA (Precision) Matrix
 [[0.    	0.8336	0.    	0.    	0.    ]
 [0.1111	0.    	0.    	0.    	0.6735]
 [0.    	0.    	0.    	0.    	0.    ]
 [0.    	0.    	0.    	0.    	0.    ]
 [0.    	0.    	0.    	0.    	0.    ]]
2026-01-29 22:28:14,062 - INFO - Change Type F1 Matrix
 [[0.    	0.8838	0.    	0.    	0.    ]
 [0.1702	0.    	0.    	0.    	0.6346]
 [0.    	0.    	0.    	0.    	0.    ]
 [0.    	0.    	0.    	0.    	0.    ]
 [0.    	0.    	0.    	0.    	0.    ]]
2026-01-29 22:28:14,062 - INFO - Epoch 0 saved.
