2026-01-29 22:28:14,415 - INFO - Epoch 0, Train loss: 0.0
2026-01-29 22:28:14,415 - INFO - mIoU: 0.4868; OA: 0.9741; AA: 0.6653; F1: 0.679; Kappa: 0.9446;
2026-01-29 22:28:14,415 - INFO - spatial_LccAccuracy: 0.7651; spatial_PA: 0.9908; spatial_UA: 0.9908; spatial_F1: 0.9908; weighted_F1: 0.9253
2026-01-29 22:28:14,415 - INFO - temporal_CdAccuracy: 0.767; temporal_PA: 0.9257; temporal_UA: 0.9293; temporal_F1: 0.9275
2026-01-29 22:28:14,415 - INFO - Confusion Matrix
 [11666.	  429.	    0.	    0.	    3.]
 [  290.	20181.	    0.	    0.	    0.]
 [    0.	  125.	    6.	    0.	    0.]
 [    0.	    0.	    0.	    0.	    0.]
 [    0.	    0.	    0.	    0.	    0.]
2026-01-29 22:28:14,415 - INFO - Change Type PA (Recall) Matrix
 [[0.    	0.9465	0.    	0.    	0.    ]
 [0.8944	0.    	0.    	0.    	0.    ]
 [0.    	0.    	0.    	0.    	0.    ]
 [0.    	0.    	0.    	0.    	0.    ]
 [0.    	0.    	0.    	0.    	0.    ]]
2026-01-29 22:28:14,417 - INFO - Change Type UA (Precision) Matrix
 [[0.    	0.9478	0.    	0.    	0.    ]
 [0.9057	0.    	0.    	0.    	0.    ]
 [0.    	0.    	0.    	0.    	0.    ]
 [0.    	0.    	0.    	0.    	0.    ]
 [0.    	0.    	0.    	0.    	0.    ]]
2026-01-29 22:28:14,417 - INFO - Change Type F1 Matrix
 [[0.    	0.9471	0.    	0.    	0.    ]
 [0.9   	0.    	0.    	0.    	0.    ]
 [0.    	0.    	0.    	0.    	0.    ]
 [0.    	0.    	0.    	0.    	0.    ]
 [0.    	0.    	0.    	0.    	0.    ]]
2026-01-29 22:28:14,417 - INFO - Epoch 0 saved.
