2026-01-29 22:27:51,346 - INFO - Epoch 0, Train loss: 0.0
2026-01-29 22:27:51,346 - INFO - mIoU: 0.6548; OA: 0.9505; AA: 0.915; F1: 0.9314; Kappa: 0.9058;
2026-01-29 22:27:51,346 - INFO - spatial_LccAccuracy: 0.7148; spatial_PA: 0.7961; spatial_UA: 0.9491; spatial_F1: 0.8659; weighted_F1: 0.884
2026-01-29 22:27:51,346 - INFO - temporal_CdAccuracy: 0.7148; temporal_PA: 0.8802; temporal_UA: 0.8258; temporal_F1: 0.8521
2026-01-29 22:27:51,346 - INFO - Confusion Matrix
 [13742.	  537.	    0.	    0.	    2.]
 [  794.	15846.	   48.	    0.	   43.]
 [    0.	    0.	    0.	    0.	    0.]
 [    0.	    0.	    0.	    0.	    0.]
 [   12.	  147.	    0.	    0.	  809.]
2026-01-29 22:27:51,347 - INFO - Change Type PA (Recall) Matrix
 [[0.    	0.9659	0.    	0.    	0.    ]
 [0.5   	0.    	0.    	0.    	0.7818]
 [0.    	0.    	0.    	0.    	0.    ]
 [0.    	0.    	0.    	0.    	0.    ]
 [0.    	0.    	0.    	0.    	0.    ]]
2026-01-29 22:27:51,347 - INFO - Change Type UA (Precision) Matrix
 [[0.    	0.8745	0.    	0.    	0.    ]
 [0.1964	0.    	0.    	0.    	0.8958]
 [0.    	0.    	0.    	0.    	0.    ]
 [0.    	0.    	0.    	0.    	0.    ]
 [0.    	0.    	0.    	0.    	0.    ]]
2026-01-29 22:27:51,347 - INFO - Change Type F1 Matrix
 [[0.    	0.9179	0.    	0.    	0.    ]
 [0.2821	0.    	0.    	0.    	0.835 ]
 [0.    	0.    	0.    	0.    	0.    ]
 [0.    	0.    	0.    	0.    	0.    ]
 [0.    	0.    	0.    	0.    	0.    ]]
2026-01-29 22:27:51,347 - INFO - Epoch 0 saved.
