2026-01-29 22:27:51,713 - INFO - Epoch 0, Train loss: 0.0
2026-01-29 22:27:51,713 - INFO - mIoU: 0.7695; OA: 0.9794; AA: 0.8029; F1: 0.8395; Kappa: 0.956;
2026-01-29 22:27:51,713 - INFO - spatial_LccAccuracy: 0.8275; spatial_PA: 0.9918; spatial_UA: 0.999; spatial_F1: 0.9954; weighted_F1: 0.9414
2026-01-29 22:27:51,713 - INFO - temporal_CdAccuracy: 0.8294; temporal_PA: 0.9443; temporal_UA: 0.954; temporal_F1: 0.9491
2026-01-29 22:27:51,713 - INFO - Confusion Matrix
 [11735.	  363.	    0.	    0.	    0.]
 [  219.	20231.	   21.	    0.	    0.]
 [    1.	   71.	   59.	    0.	    0.]
 [    0.	    0.	    0.	    0.	    0.]
 [    0.	    0.	    0.	    0.	    0.]
2026-01-29 22:27:51,713 - INFO - Change Type PA (Recall) Matrix
 [[0.    	0.9507	0.    	0.    	0.    ]
 [0.9006	0.    	0.4   	0.    	0.    ]
 [0.    	0.    	0.    	0.    	0.    ]
 [0.    	0.    	0.    	0.    	0.    ]
 [0.    	0.    	0.    	0.    	0.    ]]
2026-01-29 22:27:51,713 - INFO - Change Type UA (Precision) Matrix
 [[0.    	0.9684	0.    	0.    	0.    ]
 [0.9385	0.    	0.3333	0.    	0.    ]
 [0.    	0.    	0.    	0.    	0.    ]
 [0.    	0.    	0.    	0.    	0.    ]
 [0.    	0.    	0.    	0.    	0.    ]]
2026-01-29 22:27:51,713 - INFO - Change Type F1 Matrix
 [[0.    	0.9595	0.    	0.    	0.    ]
 [0.9192	0.    	0.3636	0.    	0.    ]
 [0.    	0.    	0.    	0.    	0.    ]
 [0.    	0.    	0.    	0.    	0.    ]
 [0.    	0.    	0.    	0.    	0.    ]]
2026-01-29 22:27:51,713 - INFO - Epoch 0 saved.
