2026-02-22 20:07:29,440 - INFO - Epoch 0, Train loss: 0.0
2026-02-22 20:07:29,440 - INFO - mIoU: 0.6205; OA: 0.9752; AA: 0.9002; F1: 0.8937; cls_weighted_F1: 0.9753; Kappa: 0.9495;
2026-02-22 20:07:29,440 - INFO - spatial_LccAccuracy: 0.7831; spatial_PA: 0.9918; spatial_UA: 0.9991; spatial_F1: 0.9954; weighted_F1: 0.9359
2026-02-22 20:07:29,440 - INFO - temporal_CdAccuracy: 0.7831; temporal_PA: 0.9178; temporal_UA: 0.9276; temporal_F1: 0.9227
2026-02-22 20:07:29,440 - INFO - Confusion Matrix
 [13626.	  338.	    0.	    0.	    0.]
 [  329.	20617.	  116.	    0.	    0.]
 [    0.	   90.	  279.	    0.	    5.]
 [    0.	    0.	    0.	    0.	    0.]
 [    0.	    0.	    0.	    0.	    0.]
2026-02-22 20:07:29,440 - INFO - Change Type PA (Recall) Matrix
 [[0.    	0.9483	0.    	0.    	0.    ]
 [0.9006	0.    	0.8   	0.    	0.    ]
 [0.    	0.5882	0.    	0.    	0.    ]
 [0.    	0.    	0.    	0.    	0.    ]
 [0.    	0.    	0.    	0.    	0.    ]]
2026-02-22 20:07:29,440 - INFO - Change Type UA (Precision) Matrix
 [[0.    	0.9702	0.    	0.    	0.    ]
 [0.9295	0.    	0.9091	0.    	0.    ]
 [0.    	0.625 	0.    	0.    	0.    ]
 [0.    	0.    	0.    	0.    	0.    ]
 [0.    	0.    	0.    	0.    	0.    ]]
2026-02-22 20:07:29,440 - INFO - Change Type F1 Matrix
 [[0.    	0.9591	0.    	0.    	0.    ]
 [0.9148	0.    	0.8511	0.    	0.    ]
 [0.    	0.6061	0.    	0.    	0.    ]
 [0.    	0.    	0.    	0.    	0.    ]
 [0.    	0.    	0.    	0.    	0.    ]]
2026-02-22 20:07:29,440 - INFO - Epoch 0 saved.
