<<<<<<< HEAD
2026-01-22 16:53:00,787 - INFO - Epoch 0, Train loss: 0.0
2026-01-22 16:53:00,788 - INFO - mIoU: 0.5889; OA: 0.997; AA: 0.5915; F1: 0.5944; Kappa: 0.9903;
2026-01-22 16:53:00,788 - INFO - spatial_LccAccuracy: 0.9514; spatial_PA: 1.0; spatial_UA: 1.0; spatial_F1: 1.0; weighted_F1: 0.9715
2026-01-22 16:53:00,788 - INFO - temporal_CdAccuracy: 0.973; temporal_PA: 0.9897; temporal_UA: 0.9849; temporal_F1: 0.9873
2026-01-22 16:53:00,788 - INFO - Confusion Matrix
=======
2025-12-13 21:54:34,651 - INFO - Epoch 0, Train loss: 0.0
2025-12-13 21:54:34,652 - INFO - mIoU: 0.5889; OA: 0.997; AA: 0.5915; F1: 0.5944; Kappa: 0.9903;
2025-12-13 21:54:34,652 - INFO - spatial_LccAccuracy: 0.9676; spatial_PA: 1.0; spatial_UA: 1.0; spatial_F1: 1.0
2025-12-13 21:54:34,652 - INFO - temporal_CdAccuracy: 0.973; temporal_PA: 0.9897; temporal_UA: 0.9849; temporal_F1: 0.9873
2025-12-13 21:54:34,653 - INFO - Confusion Matrix
>>>>>>> 93175a06c110e941919a0524e265707df6271051
 [18127.	    2.	    0.	    0.	    0.]
 [   30.	 2967.	    0.	    0.	    0.]
 [    0.	    0.	    0.	    0.	    0.]
 [    4.	   31.	    0.	 1039.	    0.]
 [    0.	    0.	    0.	    0.	    0.]
<<<<<<< HEAD
2026-01-22 16:53:00,789 - INFO - Change Type PA (Recall) Matrix
=======
2025-12-13 21:54:34,654 - INFO - Change Type PA (Recall) Matrix
>>>>>>> 93175a06c110e941919a0524e265707df6271051
 [[0.    	1.    	0.    	0.9412	0.    ]
 [1.    	0.    	0.    	0.    	0.    ]
 [0.    	0.    	0.    	0.    	0.    ]
 [0.    	1.    	0.    	0.    	0.    ]
 [0.    	0.    	0.    	0.    	0.    ]]
<<<<<<< HEAD
2026-01-22 16:53:00,790 - INFO - Change Type UA (Precision) Matrix
=======
2025-12-13 21:54:34,655 - INFO - Change Type UA (Precision) Matrix
>>>>>>> 93175a06c110e941919a0524e265707df6271051
 [[0.    	0.9225	0.    	1.    	0.    ]
 [0.8   	0.    	0.    	0.    	0.    ]
 [0.    	0.    	0.    	0.    	0.    ]
 [0.    	0.9895	0.    	0.    	0.    ]
 [0.    	0.    	0.    	0.    	0.    ]]
<<<<<<< HEAD
2026-01-22 16:53:00,791 - INFO - Change Type F1 Matrix
=======
2025-12-13 21:54:34,656 - INFO - Change Type F1 Matrix
>>>>>>> 93175a06c110e941919a0524e265707df6271051
 [[0.    	0.9597	0.    	0.9697	0.    ]
 [0.8889	0.    	0.    	0.    	0.    ]
 [0.    	0.    	0.    	0.    	0.    ]
 [0.    	0.9947	0.    	0.    	0.    ]
 [0.    	0.    	0.    	0.    	0.    ]]
<<<<<<< HEAD
2026-01-22 16:53:00,791 - INFO - Epoch 0 saved.
=======
2025-12-13 21:54:34,656 - INFO - Epoch 0 saved.
>>>>>>> 93175a06c110e941919a0524e265707df6271051
