2026-01-22 16:53:00,931 - INFO - Epoch 0, Train loss: 0.0
2026-01-22 16:53:00,931 - INFO - mIoU: 0.7551; OA: 0.9732; AA: 0.7796; F1: 0.7764; Kappa: 0.9509;
2026-01-22 16:53:00,931 - INFO - spatial_LccAccuracy: 0.7946; spatial_PA: 1.0; spatial_UA: 1.0; spatial_F1: 1.0; weighted_F1: 0.8986
2026-01-22 16:53:00,932 - INFO - temporal_CdAccuracy: 0.7946; temporal_PA: 0.93; temporal_UA: 0.8914; temporal_F1: 0.9103
2026-01-22 16:53:00,932 - INFO - Confusion Matrix
 [7039.	 122.	   0.	   0.	  10.]
 [ 126.	5331.	  56.	   0.	  17.]
 [   0.	  27.	 579.	   0.	   2.]
 [   0.	   0.	   0.	 131.	   0.]
 [   0.	   0.	   0.	   0.	   0.]
2026-01-22 16:53:00,933 - INFO - Change Type PA (Recall) Matrix
 [[0.    	0.95  	0.5   	1.    	0.    ]
 [0.8913	0.    	0.8421	0.    	0.    ]
 [0.    	1.    	0.    	0.    	0.    ]
 [0.    	0.    	0.    	0.    	0.    ]
 [0.    	0.    	0.    	0.    	0.    ]]
2026-01-22 16:53:00,933 - INFO - Change Type UA (Precision) Matrix
 [[0.    	0.9194	1.    	1.    	0.    ]
 [0.7593	0.    	0.7442	0.    	0.    ]
 [0.    	0.8636	0.    	0.    	0.    ]
 [0.    	0.    	0.    	0.    	0.    ]
 [0.    	0.    	0.    	0.    	0.    ]]
2026-01-22 16:53:00,935 - INFO - Change Type F1 Matrix
 [[0.    	0.9344	0.6667	1.    	0.    ]
 [0.82  	0.    	0.7901	0.    	0.    ]
 [0.    	0.9268	0.    	0.    	0.    ]
 [0.    	0.    	0.    	0.    	0.    ]
 [0.    	0.    	0.    	0.    	0.    ]]
2026-01-22 16:53:00,935 - INFO - Epoch 0 saved.
