2026-01-29 22:25:48,100 - INFO - Epoch 0, Train loss: 0.0
2026-01-29 22:25:48,100 - INFO - mIoU: 0.7576; OA: 0.9719; AA: 0.9703; F1: 0.9723; Kappa: 0.9484;
2026-01-29 22:25:48,100 - INFO - spatial_LccAccuracy: 0.8348; spatial_PA: 1.0; spatial_UA: 1.0; spatial_F1: 1.0; weighted_F1: 0.9029
2026-01-29 22:25:48,100 - INFO - temporal_CdAccuracy: 0.8348; temporal_PA: 0.9456; temporal_UA: 0.9106; temporal_F1: 0.9278
2026-01-29 22:25:48,100 - INFO - Confusion Matrix
 [7009.	 148.	   0.	   0.	  14.]
 [ 133.	5353.	  30.	   0.	  14.]
 [   3.	  36.	 569.	   0.	   0.]
 [   0.	   0.	   0.	 131.	   0.]
 [   0.	   0.	   0.	   0.	   0.]
2026-01-29 22:25:48,100 - INFO - Change Type PA (Recall) Matrix
 [[0.    	0.9556	0.5   	1.    	0.    ]
 [0.9348	0.    	0.8158	0.    	0.    ]
 [0.    	1.    	0.    	0.    	0.    ]
 [0.    	0.    	0.    	0.    	0.    ]
 [0.    	0.    	0.    	0.    	0.    ]]
2026-01-29 22:25:48,100 - INFO - Change Type UA (Precision) Matrix
 [[0.    	0.9198	0.5   	1.    	0.    ]
 [0.7167	0.    	0.7949	0.    	0.    ]
 [0.    	0.95  	0.    	0.    	0.    ]
 [0.    	0.    	0.    	0.    	0.    ]
 [0.    	0.    	0.    	0.    	0.    ]]
2026-01-29 22:25:48,102 - INFO - Change Type F1 Matrix
 [[0.    	0.9373	0.5   	1.    	0.    ]
 [0.8113	0.    	0.8052	0.    	0.    ]
 [0.    	0.9744	0.    	0.    	0.    ]
 [0.    	0.    	0.    	0.    	0.    ]
 [0.    	0.    	0.    	0.    	0.    ]]
2026-01-29 22:25:48,102 - INFO - Epoch 0 saved.
