2026-03-19 14:44:05,268 - INFO - Epoch 0, Train loss: 0.0
2026-03-19 14:44:05,268 - INFO - mIoU: 0.6824; OA: 0.9572; AA: 0.9214; F1: 0.9179; cls_weighted_F1: 0.9569; Kappa: 0.9196;
2026-03-19 14:44:05,268 - INFO - spatial_LccAccuracy: 0.7617; spatial_PA: 0.7982; spatial_UA: 0.9787; spatial_F1: 0.8793; weighted_F1: 0.8723
2026-03-19 14:44:05,268 - INFO - temporal_CdAccuracy: 0.7617; temporal_PA: 0.9214; temporal_UA: 0.8523; temporal_F1: 0.8855
2026-03-19 14:44:05,269 - INFO - Confusion Matrix
 [15225.	  341.	    0.	    0.	   59.]
 [  777.	16769.	   45.	    0.	   23.]
 [    0.	    0.	  293.	    0.	    0.]
 [    0.	    0.	    0.	    0.	    0.]
 [   23.	  207.	    2.	    1.	  735.]
2026-03-19 14:44:05,270 - INFO - Change Type PA (Recall) Matrix
 [[0.    	0.9628	0.    	0.    	0.    ]
 [0.4091	0.    	1.    	0.    	0.7091]
 [0.    	1.    	0.    	0.    	0.    ]
 [0.    	0.    	0.    	0.    	0.    ]
 [0.    	0.    	0.    	0.    	0.    ]]
2026-03-19 14:44:05,270 - INFO - Change Type UA (Precision) Matrix
 [[0.    	0.8512	0.    	0.    	0.    ]
 [0.1364	0.    	0.875 	0.    	0.7358]
 [0.    	0.9545	0.    	0.    	0.    ]
 [0.    	0.    	0.    	0.    	0.    ]
 [0.    	0.    	0.    	0.    	0.    ]]
2026-03-19 14:44:05,271 - INFO - Change Type F1 Matrix
 [[0.    	0.9036	0.    	0.    	0.    ]
 [0.2045	0.    	0.9333	0.    	0.7222]
 [0.    	0.9767	0.    	0.    	0.    ]
 [0.    	0.    	0.    	0.    	0.    ]
 [0.    	0.    	0.    	0.    	0.    ]]
2026-03-19 14:44:05,271 - INFO - Epoch 0 saved.
