2026-03-19 14:44:05,337 - INFO - Epoch 0, Train loss: 0.0
2026-03-19 14:44:05,338 - INFO - mIoU: 0.9606; OA: 0.9885; AA: 0.9803; F1: 0.9797; cls_weighted_F1: 0.9885; Kappa: 0.9788;
2026-03-19 14:44:05,338 - INFO - spatial_LccAccuracy: 0.8889; spatial_PA: 1.0; spatial_UA: 1.0; spatial_F1: 1.0; weighted_F1: 0.9455
2026-03-19 14:44:05,338 - INFO - temporal_CdAccuracy: 0.8889; temporal_PA: 0.9101; temporal_UA: 0.8814; temporal_F1: 0.8955
2026-03-19 14:44:05,339 - INFO - Confusion Matrix
 [1529.	  58.	   0.	   0.	   0.]
 [  29.	1264.	   0.	   0.	   0.]
 [   0.	   0.	   0.	   0.	   0.]
 [   0.	   0.	   0.	   0.	   0.]
 [   0.	   0.	   0.	   0.	4680.]
2026-03-19 14:44:05,340 - INFO - Change Type PA (Recall) Matrix
 [[0.    	0.9792	0.    	0.    	0.    ]
 [1.    	0.    	0.    	0.    	0.    ]
 [0.    	0.    	0.    	0.    	0.    ]
 [0.    	0.    	0.    	0.    	0.    ]
 [0.    	0.    	0.    	0.    	0.    ]]
2026-03-19 14:44:05,341 - INFO - Change Type UA (Precision) Matrix
 [[0.    	0.9216	0.    	0.    	0.    ]
 [0.8857	0.    	0.    	0.    	0.    ]
 [0.    	0.    	0.    	0.    	0.    ]
 [0.    	0.    	0.    	0.    	0.    ]
 [0.    	0.    	0.    	0.    	0.    ]]
2026-03-19 14:44:05,342 - INFO - Change Type F1 Matrix
 [[0.    	0.9495	0.    	0.    	0.    ]
 [0.9394	0.    	0.    	0.    	0.    ]
 [0.    	0.    	0.    	0.    	0.    ]
 [0.    	0.    	0.    	0.    	0.    ]
 [0.    	0.    	0.    	0.    	0.    ]]
2026-03-19 14:44:05,342 - INFO - Epoch 0 saved.
