2026-03-19 14:44:05,684 - INFO - Epoch 0, Train loss: 0.0
2026-03-19 14:44:05,685 - INFO - mIoU: 0.9011; OA: 0.9904; AA: 0.9901; F1: 0.9428; cls_weighted_F1: 0.9905; Kappa: 0.9832;
2026-03-19 14:44:05,685 - INFO - spatial_LccAccuracy: 0.9141; spatial_PA: 0.98; spatial_UA: 0.9896; spatial_F1: 0.9848; weighted_F1: 0.9103
2026-03-19 14:44:05,685 - INFO - temporal_CdAccuracy: 0.9169; temporal_PA: 0.9786; temporal_UA: 0.9514; temporal_F1: 0.9648
2026-03-19 14:44:05,685 - INFO - Confusion Matrix
 [24666.	  132.	    5.	   10.	    0.]
 [  162.	12738.	   83.	    1.	    0.]
 [    8.	   14.	  919.	    0.	    1.]
 [    0.	    0.	    0.	   21.	    0.]
 [    0.	    0.	    0.	    0.	 4560.]
2026-03-19 14:44:05,685 - INFO - Change Type PA (Recall) Matrix
 [[0.    	0.9476	0.9756	0.8571	0.    ]
 [0.863 	0.    	0.8904	0.    	0.    ]
 [0.    	1.    	0.    	0.    	0.    ]
 [0.    	0.    	0.    	0.    	0.    ]
 [0.    	0.    	0.    	0.    	0.    ]]
2026-03-19 14:44:05,686 - INFO - Change Type UA (Precision) Matrix
 [[0.    	0.9414	0.7407	0.6   	0.    ]
 [0.8077	0.    	0.8025	0.    	0.    ]
 [0.    	0.2222	0.    	0.    	0.    ]
 [0.    	0.    	0.    	0.    	0.    ]
 [0.    	0.    	0.    	0.    	0.    ]]
2026-03-19 14:44:05,686 - INFO - Change Type F1 Matrix
 [[0.    	0.9445	0.8421	0.7059	0.    ]
 [0.8344	0.    	0.8442	0.    	0.    ]
 [0.    	0.3636	0.    	0.    	0.    ]
 [0.    	0.    	0.    	0.    	0.    ]
 [0.    	0.    	0.    	0.    	0.    ]]
2026-03-19 14:44:05,686 - INFO - Epoch 0 saved.
