2026-03-19 14:44:06,007 - INFO - Epoch 0, Train loss: 0.0
2026-03-19 14:44:06,008 - INFO - mIoU: 0.8729; OA: 0.981; AA: 0.9485; F1: 0.9267; cls_weighted_F1: 0.9811; Kappa: 0.9613;
2026-03-19 14:44:06,008 - INFO - spatial_LccAccuracy: 0.8072; spatial_PA: 0.9852; spatial_UA: 0.9852; spatial_F1: 0.9852; weighted_F1: 0.9404
2026-03-19 14:44:06,008 - INFO - temporal_CdAccuracy: 0.8072; temporal_PA: 0.9495; temporal_UA: 0.9509; temporal_F1: 0.9502
2026-03-19 14:44:06,009 - INFO - Confusion Matrix
 [14383.	  419.	    0.	    0.	    0.]
 [  143.	21339.	   97.	    0.	    0.]
 [    0.	   39.	  300.	    0.	    0.]
 [    0.	    0.	    0.	    0.	    0.]
 [    0.	    0.	    0.	    0.	    0.]
2026-03-19 14:44:06,009 - INFO - Change Type PA (Recall) Matrix
 [[0.    	0.9533	0.    	0.    	0.    ]
 [0.9068	0.    	0.9818	0.    	0.    ]
 [0.    	0.75  	0.    	0.    	0.    ]
 [0.    	0.    	0.    	0.    	0.    ]
 [0.    	0.    	0.    	0.    	0.    ]]
2026-03-19 14:44:06,010 - INFO - Change Type UA (Precision) Matrix
 [[0.    	0.9664	0.    	0.    	0.    ]
 [0.9272	0.    	0.7941	0.    	0.    ]
 [0.    	0.6667	0.    	0.    	0.    ]
 [0.    	0.    	0.    	0.    	0.    ]
 [0.    	0.    	0.    	0.    	0.    ]]
2026-03-19 14:44:06,010 - INFO - Change Type F1 Matrix
 [[0.    	0.9598	0.    	0.    	0.    ]
 [0.9169	0.    	0.878 	0.    	0.    ]
 [0.    	0.7059	0.    	0.    	0.    ]
 [0.    	0.    	0.    	0.    	0.    ]
 [0.    	0.    	0.    	0.    	0.    ]]
2026-03-19 14:44:06,010 - INFO - Epoch 0 saved.
