2026-03-19 14:44:06,184 - INFO - Epoch 0, Train loss: 0.0
2026-03-19 14:44:06,185 - INFO - mIoU: 0.9641; OA: 0.9943; AA: 0.9839; F1: 0.9816; cls_weighted_F1: 0.9943; Kappa: 0.9817;
2026-03-19 14:44:06,186 - INFO - spatial_LccAccuracy: 0.9187; spatial_PA: 0.9836; spatial_UA: 0.9968; spatial_F1: 0.9901; weighted_F1: 0.9441
2026-03-19 14:44:06,186 - INFO - temporal_CdAccuracy: 0.9322; temporal_PA: 0.9819; temporal_UA: 0.9711; temporal_F1: 0.9764
2026-03-19 14:44:06,186 - INFO - Confusion Matrix
 [18089.	   26.	    0.	    9.	    0.]
 [   17.	 2702.	    0.	   43.	    0.]
 [    0.	    0.	    0.	    0.	    0.]
 [    1.	   30.	    0.	 1223.	    0.]
 [    0.	    0.	    0.	    0.	    0.]
2026-03-19 14:44:06,188 - INFO - Change Type PA (Recall) Matrix
 [[0.    	0.9735	0.    	0.9333	0.    ]
 [0.7143	0.    	0.    	0.    	0.    ]
 [0.    	0.    	0.    	0.    	0.    ]
 [0.    	0.9821	0.    	0.    	0.    ]
 [0.    	0.    	0.    	0.    	0.    ]]
2026-03-19 14:44:06,189 - INFO - Change Type UA (Precision) Matrix
 [[0.    	0.9016	0.    	0.963 	0.    ]
 [0.8333	0.    	0.    	0.    	0.    ]
 [0.    	0.    	0.    	0.    	0.    ]
 [0.    	0.9322	0.    	0.    	0.    ]
 [0.    	0.    	0.    	0.    	0.    ]]
2026-03-19 14:44:06,190 - INFO - Change Type F1 Matrix
 [[0.    	0.9362	0.    	0.9479	0.    ]
 [0.7692	0.    	0.    	0.    	0.    ]
 [0.    	0.    	0.    	0.    	0.    ]
 [0.    	0.9565	0.    	0.    	0.    ]
 [0.    	0.    	0.    	0.    	0.    ]]
2026-03-19 14:44:06,190 - INFO - Epoch 0 saved.
