2026-03-19 14:44:06,311 - INFO - Epoch 0, Train loss: 0.0
2026-03-19 14:44:06,311 - INFO - mIoU: 0.7605; OA: 0.9733; AA: 0.9725; F1: 0.9746; cls_weighted_F1: 0.9734; Kappa: 0.9552;
2026-03-19 14:44:06,311 - INFO - spatial_LccAccuracy: 0.7913; spatial_PA: 0.9717; spatial_UA: 0.9917; spatial_F1: 0.9816; weighted_F1: 0.919
2026-03-19 14:44:06,311 - INFO - temporal_CdAccuracy: 0.7913; temporal_PA: 0.9345; temporal_UA: 0.9047; temporal_F1: 0.9194
2026-03-19 14:44:06,311 - INFO - Confusion Matrix
 [5987.	 169.	   4.	   4.	   1.]
 [ 107.	6003.	  28.	   0.	   1.]
 [   0.	  48.	1033.	   0.	   0.]
 [   6.	   0.	   0.	 409.	   0.]
 [   0.	   0.	   0.	   0.	   0.]
2026-03-19 14:44:06,311 - INFO - Change Type PA (Recall) Matrix
 [[0.    	0.9722	0.    	1.    	0.    ]
 [0.9839	0.    	0.7931	0.    	0.    ]
 [1.    	0.9512	0.    	0.    	0.    ]
 [0.    	0.    	0.    	0.    	0.    ]
 [0.    	0.    	0.    	0.    	0.    ]]
2026-03-19 14:44:06,312 - INFO - Change Type UA (Precision) Matrix
 [[0.    	0.8861	0.    	1.    	0.    ]
 [0.7821	0.    	0.8519	0.    	0.    ]
 [1.    	1.    	0.    	0.    	0.    ]
 [0.    	0.    	0.    	0.    	0.    ]
 [0.    	0.    	0.    	0.    	0.    ]]
2026-03-19 14:44:06,312 - INFO - Change Type F1 Matrix
 [[0.    	0.9272	0.    	1.    	0.    ]
 [0.8714	0.    	0.8214	0.    	0.    ]
 [1.    	0.975 	0.    	0.    	0.    ]
 [0.    	0.    	0.    	0.    	0.    ]
 [0.    	0.    	0.    	0.    	0.    ]]
2026-03-19 14:44:06,312 - INFO - Epoch 0 saved.
