2026-01-29 17:01:06,838 - INFO - Epoch 0, Train loss: 0.0
2026-01-29 17:01:06,839 - INFO - mIoU: 0.9581; OA: 0.9937; AA: 0.9816; F1: 0.9778; Kappa: 0.9892;
2026-01-29 17:01:06,839 - INFO - spatial_LccAccuracy: 0.9512; spatial_PA: 0.998; spatial_UA: 0.999; spatial_F1: 0.9985; weighted_F1: 0.9679
2026-01-29 17:01:06,839 - INFO - temporal_CdAccuracy: 0.9552; temporal_PA: 0.9792; temporal_UA: 0.9763; temporal_F1: 0.9777
2026-01-29 17:01:06,840 - INFO - Confusion Matrix
 [23272.	   90.	    2.	    0.	    0.]
 [   45.	15439.	   69.	    0.	    0.]
 [    7.	   34.	  702.	    0.	    0.]
 [    0.	    0.	    0.	    0.	    0.]
 [   33.	    0.	    0.	    0.	 4527.]
2026-01-29 17:01:06,841 - INFO - Change Type PA (Recall) Matrix
 [[0.    	0.9768	0.9545	0.    	0.    ]
 [0.9367	0.    	0.9474	0.    	0.    ]
 [0.    	0.    	0.    	0.    	0.    ]
 [0.    	0.    	0.    	0.    	0.    ]
 [0.    	0.    	0.    	0.    	0.    ]]
2026-01-29 17:01:06,842 - INFO - Change Type UA (Precision) Matrix
 [[0.    	0.9893	0.8936	0.    	0.    ]
 [0.9737	0.    	0.7826	0.    	0.    ]
 [0.    	0.    	0.    	0.    	0.    ]
 [0.    	0.    	0.    	0.    	0.    ]
 [0.    	0.    	0.    	0.    	0.    ]]
2026-01-29 17:01:06,843 - INFO - Change Type F1 Matrix
 [[0.    	0.9831	0.9231	0.    	0.    ]
 [0.9548	0.    	0.8571	0.    	0.    ]
 [0.    	0.    	0.    	0.    	0.    ]
 [0.    	0.    	0.    	0.    	0.    ]
 [0.    	0.    	0.    	0.    	0.    ]]
2026-01-29 17:01:06,843 - INFO - Epoch 0 saved.
