2026-01-29 17:01:07,148 - INFO - Epoch 0, Train loss: 0.0
2026-01-29 17:01:07,149 - INFO - mIoU: 0.9037; OA: 0.9838; AA: 0.9471; F1: 0.947; Kappa: 0.9656;
2026-01-29 17:01:07,149 - INFO - spatial_LccAccuracy: 0.822; spatial_PA: 0.9908; spatial_UA: 0.9908; spatial_F1: 0.9908; weighted_F1: 0.933
2026-01-29 17:01:07,149 - INFO - temporal_CdAccuracy: 0.822; temporal_PA: 0.9489; temporal_UA: 0.9493; temporal_F1: 0.9491
2026-01-29 17:01:07,150 - INFO - Confusion Matrix
 [11758.	  340.	    0.	    0.	    0.]
 [  156.	20298.	   17.	    0.	    0.]
 [    1.	   15.	  115.	    0.	    0.]
 [    0.	    0.	    0.	    0.	    0.]
 [    0.	    0.	    0.	    0.	    0.]
2026-01-29 17:01:07,151 - INFO - Change Type PA (Recall) Matrix
 [[0.    	0.9465	0.    	0.    	0.    ]
 [0.9161	0.    	0.6   	0.    	0.    ]
 [0.    	0.    	0.    	0.    	0.    ]
 [0.    	0.    	0.    	0.    	0.    ]
 [0.    	0.    	0.    	0.    	0.    ]]
2026-01-29 17:01:07,152 - INFO - Change Type UA (Precision) Matrix
 [[0.    	0.9532	0.    	0.    	0.    ]
 [0.9049	0.    	0.5   	0.    	0.    ]
 [0.    	0.    	0.    	0.    	0.    ]
 [0.    	0.    	0.    	0.    	0.    ]
 [0.    	0.    	0.    	0.    	0.    ]]
2026-01-29 17:01:07,153 - INFO - Change Type F1 Matrix
 [[0.    	0.9498	0.    	0.    	0.    ]
 [0.9105	0.    	0.5455	0.    	0.    ]
 [0.    	0.    	0.    	0.    	0.    ]
 [0.    	0.    	0.    	0.    	0.    ]
 [0.    	0.    	0.    	0.    	0.    ]]
2026-01-29 17:01:07,153 - INFO - Epoch 0 saved.
