2026-01-29 17:01:07,350 - INFO - Epoch 0, Train loss: 0.0
2026-01-29 17:01:07,350 - INFO - mIoU: 0.9911; OA: 0.9986; AA: 0.9942; F1: 0.9955; Kappa: 0.9955;
2026-01-29 17:01:07,351 - INFO - spatial_LccAccuracy: 0.9784; spatial_PA: 1.0; spatial_UA: 1.0; spatial_F1: 1.0; weighted_F1: 0.9875
2026-01-29 17:01:07,351 - INFO - temporal_CdAccuracy: 0.9892; temporal_PA: 0.9974; temporal_UA: 0.995; temporal_F1: 0.9962
2026-01-29 17:01:07,351 - INFO - Confusion Matrix
 [18120.	    9.	    0.	    0.	    0.]
 [    5.	 2991.	    0.	    1.	    0.]
 [    0.	    0.	    0.	    0.	    0.]
 [    0.	   16.	    0.	 1058.	    0.]
 [    0.	    0.	    0.	    0.	    0.]
2026-01-29 17:01:07,353 - INFO - Change Type PA (Recall) Matrix
 [[0.    	1.    	0.    	0.9765	0.    ]
 [1.    	0.    	0.    	0.    	0.    ]
 [0.    	0.    	0.    	0.    	0.    ]
 [0.    	1.    	0.    	0.    	0.    ]
 [0.    	0.    	0.    	0.    	0.    ]]
2026-01-29 17:01:07,353 - INFO - Change Type UA (Precision) Matrix
 [[0.    	0.9704	0.    	1.    	0.    ]
 [1.    	0.    	0.    	0.    	0.    ]
 [0.    	0.    	0.    	0.    	0.    ]
 [0.    	0.9792	0.    	0.    	0.    ]
 [0.    	0.    	0.    	0.    	0.    ]]
2026-01-29 17:01:07,354 - INFO - Change Type F1 Matrix
 [[0.    	0.985 	0.    	0.9881	0.    ]
 [1.    	0.    	0.    	0.    	0.    ]
 [0.    	0.    	0.    	0.    	0.    ]
 [0.    	0.9895	0.    	0.    	0.    ]
 [0.    	0.    	0.    	0.    	0.    ]]
2026-01-29 17:01:07,354 - INFO - Epoch 0 saved.
