2026-03-19 14:43:29,776 - INFO - Epoch 0, Train loss: 0.0
2026-03-19 14:43:29,776 - INFO - mIoU: 0.8553; OA: 0.9486; AA: 0.9134; F1: 0.9175; cls_weighted_F1: 0.9483; Kappa: 0.9034;
2026-03-19 14:43:29,776 - INFO - spatial_LccAccuracy: 0.6904; spatial_PA: 0.8051; spatial_UA: 0.9525; spatial_F1: 0.8726; weighted_F1: 0.8726
2026-03-19 14:43:29,777 - INFO - temporal_CdAccuracy: 0.6904; temporal_PA: 0.8917; temporal_UA: 0.8267; temporal_F1: 0.858
2026-03-19 14:43:29,777 - INFO - Confusion Matrix
 [14870.	  660.	    0.	    0.	   95.]
 [  719.	16842.	   17.	    0.	   36.]
 [    0.	    0.	  293.	    0.	    0.]
 [    0.	    0.	    0.	    0.	    0.]
 [   29.	  217.	    0.	    0.	  722.]
2026-03-19 14:43:29,778 - INFO - Change Type PA (Recall) Matrix
 [[0.    	0.9432	0.    	0.    	0.    ]
 [0.6364	0.    	1.    	0.    	0.7273]
 [0.    	1.    	0.    	0.    	0.    ]
 [0.    	0.    	0.    	0.    	0.    ]
 [0.    	0.    	0.    	0.    	0.    ]]
2026-03-19 14:43:29,779 - INFO - Change Type UA (Precision) Matrix
 [[0.    	0.8546	0.    	0.    	0.    ]
 [0.1842	0.    	0.9333	0.    	0.7547]
 [0.    	0.9333	0.    	0.    	0.    ]
 [0.    	0.    	0.    	0.    	0.    ]
 [0.    	0.    	0.    	0.    	0.    ]]
2026-03-19 14:43:29,779 - INFO - Change Type F1 Matrix
 [[0.    	0.8967	0.    	0.    	0.    ]
 [0.2857	0.    	0.9655	0.    	0.7407]
 [0.    	0.9655	0.    	0.    	0.    ]
 [0.    	0.    	0.    	0.    	0.    ]
 [0.    	0.    	0.    	0.    	0.    ]]
2026-03-19 14:43:29,780 - INFO - Epoch 0 saved.
