2026-03-19 14:43:29,850 - INFO - Epoch 0, Train loss: 0.0
2026-03-19 14:43:29,851 - INFO - mIoU: 0.9567; OA: 0.9873; AA: 0.9788; F1: 0.9776; cls_weighted_F1: 0.9873; Kappa: 0.9766;
2026-03-19 14:43:29,851 - INFO - spatial_LccAccuracy: 0.873; spatial_PA: 1.0; spatial_UA: 1.0; spatial_F1: 1.0; weighted_F1: 0.8822
2026-03-19 14:43:29,851 - INFO - temporal_CdAccuracy: 0.873; temporal_PA: 0.9288; temporal_UA: 0.8729; temporal_F1: 0.9
2026-03-19 14:43:29,851 - INFO - Confusion Matrix
 [1512.	  75.	   0.	   0.	   0.]
 [  21.	1272.	   0.	   0.	   0.]
 [   0.	   0.	   0.	   0.	   0.]
 [   0.	   0.	   0.	   0.	   0.]
 [   0.	   0.	   0.	   0.	4680.]
2026-03-19 14:43:29,853 - INFO - Change Type PA (Recall) Matrix
 [[0.    	0.9167	0.    	0.    	0.    ]
 [1.    	0.    	0.    	0.    	0.    ]
 [0.    	0.    	0.    	0.    	0.    ]
 [0.    	0.    	0.    	0.    	0.    ]
 [0.    	0.    	0.    	0.    	0.    ]]
2026-03-19 14:43:29,854 - INFO - Change Type UA (Precision) Matrix
 [[0.    	0.8462	0.    	0.    	0.    ]
 [0.7949	0.    	0.    	0.    	0.    ]
 [0.    	0.    	0.    	0.    	0.    ]
 [0.    	0.    	0.    	0.    	0.    ]
 [0.    	0.    	0.    	0.    	0.    ]]
2026-03-19 14:43:29,855 - INFO - Change Type F1 Matrix
 [[0.    	0.88  	0.    	0.    	0.    ]
 [0.8857	0.    	0.    	0.    	0.    ]
 [0.    	0.    	0.    	0.    	0.    ]
 [0.    	0.    	0.    	0.    	0.    ]
 [0.    	0.    	0.    	0.    	0.    ]]
2026-03-19 14:43:29,855 - INFO - Epoch 0 saved.
