2026-03-19 14:43:30,229 - INFO - Epoch 0, Train loss: 0.0
2026-03-19 14:43:30,230 - INFO - mIoU: 0.9121; OA: 0.9906; AA: 0.9838; F1: 0.9508; cls_weighted_F1: 0.9906; Kappa: 0.9835;
2026-03-19 14:43:30,230 - INFO - spatial_LccAccuracy: 0.9252; spatial_PA: 0.982; spatial_UA: 0.9906; spatial_F1: 0.9863; weighted_F1: 0.9254
2026-03-19 14:43:30,230 - INFO - temporal_CdAccuracy: 0.9294; temporal_PA: 0.9817; temporal_UA: 0.953; temporal_F1: 0.9671
2026-03-19 14:43:30,231 - INFO - Confusion Matrix
 [24640.	  164.	    1.	    8.	    0.]
 [  112.	12807.	   65.	    0.	    0.]
 [    4.	   53.	  885.	    0.	    0.]
 [    0.	    0.	    0.	   21.	    0.]
 [    0.	    0.	    0.	    0.	 4560.]
2026-03-19 14:43:30,232 - INFO - Change Type PA (Recall) Matrix
 [[0.    	0.9782	0.8049	0.8571	0.    ]
 [0.9178	0.    	0.9452	0.    	0.    ]
 [0.    	0.5   	0.    	0.    	0.    ]
 [0.    	0.    	0.    	0.    	0.    ]
 [0.    	0.    	0.    	0.    	0.    ]]
2026-03-19 14:43:30,233 - INFO - Change Type UA (Precision) Matrix
 [[0.    	0.9333	0.8919	0.6   	0.    ]
 [0.8072	0.    	0.8313	0.    	0.    ]
 [0.    	0.3333	0.    	0.    	0.    ]
 [0.    	0.    	0.    	0.    	0.    ]
 [0.    	0.    	0.    	0.    	0.    ]]
2026-03-19 14:43:30,233 - INFO - Change Type F1 Matrix
 [[0.    	0.9552	0.8462	0.7059	0.    ]
 [0.859 	0.    	0.8846	0.    	0.    ]
 [0.    	0.4   	0.    	0.    	0.    ]
 [0.    	0.    	0.    	0.    	0.    ]
 [0.    	0.    	0.    	0.    	0.    ]]
2026-03-19 14:43:30,233 - INFO - Epoch 0 saved.
