2026-03-19 14:43:30,594 - INFO - Epoch 0, Train loss: 0.0
2026-03-19 14:43:30,594 - INFO - mIoU: 0.8554; OA: 0.9772; AA: 0.89; F1: 0.9151; cls_weighted_F1: 0.977; Kappa: 0.9533;
2026-03-19 14:43:30,595 - INFO - spatial_LccAccuracy: 0.7631; spatial_PA: 1.0; spatial_UA: 1.0; spatial_F1: 1.0; weighted_F1: 0.9321
2026-03-19 14:43:30,595 - INFO - temporal_CdAccuracy: 0.7631; temporal_PA: 0.9315; temporal_UA: 0.938; temporal_F1: 0.9347
2026-03-19 14:43:30,595 - INFO - Confusion Matrix
 [14221.	  581.	    0.	    0.	    0.]
 [  128.	21417.	   34.	    0.	    0.]
 [    0.	   96.	  243.	    0.	    0.]
 [    0.	    0.	    0.	    0.	    0.]
 [    0.	    0.	    0.	    0.	    0.]
2026-03-19 14:43:30,596 - INFO - Change Type PA (Recall) Matrix
 [[0.    	0.9472	0.    	0.    	0.    ]
 [0.9041	0.    	0.8545	0.    	0.    ]
 [0.    	0.5625	0.    	0.    	0.    ]
 [0.    	0.    	0.    	0.    	0.    ]
 [0.    	0.    	0.    	0.    	0.    ]]
2026-03-19 14:43:30,597 - INFO - Change Type UA (Precision) Matrix
 [[0.    	0.9566	0.    	0.    	0.    ]
 [0.9066	0.    	0.94  	0.    	0.    ]
 [0.    	0.8182	0.    	0.    	0.    ]
 [0.    	0.    	0.    	0.    	0.    ]
 [0.    	0.    	0.    	0.    	0.    ]]
2026-03-19 14:43:30,598 - INFO - Change Type F1 Matrix
 [[0.    	0.9519	0.    	0.    	0.    ]
 [0.9053	0.    	0.8952	0.    	0.    ]
 [0.    	0.6667	0.    	0.    	0.    ]
 [0.    	0.    	0.    	0.    	0.    ]
 [0.    	0.    	0.    	0.    	0.    ]]
2026-03-19 14:43:30,598 - INFO - Epoch 0 saved.
