2026-03-19 14:43:30,814 - INFO - Epoch 0, Train loss: 0.0
2026-03-19 14:43:30,815 - INFO - mIoU: 0.9839; OA: 0.9976; AA: 0.9933; F1: 0.9918; cls_weighted_F1: 0.9976; Kappa: 0.9922;
2026-03-19 14:43:30,815 - INFO - spatial_LccAccuracy: 0.9566; spatial_PA: 1.0; spatial_UA: 1.0; spatial_F1: 1.0; weighted_F1: 0.9765
2026-03-19 14:43:30,815 - INFO - temporal_CdAccuracy: 0.981; temporal_PA: 0.9952; temporal_UA: 0.9918; temporal_F1: 0.9935
2026-03-19 14:43:30,815 - INFO - Confusion Matrix
 [18110.	   10.	    0.	    4.	    0.]
 [    6.	 2733.	    0.	   23.	    0.]
 [    0.	    0.	    0.	    0.	    0.]
 [    1.	   10.	    0.	 1243.	    0.]
 [    0.	    0.	    0.	    0.	    0.]
2026-03-19 14:43:30,817 - INFO - Change Type PA (Recall) Matrix
 [[0.    	0.9381	0.    	0.9846	0.    ]
 [1.    	0.    	0.    	0.    	0.    ]
 [0.    	0.    	0.    	0.    	0.    ]
 [0.    	1.    	0.    	0.    	0.    ]
 [0.    	0.    	0.    	0.    	0.    ]]
2026-03-19 14:43:30,818 - INFO - Change Type UA (Precision) Matrix
 [[0.    	0.9725	0.    	0.9648	0.    ]
 [1.    	0.    	0.    	0.    	0.    ]
 [0.    	0.    	0.    	0.    	0.    ]
 [0.    	1.    	0.    	0.    	0.    ]
 [0.    	0.    	0.    	0.    	0.    ]]
2026-03-19 14:43:30,818 - INFO - Change Type F1 Matrix
 [[0.    	0.955 	0.    	0.9746	0.    ]
 [1.    	0.    	0.    	0.    	0.    ]
 [0.    	0.    	0.    	0.    	0.    ]
 [0.    	1.    	0.    	0.    	0.    ]
 [0.    	0.    	0.    	0.    	0.    ]]
2026-03-19 14:43:30,818 - INFO - Epoch 0 saved.
