2026-03-19 14:43:30,944 - INFO - Epoch 0, Train loss: 0.0
2026-03-19 14:43:30,945 - INFO - mIoU: 0.7546; OA: 0.9717; AA: 0.9693; F1: 0.9708; cls_weighted_F1: 0.9718; Kappa: 0.9524;
2026-03-19 14:43:30,945 - INFO - spatial_LccAccuracy: 0.7609; spatial_PA: 0.9717; spatial_UA: 0.9917; spatial_F1: 0.9816; weighted_F1: 0.875
2026-03-19 14:43:30,945 - INFO - temporal_CdAccuracy: 0.7609; temporal_PA: 0.9226; temporal_UA: 0.8764; temporal_F1: 0.8989
2026-03-19 14:43:30,945 - INFO - Confusion Matrix
 [5937.	 211.	   3.	  12.	   2.]
 [  85.	6036.	  15.	   3.	   0.]
 [   0.	  51.	1030.	   0.	   0.]
 [   3.	   6.	   0.	 406.	   0.]
 [   0.	   0.	   0.	   0.	   0.]
2026-03-19 14:43:30,946 - INFO - Change Type PA (Recall) Matrix
 [[0.    	0.9375	0.    	0.9744	0.    ]
 [0.9839	0.    	0.7586	0.    	0.    ]
 [0.    	0.9268	0.    	0.    	0.    ]
 [0.    	0.    	0.    	0.    	0.    ]
 [0.    	0.    	0.    	0.    	0.    ]]
2026-03-19 14:43:30,947 - INFO - Change Type UA (Precision) Matrix
 [[0.    	0.8438	0.    	0.9268	0.    ]
 [0.7011	0.    	0.8462	0.    	0.    ]
 [0.    	0.95  	0.    	0.    	0.    ]
 [0.    	0.    	0.    	0.    	0.    ]
 [0.    	0.    	0.    	0.    	0.    ]]
2026-03-19 14:43:30,948 - INFO - Change Type F1 Matrix
 [[0.    	0.8882	0.    	0.95  	0.    ]
 [0.8188	0.    	0.8   	0.    	0.    ]
 [0.    	0.9383	0.    	0.    	0.    ]
 [0.    	0.    	0.    	0.    	0.    ]
 [0.    	0.    	0.    	0.    	0.    ]]
2026-03-19 14:43:30,948 - INFO - Epoch 0 saved.
