2026-01-29 22:28:24,193 - INFO - Epoch 0, Train loss: 0.0
2026-01-29 22:28:24,194 - INFO - mIoU: 0.5264; OA: 0.9603; AA: 0.9266; F1: 0.933; Kappa: 0.9244;
2026-01-29 22:28:24,194 - INFO - spatial_LccAccuracy: 0.7598; spatial_PA: 0.807; spatial_UA: 0.9779; spatial_F1: 0.8843; weighted_F1: 0.8652
2026-01-29 22:28:24,194 - INFO - temporal_CdAccuracy: 0.7598; temporal_PA: 0.9093; temporal_UA: 0.8296; temporal_F1: 0.8677
2026-01-29 22:28:24,194 - INFO - Confusion Matrix
 [13787.	  443.	    0.	    0.	   51.]
 [  555.	16097.	   29.	    2.	   48.]
 [    0.	    0.	    0.	    0.	    0.]
 [    0.	    0.	    0.	    0.	    0.]
 [    1.	  140.	    0.	    2.	  825.]
2026-01-29 22:28:24,194 - INFO - Change Type PA (Recall) Matrix
 [[0.    	0.9616	0.    	0.    	0.    ]
 [0.5   	0.    	0.    	0.    	0.8545]
 [0.    	0.    	0.    	0.    	0.    ]
 [0.    	0.    	0.    	0.    	0.    ]
 [0.    	0.    	0.    	0.    	0.    ]]
2026-01-29 22:28:24,194 - INFO - Change Type UA (Precision) Matrix
 [[0.    	0.8493	0.    	0.    	0.    ]
 [0.1833	0.    	0.    	0.    	0.7344]
 [0.    	0.    	0.    	0.    	0.    ]
 [0.    	0.    	0.    	0.    	0.    ]
 [0.    	0.    	0.    	0.    	0.    ]]
2026-01-29 22:28:24,194 - INFO - Change Type F1 Matrix
 [[0.    	0.902 	0.    	0.    	0.    ]
 [0.2683	0.    	0.    	0.    	0.7899]
 [0.    	0.    	0.    	0.    	0.    ]
 [0.    	0.    	0.    	0.    	0.    ]
 [0.    	0.    	0.    	0.    	0.    ]]
2026-01-29 22:28:24,194 - INFO - Epoch 0 saved.
