2026-01-29 22:28:24,409 - INFO - Epoch 0, Train loss: 0.0
2026-01-29 22:28:24,409 - INFO - mIoU: 0.9517; OA: 0.9926; AA: 0.9678; F1: 0.974; Kappa: 0.9874;
2026-01-29 22:28:24,409 - INFO - spatial_LccAccuracy: 0.9091; spatial_PA: 0.998; spatial_UA: 0.999; spatial_F1: 0.9985; weighted_F1: 0.9073
2026-01-29 22:28:24,409 - INFO - temporal_CdAccuracy: 0.9145; temporal_PA: 0.9741; temporal_UA: 0.9511; temporal_F1: 0.9624
2026-01-29 22:28:24,409 - INFO - Confusion Matrix
 [23257.	  107.	    0.	    0.	    0.]
 [   90.	15420.	   43.	    0.	    0.]
 [    5.	   81.	  657.	    0.	    0.]
 [    0.	    0.	    0.	    0.	    0.]
 [    0.	    0.	    0.	    0.	 4560.]
2026-01-29 22:28:24,409 - INFO - Change Type PA (Recall) Matrix
 [[0.    	0.9642	0.7273	0.    	0.    ]
 [0.8354	0.    	0.8684	0.    	0.    ]
 [0.    	0.    	0.    	0.    	0.    ]
 [0.    	0.    	0.    	0.    	0.    ]
 [0.    	0.    	0.    	0.    	0.    ]]
2026-01-29 22:28:24,409 - INFO - Change Type UA (Precision) Matrix
 [[0.    	0.9366	0.8889	0.    	0.    ]
 [0.7021	0.    	0.7333	0.    	0.    ]
 [0.    	0.    	0.    	0.    	0.    ]
 [0.    	0.    	0.    	0.    	0.    ]
 [0.    	0.    	0.    	0.    	0.    ]]
2026-01-29 22:28:24,409 - INFO - Change Type F1 Matrix
 [[0.    	0.9502	0.8   	0.    	0.    ]
 [0.763 	0.    	0.7952	0.    	0.    ]
 [0.    	0.    	0.    	0.    	0.    ]
 [0.    	0.    	0.    	0.    	0.    ]
 [0.    	0.    	0.    	0.    	0.    ]]
2026-01-29 22:28:24,409 - INFO - Epoch 0 saved.
