2026-01-29 22:28:24,539 - INFO - Epoch 0, Train loss: 0.0
2026-01-29 22:28:24,539 - INFO - mIoU: 0.7781; OA: 0.9771; AA: 0.8251; F1: 0.8498; Kappa: 0.9511;
2026-01-29 22:28:24,539 - INFO - spatial_LccAccuracy: 0.7743; spatial_PA: 0.9908; spatial_UA: 0.9908; spatial_F1: 0.9908; weighted_F1: 0.9247
2026-01-29 22:28:24,539 - INFO - temporal_CdAccuracy: 0.7743; temporal_PA: 0.9272; temporal_UA: 0.9312; temporal_F1: 0.9292
2026-01-29 22:28:24,539 - INFO - Confusion Matrix
 [11565.	  533.	    0.	    0.	    0.]
 [  121.	20318.	   32.	    0.	    0.]
 [    0.	   62.	   69.	    0.	    0.]
 [    0.	    0.	    0.	    0.	    0.]
 [    0.	    0.	    0.	    0.	    0.]
2026-01-29 22:28:24,539 - INFO - Change Type PA (Recall) Matrix
 [[0.    	0.9394	0.    	0.    	0.    ]
 [0.8758	0.    	0.4   	0.    	0.    ]
 [0.    	0.    	0.    	0.    	0.    ]
 [0.    	0.    	0.    	0.    	0.    ]
 [0.    	0.    	0.    	0.    	0.    ]]
2026-01-29 22:28:24,539 - INFO - Change Type UA (Precision) Matrix
 [[0.    	0.9556	0.    	0.    	0.    ]
 [0.9126	0.    	0.1667	0.    	0.    ]
 [0.    	0.    	0.    	0.    	0.    ]
 [0.    	0.    	0.    	0.    	0.    ]
 [0.    	0.    	0.    	0.    	0.    ]]
2026-01-29 22:28:24,541 - INFO - Change Type F1 Matrix
 [[0.    	0.9474	0.    	0.    	0.    ]
 [0.8938	0.    	0.2353	0.    	0.    ]
 [0.    	0.    	0.    	0.    	0.    ]
 [0.    	0.    	0.    	0.    	0.    ]
 [0.    	0.    	0.    	0.    	0.    ]]
2026-01-29 22:28:24,541 - INFO - Epoch 0 saved.
