2026-01-29 22:28:24,631 - INFO - Epoch 0, Train loss: 0.0
2026-01-29 22:28:24,631 - INFO - mIoU: 0.9704; OA: 0.9946; AA: 0.9805; F1: 0.9849; Kappa: 0.9826;
2026-01-29 22:28:24,631 - INFO - spatial_LccAccuracy: 0.8405; spatial_PA: 0.9884; spatial_UA: 0.9539; spatial_F1: 0.9709; weighted_F1: 0.9469
2026-01-29 22:28:24,631 - INFO - temporal_CdAccuracy: 0.8432; temporal_PA: 0.9775; temporal_UA: 0.9407; temporal_F1: 0.9588
2026-01-29 22:28:24,631 - INFO - Confusion Matrix
 [18110.	   18.	    0.	    1.	    0.]
 [   46.	 2936.	    0.	   15.	    0.]
 [    0.	    0.	    0.	    0.	    0.]
 [   19.	   21.	    0.	 1034.	    0.]
 [    0.	    0.	    0.	    0.	    0.]
2026-01-29 22:28:24,631 - INFO - Change Type PA (Recall) Matrix
 [[0.    	0.9542	0.    	0.9294	0.    ]
 [0.5   	0.    	0.    	0.    	0.    ]
 [0.    	0.    	0.    	0.    	0.    ]
 [0.    	0.9787	0.    	0.    	0.    ]
 [0.    	0.    	0.    	0.    	0.    ]]
2026-01-29 22:28:24,631 - INFO - Change Type UA (Precision) Matrix
 [[0.    	0.947 	0.    	0.9634	0.    ]
 [0.0625	0.    	0.    	0.    	0.    ]
 [0.    	0.    	0.    	0.    	0.    ]
 [0.    	0.9787	0.    	0.    	0.    ]
 [0.    	0.    	0.    	0.    	0.    ]]
2026-01-29 22:28:24,632 - INFO - Change Type F1 Matrix
 [[0.    	0.9506	0.    	0.9461	0.    ]
 [0.1111	0.    	0.    	0.    	0.    ]
 [0.    	0.    	0.    	0.    	0.    ]
 [0.    	0.9787	0.    	0.    	0.    ]
 [0.    	0.    	0.    	0.    	0.    ]]
2026-01-29 22:28:24,632 - INFO - Epoch 0 saved.
