2026-01-29 22:28:24,698 - INFO - Epoch 0, Train loss: 0.0
2026-01-29 22:28:24,698 - INFO - mIoU: 0.7447; OA: 0.9705; AA: 0.9626; F1: 0.9638; Kappa: 0.9457;
2026-01-29 22:28:24,698 - INFO - spatial_LccAccuracy: 0.7634; spatial_PA: 1.0; spatial_UA: 1.0; spatial_F1: 1.0; weighted_F1: 0.8776
2026-01-29 22:28:24,698 - INFO - temporal_CdAccuracy: 0.7634; temporal_PA: 0.9267; temporal_UA: 0.8944; temporal_F1: 0.9103
2026-01-29 22:28:24,698 - INFO - Confusion Matrix
 [6997.	 171.	   1.	   1.	   1.]
 [ 138.	5361.	  28.	   2.	   1.]
 [   1.	  51.	 555.	   1.	   0.]
 [   0.	   0.	   0.	 130.	   1.]
 [   0.	   0.	   0.	   0.	   0.]
2026-01-29 22:28:24,699 - INFO - Change Type PA (Recall) Matrix
 [[0.    	0.9444	0.5   	1.    	0.    ]
 [0.9348	0.    	0.6842	0.    	0.    ]
 [0.    	0.9474	0.    	0.    	0.    ]
 [0.    	0.    	0.    	0.    	0.    ]
 [0.    	0.    	0.    	0.    	0.    ]]
2026-01-29 22:28:24,699 - INFO - Change Type UA (Precision) Matrix
 [[0.    	0.9091	1.    	1.    	0.    ]
 [0.6615	0.    	0.8125	0.    	0.    ]
 [0.    	0.8182	0.    	0.    	0.    ]
 [0.    	0.    	0.    	0.    	0.    ]
 [0.    	0.    	0.    	0.    	0.    ]]
2026-01-29 22:28:24,699 - INFO - Change Type F1 Matrix
 [[0.    	0.9264	0.6667	1.    	0.    ]
 [0.7748	0.    	0.7429	0.    	0.    ]
 [0.    	0.878 	0.    	0.    	0.    ]
 [0.    	0.    	0.    	0.    	0.    ]
 [0.    	0.    	0.    	0.    	0.    ]]
2026-01-29 22:28:24,699 - INFO - Epoch 0 saved.
