2026-03-19 14:45:04,485 - INFO - Epoch 0, Train loss: 0.0
2026-03-19 14:45:04,486 - INFO - mIoU: 0.8834; OA: 0.9547; AA: 0.9346; F1: 0.9362; cls_weighted_F1: 0.9546; Kappa: 0.9149;
2026-03-19 14:45:04,486 - INFO - spatial_LccAccuracy: 0.753; spatial_PA: 0.8489; spatial_UA: 0.9602; spatial_F1: 0.9012; weighted_F1: 0.8995
2026-03-19 14:45:04,487 - INFO - temporal_CdAccuracy: 0.753; temporal_PA: 0.9091; temporal_UA: 0.8599; temporal_F1: 0.8838
2026-03-19 14:45:04,487 - INFO - Confusion Matrix
 [14927.	  650.	    0.	    0.	   48.]
 [  632.	16921.	   15.	    0.	   46.]
 [    0.	    0.	  293.	    0.	    0.]
 [    0.	    0.	    0.	    0.	    0.]
 [    5.	  166.	    1.	    0.	  796.]
2026-03-19 14:45:04,488 - INFO - Change Type PA (Recall) Matrix
 [[0.    	0.9609	0.    	0.    	0.    ]
 [0.5909	0.    	1.    	0.    	0.8364]
 [0.    	1.    	0.    	0.    	0.    ]
 [0.    	0.    	0.    	0.    	0.    ]
 [0.    	0.    	0.    	0.    	0.    ]]
2026-03-19 14:45:04,488 - INFO - Change Type UA (Precision) Matrix
 [[0.    	0.8895	0.    	0.    	0.    ]
 [0.2407	0.    	0.8936	0.    	0.8214]
 [0.    	0.8936	0.    	0.    	0.    ]
 [0.    	0.    	0.    	0.    	0.    ]
 [0.    	0.    	0.    	0.    	0.    ]]
2026-03-19 14:45:04,489 - INFO - Change Type F1 Matrix
 [[0.    	0.9238	0.    	0.    	0.    ]
 [0.3421	0.    	0.9438	0.    	0.8288]
 [0.    	0.9438	0.    	0.    	0.    ]
 [0.    	0.    	0.    	0.    	0.    ]
 [0.    	0.    	0.    	0.    	0.    ]]
2026-03-19 14:45:04,489 - INFO - Epoch 0 saved.
