2026-03-19 14:45:04,574 - INFO - Epoch 0, Train loss: 0.0
2026-03-19 14:45:04,575 - INFO - mIoU: 0.9593; OA: 0.9881; AA: 0.9796; F1: 0.979; cls_weighted_F1: 0.9881; Kappa: 0.9781;
2026-03-19 14:45:04,575 - INFO - spatial_LccAccuracy: 0.8889; spatial_PA: 1.0; spatial_UA: 1.0; spatial_F1: 1.0; weighted_F1: 0.9455
2026-03-19 14:45:04,575 - INFO - temporal_CdAccuracy: 0.8889; temporal_PA: 0.9228; temporal_UA: 0.8887; temporal_F1: 0.9054
2026-03-19 14:45:04,576 - INFO - Confusion Matrix
 [1529.	  58.	   0.	   0.	   0.]
 [  32.	1261.	   0.	   0.	   0.]
 [   0.	   0.	   0.	   0.	   0.]
 [   0.	   0.	   0.	   0.	   0.]
 [   0.	   0.	   0.	   0.	4680.]
2026-03-19 14:45:04,577 - INFO - Change Type PA (Recall) Matrix
 [[0.    	0.9792	0.    	0.    	0.    ]
 [1.    	0.    	0.    	0.    	0.    ]
 [0.    	0.    	0.    	0.    	0.    ]
 [0.    	0.    	0.    	0.    	0.    ]
 [0.    	0.    	0.    	0.    	0.    ]]
2026-03-19 14:45:04,577 - INFO - Change Type UA (Precision) Matrix
 [[0.    	0.9216	0.    	0.    	0.    ]
 [0.8857	0.    	0.    	0.    	0.    ]
 [0.    	0.    	0.    	0.    	0.    ]
 [0.    	0.    	0.    	0.    	0.    ]
 [0.    	0.    	0.    	0.    	0.    ]]
2026-03-19 14:45:04,578 - INFO - Change Type F1 Matrix
 [[0.    	0.9495	0.    	0.    	0.    ]
 [0.9394	0.    	0.    	0.    	0.    ]
 [0.    	0.    	0.    	0.    	0.    ]
 [0.    	0.    	0.    	0.    	0.    ]
 [0.    	0.    	0.    	0.    	0.    ]]
2026-03-19 14:45:04,578 - INFO - Epoch 0 saved.
