2026-03-19 14:45:04,972 - INFO - Epoch 0, Train loss: 0.0
2026-03-19 14:45:04,973 - INFO - mIoU: 0.956; OA: 0.9916; AA: 0.9885; F1: 0.9771; cls_weighted_F1: 0.9916; Kappa: 0.9853;
2026-03-19 14:45:04,973 - INFO - spatial_LccAccuracy: 0.9307; spatial_PA: 0.986; spatial_UA: 0.9927; spatial_F1: 0.9893; weighted_F1: 0.9441
2026-03-19 14:45:04,973 - INFO - temporal_CdAccuracy: 0.9349; temporal_PA: 0.9757; temporal_UA: 0.9639; temporal_F1: 0.9698
2026-03-19 14:45:04,974 - INFO - Confusion Matrix
 [24680.	  130.	    1.	    2.	    0.]
 [  137.	12788.	   59.	    0.	    0.]
 [    8.	   27.	  907.	    0.	    0.]
 [    0.	    0.	    0.	   21.	    0.]
 [    0.	    0.	    0.	    0.	 4560.]
2026-03-19 14:45:04,974 - INFO - Change Type PA (Recall) Matrix
 [[0.    	0.9694	0.9268	1.    	0.    ]
 [0.9178	0.    	0.9315	0.    	0.    ]
 [0.    	0.5   	0.    	0.    	0.    ]
 [0.    	0.    	0.    	0.    	0.    ]
 [0.    	0.    	0.    	0.    	0.    ]]
2026-03-19 14:45:04,975 - INFO - Change Type UA (Precision) Matrix
 [[0.    	0.9569	0.8261	1.    	0.    ]
 [0.8816	0.    	0.9067	0.    	0.    ]
 [0.    	0.3333	0.    	0.    	0.    ]
 [0.    	0.    	0.    	0.    	0.    ]
 [0.    	0.    	0.    	0.    	0.    ]]
2026-03-19 14:45:04,977 - INFO - Change Type F1 Matrix
 [[0.    	0.9631	0.8736	1.    	0.    ]
 [0.8993	0.    	0.9189	0.    	0.    ]
 [0.    	0.4   	0.    	0.    	0.    ]
 [0.    	0.    	0.    	0.    	0.    ]
 [0.    	0.    	0.    	0.    	0.    ]]
2026-03-19 14:45:04,977 - INFO - Epoch 0 saved.
