2026-03-19 14:45:05,303 - INFO - Epoch 0, Train loss: 0.0
2026-03-19 14:45:05,303 - INFO - mIoU: 0.8798; OA: 0.9803; AA: 0.9249; F1: 0.9317; cls_weighted_F1: 0.9802; Kappa: 0.9598;
2026-03-19 14:45:05,303 - INFO - spatial_LccAccuracy: 0.7908; spatial_PA: 1.0; spatial_UA: 1.0; spatial_F1: 1.0; weighted_F1: 0.9482
2026-03-19 14:45:05,303 - INFO - temporal_CdAccuracy: 0.7908; temporal_PA: 0.9379; temporal_UA: 0.9475; temporal_F1: 0.9427
2026-03-19 14:45:05,303 - INFO - Confusion Matrix
 [14384.	  418.	    0.	    0.	    0.]
 [  195.	21336.	   48.	    0.	    0.]
 [    0.	   63.	  276.	    0.	    0.]
 [    0.	    0.	    0.	    0.	    0.]
 [    0.	    0.	    0.	    0.	    0.]
2026-03-19 14:45:05,303 - INFO - Change Type PA (Recall) Matrix
 [[0.    	0.957 	0.    	0.    	0.    ]
 [0.9096	0.    	0.9273	0.    	0.    ]
 [0.    	0.6875	0.    	0.    	0.    ]
 [0.    	0.    	0.    	0.    	0.    ]
 [0.    	0.    	0.    	0.    	0.    ]]
2026-03-19 14:45:05,304 - INFO - Change Type UA (Precision) Matrix
 [[0.    	0.9713	0.    	0.    	0.    ]
 [0.9405	0.    	0.9623	0.    	0.    ]
 [0.    	0.6875	0.    	0.    	0.    ]
 [0.    	0.    	0.    	0.    	0.    ]
 [0.    	0.    	0.    	0.    	0.    ]]
2026-03-19 14:45:05,305 - INFO - Change Type F1 Matrix
 [[0.    	0.9641	0.    	0.    	0.    ]
 [0.9248	0.    	0.9444	0.    	0.    ]
 [0.    	0.6875	0.    	0.    	0.    ]
 [0.    	0.    	0.    	0.    	0.    ]
 [0.    	0.    	0.    	0.    	0.    ]]
2026-03-19 14:45:05,305 - INFO - Epoch 0 saved.
