2026-03-19 14:45:05,490 - INFO - Epoch 0, Train loss: 0.0
2026-03-19 14:45:05,491 - INFO - mIoU: 0.9752; OA: 0.9961; AA: 0.9859; F1: 0.9873; cls_weighted_F1: 0.9961; Kappa: 0.9874;
2026-03-19 14:45:05,491 - INFO - spatial_LccAccuracy: 0.935; spatial_PA: 0.9918; spatial_UA: 0.9984; spatial_F1: 0.9951; weighted_F1: 0.9542
2026-03-19 14:45:05,492 - INFO - temporal_CdAccuracy: 0.9675; temporal_PA: 0.9927; temporal_UA: 0.9849; temporal_F1: 0.9888
2026-03-19 14:45:05,492 - INFO - Confusion Matrix
 [18095.	   24.	    0.	    5.	    0.]
 [    8.	 2749.	    0.	    5.	    0.]
 [    0.	    0.	    0.	    0.	    0.]
 [    0.	   45.	    0.	 1209.	    0.]
 [    0.	    0.	    0.	    0.	    0.]
2026-03-19 14:45:05,493 - INFO - Change Type PA (Recall) Matrix
 [[0.    	0.9823	0.    	0.9231	0.    ]
 [1.    	0.    	0.    	0.    	0.    ]
 [0.    	0.    	0.    	0.    	0.    ]
 [0.    	1.    	0.    	0.    	0.    ]
 [0.    	0.    	0.    	0.    	0.    ]]
2026-03-19 14:45:05,493 - INFO - Change Type UA (Precision) Matrix
 [[0.    	0.8672	0.    	0.9945	0.    ]
 [0.7778	0.    	0.    	0.    	0.    ]
 [0.    	0.    	0.    	0.    	0.    ]
 [0.    	0.9739	0.    	0.    	0.    ]
 [0.    	0.    	0.    	0.    	0.    ]]
2026-03-19 14:45:05,494 - INFO - Change Type F1 Matrix
 [[0.    	0.9212	0.    	0.9574	0.    ]
 [0.875 	0.    	0.    	0.    	0.    ]
 [0.    	0.    	0.    	0.    	0.    ]
 [0.    	0.9868	0.    	0.    	0.    ]
 [0.    	0.    	0.    	0.    	0.    ]]
2026-03-19 14:45:05,494 - INFO - Epoch 0 saved.
