2026-03-19 14:45:05,614 - INFO - Epoch 0, Train loss: 0.0
2026-03-19 14:45:05,614 - INFO - mIoU: 0.9394; OA: 0.9656; AA: 0.9733; F1: 0.9687; cls_weighted_F1: 0.9656; Kappa: 0.9423;
2026-03-19 14:45:05,615 - INFO - spatial_LccAccuracy: 0.7261; spatial_PA: 0.9717; spatial_UA: 0.9917; spatial_F1: 0.9816; weighted_F1: 0.8912
2026-03-19 14:45:05,615 - INFO - temporal_CdAccuracy: 0.7304; temporal_PA: 0.9193; temporal_UA: 0.8694; temporal_F1: 0.8936
2026-03-19 14:45:05,615 - INFO - Confusion Matrix
 [5888.	 265.	   1.	  11.	   0.]
 [ 115.	5978.	  46.	   0.	   0.]
 [   0.	  33.	1045.	   3.	   0.]
 [   1.	   0.	   0.	 414.	   0.]
 [   0.	   0.	   0.	   0.	   0.]
2026-03-19 14:45:05,616 - INFO - Change Type PA (Recall) Matrix
 [[0.    	0.9514	0.    	1.    	0.    ]
 [0.9839	0.    	0.8276	0.    	0.    ]
 [1.    	0.9756	0.    	0.    	0.    ]
 [0.    	0.    	0.    	0.    	0.    ]
 [0.    	0.    	0.    	0.    	0.    ]]
2026-03-19 14:45:05,617 - INFO - Change Type UA (Precision) Matrix
 [[0.    	0.8457	0.    	0.975 	0.    ]
 [0.7262	0.    	0.7742	0.    	0.    ]
 [1.    	0.9302	0.    	0.    	0.    ]
 [0.    	0.    	0.    	0.    	0.    ]
 [0.    	0.    	0.    	0.    	0.    ]]
2026-03-19 14:45:05,618 - INFO - Change Type F1 Matrix
 [[0.    	0.8954	0.    	0.9873	0.    ]
 [0.8356	0.    	0.8   	0.    	0.    ]
 [1.    	0.9524	0.    	0.    	0.    ]
 [0.    	0.    	0.    	0.    	0.    ]
 [0.    	0.    	0.    	0.    	0.    ]]
2026-03-19 14:45:05,618 - INFO - Epoch 0 saved.
