2026-01-29 22:28:05,856 - INFO - Epoch 0, Train loss: 0.0
2026-01-29 22:28:05,856 - INFO - mIoU: 0.9386; OA: 0.979; AA: 0.9636; F1: 0.9677; Kappa: 0.964;
2026-01-29 22:28:05,856 - INFO - spatial_LccAccuracy: 0.8254; spatial_PA: 0.9678; spatial_UA: 0.9875; spatial_F1: 0.9775; weighted_F1: 0.8917
2026-01-29 22:28:05,856 - INFO - temporal_CdAccuracy: 0.8358; temporal_PA: 0.9432; temporal_UA: 0.9252; temporal_F1: 0.9341
2026-01-29 22:28:05,857 - INFO - Confusion Matrix
 [77910.	  910.	    1.	   28.	   15.]
 [ 1625.	58448.	  142.	   38.	    9.]
 [    2.	  320.	 2729.	    0.	    0.]
 [    6.	   29.	    0.	 1480.	    0.]
 [    0.	  128.	    0.	    0.	11160.]
2026-01-29 22:28:05,857 - INFO - Change Type PA (Recall) Matrix
 [[0.    	0.944 	0.8992	0.9382	0.    ]
 [0.878 	0.    	0.4892	0.    	0.8545]
 [0.    	1.    	0.    	0.    	0.    ]
 [0.    	0.9697	0.    	0.    	0.    ]
 [0.    	0.    	0.    	0.    	0.    ]]
2026-01-29 22:28:05,858 - INFO - Change Type UA (Precision) Matrix
 [[0.    	0.9083	0.8788	0.8967	0.    ]
 [0.8139	0.    	0.6667	0.    	0.7705]
 [0.    	0.7193	0.    	0.    	0.    ]
 [0.    	0.9697	0.    	0.    	0.    ]
 [0.    	0.    	0.    	0.    	0.    ]]
2026-01-29 22:28:05,858 - INFO - Change Type F1 Matrix
 [[0.    	0.9258	0.8889	0.917 	0.    ]
 [0.8448	0.    	0.5643	0.    	0.8103]
 [0.    	0.8367	0.    	0.    	0.    ]
 [0.    	0.9697	0.    	0.    	0.    ]
 [0.    	0.    	0.    	0.    	0.    ]]
2026-01-29 22:28:05,858 - INFO - Epoch 0 saved.
