2026-01-29 22:28:01,105 - INFO - Epoch 0, Train loss: 0.0
2026-01-29 22:28:01,105 - INFO - mIoU: 0.9376; OA: 0.9784; AA: 0.9541; F1: 0.9673; Kappa: 0.963;
2026-01-29 22:28:01,105 - INFO - spatial_LccAccuracy: 0.82; spatial_PA: 0.9575; spatial_UA: 0.9881; spatial_F1: 0.9725; weighted_F1: 0.8861
2026-01-29 22:28:01,105 - INFO - temporal_CdAccuracy: 0.8312; temporal_PA: 0.9359; temporal_UA: 0.9249; temporal_F1: 0.9304
2026-01-29 22:28:01,105 - INFO - Confusion Matrix
 [77772.	 1033.	    0.	    4.	   55.]
 [ 1543.	58573.	   77.	    7.	   62.]
 [    1.	  356.	 2694.	    0.	    0.]
 [    3.	   89.	    0.	 1423.	    0.]
 [   15.	   96.	    0.	    0.	11177.]
2026-01-29 22:28:01,105 - INFO - Change Type PA (Recall) Matrix
 [[0.    	0.9386	0.8915	0.8764	0.    ]
 [0.8368	0.    	0.5036	0.    	0.8727]
 [0.    	0.9268	0.    	0.    	0.    ]
 [0.    	0.9697	0.    	0.    	0.    ]
 [0.    	0.    	0.    	0.    	0.    ]]
2026-01-29 22:28:01,105 - INFO - Change Type UA (Precision) Matrix
 [[0.    	0.8994	0.9426	0.9538	0.    ]
 [0.8139	0.    	0.7447	0.    	0.8276]
 [0.    	0.717 	0.    	0.    	0.    ]
 [0.    	0.9231	0.    	0.    	0.    ]
 [0.    	0.    	0.    	0.    	0.    ]]
2026-01-29 22:28:01,105 - INFO - Change Type F1 Matrix
 [[0.    	0.9186	0.9163	0.9135	0.    ]
 [0.8252	0.    	0.6009	0.    	0.8496]
 [0.    	0.8085	0.    	0.    	0.    ]
 [0.    	0.9458	0.    	0.    	0.    ]
 [0.    	0.    	0.    	0.    	0.    ]]
2026-01-29 22:28:01,105 - INFO - Epoch 0 saved.
