<<<<<<< HEAD
2026-01-22 16:53:08,547 - INFO - Epoch 0, Train loss: 0.0
2026-01-22 16:53:08,548 - INFO - mIoU: 0.5253; OA: 0.9575; AA: 0.5576; F1: 0.5593; Kappa: 0.9193;
2026-01-22 16:53:08,548 - INFO - spatial_LccAccuracy: 0.7542; spatial_PA: 0.7895; spatial_UA: 0.976; spatial_F1: 0.8729; weighted_F1: 0.8571
2026-01-22 16:53:08,548 - INFO - temporal_CdAccuracy: 0.7561; temporal_PA: 0.927; temporal_UA: 0.8424; temporal_F1: 0.8827
2026-01-22 16:53:08,548 - INFO - Confusion Matrix
=======
2025-12-13 21:54:40,672 - INFO - Epoch 0, Train loss: 0.0
2025-12-13 21:54:40,673 - INFO - mIoU: 0.5253; OA: 0.9575; AA: 0.5576; F1: 0.5593; Kappa: 0.9193;
2025-12-13 21:54:40,673 - INFO - spatial_LccAccuracy: 0.8537; spatial_PA: 0.7895; spatial_UA: 0.976; spatial_F1: 0.8729
2025-12-13 21:54:40,674 - INFO - temporal_CdAccuracy: 0.7561; temporal_PA: 0.927; temporal_UA: 0.8424; temporal_F1: 0.8827
2025-12-13 21:54:40,674 - INFO - Confusion Matrix
>>>>>>> 93175a06c110e941919a0524e265707df6271051
 [13895.	  328.	    1.	    0.	   57.]
 [  753.	15887.	   39.	    0.	   52.]
 [    0.	    0.	    0.	    0.	    0.]
 [    0.	    0.	    0.	    0.	    0.]
 [   20.	  109.	    1.	    0.	  838.]
<<<<<<< HEAD
2026-01-22 16:53:08,549 - INFO - Change Type PA (Recall) Matrix
=======
2025-12-13 21:54:40,676 - INFO - Change Type PA (Recall) Matrix
>>>>>>> 93175a06c110e941919a0524e265707df6271051
 [[0.    	0.9488	0.    	0.    	0.    ]
 [0.7273	0.    	0.    	0.    	0.7091]
 [0.    	0.    	0.    	0.    	0.    ]
 [0.    	0.    	0.    	0.    	0.    ]
 [0.    	0.    	0.    	0.    	0.    ]]
<<<<<<< HEAD
2026-01-22 16:53:08,549 - INFO - Change Type UA (Precision) Matrix
=======
2025-12-13 21:54:40,677 - INFO - Change Type UA (Precision) Matrix
>>>>>>> 93175a06c110e941919a0524e265707df6271051
 [[0.    	0.8525	0.    	0.    	0.    ]
 [0.1928	0.    	0.    	0.    	0.75  ]
 [0.    	0.    	0.    	0.    	0.    ]
 [0.    	0.    	0.    	0.    	0.    ]
 [0.    	0.    	0.    	0.    	0.    ]]
<<<<<<< HEAD
2026-01-22 16:53:08,550 - INFO - Change Type F1 Matrix
=======
2025-12-13 21:54:40,678 - INFO - Change Type F1 Matrix
>>>>>>> 93175a06c110e941919a0524e265707df6271051
 [[0.    	0.8981	0.    	0.    	0.    ]
 [0.3048	0.    	0.    	0.    	0.729 ]
 [0.    	0.    	0.    	0.    	0.    ]
 [0.    	0.    	0.    	0.    	0.    ]
 [0.    	0.    	0.    	0.    	0.    ]]
<<<<<<< HEAD
2026-01-22 16:53:08,550 - INFO - Epoch 0 saved.
=======
2025-12-13 21:54:40,678 - INFO - Epoch 0 saved.
>>>>>>> 93175a06c110e941919a0524e265707df6271051
