2025-12-13 21:54:41,018 - INFO - Epoch 0, Train loss: 0.0
2025-12-13 21:54:41,018 - INFO - mIoU: 0.7627; OA: 0.9928; AA: 0.7737; F1: 0.78; Kappa: 0.9876;
2025-12-13 21:54:41,018 - INFO - spatial_LccAccuracy: 0.9484; spatial_PA: 1.0; spatial_UA: 1.0; spatial_F1: 1.0
2025-12-13 21:54:41,019 - INFO - temporal_CdAccuracy: 0.9417; temporal_PA: 0.9789; temporal_UA: 0.957; temporal_F1: 0.9678
2025-12-13 21:54:41,019 - INFO - Confusion Matrix
 [23279.	   84.	    1.	    0.	    0.]
 [  113.	15406.	   34.	    0.	    0.]
 [   18.	   70.	  655.	    0.	    0.]
 [    0.	    0.	    0.	    0.	    0.]
 [    0.	    0.	    0.	    0.	 4560.]
2025-12-13 21:54:41,020 - INFO - Change Type PA (Recall) Matrix
 [[0.    	0.9768	0.8409	0.    	0.    ]
 [0.9114	0.    	0.9474	0.    	0.    ]
 [0.    	0.    	0.    	0.    	0.    ]
 [0.    	0.    	0.    	0.    	0.    ]
 [0.    	0.    	0.    	0.    	0.    ]]
2025-12-13 21:54:41,021 - INFO - Change Type UA (Precision) Matrix
 [[0.    	0.9547	0.925 	0.    	0.    ]
 [0.8571	0.    	0.7059	0.    	0.    ]
 [0.    	0.    	0.    	0.    	0.    ]
 [0.    	0.    	0.    	0.    	0.    ]
 [0.    	0.    	0.    	0.    	0.    ]]
2025-12-13 21:54:41,022 - INFO - Change Type F1 Matrix
 [[0.    	0.9657	0.881 	0.    	0.    ]
 [0.8834	0.    	0.809 	0.    	0.    ]
 [0.    	0.    	0.    	0.    	0.    ]
 [0.    	0.    	0.    	0.    	0.    ]
 [0.    	0.    	0.    	0.    	0.    ]]
2025-12-13 21:54:41,022 - INFO - Epoch 0 saved.
