2025-12-13 21:54:41,262 - INFO - Epoch 0, Train loss: 0.0
2025-12-13 21:54:41,263 - INFO - mIoU: 0.4864; OA: 0.9791; AA: 0.501; F1: 0.5274; Kappa: 0.9555;
2025-12-13 21:54:41,263 - INFO - spatial_LccAccuracy: 0.8936; spatial_PA: 0.9826; spatial_UA: 0.9896; spatial_F1: 0.9861
2025-12-13 21:54:41,263 - INFO - temporal_CdAccuracy: 0.8; temporal_PA: 0.9481; temporal_UA: 0.9282; temporal_F1: 0.938
2025-12-13 21:54:41,264 - INFO - Confusion Matrix
 [11684.	  414.	    0.	    0.	    0.]
 [  200.	20262.	    9.	    0.	    0.]
 [    0.	   58.	   72.	    0.	    1.]
 [    0.	    0.	    0.	    0.	    0.]
 [    0.	    0.	    0.	    0.	    0.]
2025-12-13 21:54:41,265 - INFO - Change Type PA (Recall) Matrix
 [[0.    	0.9423	0.    	0.    	0.    ]
 [0.9441	0.    	0.6   	0.    	0.    ]
 [0.    	0.    	0.    	0.    	0.    ]
 [0.    	0.    	0.    	0.    	0.    ]
 [0.    	0.    	0.    	0.    	0.    ]]
2025-12-13 21:54:41,266 - INFO - Change Type UA (Precision) Matrix
 [[0.    	0.9305	0.    	0.    	0.    ]
 [0.8588	0.    	0.3   	0.    	0.    ]
 [0.    	0.    	0.    	0.    	0.    ]
 [0.    	0.    	0.    	0.    	0.    ]
 [0.    	0.    	0.    	0.    	0.    ]]
2025-12-13 21:54:41,266 - INFO - Change Type F1 Matrix
 [[0.    	0.9363	0.    	0.    	0.    ]
 [0.8994	0.    	0.4   	0.    	0.    ]
 [0.    	0.    	0.    	0.    	0.    ]
 [0.    	0.    	0.    	0.    	0.    ]
 [0.    	0.    	0.    	0.    	0.    ]]
2025-12-13 21:54:41,267 - INFO - Epoch 0 saved.
