2026-02-22 20:07:33,910 - INFO - Epoch 0, Train loss: 0.0
2026-02-22 20:07:33,910 - INFO - mIoU: 0.9746; OA: 0.9959; AA: 0.9819; F1: 0.987; cls_weighted_F1: 0.9959; Kappa: 0.9868;
2026-02-22 20:07:33,910 - INFO - spatial_LccAccuracy: 0.9459; spatial_PA: 0.9894; spatial_UA: 0.984; spatial_F1: 0.9867; weighted_F1: 0.9817
2026-02-22 20:07:33,910 - INFO - temporal_CdAccuracy: 0.9541; temporal_PA: 0.9871; temporal_UA: 0.9788; temporal_F1: 0.9829
2026-02-22 20:07:33,910 - INFO - Confusion Matrix
 [18121.	    5.	    0.	    3.	    0.]
 [   35.	 2958.	    0.	    4.	    0.]
 [    0.	    0.	    0.	    0.	    0.]
 [    8.	   36.	    0.	 1030.	    0.]
 [    0.	    0.	    0.	    0.	    0.]
2026-02-22 20:07:33,910 - INFO - Change Type PA (Recall) Matrix
 [[0.    	0.9924	0.    	0.9706	0.    ]
 [1.    	0.    	0.    	0.    	0.    ]
 [0.    	0.    	0.    	0.    	0.    ]
 [0.    	0.9894	0.    	0.    	0.    ]
 [0.    	0.    	0.    	0.    	0.    ]]
2026-02-22 20:07:33,910 - INFO - Change Type UA (Precision) Matrix
 [[0.    	0.963 	0.    	0.994 	0.    ]
 [0.6667	0.    	0.    	0.    	0.    ]
 [0.    	0.    	0.    	0.    	0.    ]
 [0.    	1.    	0.    	0.    	0.    ]
 [0.    	0.    	0.    	0.    	0.    ]]
2026-02-22 20:07:33,910 - INFO - Change Type F1 Matrix
 [[0.    	0.9774	0.    	0.9821	0.    ]
 [0.8   	0.    	0.    	0.    	0.    ]
 [0.    	0.    	0.    	0.    	0.    ]
 [0.    	0.9947	0.    	0.    	0.    ]
 [0.    	0.    	0.    	0.    	0.    ]]
2026-02-22 20:07:33,910 - INFO - Epoch 0 saved.
