2026-01-22 16:53:09,612 - INFO - Epoch 0, Train loss: 0.0
2026-01-22 16:53:09,612 - INFO - mIoU: 0.753; OA: 0.9715; AA: 0.774; F1: 0.7754; Kappa: 0.9476;
2026-01-22 16:53:09,612 - INFO - spatial_LccAccuracy: 0.808; spatial_PA: 1.0; spatial_UA: 1.0; spatial_F1: 1.0; weighted_F1: 0.8768
2026-01-22 16:53:09,612 - INFO - temporal_CdAccuracy: 0.808; temporal_PA: 0.9479; temporal_UA: 0.8785; temporal_F1: 0.9119
2026-01-22 16:53:09,613 - INFO - Confusion Matrix
 [7007.	 163.	   0.	   1.	   0.]
 [ 141.	5357.	  30.	   0.	   2.]
 [   0.	  45.	 562.	   0.	   1.]
 [   0.	   0.	   0.	 131.	   0.]
 [   0.	   0.	   0.	   0.	   0.]
2026-01-22 16:53:09,613 - INFO - Change Type PA (Recall) Matrix
 [[0.    	0.9611	0.5   	1.    	0.    ]
 [1.    	0.    	0.8421	0.    	0.    ]
 [0.    	1.    	0.    	0.    	0.    ]
 [0.    	0.    	0.    	0.    	0.    ]
 [0.    	0.    	0.    	0.    	0.    ]]
2026-01-22 16:53:09,613 - INFO - Change Type UA (Precision) Matrix
 [[0.    	0.8522	1.    	1.    	0.    ]
 [0.6053	0.    	0.7805	0.    	0.    ]
 [0.    	1.    	0.    	0.    	0.    ]
 [0.    	0.    	0.    	0.    	0.    ]
 [0.    	0.    	0.    	0.    	0.    ]]
2026-01-22 16:53:09,613 - INFO - Change Type F1 Matrix
 [[0.    	0.9034	0.6667	1.    	0.    ]
 [0.7541	0.    	0.8101	0.    	0.    ]
 [0.    	1.    	0.    	0.    	0.    ]
 [0.    	0.    	0.    	0.    	0.    ]
 [0.    	0.    	0.    	0.    	0.    ]]
2026-01-22 16:53:09,613 - INFO - Epoch 0 saved.
