2026-01-29 22:27:43,002 - INFO - Epoch 0, Train loss: 0.0
2026-01-29 22:27:43,002 - INFO - mIoU: 0.9351; OA: 0.9779; AA: 0.9551; F1: 0.966; Kappa: 0.962;
2026-01-29 22:27:43,002 - INFO - spatial_LccAccuracy: 0.8118; spatial_PA: 0.9585; spatial_UA: 0.9857; spatial_F1: 0.9719; weighted_F1: 0.8869
2026-01-29 22:27:43,002 - INFO - temporal_CdAccuracy: 0.82; temporal_PA: 0.9328; temporal_UA: 0.921; temporal_F1: 0.9269
2026-01-29 22:27:43,002 - INFO - Confusion Matrix
 [77888.	  958.	    1.	    9.	    8.]
 [ 1706.	58385.	  152.	    8.	   11.]
 [    2.	  283.	 2766.	    0.	    0.]
 [   43.	   65.	    0.	 1407.	    0.]
 [    4.	  181.	    0.	    0.	11103.]
2026-01-29 22:27:43,002 - INFO - Change Type PA (Recall) Matrix
 [[0.    	0.9375	0.9302	0.8726	0.    ]
 [0.8311	0.    	0.6187	0.    	0.8182]
 [0.    	0.9512	0.    	0.    	0.    ]
 [0.    	0.9697	0.    	0.    	0.    ]
 [0.    	0.    	0.    	0.    	0.    ]]
2026-01-29 22:27:43,002 - INFO - Change Type UA (Precision) Matrix
 [[0.    	0.8937	0.8955	0.9617	0.    ]
 [0.8025	0.    	0.7748	0.    	0.8333]
 [0.    	0.7358	0.    	0.    	0.    ]
 [0.    	0.96  	0.    	0.    	0.    ]
 [0.    	0.    	0.    	0.    	0.    ]]
2026-01-29 22:27:43,002 - INFO - Change Type F1 Matrix
 [[0.    	0.9151	0.9125	0.915 	0.    ]
 [0.8166	0.    	0.688 	0.    	0.8257]
 [0.    	0.8298	0.    	0.    	0.    ]
 [0.    	0.9648	0.    	0.    	0.    ]
 [0.    	0.    	0.    	0.    	0.    ]]
2026-01-29 22:27:43,002 - INFO - Epoch 0 saved.
