2026-01-29 17:01:46,232 - INFO - Epoch 0, Train loss: 0.0
2026-01-29 17:01:46,232 - INFO - mIoU: 0.9422; OA: 0.9788; AA: 0.9604; F1: 0.9697; Kappa: 0.9636;
2026-01-29 17:01:46,232 - INFO - spatial_LccAccuracy: 0.8266; spatial_PA: 0.9572; spatial_UA: 0.9871; spatial_F1: 0.9719; weighted_F1: 0.8851
2026-01-29 17:01:46,233 - INFO - temporal_CdAccuracy: 0.8347; temporal_PA: 0.9444; temporal_UA: 0.9219; temporal_F1: 0.933
2026-01-29 17:01:46,233 - INFO - Confusion Matrix
 [77785.	 1042.	    0.	   23.	   14.]
 [ 1485.	58671.	   73.	   14.	   19.]
 [    5.	  363.	 2683.	    0.	    0.]
 [    4.	   23.	    0.	 1488.	    0.]
 [    6.	  213.	    0.	    0.	11069.]
2026-01-29 17:01:46,234 - INFO - Change Type PA (Recall) Matrix
 [[0.    	0.9413	0.8605	0.9459	0.    ]
 [0.8762	0.    	0.5252	0.    	0.8364]
 [0.    	0.9512	0.    	0.    	0.    ]
 [0.    	0.9798	0.    	0.    	0.    ]
 [0.    	0.    	0.    	0.    	0.    ]]
2026-01-29 17:01:46,236 - INFO - Change Type UA (Precision) Matrix
 [[0.    	0.8891	0.9737	0.928 	0.    ]
 [0.7532	0.    	0.7684	0.    	0.807 ]
 [0.    	0.78  	0.    	0.    	0.    ]
 [0.    	0.9798	0.    	0.    	0.    ]
 [0.    	0.    	0.    	0.    	0.    ]]
2026-01-29 17:01:46,236 - INFO - Change Type F1 Matrix
 [[0.    	0.9145	0.9136	0.9369	0.    ]
 [0.8101	0.    	0.6239	0.    	0.8214]
 [0.    	0.8571	0.    	0.    	0.    ]
 [0.    	0.9798	0.    	0.    	0.    ]
 [0.    	0.    	0.    	0.    	0.    ]]
2026-01-29 17:01:46,236 - INFO - Epoch 0 saved.
