2026-01-29 17:01:37,758 - INFO - Epoch 0, Train loss: 0.0
2026-01-29 17:01:37,759 - INFO - mIoU: 0.9478; OA: 0.9791; AA: 0.9691; F1: 0.9728; Kappa: 0.9641;
2026-01-29 17:01:37,759 - INFO - spatial_LccAccuracy: 0.8219; spatial_PA: 0.9676; spatial_UA: 0.99; spatial_F1: 0.9787; weighted_F1: 0.8932
2026-01-29 17:01:37,759 - INFO - temporal_CdAccuracy: 0.8258; temporal_PA: 0.9343; temporal_UA: 0.9241; temporal_F1: 0.9292
2026-01-29 17:01:37,759 - INFO - Confusion Matrix
 [77664.	 1185.	    4.	   10.	    1.]
 [ 1336.	58745.	  161.	   14.	    6.]
 [    0.	  230.	 2821.	    0.	    0.]
 [    1.	   21.	    0.	 1493.	    0.]
 [   39.	  233.	    0.	    0.	11016.]
2026-01-29 17:01:37,760 - INFO - Change Type PA (Recall) Matrix
 [[0.    	0.9375	0.8837	0.9653	0.    ]
 [0.8311	0.    	0.5755	0.    	0.8   ]
 [0.    	1.    	0.    	0.    	0.    ]
 [0.    	0.9899	0.    	0.    	0.    ]
 [0.    	0.    	0.    	0.    	0.    ]]
2026-01-29 17:01:37,761 - INFO - Change Type UA (Precision) Matrix
 [[0.    	0.9068	0.9344	0.9653	0.    ]
 [0.8025	0.    	0.7018	0.    	0.8148]
 [0.    	0.82  	0.    	0.    	0.    ]
 [0.    	0.9515	0.    	0.    	0.    ]
 [0.    	0.    	0.    	0.    	0.    ]]
2026-01-29 17:01:37,762 - INFO - Change Type F1 Matrix
 [[0.    	0.9219	0.9084	0.9653	0.    ]
 [0.8166	0.    	0.6324	0.    	0.8073]
 [0.    	0.9011	0.    	0.    	0.    ]
 [0.    	0.9703	0.    	0.    	0.    ]
 [0.    	0.    	0.    	0.    	0.    ]]
2026-01-29 17:01:37,762 - INFO - Epoch 0 saved.
