2026-01-29 17:01:35,189 - INFO - Epoch 0, Train loss: 0.0
2026-01-29 17:01:35,190 - INFO - mIoU: 0.9489; OA: 0.9794; AA: 0.9693; F1: 0.9733; Kappa: 0.9647;
2026-01-29 17:01:35,190 - INFO - spatial_LccAccuracy: 0.8389; spatial_PA: 0.9668; spatial_UA: 0.9898; spatial_F1: 0.9781; weighted_F1: 0.8982
2026-01-29 17:01:35,190 - INFO - temporal_CdAccuracy: 0.8417; temporal_PA: 0.9436; temporal_UA: 0.9283; temporal_F1: 0.9359
2026-01-29 17:01:35,191 - INFO - Confusion Matrix
 [77878.	  954.	    0.	   18.	   14.]
 [ 1552.	58548.	  139.	   11.	   12.]
 [    4.	  265.	 2782.	    0.	    0.]
 [    0.	    8.	    0.	 1507.	    0.]
 [   22.	  192.	    0.	    0.	11074.]
2026-01-29 17:01:35,191 - INFO - Change Type PA (Recall) Matrix
 [[0.    	0.9445	0.9302	0.9691	0.    ]
 [0.8724	0.    	0.5252	0.    	0.7636]
 [0.    	1.    	0.    	0.    	0.    ]
 [0.    	0.9798	0.    	0.    	0.    ]
 [0.    	0.    	0.    	0.    	0.    ]]
2026-01-29 17:01:35,192 - INFO - Change Type UA (Precision) Matrix
 [[0.    	0.9131	0.9091	0.9544	0.    ]
 [0.8031	0.    	0.7228	0.    	0.7636]
 [0.    	0.7069	0.    	0.    	0.    ]
 [0.    	0.9798	0.    	0.    	0.    ]
 [0.    	0.    	0.    	0.    	0.    ]]
2026-01-29 17:01:35,193 - INFO - Change Type F1 Matrix
 [[0.    	0.9285	0.9195	0.9617	0.    ]
 [0.8363	0.    	0.6083	0.    	0.7636]
 [0.    	0.8283	0.    	0.    	0.    ]
 [0.    	0.9798	0.    	0.    	0.    ]
 [0.    	0.    	0.    	0.    	0.    ]]
2026-01-29 17:01:35,193 - INFO - Epoch 0 saved.
