2026-01-29 17:01:40,541 - INFO - Epoch 0, Train loss: 0.0
2026-01-29 17:01:40,541 - INFO - mIoU: 0.9407; OA: 0.9776; AA: 0.971; F1: 0.9689; Kappa: 0.9616;
2026-01-29 17:01:40,542 - INFO - spatial_LccAccuracy: 0.8258; spatial_PA: 0.9523; spatial_UA: 0.9867; spatial_F1: 0.9692; weighted_F1: 0.8877
2026-01-29 17:01:40,543 - INFO - temporal_CdAccuracy: 0.8331; temporal_PA: 0.9487; temporal_UA: 0.9225; temporal_F1: 0.9354
2026-01-29 17:01:40,543 - INFO - Confusion Matrix
 [78092.	  684.	    0.	   30.	   58.]
 [ 2041.	57858.	  204.	   30.	  129.]
 [    1.	  257.	 2793.	    0.	    0.]
 [    4.	    8.	    0.	 1503.	    0.]
 [    3.	   27.	    0.	    0.	11258.]
2026-01-29 17:01:40,544 - INFO - Change Type PA (Recall) Matrix
 [[0.    	0.9413	0.9147	0.9614	0.    ]
 [0.8856	0.    	0.554 	0.    	0.8182]
 [0.    	1.    	0.    	0.    	0.    ]
 [0.    	0.9697	0.    	0.    	0.    ]
 [0.    	0.    	0.    	0.    	0.    ]]
2026-01-29 17:01:40,544 - INFO - Change Type UA (Precision) Matrix
 [[0.    	0.8964	0.8806	0.8893	0.    ]
 [0.7815	0.    	0.713 	0.    	0.75  ]
 [0.    	0.7069	0.    	0.    	0.    ]
 [0.    	0.9697	0.    	0.    	0.    ]
 [0.    	0.    	0.    	0.    	0.    ]]
2026-01-29 17:01:40,545 - INFO - Change Type F1 Matrix
 [[0.    	0.9183	0.8973	0.9239	0.    ]
 [0.8303	0.    	0.6235	0.    	0.7826]
 [0.    	0.8283	0.    	0.    	0.    ]
 [0.    	0.9697	0.    	0.    	0.    ]
 [0.    	0.    	0.    	0.    	0.    ]]
2026-01-29 17:01:40,545 - INFO - Epoch 0 saved.
