2026-02-22 20:07:36,624 - INFO - Epoch 0, Train loss: 0.0
2026-02-22 20:07:36,626 - INFO - mIoU: 0.5529; OA: 0.9556; AA: 0.7344; F1: 0.7599; cls_weighted_F1: 0.9537; Kappa: 0.9161;
2026-02-22 20:07:36,626 - INFO - spatial_LccAccuracy: 0.713; spatial_PA: 0.807; spatial_UA: 0.9794; spatial_F1: 0.8849; weighted_F1: 0.8287
2026-02-22 20:07:36,626 - INFO - temporal_CdAccuracy: 0.713; temporal_PA: 0.8781; temporal_UA: 0.8335; temporal_F1: 0.8552
2026-02-22 20:07:36,626 - INFO - Confusion Matrix
 [14907.	  443.	    0.	    0.	   51.]
 [  591.	16797.	   29.	    2.	   48.]
 [    0.	  206.	   38.	    0.	    0.]
 [    0.	    0.	    0.	    0.	    0.]
 [    1.	  140.	    0.	    2.	  825.]
2026-02-22 20:07:36,626 - INFO - Change Type PA (Recall) Matrix
 [[0.    	0.9643	0.    	0.    	0.    ]
 [0.5   	0.    	0.3429	0.    	0.8545]
 [0.    	0.3429	0.    	0.    	0.    ]
 [0.    	0.    	0.    	0.    	0.    ]
 [0.    	0.    	0.    	0.    	0.    ]]
2026-02-22 20:07:36,626 - INFO - Change Type UA (Precision) Matrix
 [[0.    	0.8587	0.    	0.    	0.    ]
 [0.1833	0.    	0.6667	0.    	0.7344]
 [0.    	0.75  	0.    	0.    	0.    ]
 [0.    	0.    	0.    	0.    	0.    ]
 [0.    	0.    	0.    	0.    	0.    ]]
2026-02-22 20:07:36,627 - INFO - Change Type F1 Matrix
 [[0.    	0.9084	0.    	0.    	0.    ]
 [0.2683	0.    	0.4528	0.    	0.7899]
 [0.    	0.4706	0.    	0.    	0.    ]
 [0.    	0.    	0.    	0.    	0.    ]
 [0.    	0.    	0.    	0.    	0.    ]]
2026-02-22 20:07:36,627 - INFO - Epoch 0 saved.
