2026-01-22 16:53:14,546 - INFO - Epoch 0, Train loss: 0.0
2026-01-22 16:53:14,547 - INFO - mIoU: 0.4669; OA: 0.9772; AA: 0.4951; F1: 0.5099; Kappa: 0.9511;
2026-01-22 16:53:14,547 - INFO - spatial_LccAccuracy: 0.7743; spatial_PA: 0.9908; spatial_UA: 0.9908; spatial_F1: 0.9908; weighted_F1: 0.9243
2026-01-22 16:53:14,547 - INFO - temporal_CdAccuracy: 0.7743; temporal_PA: 0.9271; temporal_UA: 0.9299; temporal_F1: 0.9285
2026-01-22 16:53:14,548 - INFO - Confusion Matrix
 [11567.	  531.	    0.	    0.	    0.]
 [  122.	20317.	   32.	    0.	    0.]
 [    0.	   62.	   69.	    0.	    0.]
 [    0.	    0.	    0.	    0.	    0.]
 [    0.	    0.	    0.	    0.	    0.]
2026-01-22 16:53:14,548 - INFO - Change Type PA (Recall) Matrix
 [[0.    	0.9408	0.    	0.    	0.    ]
 [0.8758	0.    	0.4   	0.    	0.    ]
 [0.    	0.    	0.    	0.    	0.    ]
 [0.    	0.    	0.    	0.    	0.    ]
 [0.    	0.    	0.    	0.    	0.    ]]
2026-01-22 16:53:14,549 - INFO - Change Type UA (Precision) Matrix
 [[0.    	0.9543	0.    	0.    	0.    ]
 [0.9097	0.    	0.1667	0.    	0.    ]
 [0.    	0.    	0.    	0.    	0.    ]
 [0.    	0.    	0.    	0.    	0.    ]
 [0.    	0.    	0.    	0.    	0.    ]]
2026-01-22 16:53:14,550 - INFO - Change Type F1 Matrix
 [[0.    	0.9475	0.    	0.    	0.    ]
 [0.8924	0.    	0.2353	0.    	0.    ]
 [0.    	0.    	0.    	0.    	0.    ]
 [0.    	0.    	0.    	0.    	0.    ]
 [0.    	0.    	0.    	0.    	0.    ]]
2026-01-22 16:53:14,550 - INFO - Epoch 0 saved.
