<<<<<<< HEAD
2026-01-22 16:53:14,729 - INFO - Epoch 0, Train loss: 0.0
2026-01-22 16:53:14,730 - INFO - mIoU: 0.5822; OA: 0.9946; AA: 0.5883; F1: 0.5909; Kappa: 0.9826;
2026-01-22 16:53:14,730 - INFO - spatial_LccAccuracy: 0.8405; spatial_PA: 0.9884; spatial_UA: 0.9539; spatial_F1: 0.9709; weighted_F1: 0.9469
2026-01-22 16:53:14,730 - INFO - temporal_CdAccuracy: 0.8432; temporal_PA: 0.9775; temporal_UA: 0.9407; temporal_F1: 0.9588
2026-01-22 16:53:14,730 - INFO - Confusion Matrix
=======
2025-12-13 21:54:46,056 - INFO - Epoch 0, Train loss: 0.0
2025-12-13 21:54:46,057 - INFO - mIoU: 0.5822; OA: 0.9946; AA: 0.5883; F1: 0.5909; Kappa: 0.9826;
2025-12-13 21:54:46,057 - INFO - spatial_LccAccuracy: 0.8595; spatial_PA: 0.9884; spatial_UA: 0.9539; spatial_F1: 0.9709
2025-12-13 21:54:46,058 - INFO - temporal_CdAccuracy: 0.8432; temporal_PA: 0.9775; temporal_UA: 0.9407; temporal_F1: 0.9588
2025-12-13 21:54:46,059 - INFO - Confusion Matrix
>>>>>>> 93175a06c110e941919a0524e265707df6271051
 [18110.	   18.	    0.	    1.	    0.]
 [   46.	 2936.	    0.	   15.	    0.]
 [    0.	    0.	    0.	    0.	    0.]
 [   19.	   21.	    0.	 1034.	    0.]
 [    0.	    0.	    0.	    0.	    0.]
<<<<<<< HEAD
2026-01-22 16:53:14,731 - INFO - Change Type PA (Recall) Matrix
=======
2025-12-13 21:54:46,059 - INFO - Change Type PA (Recall) Matrix
>>>>>>> 93175a06c110e941919a0524e265707df6271051
 [[0.    	0.9542	0.    	0.9294	0.    ]
 [0.5   	0.    	0.    	0.    	0.    ]
 [0.    	0.    	0.    	0.    	0.    ]
 [0.    	0.9787	0.    	0.    	0.    ]
 [0.    	0.    	0.    	0.    	0.    ]]
<<<<<<< HEAD
2026-01-22 16:53:14,732 - INFO - Change Type UA (Precision) Matrix
=======
2025-12-13 21:54:46,060 - INFO - Change Type UA (Precision) Matrix
>>>>>>> 93175a06c110e941919a0524e265707df6271051
 [[0.    	0.947 	0.    	0.9634	0.    ]
 [0.0625	0.    	0.    	0.    	0.    ]
 [0.    	0.    	0.    	0.    	0.    ]
 [0.    	0.9787	0.    	0.    	0.    ]
 [0.    	0.    	0.    	0.    	0.    ]]
<<<<<<< HEAD
2026-01-22 16:53:14,733 - INFO - Change Type F1 Matrix
=======
2025-12-13 21:54:46,061 - INFO - Change Type F1 Matrix
>>>>>>> 93175a06c110e941919a0524e265707df6271051
 [[0.    	0.9506	0.    	0.9461	0.    ]
 [0.1111	0.    	0.    	0.    	0.    ]
 [0.    	0.    	0.    	0.    	0.    ]
 [0.    	0.9787	0.    	0.    	0.    ]
 [0.    	0.    	0.    	0.    	0.    ]]
<<<<<<< HEAD
2026-01-22 16:53:14,733 - INFO - Epoch 0 saved.
=======
2025-12-13 21:54:46,061 - INFO - Epoch 0 saved.
>>>>>>> 93175a06c110e941919a0524e265707df6271051
