<<<<<<< HEAD
2026-01-22 16:53:14,854 - INFO - Epoch 0, Train loss: 0.0
2026-01-22 16:53:14,854 - INFO - mIoU: 0.745; OA: 0.9705; AA: 0.7701; F1: 0.7712; Kappa: 0.9458;
2026-01-22 16:53:14,855 - INFO - spatial_LccAccuracy: 0.7634; spatial_PA: 1.0; spatial_UA: 1.0; spatial_F1: 1.0; weighted_F1: 0.8776
2026-01-22 16:53:14,855 - INFO - temporal_CdAccuracy: 0.7634; temporal_PA: 0.9267; temporal_UA: 0.8944; temporal_F1: 0.9103
2026-01-22 16:53:14,855 - INFO - Confusion Matrix
=======
2025-12-13 21:54:46,167 - INFO - Epoch 0, Train loss: 0.0
2025-12-13 21:54:46,167 - INFO - mIoU: 0.745; OA: 0.9705; AA: 0.7701; F1: 0.7712; Kappa: 0.9458;
2025-12-13 21:54:46,168 - INFO - spatial_LccAccuracy: 0.8304; spatial_PA: 1.0; spatial_UA: 1.0; spatial_F1: 1.0
2025-12-13 21:54:46,168 - INFO - temporal_CdAccuracy: 0.7634; temporal_PA: 0.9267; temporal_UA: 0.8944; temporal_F1: 0.9103
2025-12-13 21:54:46,169 - INFO - Confusion Matrix
>>>>>>> 93175a06c110e941919a0524e265707df6271051
 [6997.	 171.	   1.	   1.	   1.]
 [ 138.	5362.	  27.	   2.	   1.]
 [   1.	  51.	 555.	   1.	   0.]
 [   0.	   0.	   0.	 130.	   1.]
 [   0.	   0.	   0.	   0.	   0.]
<<<<<<< HEAD
2026-01-22 16:53:14,856 - INFO - Change Type PA (Recall) Matrix
=======
2025-12-13 21:54:46,170 - INFO - Change Type PA (Recall) Matrix
>>>>>>> 93175a06c110e941919a0524e265707df6271051
 [[0.    	0.9444	0.5   	1.    	0.    ]
 [0.9348	0.    	0.6842	0.    	0.    ]
 [0.    	0.9474	0.    	0.    	0.    ]
 [0.    	0.    	0.    	0.    	0.    ]
 [0.    	0.    	0.    	0.    	0.    ]]
<<<<<<< HEAD
2026-01-22 16:53:14,857 - INFO - Change Type UA (Precision) Matrix
=======
2025-12-13 21:54:46,171 - INFO - Change Type UA (Precision) Matrix
>>>>>>> 93175a06c110e941919a0524e265707df6271051
 [[0.    	0.9091	1.    	1.    	0.    ]
 [0.6615	0.    	0.8125	0.    	0.    ]
 [0.    	0.8182	0.    	0.    	0.    ]
 [0.    	0.    	0.    	0.    	0.    ]
 [0.    	0.    	0.    	0.    	0.    ]]
<<<<<<< HEAD
2026-01-22 16:53:14,858 - INFO - Change Type F1 Matrix
=======
2025-12-13 21:54:46,171 - INFO - Change Type F1 Matrix
>>>>>>> 93175a06c110e941919a0524e265707df6271051
 [[0.    	0.9264	0.6667	1.    	0.    ]
 [0.7748	0.    	0.7429	0.    	0.    ]
 [0.    	0.878 	0.    	0.    	0.    ]
 [0.    	0.    	0.    	0.    	0.    ]
 [0.    	0.    	0.    	0.    	0.    ]]
<<<<<<< HEAD
2026-01-22 16:53:14,858 - INFO - Epoch 0 saved.
=======
2025-12-13 21:54:46,172 - INFO - Epoch 0 saved.
>>>>>>> 93175a06c110e941919a0524e265707df6271051
