2026-01-29 22:25:50,343 - INFO - Epoch 0, Train loss: 0.0
2026-01-29 22:25:50,344 - INFO - mIoU: 0.5187; OA: 0.9524; AA: 0.9226; F1: 0.9256; Kappa: 0.9098;
2026-01-29 22:25:50,344 - INFO - spatial_LccAccuracy: 0.743; spatial_PA: 0.807; spatial_UA: 0.9779; spatial_F1: 0.8843; weighted_F1: 0.8814
2026-01-29 22:25:50,344 - INFO - temporal_CdAccuracy: 0.743; temporal_PA: 0.8979; temporal_UA: 0.8394; temporal_F1: 0.8676
2026-01-29 22:25:50,344 - INFO - Confusion Matrix
 [13886.	  337.	    0.	    2.	   56.]
 [  866.	15744.	   55.	    4.	   62.]
 [    0.	    0.	    0.	    0.	    0.]
 [    0.	    0.	    0.	    0.	    0.]
 [    1.	  133.	    2.	    5.	  827.]
2026-01-29 22:25:50,344 - INFO - Change Type PA (Recall) Matrix
 [[0.    	0.9616	0.    	0.    	0.    ]
 [0.3182	0.    	0.    	0.    	0.8909]
 [0.    	0.    	0.    	0.    	0.    ]
 [0.    	0.    	0.    	0.    	0.    ]
 [0.    	0.    	0.    	0.    	0.    ]]
2026-01-29 22:25:50,344 - INFO - Change Type UA (Precision) Matrix
 [[0.    	0.874 	0.    	0.    	0.    ]
 [0.1944	0.    	0.    	0.    	0.8033]
 [0.    	0.    	0.    	0.    	0.    ]
 [0.    	0.    	0.    	0.    	0.    ]
 [0.    	0.    	0.    	0.    	0.    ]]
2026-01-29 22:25:50,344 - INFO - Change Type F1 Matrix
 [[0.    	0.9157	0.    	0.    	0.    ]
 [0.2414	0.    	0.    	0.    	0.8448]
 [0.    	0.    	0.    	0.    	0.    ]
 [0.    	0.    	0.    	0.    	0.    ]
 [0.    	0.    	0.    	0.    	0.    ]]
2026-01-29 22:25:50,344 - INFO - Epoch 0 saved.
