2026-01-29 22:25:50,669 - INFO - Epoch 0, Train loss: 0.0
2026-01-29 22:25:50,669 - INFO - mIoU: 0.5917; OA: 0.9817; AA: 0.8066; F1: 0.8576; Kappa: 0.9609;
2026-01-29 22:25:50,669 - INFO - spatial_LccAccuracy: 0.8165; spatial_PA: 0.9897; spatial_UA: 0.9828; spatial_F1: 0.9863; weighted_F1: 0.9535
2026-01-29 22:25:50,669 - INFO - temporal_CdAccuracy: 0.8165; temporal_PA: 0.9583; temporal_UA: 0.9334; temporal_F1: 0.9457
2026-01-29 22:25:50,669 - INFO - Confusion Matrix
 [11732.	  366.	    0.	    0.	    0.]
 [  153.	20309.	    6.	    0.	    3.]
 [    3.	   68.	   60.	    0.	    0.]
 [    0.	    0.	    0.	    0.	    0.]
 [    0.	    0.	    0.	    0.	    0.]
2026-01-29 22:25:50,671 - INFO - Change Type PA (Recall) Matrix
 [[0.    	0.9831	0.    	0.    	0.    ]
 [0.9752	0.    	0.6   	0.    	0.    ]
 [0.    	0.5   	0.    	0.    	0.    ]
 [0.    	0.    	0.    	0.    	0.    ]
 [0.    	0.    	0.    	0.    	0.    ]]
2026-01-29 22:25:50,671 - INFO - Change Type UA (Precision) Matrix
 [[0.    	0.9536	0.    	0.    	0.    ]
 [0.9049	0.    	0.25  	0.    	0.    ]
 [0.    	0.0833	0.    	0.    	0.    ]
 [0.    	0.    	0.    	0.    	0.    ]
 [0.    	0.    	0.    	0.    	0.    ]]
2026-01-29 22:25:50,671 - INFO - Change Type F1 Matrix
 [[0.    	0.9681	0.    	0.    	0.    ]
 [0.9387	0.    	0.3529	0.    	0.    ]
 [0.    	0.1429	0.    	0.    	0.    ]
 [0.    	0.    	0.    	0.    	0.    ]
 [0.    	0.    	0.    	0.    	0.    ]]
2026-01-29 22:25:50,671 - INFO - Epoch 0 saved.
