2026-01-29 22:25:50,758 - INFO - Epoch 0, Train loss: 0.0
2026-01-29 22:25:50,758 - INFO - mIoU: 0.9807; OA: 0.9975; AA: 0.9861; F1: 0.9902; Kappa: 0.9921;
2026-01-29 22:25:50,758 - INFO - spatial_LccAccuracy: 0.9459; spatial_PA: 0.9983; spatial_UA: 0.9929; spatial_F1: 0.9956; weighted_F1: 0.9637
2026-01-29 22:25:50,760 - INFO - temporal_CdAccuracy: 0.9838; temporal_PA: 0.9924; temporal_UA: 0.9936; temporal_F1: 0.993
2026-01-29 22:25:50,760 - INFO - Confusion Matrix
 [18125.	    4.	    0.	    0.	    0.]
 [    8.	 2987.	    0.	    2.	    0.]
 [    0.	    0.	    0.	    0.	    0.]
 [    3.	   38.	    0.	 1033.	    0.]
 [    0.	    0.	    0.	    0.	    0.]
2026-01-29 22:25:50,760 - INFO - Change Type PA (Recall) Matrix
 [[0.    	1.    	0.    	0.9118	0.    ]
 [1.    	0.    	0.    	0.    	0.    ]
 [0.    	0.    	0.    	0.    	0.    ]
 [0.    	1.    	0.    	0.    	0.    ]
 [0.    	0.    	0.    	0.    	0.    ]]
2026-01-29 22:25:50,760 - INFO - Change Type UA (Precision) Matrix
 [[0.    	0.9034	0.    	1.    	0.    ]
 [1.    	0.    	0.    	0.    	0.    ]
 [0.    	0.    	0.    	0.    	0.    ]
 [0.    	1.    	0.    	0.    	0.    ]
 [0.    	0.    	0.    	0.    	0.    ]]
2026-01-29 22:25:50,760 - INFO - Change Type F1 Matrix
 [[0.    	0.9493	0.    	0.9538	0.    ]
 [1.    	0.    	0.    	0.    	0.    ]
 [0.    	0.    	0.    	0.    	0.    ]
 [0.    	1.    	0.    	0.    	0.    ]
 [0.    	0.    	0.    	0.    	0.    ]]
2026-01-29 22:25:50,760 - INFO - Epoch 0 saved.
