2026-01-29 22:25:50,814 - INFO - Epoch 0, Train loss: 0.0
2026-01-29 22:25:50,814 - INFO - mIoU: 0.9394; OA: 0.9734; AA: 0.9735; F1: 0.9684; Kappa: 0.9511;
2026-01-29 22:25:50,815 - INFO - spatial_LccAccuracy: 0.808; spatial_PA: 1.0; spatial_UA: 1.0; spatial_F1: 1.0; weighted_F1: 0.8748
2026-01-29 22:25:50,815 - INFO - temporal_CdAccuracy: 0.808; temporal_PA: 0.9518; temporal_UA: 0.8926; temporal_F1: 0.9212
2026-01-29 22:25:50,815 - INFO - Confusion Matrix
 [7004.	 163.	   1.	   3.	   0.]
 [ 114.	5372.	  44.	   0.	   0.]
 [   0.	  33.	 575.	   0.	   0.]
 [   0.	   0.	   0.	 131.	   0.]
 [   0.	   0.	   0.	   0.	   0.]
2026-01-29 22:25:50,815 - INFO - Change Type PA (Recall) Matrix
 [[0.    	0.9667	0.5   	1.    	0.    ]
 [0.9348	0.    	0.8158	0.    	0.    ]
 [0.    	0.9474	0.    	0.    	0.    ]
 [0.    	0.    	0.    	0.    	0.    ]
 [0.    	0.    	0.    	0.    	0.    ]]
2026-01-29 22:25:50,815 - INFO - Change Type UA (Precision) Matrix
 [[0.    	0.8832	1.    	1.    	0.    ]
 [0.6719	0.    	0.7561	0.    	0.    ]
 [0.    	0.6429	0.    	0.    	0.    ]
 [0.    	0.    	0.    	0.    	0.    ]
 [0.    	0.    	0.    	0.    	0.    ]]
2026-01-29 22:25:50,815 - INFO - Change Type F1 Matrix
 [[0.    	0.9231	0.6667	1.    	0.    ]
 [0.7818	0.    	0.7848	0.    	0.    ]
 [0.    	0.766 	0.    	0.    	0.    ]
 [0.    	0.    	0.    	0.    	0.    ]
 [0.    	0.    	0.    	0.    	0.    ]]
2026-01-29 22:25:50,816 - INFO - Epoch 0 saved.
