2026-01-29 17:01:24,576 - INFO - Epoch 0, Train loss: 0.0
2026-01-29 17:01:24,576 - INFO - mIoU: 0.9537; OA: 0.9937; AA: 0.9729; F1: 0.9751; Kappa: 0.9892;
2026-01-29 17:01:24,577 - INFO - spatial_LccAccuracy: 0.9213; spatial_PA: 1.0; spatial_UA: 1.0; spatial_F1: 1.0; weighted_F1: 0.942
2026-01-29 17:01:24,577 - INFO - temporal_CdAccuracy: 0.924; temporal_PA: 0.975; temporal_UA: 0.9566; temporal_F1: 0.9657
2026-01-29 17:01:24,577 - INFO - Confusion Matrix
 [23279.	   79.	    6.	    0.	    0.]
 [   71.	15431.	   51.	    0.	    0.]
 [    3.	   69.	  671.	    0.	    0.]
 [    0.	    0.	    0.	    0.	    0.]
 [    0.	    0.	    0.	    0.	 4560.]
2026-01-29 17:01:24,578 - INFO - Change Type PA (Recall) Matrix
 [[0.    	0.9621	0.9545	0.    	0.    ]
 [0.8608	0.    	0.8947	0.    	0.    ]
 [0.    	0.    	0.    	0.    	0.    ]
 [0.    	0.    	0.    	0.    	0.    ]
 [0.    	0.    	0.    	0.    	0.    ]]
2026-01-29 17:01:24,579 - INFO - Change Type UA (Precision) Matrix
 [[0.    	0.9581	0.875 	0.    	0.    ]
 [0.8608	0.    	0.9444	0.    	0.    ]
 [0.    	0.    	0.    	0.    	0.    ]
 [0.    	0.    	0.    	0.    	0.    ]
 [0.    	0.    	0.    	0.    	0.    ]]
2026-01-29 17:01:24,580 - INFO - Change Type F1 Matrix
 [[0.    	0.9601	0.913 	0.    	0.    ]
 [0.8608	0.    	0.9189	0.    	0.    ]
 [0.    	0.    	0.    	0.    	0.    ]
 [0.    	0.    	0.    	0.    	0.    ]
 [0.    	0.    	0.    	0.    	0.    ]]
2026-01-29 17:01:24,580 - INFO - Epoch 0 saved.
