2026-01-29 17:01:24,837 - INFO - Epoch 0, Train loss: 0.0
2026-01-29 17:01:24,838 - INFO - mIoU: 0.5917; OA: 0.9817; AA: 0.8066; F1: 0.8576; Kappa: 0.9608;
2026-01-29 17:01:24,838 - INFO - spatial_LccAccuracy: 0.8183; spatial_PA: 0.9897; spatial_UA: 0.9828; spatial_F1: 0.9863; weighted_F1: 0.9544
2026-01-29 17:01:24,839 - INFO - temporal_CdAccuracy: 0.8183; temporal_PA: 0.9583; temporal_UA: 0.9342; temporal_F1: 0.9461
2026-01-29 17:01:24,839 - INFO - Confusion Matrix
 [11733.	  365.	    0.	    0.	    0.]
 [  155.	20307.	    6.	    0.	    3.]
 [    3.	   68.	   60.	    0.	    0.]
 [    0.	    0.	    0.	    0.	    0.]
 [    0.	    0.	    0.	    0.	    0.]
2026-01-29 17:01:24,840 - INFO - Change Type PA (Recall) Matrix
 [[0.    	0.9831	0.    	0.    	0.    ]
 [0.9752	0.    	0.6   	0.    	0.    ]
 [0.    	0.5   	0.    	0.    	0.    ]
 [0.    	0.    	0.    	0.    	0.    ]
 [0.    	0.    	0.    	0.    	0.    ]]
2026-01-29 17:01:24,840 - INFO - Change Type UA (Precision) Matrix
 [[0.    	0.9549	0.    	0.    	0.    ]
 [0.9075	0.    	0.25  	0.    	0.    ]
 [0.    	0.0833	0.    	0.    	0.    ]
 [0.    	0.    	0.    	0.    	0.    ]
 [0.    	0.    	0.    	0.    	0.    ]]
2026-01-29 17:01:24,841 - INFO - Change Type F1 Matrix
 [[0.    	0.9688	0.    	0.    	0.    ]
 [0.9401	0.    	0.3529	0.    	0.    ]
 [0.    	0.1429	0.    	0.    	0.    ]
 [0.    	0.    	0.    	0.    	0.    ]
 [0.    	0.    	0.    	0.    	0.    ]]
2026-01-29 17:01:24,841 - INFO - Epoch 0 saved.
