2026-01-29 17:01:25,022 - INFO - Epoch 0, Train loss: 0.0
2026-01-29 17:01:25,023 - INFO - mIoU: 0.9811; OA: 0.9976; AA: 0.9864; F1: 0.9904; Kappa: 0.9922;
2026-01-29 17:01:25,023 - INFO - spatial_LccAccuracy: 0.9459; spatial_PA: 0.9983; spatial_UA: 0.9929; spatial_F1: 0.9956; weighted_F1: 0.9662
2026-01-29 17:01:25,024 - INFO - temporal_CdAccuracy: 0.9811; temporal_PA: 0.9911; temporal_UA: 0.9923; temporal_F1: 0.9917
2026-01-29 17:01:25,024 - INFO - Confusion Matrix
 [18125.	    4.	    0.	    0.	    0.]
 [    8.	 2987.	    0.	    2.	    0.]
 [    0.	    0.	    0.	    0.	    0.]
 [    3.	   37.	    0.	 1034.	    0.]
 [    0.	    0.	    0.	    0.	    0.]
2026-01-29 17:01:25,025 - INFO - Change Type PA (Recall) Matrix
 [[0.    	1.    	0.    	0.9176	0.    ]
 [1.    	0.    	0.    	0.    	0.    ]
 [0.    	0.    	0.    	0.    	0.    ]
 [0.    	1.    	0.    	0.    	0.    ]
 [0.    	0.    	0.    	0.    	0.    ]]
2026-01-29 17:01:25,026 - INFO - Change Type UA (Precision) Matrix
 [[0.    	0.9097	0.    	1.    	0.    ]
 [1.    	0.    	0.    	0.    	0.    ]
 [0.    	0.    	0.    	0.    	0.    ]
 [0.    	1.    	0.    	0.    	0.    ]
 [0.    	0.    	0.    	0.    	0.    ]]
2026-01-29 17:01:25,026 - INFO - Change Type F1 Matrix
 [[0.    	0.9527	0.    	0.9571	0.    ]
 [1.    	0.    	0.    	0.    	0.    ]
 [0.    	0.    	0.    	0.    	0.    ]
 [0.    	1.    	0.    	0.    	0.    ]
 [0.    	0.    	0.    	0.    	0.    ]]
2026-01-29 17:01:25,027 - INFO - Epoch 0 saved.
