2025-12-13 21:53:49,593 - INFO - Epoch 0, Train loss: 0.0
2025-12-13 21:53:49,594 - INFO - mIoU: 0.5239; OA: 0.9505; AA: 0.549; F1: 0.5588; Kappa: 0.9058;
2025-12-13 21:53:49,594 - INFO - spatial_LccAccuracy: 0.8724; spatial_PA: 0.7961; spatial_UA: 0.9491; spatial_F1: 0.8659
2025-12-13 21:53:49,595 - INFO - temporal_CdAccuracy: 0.7148; temporal_PA: 0.8802; temporal_UA: 0.8258; temporal_F1: 0.8521
2025-12-13 21:53:49,595 - INFO - Confusion Matrix
 [13742.	  537.	    0.	    0.	    2.]
 [  794.	15846.	   48.	    0.	   43.]
 [    0.	    0.	    0.	    0.	    0.]
 [    0.	    0.	    0.	    0.	    0.]
 [   12.	  147.	    0.	    0.	  809.]
2025-12-13 21:53:49,596 - INFO - Change Type PA (Recall) Matrix
 [[0.    	0.9659	0.    	0.    	0.    ]
 [0.5   	0.    	0.    	0.    	0.7818]
 [0.    	0.    	0.    	0.    	0.    ]
 [0.    	0.    	0.    	0.    	0.    ]
 [0.    	0.    	0.    	0.    	0.    ]]
2025-12-13 21:53:49,597 - INFO - Change Type UA (Precision) Matrix
 [[0.    	0.8745	0.    	0.    	0.    ]
 [0.1964	0.    	0.    	0.    	0.8958]
 [0.    	0.    	0.    	0.    	0.    ]
 [0.    	0.    	0.    	0.    	0.    ]
 [0.    	0.    	0.    	0.    	0.    ]]
2025-12-13 21:53:49,598 - INFO - Change Type F1 Matrix
 [[0.    	0.9179	0.    	0.    	0.    ]
 [0.2821	0.    	0.    	0.    	0.835 ]
 [0.    	0.    	0.    	0.    	0.    ]
 [0.    	0.    	0.    	0.    	0.    ]
 [0.    	0.    	0.    	0.    	0.    ]]
2025-12-13 21:53:49,598 - INFO - Epoch 0 saved.
