<<<<<<< HEAD
2026-01-22 16:52:13,235 - INFO - Epoch 0, Train loss: 0.0
2026-01-22 16:52:13,236 - INFO - mIoU: 0.7599; OA: 0.9919; AA: 0.7766; F1: 0.7784; Kappa: 0.9863;
2026-01-22 16:52:13,236 - INFO - spatial_LccAccuracy: 0.9335; spatial_PA: 0.998; spatial_UA: 0.999; spatial_F1: 0.9985; weighted_F1: 0.9336
2026-01-22 16:52:13,236 - INFO - temporal_CdAccuracy: 0.9389; temporal_PA: 0.9674; temporal_UA: 0.9733; temporal_F1: 0.9703
2026-01-22 16:52:13,236 - INFO - Confusion Matrix
=======
2025-12-13 21:53:50,081 - INFO - Epoch 0, Train loss: 0.0
2025-12-13 21:53:50,081 - INFO - mIoU: 0.7599; OA: 0.9919; AA: 0.7766; F1: 0.7784; Kappa: 0.9863;
2025-12-13 21:53:50,081 - INFO - spatial_LccAccuracy: 0.9539; spatial_PA: 0.998; spatial_UA: 0.999; spatial_F1: 0.9985
2025-12-13 21:53:50,082 - INFO - temporal_CdAccuracy: 0.9389; temporal_PA: 0.9674; temporal_UA: 0.9733; temporal_F1: 0.9703
2025-12-13 21:53:50,082 - INFO - Confusion Matrix
>>>>>>> 93175a06c110e941919a0524e265707df6271051
 [23299.	   60.	    3.	    2.	    0.]
 [  145.	15349.	   58.	    1.	    0.]
 [    6.	   65.	  670.	    2.	    0.]
 [    0.	    0.	    0.	    0.	    0.]
 [   14.	    0.	    0.	    0.	 4546.]
<<<<<<< HEAD
2026-01-22 16:52:13,237 - INFO - Change Type PA (Recall) Matrix
=======
2025-12-13 21:53:50,083 - INFO - Change Type PA (Recall) Matrix
>>>>>>> 93175a06c110e941919a0524e265707df6271051
 [[0.    	0.9579	0.8409	0.    	0.    ]
 [0.8101	0.    	0.8684	0.    	0.    ]
 [0.    	0.    	0.    	0.    	0.    ]
 [0.    	0.    	0.    	0.    	0.    ]
 [0.    	0.    	0.    	0.    	0.    ]]
<<<<<<< HEAD
2026-01-22 16:52:13,238 - INFO - Change Type UA (Precision) Matrix
=======
2025-12-13 21:53:50,085 - INFO - Change Type UA (Precision) Matrix
>>>>>>> 93175a06c110e941919a0524e265707df6271051
 [[0.    	0.9559	0.881 	0.    	0.    ]
 [0.9552	0.    	0.825 	0.    	0.    ]
 [0.    	0.    	0.    	0.    	0.    ]
 [0.    	0.    	0.    	0.    	0.    ]
 [0.    	0.    	0.    	0.    	0.    ]]
<<<<<<< HEAD
2026-01-22 16:52:13,239 - INFO - Change Type F1 Matrix
=======
2025-12-13 21:53:50,085 - INFO - Change Type F1 Matrix
>>>>>>> 93175a06c110e941919a0524e265707df6271051
 [[0.    	0.9569	0.8605	0.    	0.    ]
 [0.8767	0.    	0.8462	0.    	0.    ]
 [0.    	0.    	0.    	0.    	0.    ]
 [0.    	0.    	0.    	0.    	0.    ]
 [0.    	0.    	0.    	0.    	0.    ]]
<<<<<<< HEAD
2026-01-22 16:52:13,239 - INFO - Epoch 0 saved.
=======
2025-12-13 21:53:50,086 - INFO - Epoch 0 saved.
>>>>>>> 93175a06c110e941919a0524e265707df6271051
