<<<<<<< HEAD
2026-01-22 16:52:13,768 - INFO - Epoch 0, Train loss: 0.0
2026-01-22 16:52:13,769 - INFO - mIoU: 0.5895; OA: 0.9968; AA: 0.5934; F1: 0.5947; Kappa: 0.9897;
2026-01-22 16:52:13,769 - INFO - spatial_LccAccuracy: 0.9486; spatial_PA: 0.9928; spatial_UA: 0.9983; spatial_F1: 0.9955; weighted_F1: 0.9601
2026-01-22 16:52:13,769 - INFO - temporal_CdAccuracy: 0.9676; temporal_PA: 0.9897; temporal_UA: 0.9849; temporal_F1: 0.9873
2026-01-22 16:52:13,769 - INFO - Confusion Matrix
=======
2025-12-13 21:53:50,613 - INFO - Epoch 0, Train loss: 0.0
2025-12-13 21:53:50,613 - INFO - mIoU: 0.5895; OA: 0.9968; AA: 0.5934; F1: 0.5947; Kappa: 0.9897;
2025-12-13 21:53:50,613 - INFO - spatial_LccAccuracy: 0.9676; spatial_PA: 0.9928; spatial_UA: 0.9983; spatial_F1: 0.9955
2025-12-13 21:53:50,614 - INFO - temporal_CdAccuracy: 0.9676; temporal_PA: 0.9897; temporal_UA: 0.9849; temporal_F1: 0.9873
2025-12-13 21:53:50,615 - INFO - Confusion Matrix
>>>>>>> 93175a06c110e941919a0524e265707df6271051
 [18121.	    7.	    0.	    1.	    0.]
 [   35.	 2953.	    0.	    9.	    0.]
 [    0.	    0.	    0.	    0.	    0.]
 [    0.	   19.	    0.	 1055.	    0.]
 [    0.	    0.	    0.	    0.	    0.]
<<<<<<< HEAD
2026-01-22 16:52:13,770 - INFO - Change Type PA (Recall) Matrix
=======
2025-12-13 21:53:50,615 - INFO - Change Type PA (Recall) Matrix
>>>>>>> 93175a06c110e941919a0524e265707df6271051
 [[0.    	0.9847	0.    	0.9529	0.    ]
 [0.5   	0.    	0.    	0.    	0.    ]
 [0.    	0.    	0.    	0.    	0.    ]
 [0.    	0.9787	0.    	0.    	0.    ]
 [0.    	0.    	0.    	0.    	0.    ]]
<<<<<<< HEAD
2026-01-22 16:52:13,771 - INFO - Change Type UA (Precision) Matrix
=======
2025-12-13 21:53:50,616 - INFO - Change Type UA (Precision) Matrix
>>>>>>> 93175a06c110e941919a0524e265707df6271051
 [[0.    	0.9348	0.    	0.9759	0.    ]
 [0.5   	0.    	0.    	0.    	0.    ]
 [0.    	0.    	0.    	0.    	0.    ]
 [0.    	0.9684	0.    	0.    	0.    ]
 [0.    	0.    	0.    	0.    	0.    ]]
<<<<<<< HEAD
2026-01-22 16:52:13,772 - INFO - Change Type F1 Matrix
=======
2025-12-13 21:53:50,617 - INFO - Change Type F1 Matrix
>>>>>>> 93175a06c110e941919a0524e265707df6271051
 [[0.    	0.9591	0.    	0.9643	0.    ]
 [0.5   	0.    	0.    	0.    	0.    ]
 [0.    	0.    	0.    	0.    	0.    ]
 [0.    	0.9735	0.    	0.    	0.    ]
 [0.    	0.    	0.    	0.    	0.    ]]
<<<<<<< HEAD
2026-01-22 16:52:13,772 - INFO - Epoch 0 saved.
=======
2025-12-13 21:53:50,617 - INFO - Epoch 0 saved.
>>>>>>> 93175a06c110e941919a0524e265707df6271051
