<<<<<<< HEAD
2026-01-22 16:52:13,908 - INFO - Epoch 0, Train loss: 0.0
2026-01-22 16:52:13,909 - INFO - mIoU: 0.7558; OA: 0.971; AA: 0.777; F1: 0.7771; Kappa: 0.9466;
2026-01-22 16:52:13,909 - INFO - spatial_LccAccuracy: 0.8304; spatial_PA: 1.0; spatial_UA: 1.0; spatial_F1: 1.0; weighted_F1: 0.8895
2026-01-22 16:52:13,909 - INFO - temporal_CdAccuracy: 0.8304; temporal_PA: 0.9336; temporal_UA: 0.8982; temporal_F1: 0.9156
2026-01-22 16:52:13,909 - INFO - Confusion Matrix
=======
2025-12-13 21:53:50,763 - INFO - Epoch 0, Train loss: 0.0
2025-12-13 21:53:50,763 - INFO - mIoU: 0.7558; OA: 0.971; AA: 0.777; F1: 0.7771; Kappa: 0.9466;
2025-12-13 21:53:50,763 - INFO - spatial_LccAccuracy: 0.8973; spatial_PA: 1.0; spatial_UA: 1.0; spatial_F1: 1.0
2025-12-13 21:53:50,764 - INFO - temporal_CdAccuracy: 0.8304; temporal_PA: 0.9336; temporal_UA: 0.8982; temporal_F1: 0.9156
2025-12-13 21:53:50,765 - INFO - Confusion Matrix
>>>>>>> 93175a06c110e941919a0524e265707df6271051
 [7042.	 125.	   0.	   2.	   2.]
 [ 203.	5303.	  20.	   1.	   3.]
 [   0.	  34.	 574.	   0.	   0.]
 [   0.	   0.	   0.	 131.	   0.]
 [   0.	   0.	   0.	   0.	   0.]
<<<<<<< HEAD
2026-01-22 16:52:13,910 - INFO - Change Type PA (Recall) Matrix
=======
2025-12-13 21:53:50,766 - INFO - Change Type PA (Recall) Matrix
>>>>>>> 93175a06c110e941919a0524e265707df6271051
 [[0.    	0.95  	0.5   	1.    	0.    ]
 [0.8913	0.    	0.8158	0.    	0.    ]
 [0.    	1.    	0.    	0.    	0.    ]
 [0.    	0.    	0.    	0.    	0.    ]
 [0.    	0.    	0.    	0.    	0.    ]]
<<<<<<< HEAD
2026-01-22 16:52:13,911 - INFO - Change Type UA (Precision) Matrix
=======
2025-12-13 21:53:50,766 - INFO - Change Type UA (Precision) Matrix
>>>>>>> 93175a06c110e941919a0524e265707df6271051
 [[0.    	0.8953	1.    	1.    	0.    ]
 [0.7069	0.    	0.7949	0.    	0.    ]
 [0.    	0.9048	0.    	0.    	0.    ]
 [0.    	0.    	0.    	0.    	0.    ]
 [0.    	0.    	0.    	0.    	0.    ]]
<<<<<<< HEAD
2026-01-22 16:52:13,912 - INFO - Change Type F1 Matrix
=======
2025-12-13 21:53:50,767 - INFO - Change Type F1 Matrix
>>>>>>> 93175a06c110e941919a0524e265707df6271051
 [[0.    	0.9218	0.6667	1.    	0.    ]
 [0.7885	0.    	0.8052	0.    	0.    ]
 [0.    	0.95  	0.    	0.    	0.    ]
 [0.    	0.    	0.    	0.    	0.    ]
 [0.    	0.    	0.    	0.    	0.    ]]
<<<<<<< HEAD
2026-01-22 16:52:13,912 - INFO - Epoch 0 saved.
=======
2025-12-13 21:53:50,767 - INFO - Epoch 0 saved.
>>>>>>> 93175a06c110e941919a0524e265707df6271051
