2026-03-19 14:43:02,032 - INFO - Epoch 0, Train loss: 0.0
2026-03-19 14:43:02,033 - INFO - mIoU: 0.7018; OA: 0.9602; AA: 0.9405; F1: 0.9338; cls_weighted_F1: 0.9601; Kappa: 0.9253;
2026-03-19 14:43:02,033 - INFO - spatial_LccAccuracy: 0.7791; spatial_PA: 0.847; spatial_UA: 0.9385; spatial_F1: 0.8904; weighted_F1: 0.9179
2026-03-19 14:43:02,033 - INFO - temporal_CdAccuracy: 0.7791; temporal_PA: 0.9259; temporal_UA: 0.8775; temporal_F1: 0.901
2026-03-19 14:43:02,034 - INFO - Confusion Matrix
 [15139.	  470.	    0.	    1.	   15.]
 [  660.	16879.	   52.	    0.	   23.]
 [    0.	    3.	  290.	    0.	    0.]
 [    0.	    0.	    0.	    0.	    0.]
 [    3.	  147.	    0.	    0.	  818.]
2026-03-19 14:43:02,035 - INFO - Change Type PA (Recall) Matrix
 [[0.    	0.9628	0.    	0.    	0.    ]
 [0.7727	0.    	1.    	0.    	0.8727]
 [0.    	1.    	0.    	0.    	0.    ]
 [0.    	0.    	0.    	0.    	0.    ]
 [0.    	0.    	0.    	0.    	0.    ]]
2026-03-19 14:43:02,036 - INFO - Change Type UA (Precision) Matrix
 [[0.    	0.9111	0.    	0.    	0.    ]
 [0.3333	0.    	0.9545	0.    	0.7742]
 [0.    	1.    	0.    	0.    	0.    ]
 [0.    	0.    	0.    	0.    	0.    ]
 [0.    	0.    	0.    	0.    	0.    ]]
2026-03-19 14:43:02,037 - INFO - Change Type F1 Matrix
 [[0.    	0.9363	0.    	0.    	0.    ]
 [0.4658	0.    	0.9767	0.    	0.8205]
 [0.    	1.    	0.    	0.    	0.    ]
 [0.    	0.    	0.    	0.    	0.    ]
 [0.    	0.    	0.    	0.    	0.    ]]
2026-03-19 14:43:02,037 - INFO - Epoch 0 saved.
