2026-03-19 14:43:02,116 - INFO - Epoch 0, Train loss: 0.0
2026-03-19 14:43:02,117 - INFO - mIoU: 0.9422; OA: 0.9828; AA: 0.9722; F1: 0.9698; cls_weighted_F1: 0.9828; Kappa: 0.9684;
2026-03-19 14:43:02,117 - INFO - spatial_LccAccuracy: 0.8571; spatial_PA: 1.0; spatial_UA: 1.0; spatial_F1: 1.0; weighted_F1: 0.8483
2026-03-19 14:43:02,117 - INFO - temporal_CdAccuracy: 0.8571; temporal_PA: 0.9159; temporal_UA: 0.854; temporal_F1: 0.8839
2026-03-19 14:43:02,117 - INFO - Confusion Matrix
 [1468.	 119.	   0.	   0.	   0.]
 [  11.	1282.	   0.	   0.	   0.]
 [   0.	   0.	   0.	   0.	   0.]
 [   0.	   0.	   0.	   0.	   0.]
 [   0.	   0.	   0.	   0.	4680.]
2026-03-19 14:43:02,117 - INFO - Change Type PA (Recall) Matrix
 [[0.   	0.875	0.   	0.   	0.   ]
 [1.   	0.   	0.   	0.   	0.   ]
 [0.   	0.   	0.   	0.   	0.   ]
 [0.   	0.   	0.   	0.   	0.   ]
 [0.   	0.   	0.   	0.   	0.   ]]
2026-03-19 14:43:02,118 - INFO - Change Type UA (Precision) Matrix
 [[0.    	0.8077	0.    	0.    	0.    ]
 [0.7561	0.    	0.    	0.    	0.    ]
 [0.    	0.    	0.    	0.    	0.    ]
 [0.    	0.    	0.    	0.    	0.    ]
 [0.    	0.    	0.    	0.    	0.    ]]
2026-03-19 14:43:02,118 - INFO - Change Type F1 Matrix
 [[0.    	0.84  	0.    	0.    	0.    ]
 [0.8611	0.    	0.    	0.    	0.    ]
 [0.    	0.    	0.    	0.    	0.    ]
 [0.    	0.    	0.    	0.    	0.    ]
 [0.    	0.    	0.    	0.    	0.    ]]
2026-03-19 14:43:02,118 - INFO - Epoch 0 saved.
