2026-03-19 14:43:02,537 - INFO - Epoch 0, Train loss: 0.0
2026-03-19 14:43:02,538 - INFO - mIoU: 0.9403; OA: 0.9904; AA: 0.9843; F1: 0.9682; cls_weighted_F1: 0.9904; Kappa: 0.9831;
2026-03-19 14:43:02,538 - INFO - spatial_LccAccuracy: 0.91; spatial_PA: 0.976; spatial_UA: 0.9876; spatial_F1: 0.9818; weighted_F1: 0.919
2026-03-19 14:43:02,538 - INFO - temporal_CdAccuracy: 0.9127; temporal_PA: 0.9692; temporal_UA: 0.9395; temporal_F1: 0.9541
2026-03-19 14:43:02,539 - INFO - Confusion Matrix
 [24631.	  176.	    2.	    4.	    0.]
 [  144.	12803.	   37.	    0.	    0.]
 [    9.	   45.	  888.	    0.	    0.]
 [    0.	    0.	    0.	   21.	    0.]
 [    0.	    0.	    0.	    0.	 4560.]
2026-03-19 14:43:02,539 - INFO - Change Type PA (Recall) Matrix
 [[0.    	0.9738	0.8293	0.8571	0.    ]
 [0.9726	0.    	0.863 	0.    	0.    ]
 [0.    	0.    	0.    	0.    	0.    ]
 [0.    	0.    	0.    	0.    	0.    ]
 [0.    	0.    	0.    	0.    	0.    ]]
2026-03-19 14:43:02,540 - INFO - Change Type UA (Precision) Matrix
 [[0.    	0.9331	0.7727	0.75  	0.    ]
 [0.7889	0.    	0.8514	0.    	0.    ]
 [0.    	0.    	0.    	0.    	0.    ]
 [0.    	0.    	0.    	0.    	0.    ]
 [0.    	0.    	0.    	0.    	0.    ]]
2026-03-19 14:43:02,540 - INFO - Change Type F1 Matrix
 [[0.    	0.953 	0.8   	0.8   	0.    ]
 [0.8712	0.    	0.8571	0.    	0.    ]
 [0.    	0.    	0.    	0.    	0.    ]
 [0.    	0.    	0.    	0.    	0.    ]
 [0.    	0.    	0.    	0.    	0.    ]]
2026-03-19 14:43:02,542 - INFO - Epoch 0 saved.
