2026-03-19 14:43:02,916 - INFO - Epoch 0, Train loss: 0.0
2026-03-19 14:43:02,916 - INFO - mIoU: 0.6433; OA: 0.9773; AA: 0.8969; F1: 0.9168; cls_weighted_F1: 0.9771; Kappa: 0.9535;
2026-03-19 14:43:02,916 - INFO - spatial_LccAccuracy: 0.7663; spatial_PA: 1.0; spatial_UA: 1.0; spatial_F1: 1.0; weighted_F1: 0.9296
2026-03-19 14:43:02,916 - INFO - temporal_CdAccuracy: 0.7663; temporal_PA: 0.9446; temporal_UA: 0.9358; temporal_F1: 0.9402
2026-03-19 14:43:02,916 - INFO - Confusion Matrix
 [14229.	  571.	    0.	    2.	    0.]
 [  132.	21406.	   41.	    0.	    0.]
 [    0.	   89.	  250.	    0.	    0.]
 [    0.	    0.	    0.	    0.	    0.]
 [    0.	    0.	    0.	    0.	    0.]
2026-03-19 14:43:02,916 - INFO - Change Type PA (Recall) Matrix
 [[0.    	0.9459	0.    	0.    	0.    ]
 [0.9288	0.    	0.9455	0.    	0.    ]
 [0.    	0.875 	0.    	0.    	0.    ]
 [0.    	0.    	0.    	0.    	0.    ]
 [0.    	0.    	0.    	0.    	0.    ]]
2026-03-19 14:43:02,917 - INFO - Change Type UA (Precision) Matrix
 [[0.    	0.9413	0.    	0.    	0.    ]
 [0.8782	0.    	0.9286	0.    	0.    ]
 [0.    	0.7368	0.    	0.    	0.    ]
 [0.    	0.    	0.    	0.    	0.    ]
 [0.    	0.    	0.    	0.    	0.    ]]
2026-03-19 14:43:02,917 - INFO - Change Type F1 Matrix
 [[0.    	0.9436	0.    	0.    	0.    ]
 [0.9028	0.    	0.9369	0.    	0.    ]
 [0.    	0.8   	0.    	0.    	0.    ]
 [0.    	0.    	0.    	0.    	0.    ]
 [0.    	0.    	0.    	0.    	0.    ]]
2026-03-19 14:43:02,917 - INFO - Epoch 0 saved.
