2026-03-19 14:43:03,170 - INFO - Epoch 0, Train loss: 0.0
2026-03-19 14:43:03,170 - INFO - mIoU: 0.9722; OA: 0.9961; AA: 0.9863; F1: 0.9858; cls_weighted_F1: 0.9961; Kappa: 0.9874;
2026-03-19 14:43:03,171 - INFO - spatial_LccAccuracy: 0.9241; spatial_PA: 0.9968; spatial_UA: 0.9841; spatial_F1: 0.9904; weighted_F1: 0.9374
2026-03-19 14:43:03,171 - INFO - temporal_CdAccuracy: 0.9539; temporal_PA: 0.9914; temporal_UA: 0.9815; temporal_F1: 0.9864
2026-03-19 14:43:03,171 - INFO - Confusion Matrix
 [18107.	   15.	    0.	    2.	    0.]
 [    3.	 2726.	    0.	   33.	    0.]
 [    0.	    0.	    0.	    0.	    0.]
 [    5.	   29.	    0.	 1220.	    0.]
 [    0.	    0.	    0.	    0.	    0.]
2026-03-19 14:43:03,172 - INFO - Change Type PA (Recall) Matrix
 [[0.    	0.9292	0.    	0.9333	0.    ]
 [1.    	0.    	0.    	0.    	0.    ]
 [0.    	0.    	0.    	0.    	0.    ]
 [0.    	0.9821	0.    	0.    	0.    ]
 [0.    	0.    	0.    	0.    	0.    ]]
2026-03-19 14:43:03,172 - INFO - Change Type UA (Precision) Matrix
 [[0.    	0.913 	0.    	0.9479	0.    ]
 [0.7778	0.    	0.    	0.    	0.    ]
 [0.    	0.    	0.    	0.    	0.    ]
 [0.    	0.9244	0.    	0.    	0.    ]
 [0.    	0.    	0.    	0.    	0.    ]]
2026-03-19 14:43:03,173 - INFO - Change Type F1 Matrix
 [[0.    	0.9211	0.    	0.9406	0.    ]
 [0.875 	0.    	0.    	0.    	0.    ]
 [0.    	0.    	0.    	0.    	0.    ]
 [0.    	0.9524	0.    	0.    	0.    ]
 [0.    	0.    	0.    	0.    	0.    ]]
2026-03-19 14:43:03,173 - INFO - Epoch 0 saved.
