2026-03-19 14:43:03,323 - INFO - Epoch 0, Train loss: 0.0
2026-03-19 14:43:03,323 - INFO - mIoU: 0.9548; OA: 0.9743; AA: 0.9754; F1: 0.9769; cls_weighted_F1: 0.9744; Kappa: 0.9569;
2026-03-19 14:43:03,323 - INFO - spatial_LccAccuracy: 0.787; spatial_PA: 0.9811; spatial_UA: 0.9944; spatial_F1: 0.9877; weighted_F1: 0.8651
2026-03-19 14:43:03,324 - INFO - temporal_CdAccuracy: 0.787; temporal_PA: 0.9467; temporal_UA: 0.8935; temporal_F1: 0.9194
2026-03-19 14:43:03,324 - INFO - Confusion Matrix
 [5960.	 201.	   0.	   4.	   0.]
 [  87.	6030.	  20.	   2.	   0.]
 [   0.	  33.	1048.	   0.	   0.]
 [   6.	   1.	   0.	 408.	   0.]
 [   0.	   0.	   0.	   0.	   0.]
2026-03-19 14:43:03,324 - INFO - Change Type PA (Recall) Matrix
 [[0.    	0.9306	0.    	1.    	0.    ]
 [0.9516	0.    	0.7931	0.    	0.    ]
 [0.    	0.9268	0.    	0.    	0.    ]
 [0.    	0.    	0.    	0.    	0.    ]
 [0.    	0.    	0.    	0.    	0.    ]]
2026-03-19 14:43:03,325 - INFO - Change Type UA (Precision) Matrix
 [[0.    	0.8221	0.    	1.    	0.    ]
 [0.7024	0.    	0.7188	0.    	0.    ]
 [0.    	0.9048	0.    	0.    	0.    ]
 [0.    	0.    	0.    	0.    	0.    ]
 [0.    	0.    	0.    	0.    	0.    ]]
2026-03-19 14:43:03,325 - INFO - Change Type F1 Matrix
 [[0.    	0.873 	0.    	1.    	0.    ]
 [0.8082	0.    	0.7541	0.    	0.    ]
 [0.    	0.9157	0.    	0.    	0.    ]
 [0.    	0.    	0.    	0.    	0.    ]
 [0.    	0.    	0.    	0.    	0.    ]]
2026-03-19 14:43:03,326 - INFO - Epoch 0 saved.
