2026-03-19 14:42:51,760 - INFO - Epoch 0, Train loss: 0.0
2026-03-19 14:42:51,761 - INFO - mIoU: 0.8665; OA: 0.9618; AA: 0.9387; F1: 0.9271; cls_weighted_F1: 0.9617; Kappa: 0.9283;
2026-03-19 14:42:51,761 - INFO - spatial_LccAccuracy: 0.8087; spatial_PA: 0.8207; spatial_UA: 0.9325; spatial_F1: 0.873; weighted_F1: 0.9132
2026-03-19 14:42:51,761 - INFO - temporal_CdAccuracy: 0.8087; temporal_PA: 0.9368; temporal_UA: 0.8996; temporal_F1: 0.9178
2026-03-19 14:42:51,761 - INFO - Confusion Matrix
 [15287.	  319.	    0.	    0.	   19.]
 [  721.	16800.	   66.	    0.	   27.]
 [    0.	    2.	  291.	    0.	    0.]
 [    0.	    0.	    0.	    0.	    0.]
 [    1.	  164.	    0.	    0.	  803.]
2026-03-19 14:42:51,762 - INFO - Change Type PA (Recall) Matrix
 [[0.    	0.9667	0.    	0.    	0.    ]
 [0.5455	0.    	1.    	0.    	0.8182]
 [0.    	1.    	0.    	0.    	0.    ]
 [0.    	0.    	0.    	0.    	0.    ]
 [0.    	0.    	0.    	0.    	0.    ]]
2026-03-19 14:42:51,763 - INFO - Change Type UA (Precision) Matrix
 [[0.    	0.9114	0.    	0.    	0.    ]
 [0.3429	0.    	0.913 	0.    	0.7759]
 [0.    	0.9545	0.    	0.    	0.    ]
 [0.    	0.    	0.    	0.    	0.    ]
 [0.    	0.    	0.    	0.    	0.    ]]
2026-03-19 14:42:51,764 - INFO - Change Type F1 Matrix
 [[0.    	0.9383	0.    	0.    	0.    ]
 [0.4211	0.    	0.9545	0.    	0.7965]
 [0.    	0.9767	0.    	0.    	0.    ]
 [0.    	0.    	0.    	0.    	0.    ]
 [0.    	0.    	0.    	0.    	0.    ]]
2026-03-19 14:42:51,764 - INFO - Epoch 0 saved.
