2026-03-19 14:42:51,845 - INFO - Epoch 0, Train loss: 0.0
2026-03-19 14:42:51,845 - INFO - mIoU: 0.9663; OA: 0.9902; AA: 0.9832; F1: 0.9827; cls_weighted_F1: 0.9902; Kappa: 0.982;
2026-03-19 14:42:51,846 - INFO - spatial_LccAccuracy: 0.9127; spatial_PA: 1.0; spatial_UA: 1.0; spatial_F1: 1.0; weighted_F1: 0.9689
2026-03-19 14:42:51,846 - INFO - temporal_CdAccuracy: 0.9127; temporal_PA: 0.9422; temporal_UA: 0.9262; temporal_F1: 0.9342
2026-03-19 14:42:51,847 - INFO - Confusion Matrix
 [1540.	  47.	   0.	   0.	   0.]
 [  27.	1266.	   0.	   0.	   0.]
 [   0.	   0.	   0.	   0.	   0.]
 [   0.	   0.	   0.	   0.	   0.]
 [   0.	   0.	   0.	   0.	4680.]
2026-03-19 14:42:51,848 - INFO - Change Type PA (Recall) Matrix
 [[0.    	0.9792	0.    	0.    	0.    ]
 [1.    	0.    	0.    	0.    	0.    ]
 [0.    	0.    	0.    	0.    	0.    ]
 [0.    	0.    	0.    	0.    	0.    ]
 [0.    	0.    	0.    	0.    	0.    ]]
2026-03-19 14:42:51,849 - INFO - Change Type UA (Precision) Matrix
 [[0.    	0.9592	0.    	0.    	0.    ]
 [0.9394	0.    	0.    	0.    	0.    ]
 [0.    	0.    	0.    	0.    	0.    ]
 [0.    	0.    	0.    	0.    	0.    ]
 [0.    	0.    	0.    	0.    	0.    ]]
2026-03-19 14:42:51,849 - INFO - Change Type F1 Matrix
 [[0.    	0.9691	0.    	0.    	0.    ]
 [0.9688	0.    	0.    	0.    	0.    ]
 [0.    	0.    	0.    	0.    	0.    ]
 [0.    	0.    	0.    	0.    	0.    ]
 [0.    	0.    	0.    	0.    	0.    ]]
2026-03-19 14:42:51,849 - INFO - Epoch 0 saved.
