2026-03-19 14:42:52,219 - INFO - Epoch 0, Train loss: 0.0
2026-03-19 14:42:52,219 - INFO - mIoU: 0.9358; OA: 0.9911; AA: 0.9887; F1: 0.9654; cls_weighted_F1: 0.9911; Kappa: 0.9843;
2026-03-19 14:42:52,220 - INFO - spatial_LccAccuracy: 0.9266; spatial_PA: 0.978; spatial_UA: 0.9886; spatial_F1: 0.9833; weighted_F1: 0.9495
2026-03-19 14:42:52,220 - INFO - temporal_CdAccuracy: 0.9307; temporal_PA: 0.9796; temporal_UA: 0.9677; temporal_F1: 0.9736
2026-03-19 14:42:52,220 - INFO - Confusion Matrix
 [24678.	  129.	    1.	    5.	    0.]
 [  165.	12764.	   55.	    0.	    0.]
 [    9.	   23.	  910.	    0.	    0.]
 [    0.	    0.	    0.	   21.	    0.]
 [    0.	    0.	    0.	    0.	 4560.]
2026-03-19 14:42:52,221 - INFO - Change Type PA (Recall) Matrix
 [[0.    	0.976 	0.9268	1.    	0.    ]
 [0.9178	0.    	0.9452	0.    	0.    ]
 [0.    	0.    	0.    	0.    	0.    ]
 [0.    	0.    	0.    	0.    	0.    ]
 [0.    	0.    	0.    	0.    	0.    ]]
2026-03-19 14:42:52,221 - INFO - Change Type UA (Precision) Matrix
 [[0.    	0.9551	0.9048	0.7778	0.    ]
 [0.9571	0.    	0.8846	0.    	0.    ]
 [0.    	0.    	0.    	0.    	0.    ]
 [0.    	0.    	0.    	0.    	0.    ]
 [0.    	0.    	0.    	0.    	0.    ]]
2026-03-19 14:42:52,222 - INFO - Change Type F1 Matrix
 [[0.    	0.9654	0.9157	0.875 	0.    ]
 [0.9371	0.    	0.9139	0.    	0.    ]
 [0.    	0.    	0.    	0.    	0.    ]
 [0.    	0.    	0.    	0.    	0.    ]
 [0.    	0.    	0.    	0.    	0.    ]]
2026-03-19 14:42:52,222 - INFO - Epoch 0 saved.
