2026-03-19 14:42:52,562 - INFO - Epoch 0, Train loss: 0.0
2026-03-19 14:42:52,563 - INFO - mIoU: 0.8563; OA: 0.9801; AA: 0.9019; F1: 0.9149; cls_weighted_F1: 0.98; Kappa: 0.9595;
2026-03-19 14:42:52,564 - INFO - spatial_LccAccuracy: 0.8072; spatial_PA: 1.0; spatial_UA: 1.0; spatial_F1: 1.0; weighted_F1: 0.9408
2026-03-19 14:42:52,564 - INFO - temporal_CdAccuracy: 0.8072; temporal_PA: 0.951; temporal_UA: 0.9479; temporal_F1: 0.9495
2026-03-19 14:42:52,564 - INFO - Confusion Matrix
 [14426.	  376.	    0.	    0.	    0.]
 [  212.	21313.	   54.	    0.	    0.]
 [    0.	   87.	  252.	    0.	    0.]
 [    0.	    0.	    0.	    0.	    0.]
 [    0.	    0.	    0.	    0.	    0.]
2026-03-19 14:42:52,565 - INFO - Change Type PA (Recall) Matrix
 [[0.    	0.9582	0.    	0.    	0.    ]
 [0.9205	0.    	0.9091	0.    	0.    ]
 [0.    	0.875 	0.    	0.    	0.    ]
 [0.    	0.    	0.    	0.    	0.    ]
 [0.    	0.    	0.    	0.    	0.    ]]
2026-03-19 14:42:52,566 - INFO - Change Type UA (Precision) Matrix
 [[0.    	0.9535	0.    	0.    	0.    ]
 [0.913 	0.    	0.9259	0.    	0.    ]
 [0.    	0.7368	0.    	0.    	0.    ]
 [0.    	0.    	0.    	0.    	0.    ]
 [0.    	0.    	0.    	0.    	0.    ]]
2026-03-19 14:42:52,566 - INFO - Change Type F1 Matrix
 [[0.    	0.9559	0.    	0.    	0.    ]
 [0.9168	0.    	0.9174	0.    	0.    ]
 [0.    	0.8   	0.    	0.    	0.    ]
 [0.    	0.    	0.    	0.    	0.    ]
 [0.    	0.    	0.    	0.    	0.    ]]
2026-03-19 14:42:52,567 - INFO - Epoch 0 saved.
