2026-03-19 14:42:52,756 - INFO - Epoch 0, Train loss: 0.0
2026-03-19 14:42:52,756 - INFO - mIoU: 0.969; OA: 0.9954; AA: 0.9861; F1: 0.9841; cls_weighted_F1: 0.9954; Kappa: 0.9854;
2026-03-19 14:42:52,757 - INFO - spatial_LccAccuracy: 0.9187; spatial_PA: 0.9918; spatial_UA: 0.9984; spatial_F1: 0.9951; weighted_F1: 0.9463
2026-03-19 14:42:52,757 - INFO - temporal_CdAccuracy: 0.9621; temporal_PA: 0.9915; temporal_UA: 0.9837; temporal_F1: 0.9876
2026-03-19 14:42:52,757 - INFO - Confusion Matrix
 [18104.	   13.	    0.	    7.	    0.]
 [   13.	 2707.	    0.	   42.	    0.]
 [    0.	    0.	    0.	    0.	    0.]
 [    0.	   26.	    0.	 1228.	    0.]
 [    0.	    0.	    0.	    0.	    0.]
2026-03-19 14:42:52,758 - INFO - Change Type PA (Recall) Matrix
 [[0.    	0.9027	0.    	0.9538	0.    ]
 [1.    	0.    	0.    	0.    	0.    ]
 [0.    	0.    	0.    	0.    	0.    ]
 [0.    	1.    	0.    	0.    	0.    ]
 [0.    	0.    	0.    	0.    	0.    ]]
2026-03-19 14:42:52,759 - INFO - Change Type UA (Precision) Matrix
 [[0.    	0.9107	0.    	0.9442	0.    ]
 [1.    	0.    	0.    	0.    	0.    ]
 [0.    	0.    	0.    	0.    	0.    ]
 [0.    	0.9573	0.    	0.    	0.    ]
 [0.    	0.    	0.    	0.    	0.    ]]
2026-03-19 14:42:52,760 - INFO - Change Type F1 Matrix
 [[0.    	0.9067	0.    	0.949 	0.    ]
 [1.    	0.    	0.    	0.    	0.    ]
 [0.    	0.    	0.    	0.    	0.    ]
 [0.    	0.9782	0.    	0.    	0.    ]
 [0.    	0.    	0.    	0.    	0.    ]]
2026-03-19 14:42:52,760 - INFO - Epoch 0 saved.
