2026-03-19 14:42:52,885 - INFO - Epoch 0, Train loss: 0.0
2026-03-19 14:42:52,886 - INFO - mIoU: 0.9635; OA: 0.9774; AA: 0.9826; F1: 0.9813; cls_weighted_F1: 0.9774; Kappa: 0.962;
2026-03-19 14:42:52,886 - INFO - spatial_LccAccuracy: 0.7957; spatial_PA: 0.9717; spatial_UA: 0.9917; spatial_F1: 0.9816; weighted_F1: 0.8739
2026-03-19 14:42:52,887 - INFO - temporal_CdAccuracy: 0.7957; temporal_PA: 0.9516; temporal_UA: 0.8978; temporal_F1: 0.9239
2026-03-19 14:42:52,887 - INFO - Confusion Matrix
 [6051.	 111.	   0.	   3.	   0.]
 [ 146.	5964.	  29.	   0.	   0.]
 [   0.	  22.	1059.	   0.	   0.]
 [   1.	   0.	   0.	 414.	   0.]
 [   0.	   0.	   0.	   0.	   0.]
2026-03-19 14:42:52,888 - INFO - Change Type PA (Recall) Matrix
 [[0.    	0.9375	0.    	1.    	0.    ]
 [1.    	0.    	0.7241	0.    	0.    ]
 [0.    	0.9512	0.    	0.    	0.    ]
 [0.    	0.    	0.    	0.    	0.    ]
 [0.    	0.    	0.    	0.    	0.    ]]
2026-03-19 14:42:52,889 - INFO - Change Type UA (Precision) Matrix
 [[0.    	0.8491	0.    	1.    	0.    ]
 [0.7381	0.    	0.6774	0.    	0.    ]
 [0.    	0.8478	0.    	0.    	0.    ]
 [0.    	0.    	0.    	0.    	0.    ]
 [0.    	0.    	0.    	0.    	0.    ]]
2026-03-19 14:42:52,889 - INFO - Change Type F1 Matrix
 [[0.    	0.8911	0.    	1.    	0.    ]
 [0.8493	0.    	0.7   	0.    	0.    ]
 [0.    	0.8966	0.    	0.    	0.    ]
 [0.    	0.    	0.    	0.    	0.    ]
 [0.    	0.    	0.    	0.    	0.    ]]
2026-03-19 14:42:52,890 - INFO - Epoch 0 saved.
