2026-03-19 14:45:48,053 - INFO - Epoch 0, Train loss: 0.0
2026-03-19 14:45:48,053 - INFO - mIoU: 0.6724; OA: 0.9549; AA: 0.9203; F1: 0.9109; cls_weighted_F1: 0.9549; Kappa: 0.9153;
2026-03-19 14:45:48,054 - INFO - spatial_LccAccuracy: 0.7443; spatial_PA: 0.7807; spatial_UA: 0.977; spatial_F1: 0.8679; weighted_F1: 0.8855
2026-03-19 14:45:48,054 - INFO - temporal_CdAccuracy: 0.7443; temporal_PA: 0.9132; temporal_UA: 0.8497; temporal_F1: 0.8803
2026-03-19 14:45:48,054 - INFO - Confusion Matrix
 [15157.	  424.	    0.	    1.	   43.]
 [  778.	16755.	   61.	    4.	   16.]
 [    0.	    1.	  292.	    0.	    0.]
 [    0.	    0.	    0.	    0.	    0.]
 [   20.	  185.	   11.	   13.	  739.]
2026-03-19 14:45:48,054 - INFO - Change Type PA (Recall) Matrix
 [[0.    	0.9667	0.    	0.    	0.    ]
 [0.6818	0.    	1.    	0.    	0.7091]
 [0.    	1.    	0.    	0.    	0.    ]
 [0.    	0.    	0.    	0.    	0.    ]
 [0.    	0.    	0.    	0.    	0.    ]]
2026-03-19 14:45:48,054 - INFO - Change Type UA (Precision) Matrix
 [[0.    	0.8682	0.    	0.    	0.    ]
 [0.2113	0.    	0.84  	0.    	0.8298]
 [0.    	0.913 	0.    	0.    	0.    ]
 [0.    	0.    	0.    	0.    	0.    ]
 [0.    	0.    	0.    	0.    	0.    ]]
2026-03-19 14:45:48,055 - INFO - Change Type F1 Matrix
 [[0.    	0.9148	0.    	0.    	0.    ]
 [0.3226	0.    	0.913 	0.    	0.7647]
 [0.    	0.9545	0.    	0.    	0.    ]
 [0.    	0.    	0.    	0.    	0.    ]
 [0.    	0.    	0.    	0.    	0.    ]]
2026-03-19 14:45:48,055 - INFO - Epoch 0 saved.
