2026-03-19 14:45:48,113 - INFO - Epoch 0, Train loss: 0.0
2026-03-19 14:45:48,114 - INFO - mIoU: 0.9502; OA: 0.9853; AA: 0.9749; F1: 0.9741; cls_weighted_F1: 0.9853; Kappa: 0.973;
2026-03-19 14:45:48,114 - INFO - spatial_LccAccuracy: 0.873; spatial_PA: 1.0; spatial_UA: 1.0; spatial_F1: 1.0; weighted_F1: 0.9168
2026-03-19 14:45:48,114 - INFO - temporal_CdAccuracy: 0.873; temporal_PA: 0.9226; temporal_UA: 0.8756; temporal_F1: 0.8985
2026-03-19 14:45:48,114 - INFO - Confusion Matrix
 [1513.	  74.	   0.	   0.	   0.]
 [  37.	1256.	   0.	   0.	   0.]
 [   0.	   0.	   0.	   0.	   0.]
 [   0.	   0.	   0.	   0.	   0.]
 [   0.	   0.	   0.	   0.	4680.]
2026-03-19 14:45:48,115 - INFO - Change Type PA (Recall) Matrix
 [[0.    	0.9583	0.    	0.    	0.    ]
 [1.    	0.    	0.    	0.    	0.    ]
 [0.    	0.    	0.    	0.    	0.    ]
 [0.    	0.    	0.    	0.    	0.    ]
 [0.    	0.    	0.    	0.    	0.    ]]
2026-03-19 14:45:48,115 - INFO - Change Type UA (Precision) Matrix
 [[0.    	0.8846	0.    	0.    	0.    ]
 [0.8378	0.    	0.    	0.    	0.    ]
 [0.    	0.    	0.    	0.    	0.    ]
 [0.    	0.    	0.    	0.    	0.    ]
 [0.    	0.    	0.    	0.    	0.    ]]
2026-03-19 14:45:48,116 - INFO - Change Type F1 Matrix
 [[0.    	0.92  	0.    	0.    	0.    ]
 [0.9118	0.    	0.    	0.    	0.    ]
 [0.    	0.    	0.    	0.    	0.    ]
 [0.    	0.    	0.    	0.    	0.    ]
 [0.    	0.    	0.    	0.    	0.    ]]
2026-03-19 14:45:48,116 - INFO - Epoch 0 saved.
