2026-03-19 14:45:48,425 - INFO - Epoch 0, Train loss: 0.0
2026-03-19 14:45:48,426 - INFO - mIoU: 0.8858; OA: 0.9883; AA: 0.9894; F1: 0.9328; cls_weighted_F1: 0.9884; Kappa: 0.9795;
2026-03-19 14:45:48,426 - INFO - spatial_LccAccuracy: 0.8892; spatial_PA: 0.988; spatial_UA: 0.9937; spatial_F1: 0.9909; weighted_F1: 0.8897
2026-03-19 14:45:48,426 - INFO - temporal_CdAccuracy: 0.8947; temporal_PA: 0.9526; temporal_UA: 0.9485; temporal_F1: 0.9505
2026-03-19 14:45:48,427 - INFO - Confusion Matrix
 [24650.	  149.	    3.	   11.	    0.]
 [  201.	12660.	  123.	    0.	    0.]
 [    3.	   14.	  922.	    2.	    1.]
 [    0.	    0.	    0.	   21.	    0.]
 [    0.	    0.	    0.	    0.	 4560.]
2026-03-19 14:45:48,428 - INFO - Change Type PA (Recall) Matrix
 [[0.    	0.9127	0.9756	0.8571	0.    ]
 [0.8493	0.    	0.7808	0.    	0.    ]
 [0.    	0.    	0.    	0.    	0.    ]
 [0.    	0.    	0.    	0.    	0.    ]
 [0.    	0.    	0.    	0.    	0.    ]]
2026-03-19 14:45:48,429 - INFO - Change Type UA (Precision) Matrix
 [[0.    	0.9393	0.678 	0.6667	0.    ]
 [0.7949	0.    	0.8636	0.    	0.    ]
 [0.    	0.    	0.    	0.    	0.    ]
 [0.    	0.    	0.    	0.    	0.    ]
 [0.    	0.    	0.    	0.    	0.    ]]
2026-03-19 14:45:48,430 - INFO - Change Type F1 Matrix
 [[0.    	0.9258	0.8   	0.75  	0.    ]
 [0.8212	0.    	0.8201	0.    	0.    ]
 [0.    	0.    	0.    	0.    	0.    ]
 [0.    	0.    	0.    	0.    	0.    ]
 [0.    	0.    	0.    	0.    	0.    ]]
2026-03-19 14:45:48,430 - INFO - Epoch 0 saved.
