2026-03-19 14:45:48,712 - INFO - Epoch 0, Train loss: 0.0
2026-03-19 14:45:48,713 - INFO - mIoU: 0.6465; OA: 0.9798; AA: 0.9403; F1: 0.9191; cls_weighted_F1: 0.9799; Kappa: 0.9589;
2026-03-19 14:45:48,713 - INFO - spatial_LccAccuracy: 0.7925; spatial_PA: 1.0; spatial_UA: 1.0; spatial_F1: 1.0; weighted_F1: 0.9329
2026-03-19 14:45:48,713 - INFO - temporal_CdAccuracy: 0.7925; temporal_PA: 0.9495; temporal_UA: 0.9407; temporal_F1: 0.9451
2026-03-19 14:45:48,713 - INFO - Confusion Matrix
 [14421.	  378.	    0.	    3.	    0.]
 [  211.	21264.	  104.	    0.	    0.]
 [    0.	   47.	  292.	    0.	    0.]
 [    0.	    0.	    0.	    0.	    0.]
 [    0.	    0.	    0.	    0.	    0.]
2026-03-19 14:45:48,715 - INFO - Change Type PA (Recall) Matrix
 [[0.    	0.9582	0.    	0.    	0.    ]
 [0.9397	0.    	0.9818	0.    	0.    ]
 [0.    	0.1875	0.    	0.    	0.    ]
 [0.    	0.    	0.    	0.    	0.    ]
 [0.    	0.    	0.    	0.    	0.    ]]
2026-03-19 14:45:48,716 - INFO - Change Type UA (Precision) Matrix
 [[0.    	0.9455	0.    	0.    	0.    ]
 [0.8932	0.    	0.9474	0.    	0.    ]
 [0.    	0.375 	0.    	0.    	0.    ]
 [0.    	0.    	0.    	0.    	0.    ]
 [0.    	0.    	0.    	0.    	0.    ]]
2026-03-19 14:45:48,716 - INFO - Change Type F1 Matrix
 [[0.    	0.9518	0.    	0.    	0.    ]
 [0.9159	0.    	0.9643	0.    	0.    ]
 [0.    	0.25  	0.    	0.    	0.    ]
 [0.    	0.    	0.    	0.    	0.    ]
 [0.    	0.    	0.    	0.    	0.    ]]
2026-03-19 14:45:48,716 - INFO - Epoch 0 saved.
