2026-03-19 14:45:48,892 - INFO - Epoch 0, Train loss: 0.0
2026-03-19 14:45:48,892 - INFO - mIoU: 0.9708; OA: 0.9954; AA: 0.9859; F1: 0.9851; cls_weighted_F1: 0.9954; Kappa: 0.9853;
2026-03-19 14:45:48,892 - INFO - spatial_LccAccuracy: 0.8835; spatial_PA: 0.9836; spatial_UA: 0.9968; spatial_F1: 0.9901; weighted_F1: 0.9517
2026-03-19 14:45:48,892 - INFO - temporal_CdAccuracy: 0.897; temporal_PA: 0.9932; temporal_UA: 0.9576; temporal_F1: 0.9751
2026-03-19 14:45:48,892 - INFO - Confusion Matrix
 [18109.	   12.	    0.	    3.	    0.]
 [   21.	 2700.	    0.	   41.	    0.]
 [    0.	    0.	    0.	    0.	    0.]
 [    6.	   18.	    0.	 1230.	    0.]
 [    0.	    0.	    0.	    0.	    0.]
2026-03-19 14:45:48,893 - INFO - Change Type PA (Recall) Matrix
 [[0.    	0.9469	0.    	0.9487	0.    ]
 [0.8571	0.    	0.    	0.    	0.    ]
 [0.    	0.    	0.    	0.    	0.    ]
 [0.    	0.9911	0.    	0.    	0.    ]
 [0.    	0.    	0.    	0.    	0.    ]]
2026-03-19 14:45:48,894 - INFO - Change Type UA (Precision) Matrix
 [[0.    	0.9145	0.    	0.9487	0.    ]
 [0.6667	0.    	0.    	0.    	0.    ]
 [0.    	0.    	0.    	0.    	0.    ]
 [0.    	0.9911	0.    	0.    	0.    ]
 [0.    	0.    	0.    	0.    	0.    ]]
2026-03-19 14:45:48,895 - INFO - Change Type F1 Matrix
 [[0.    	0.9304	0.    	0.9487	0.    ]
 [0.75  	0.    	0.    	0.    	0.    ]
 [0.    	0.    	0.    	0.    	0.    ]
 [0.    	0.9911	0.    	0.    	0.    ]
 [0.    	0.    	0.    	0.    	0.    ]]
2026-03-19 14:45:48,895 - INFO - Epoch 0 saved.
