2026-03-19 14:45:49,010 - INFO - Epoch 0, Train loss: 0.0
2026-03-19 14:45:49,011 - INFO - mIoU: 0.9434; OA: 0.9704; AA: 0.9773; F1: 0.9708; cls_weighted_F1: 0.9705; Kappa: 0.9505;
2026-03-19 14:45:49,012 - INFO - spatial_LccAccuracy: 0.7652; spatial_PA: 0.9717; spatial_UA: 0.9917; spatial_F1: 0.9816; weighted_F1: 0.8926
2026-03-19 14:45:49,012 - INFO - temporal_CdAccuracy: 0.7652; temporal_PA: 0.9293; temporal_UA: 0.8887; temporal_F1: 0.9086
2026-03-19 14:45:49,012 - INFO - Confusion Matrix
 [5946.	 206.	   2.	  11.	   0.]
 [ 101.	5978.	  56.	   4.	   0.]
 [   0.	  26.	1055.	   0.	   0.]
 [   0.	   2.	   0.	 413.	   0.]
 [   0.	   0.	   0.	   0.	   0.]
2026-03-19 14:45:49,013 - INFO - Change Type PA (Recall) Matrix
 [[0.    	0.9514	0.    	0.9744	0.    ]
 [0.9516	0.    	0.8276	0.    	0.    ]
 [0.    	0.9512	0.    	0.    	0.    ]
 [0.    	0.    	0.    	0.    	0.    ]
 [0.    	0.    	0.    	0.    	0.    ]]
2026-03-19 14:45:49,014 - INFO - Change Type UA (Precision) Matrix
 [[0.    	0.8616	0.    	0.9744	0.    ]
 [0.7763	0.    	0.7742	0.    	0.    ]
 [0.    	0.9286	0.    	0.    	0.    ]
 [0.    	0.    	0.    	0.    	0.    ]
 [0.    	0.    	0.    	0.    	0.    ]]
2026-03-19 14:45:49,015 - INFO - Change Type F1 Matrix
 [[0.    	0.9043	0.    	0.9744	0.    ]
 [0.8551	0.    	0.8   	0.    	0.    ]
 [0.    	0.9398	0.    	0.    	0.    ]
 [0.    	0.    	0.    	0.    	0.    ]
 [0.    	0.    	0.    	0.    	0.    ]]
2026-03-19 14:45:49,015 - INFO - Epoch 0 saved.
