2026-01-29 22:27:59,082 - INFO - Epoch 0, Train loss: 0.0
2026-01-29 22:27:59,082 - INFO - mIoU: 0.6256; OA: 0.9498; AA: 0.8859; F1: 0.9053; Kappa: 0.9044;
2026-01-29 22:27:59,082 - INFO - spatial_LccAccuracy: 0.6792; spatial_PA: 0.807; spatial_UA: 0.9779; spatial_F1: 0.8843; weighted_F1: 0.8656
2026-01-29 22:27:59,082 - INFO - temporal_CdAccuracy: 0.6811; temporal_PA: 0.8661; temporal_UA: 0.8085; temporal_F1: 0.8363
2026-01-29 22:27:59,082 - INFO - Confusion Matrix
 [13702.	  511.	    0.	    0.	   68.]
 [  703.	15953.	   44.	    0.	   31.]
 [    0.	    0.	    0.	    0.	    0.]
 [    0.	    0.	    0.	    0.	    0.]
 [   14.	  233.	    0.	    0.	  721.]
2026-01-29 22:27:59,082 - INFO - Change Type PA (Recall) Matrix
 [[0.    	0.9638	0.    	0.    	0.    ]
 [0.3636	0.    	0.    	0.    	0.7273]
 [0.    	0.    	0.    	0.    	0.    ]
 [0.    	0.    	0.    	0.    	0.    ]
 [0.    	0.    	0.    	0.    	0.    ]]
2026-01-29 22:27:59,082 - INFO - Change Type UA (Precision) Matrix
 [[0.    	0.8692	0.    	0.    	0.    ]
 [0.1818	0.    	0.    	0.    	0.678 ]
 [0.    	0.    	0.    	0.    	0.    ]
 [0.    	0.    	0.    	0.    	0.    ]
 [0.    	0.    	0.    	0.    	0.    ]]
2026-01-29 22:27:59,082 - INFO - Change Type F1 Matrix
 [[0.    	0.9141	0.    	0.    	0.    ]
 [0.2424	0.    	0.    	0.    	0.7018]
 [0.    	0.    	0.    	0.    	0.    ]
 [0.    	0.    	0.    	0.    	0.    ]
 [0.    	0.    	0.    	0.    	0.    ]]
2026-01-29 22:27:59,082 - INFO - Epoch 0 saved.
