2026-01-29 22:27:59,453 - INFO - Epoch 0, Train loss: 0.0
2026-01-29 22:27:59,453 - INFO - mIoU: 0.6629; OA: 0.9761; AA: 0.6787; F1: 0.7001; Kappa: 0.9487;
2026-01-29 22:27:59,453 - INFO - spatial_LccAccuracy: 0.8165; spatial_PA: 0.9826; spatial_UA: 0.9896; spatial_F1: 0.9861; weighted_F1: 0.933
2026-01-29 22:27:59,453 - INFO - temporal_CdAccuracy: 0.8183; temporal_PA: 0.9417; temporal_UA: 0.9505; temporal_F1: 0.9461
2026-01-29 22:27:59,453 - INFO - Confusion Matrix
 [11638.	  460.	    0.	    0.	    0.]
 [  195.	20268.	    8.	    0.	    0.]
 [    2.	  118.	   11.	    0.	    0.]
 [    0.	    0.	    0.	    0.	    0.]
 [    0.	    0.	    0.	    0.	    0.]
2026-01-29 22:27:59,453 - INFO - Change Type PA (Recall) Matrix
 [[0.    	0.9493	0.    	0.    	0.    ]
 [0.8944	0.    	0.    	0.    	0.    ]
 [0.    	0.    	0.    	0.    	0.    ]
 [0.    	0.    	0.    	0.    	0.    ]
 [0.    	0.    	0.    	0.    	0.    ]]
2026-01-29 22:27:59,454 - INFO - Change Type UA (Precision) Matrix
 [[0.    	0.9601	0.    	0.    	0.    ]
 [0.9231	0.    	0.    	0.    	0.    ]
 [0.    	0.    	0.    	0.    	0.    ]
 [0.    	0.    	0.    	0.    	0.    ]
 [0.    	0.    	0.    	0.    	0.    ]]
2026-01-29 22:27:59,454 - INFO - Change Type F1 Matrix
 [[0.    	0.9547	0.    	0.    	0.    ]
 [0.9085	0.    	0.    	0.    	0.    ]
 [0.    	0.    	0.    	0.    	0.    ]
 [0.    	0.    	0.    	0.    	0.    ]
 [0.    	0.    	0.    	0.    	0.    ]]
2026-01-29 22:27:59,454 - INFO - Epoch 0 saved.
