2026-01-29 17:01:01,494 - INFO - Epoch 0, Train loss: 0.0
2026-01-29 17:01:01,495 - INFO - mIoU: 0.9626; OA: 0.9941; AA: 0.9822; F1: 0.9802; Kappa: 0.9899;
2026-01-29 17:01:01,495 - INFO - spatial_LccAccuracy: 0.9444; spatial_PA: 1.0; spatial_UA: 1.0; spatial_F1: 1.0; weighted_F1: 0.9483
2026-01-29 17:01:01,496 - INFO - temporal_CdAccuracy: 0.9498; temporal_PA: 0.9815; temporal_UA: 0.9706; temporal_F1: 0.976
2026-01-29 17:01:01,496 - INFO - Confusion Matrix
 [23329.	   35.	    0.	    0.	    0.]
 [  125.	15370.	   58.	    0.	    0.]
 [    8.	   35.	  700.	    0.	    0.]
 [    0.	    0.	    0.	    0.	    0.]
 [    0.	    0.	    0.	    0.	 4560.]
2026-01-29 17:01:01,496 - INFO - Change Type PA (Recall) Matrix
 [[0.    	0.9726	0.9318	0.    	0.    ]
 [0.9114	0.    	0.8947	0.    	0.    ]
 [0.    	0.    	0.    	0.    	0.    ]
 [0.    	0.    	0.    	0.    	0.    ]
 [0.    	0.    	0.    	0.    	0.    ]]
2026-01-29 17:01:01,498 - INFO - Change Type UA (Precision) Matrix
 [[0.    	0.9625	0.8723	0.    	0.    ]
 [0.9114	0.    	0.7907	0.    	0.    ]
 [0.    	0.    	0.    	0.    	0.    ]
 [0.    	0.    	0.    	0.    	0.    ]
 [0.    	0.    	0.    	0.    	0.    ]]
2026-01-29 17:01:01,498 - INFO - Change Type F1 Matrix
 [[0.    	0.9675	0.9011	0.    	0.    ]
 [0.9114	0.    	0.8395	0.    	0.    ]
 [0.    	0.    	0.    	0.    	0.    ]
 [0.    	0.    	0.    	0.    	0.    ]
 [0.    	0.    	0.    	0.    	0.    ]]
2026-01-29 17:01:01,498 - INFO - Epoch 0 saved.
