2026-01-29 17:01:01,956 - INFO - Epoch 0, Train loss: 0.0
2026-01-29 17:01:01,957 - INFO - mIoU: 0.9912; OA: 0.9985; AA: 0.9949; F1: 0.9956; Kappa: 0.9952;
2026-01-29 17:01:01,957 - INFO - spatial_LccAccuracy: 0.9811; spatial_PA: 1.0; spatial_UA: 1.0; spatial_F1: 1.0; weighted_F1: 0.9875
2026-01-29 17:01:01,957 - INFO - temporal_CdAccuracy: 0.9892; temporal_PA: 0.9974; temporal_UA: 0.995; temporal_F1: 0.9962
2026-01-29 17:01:01,958 - INFO - Confusion Matrix
 [18127.	    2.	    0.	    0.	    0.]
 [   15.	 2974.	    0.	    8.	    0.]
 [    0.	    0.	    0.	    0.	    0.]
 [    1.	    7.	    0.	 1066.	    0.]
 [    0.	    0.	    0.	    0.	    0.]
2026-01-29 17:01:01,959 - INFO - Change Type PA (Recall) Matrix
 [[0.    	0.9847	0.    	0.9882	0.    ]
 [1.    	0.    	0.    	0.    	0.    ]
 [0.    	0.    	0.    	0.    	0.    ]
 [0.    	1.    	0.    	0.    	0.    ]
 [0.    	0.    	0.    	0.    	0.    ]]
2026-01-29 17:01:01,959 - INFO - Change Type UA (Precision) Matrix
 [[0.    	0.9847	0.    	0.9882	0.    ]
 [1.    	0.    	0.    	0.    	0.    ]
 [0.    	0.    	0.    	0.    	0.    ]
 [0.    	0.9792	0.    	0.    	0.    ]
 [0.    	0.    	0.    	0.    	0.    ]]
2026-01-29 17:01:01,960 - INFO - Change Type F1 Matrix
 [[0.    	0.9847	0.    	0.9882	0.    ]
 [1.    	0.    	0.    	0.    	0.    ]
 [0.    	0.    	0.    	0.    	0.    ]
 [0.    	0.9895	0.    	0.    	0.    ]
 [0.    	0.    	0.    	0.    	0.    ]]
2026-01-29 17:01:01,960 - INFO - Epoch 0 saved.
