2025-12-13 21:54:07,600 - INFO - Epoch 0, Train loss: 0.0
2025-12-13 21:54:07,600 - INFO - mIoU: 0.5369; OA: 0.961; AA: 0.5658; F1: 0.5663; Kappa: 0.926;
2025-12-13 21:54:07,600 - INFO - spatial_LccAccuracy: 0.8874; spatial_PA: 0.8158; spatial_UA: 0.9789; spatial_F1: 0.8899
2025-12-13 21:54:07,600 - INFO - temporal_CdAccuracy: 0.8068; temporal_PA: 0.9299; temporal_UA: 0.8813; temporal_F1: 0.905
2025-12-13 21:54:07,601 - INFO - Confusion Matrix
 [14014.	  244.	    0.	    0.	   23.]
 [  819.	15846.	    4.	    0.	   62.]
 [    0.	    0.	    0.	    0.	    0.]
 [    0.	    0.	    0.	    0.	    0.]
 [    0.	   96.	    0.	    0.	  872.]
2025-12-13 21:54:07,601 - INFO - Change Type PA (Recall) Matrix
 [[0.    	0.9638	0.    	0.    	0.    ]
 [0.4545	0.    	0.    	0.    	0.8727]
 [0.    	0.    	0.    	0.    	0.    ]
 [0.    	0.    	0.    	0.    	0.    ]
 [0.    	0.    	0.    	0.    	0.    ]]
2025-12-13 21:54:07,602 - INFO - Change Type UA (Precision) Matrix
 [[0.    	0.9058	0.    	0.    	0.    ]
 [0.2703	0.    	0.    	0.    	0.8276]
 [0.    	0.    	0.    	0.    	0.    ]
 [0.    	0.    	0.    	0.    	0.    ]
 [0.    	0.    	0.    	0.    	0.    ]]
2025-12-13 21:54:07,602 - INFO - Change Type F1 Matrix
 [[0.    	0.9339	0.    	0.    	0.    ]
 [0.339 	0.    	0.    	0.    	0.8496]
 [0.    	0.    	0.    	0.    	0.    ]
 [0.    	0.    	0.    	0.    	0.    ]
 [0.    	0.    	0.    	0.    	0.    ]]
2025-12-13 21:54:07,602 - INFO - Epoch 0 saved.
