2025-12-13 21:54:08,027 - INFO - Epoch 0, Train loss: 0.0
2025-12-13 21:54:08,028 - INFO - mIoU: 0.7659; OA: 0.9931; AA: 0.7763; F1: 0.7819; Kappa: 0.9882;
2025-12-13 21:54:08,028 - INFO - spatial_LccAccuracy: 0.9512; spatial_PA: 0.998; spatial_UA: 0.999; spatial_F1: 0.9985
2025-12-13 21:54:08,028 - INFO - temporal_CdAccuracy: 0.9471; temporal_PA: 0.9728; temporal_UA: 0.9692; temporal_F1: 0.971
2025-12-13 21:54:08,030 - INFO - Confusion Matrix
 [23257.	  105.	    2.	    0.	    0.]
 [   77.	15446.	   30.	    0.	    0.]
 [    8.	   69.	  666.	    0.	    0.]
 [    0.	    0.	    0.	    0.	    0.]
 [   15.	    0.	    0.	    0.	 4545.]
2025-12-13 21:54:08,030 - INFO - Change Type PA (Recall) Matrix
 [[0.    	0.9705	0.8182	0.    	0.    ]
 [0.8608	0.    	0.9211	0.    	0.    ]
 [0.    	0.    	0.    	0.    	0.    ]
 [0.    	0.    	0.    	0.    	0.    ]
 [0.    	0.    	0.    	0.    	0.    ]]
2025-12-13 21:54:08,031 - INFO - Change Type UA (Precision) Matrix
 [[0.    	0.9584	0.9231	0.    	0.    ]
 [0.9067	0.    	0.875 	0.    	0.    ]
 [0.    	0.    	0.    	0.    	0.    ]
 [0.    	0.    	0.    	0.    	0.    ]
 [0.    	0.    	0.    	0.    	0.    ]]
2025-12-13 21:54:08,032 - INFO - Change Type F1 Matrix
 [[0.    	0.9644	0.8675	0.    	0.    ]
 [0.8831	0.    	0.8974	0.    	0.    ]
 [0.    	0.    	0.    	0.    	0.    ]
 [0.    	0.    	0.    	0.    	0.    ]
 [0.    	0.    	0.    	0.    	0.    ]]
2025-12-13 21:54:08,032 - INFO - Epoch 0 saved.
