2026-02-22 20:07:11,266 - INFO - Epoch 0, Train loss: 0.0
2026-02-22 20:07:11,266 - INFO - mIoU: 0.8466; OA: 0.9774; AA: 0.9362; F1: 0.9081; cls_weighted_F1: 0.9777; Kappa: 0.954;
2026-02-22 20:07:11,266 - INFO - spatial_LccAccuracy: 0.7492; spatial_PA: 0.9991; spatial_UA: 0.9919; spatial_F1: 0.9955; weighted_F1: 0.9288
2026-02-22 20:07:11,266 - INFO - temporal_CdAccuracy: 0.7508; temporal_PA: 0.9229; temporal_UA: 0.9247; temporal_F1: 0.9238
2026-02-22 20:07:11,266 - INFO - Confusion Matrix
 [13589.	  375.	    0.	    0.	    0.]
 [  228.	20693.	  141.	    0.	    0.]
 [    0.	   55.	  319.	    0.	    0.]
 [    0.	    0.	    0.	    0.	    0.]
 [    0.	    0.	    0.	    0.	    0.]
2026-02-22 20:07:11,266 - INFO - Change Type PA (Recall) Matrix
 [[0.    	0.943 	0.    	0.    	0.    ]
 [0.8944	0.    	0.9   	0.    	0.    ]
 [0.    	0.8235	0.    	0.    	0.    ]
 [0.    	0.    	0.    	0.    	0.    ]
 [0.    	0.    	0.    	0.    	0.    ]]
2026-02-22 20:07:11,266 - INFO - Change Type UA (Precision) Matrix
 [[0.    	0.9635	0.    	0.    	0.    ]
 [0.9172	0.    	0.7759	0.    	0.    ]
 [0.    	0.5   	0.    	0.    	0.    ]
 [0.    	0.    	0.    	0.    	0.    ]
 [0.    	0.    	0.    	0.    	0.    ]]
2026-02-22 20:07:11,267 - INFO - Change Type F1 Matrix
 [[0.    	0.9531	0.    	0.    	0.    ]
 [0.9057	0.    	0.8333	0.    	0.    ]
 [0.    	0.6222	0.    	0.    	0.    ]
 [0.    	0.    	0.    	0.    	0.    ]
 [0.    	0.    	0.    	0.    	0.    ]]
2026-02-22 20:07:11,267 - INFO - Epoch 0 saved.
