2025-12-13 21:54:08,511 - INFO - Epoch 0, Train loss: 0.0
2025-12-13 21:54:08,511 - INFO - mIoU: 0.5672; OA: 0.9926; AA: 0.5764; F1: 0.5828; Kappa: 0.9762;
2025-12-13 21:54:08,512 - INFO - spatial_LccAccuracy: 0.8622; spatial_PA: 0.9387; spatial_UA: 0.9711; spatial_F1: 0.9546
2025-12-13 21:54:08,512 - INFO - temporal_CdAccuracy: 0.9405; temporal_PA: 0.9917; temporal_UA: 0.9622; temporal_F1: 0.9768
2025-12-13 21:54:08,513 - INFO - Confusion Matrix
 [18099.	   28.	    0.	    0.	    2.]
 [   16.	 2981.	    0.	    0.	    0.]
 [    0.	    0.	    0.	    0.	    0.]
 [    4.	  114.	    0.	  955.	    1.]
 [    0.	    0.	    0.	    0.	    0.]
2025-12-13 21:54:08,514 - INFO - Change Type PA (Recall) Matrix
 [[0.    	1.    	0.    	0.7882	0.    ]
 [1.    	0.    	0.    	0.    	0.    ]
 [0.    	0.    	0.    	0.    	0.    ]
 [0.    	0.9787	0.    	0.    	0.    ]
 [0.    	0.    	0.    	0.    	0.    ]]
2025-12-13 21:54:08,515 - INFO - Change Type UA (Precision) Matrix
 [[0.    	0.7529	0.    	1.    	0.    ]
 [0.3333	0.    	0.    	0.    	0.    ]
 [0.    	0.    	0.    	0.    	0.    ]
 [0.    	0.92  	0.    	0.    	0.    ]
 [0.    	0.    	0.    	0.    	0.    ]]
2025-12-13 21:54:08,515 - INFO - Change Type F1 Matrix
 [[0.    	0.859 	0.    	0.8816	0.    ]
 [0.5   	0.    	0.    	0.    	0.    ]
 [0.    	0.    	0.    	0.    	0.    ]
 [0.    	0.9485	0.    	0.    	0.    ]
 [0.    	0.    	0.    	0.    	0.    ]]
2025-12-13 21:54:08,516 - INFO - Epoch 0 saved.
