2026-01-29 22:25:55,292 - INFO - Epoch 0, Train loss: 0.0
2026-01-29 22:25:55,292 - INFO - mIoU: 0.5189; OA: 0.9558; AA: 0.917; F1: 0.9254; Kappa: 0.9159;
2026-01-29 22:25:55,292 - INFO - spatial_LccAccuracy: 0.7317; spatial_PA: 0.807; spatial_UA: 0.9779; spatial_F1: 0.8843; weighted_F1: 0.8652
2026-01-29 22:25:55,292 - INFO - temporal_CdAccuracy: 0.7317; temporal_PA: 0.9001; temporal_UA: 0.8231; temporal_F1: 0.8598
2026-01-29 22:25:55,292 - INFO - Confusion Matrix
 [13802.	  418.	    0.	    0.	   61.]
 [  677.	15959.	   50.	    2.	   43.]
 [    0.	    0.	    0.	    0.	    0.]
 [    0.	    0.	    0.	    0.	    0.]
 [    7.	  156.	    1.	    0.	  804.]
2026-01-29 22:25:55,292 - INFO - Change Type PA (Recall) Matrix
 [[0.    	0.9574	0.    	0.    	0.    ]
 [0.5909	0.    	0.    	0.    	0.8   ]
 [0.    	0.    	0.    	0.    	0.    ]
 [0.    	0.    	0.    	0.    	0.    ]
 [0.    	0.    	0.    	0.    	0.    ]]
2026-01-29 22:25:55,294 - INFO - Change Type UA (Precision) Matrix
 [[0.    	0.8456	0.    	0.    	0.    ]
 [0.1781	0.    	0.    	0.    	0.8462]
 [0.    	0.    	0.    	0.    	0.    ]
 [0.    	0.    	0.    	0.    	0.    ]
 [0.    	0.    	0.    	0.    	0.    ]]
2026-01-29 22:25:55,294 - INFO - Change Type F1 Matrix
 [[0.    	0.898 	0.    	0.    	0.    ]
 [0.2737	0.    	0.    	0.    	0.8224]
 [0.    	0.    	0.    	0.    	0.    ]
 [0.    	0.    	0.    	0.    	0.    ]
 [0.    	0.    	0.    	0.    	0.    ]]
2026-01-29 22:25:55,294 - INFO - Epoch 0 saved.
