2026-01-29 22:25:55,663 - INFO - Epoch 0, Train loss: 0.0
2026-01-29 22:25:55,663 - INFO - mIoU: 0.6024; OA: 0.978; AA: 0.8355; F1: 0.873; Kappa: 0.9528;
2026-01-29 22:25:55,663 - INFO - spatial_LccAccuracy: 0.7963; spatial_PA: 0.9908; spatial_UA: 0.9908; spatial_F1: 0.9908; weighted_F1: 0.9319
2026-01-29 22:25:55,663 - INFO - temporal_CdAccuracy: 0.7982; temporal_PA: 0.9429; temporal_UA: 0.9429; temporal_F1: 0.9429
2026-01-29 22:25:55,663 - INFO - Confusion Matrix
 [11549.	  548.	    0.	    1.	    0.]
 [   97.	20358.	   16.	    0.	    0.]
 [    0.	   58.	   73.	    0.	    0.]
 [    0.	    0.	    0.	    0.	    0.]
 [    0.	    0.	    0.	    0.	    0.]
2026-01-29 22:25:55,663 - INFO - Change Type PA (Recall) Matrix
 [[0.    	0.9479	0.    	0.    	0.    ]
 [0.9068	0.    	0.6   	0.    	0.    ]
 [0.    	0.    	0.    	0.    	0.    ]
 [0.    	0.    	0.    	0.    	0.    ]
 [0.    	0.    	0.    	0.    	0.    ]]
2026-01-29 22:25:55,663 - INFO - Change Type UA (Precision) Matrix
 [[0.    	0.9546	0.    	0.    	0.    ]
 [0.9012	0.    	0.5   	0.    	0.    ]
 [0.    	0.    	0.    	0.    	0.    ]
 [0.    	0.    	0.    	0.    	0.    ]
 [0.    	0.    	0.    	0.    	0.    ]]
2026-01-29 22:25:55,663 - INFO - Change Type F1 Matrix
 [[0.    	0.9512	0.    	0.    	0.    ]
 [0.904 	0.    	0.5455	0.    	0.    ]
 [0.    	0.    	0.    	0.    	0.    ]
 [0.    	0.    	0.    	0.    	0.    ]
 [0.    	0.    	0.    	0.    	0.    ]]
2026-01-29 22:25:55,663 - INFO - Epoch 0 saved.
