2026-01-29 22:26:08,032 - INFO - Epoch 0, Train loss: 0.0
2026-01-29 22:26:08,034 - INFO - mIoU: 0.9525; OA: 0.9775; AA: 0.9719; F1: 0.9753; Kappa: 0.9586;
2026-01-29 22:26:08,034 - INFO - spatial_LccAccuracy: 0.8393; spatial_PA: 1.0; spatial_UA: 1.0; spatial_F1: 1.0; weighted_F1: 0.8953
2026-01-29 22:26:08,034 - INFO - temporal_CdAccuracy: 0.8393; temporal_PA: 0.9471; temporal_UA: 0.9034; temporal_F1: 0.9247
2026-01-29 22:26:08,034 - INFO - Confusion Matrix
 [7078.	  93.	   0.	   0.	   0.]
 [ 143.	5363.	  24.	   0.	   0.]
 [   4.	  38.	 566.	   0.	   0.]
 [   0.	   0.	   0.	 131.	   0.]
 [   0.	   0.	   0.	   0.	   0.]
2026-01-29 22:26:08,034 - INFO - Change Type PA (Recall) Matrix
 [[0.    	0.9778	0.    	1.    	0.    ]
 [0.9565	0.    	0.8421	0.    	0.    ]
 [0.    	0.8947	0.    	0.    	0.    ]
 [0.    	0.    	0.    	0.    	0.    ]
 [0.    	0.    	0.    	0.    	0.    ]]
2026-01-29 22:26:08,034 - INFO - Change Type UA (Precision) Matrix
 [[0.    	0.9119	0.    	1.    	0.    ]
 [0.7097	0.    	0.8   	0.    	0.    ]
 [0.    	0.7391	0.    	0.    	0.    ]
 [0.    	0.    	0.    	0.    	0.    ]
 [0.    	0.    	0.    	0.    	0.    ]]
2026-01-29 22:26:08,034 - INFO - Change Type F1 Matrix
 [[0.    	0.9437	0.    	1.    	0.    ]
 [0.8148	0.    	0.8205	0.    	0.    ]
 [0.    	0.8095	0.    	0.    	0.    ]
 [0.    	0.    	0.    	0.    	0.    ]
 [0.    	0.    	0.    	0.    	0.    ]]
2026-01-29 22:26:08,034 - INFO - Epoch 0 saved.
