2026-03-19 14:43:05,570 - INFO - Epoch 0, Train loss: 0.0
2026-03-19 14:43:05,571 - INFO - mIoU: 0.8649; OA: 0.9611; AA: 0.9261; F1: 0.9262; cls_weighted_F1: 0.9609; Kappa: 0.9271;
2026-03-19 14:43:05,571 - INFO - spatial_LccAccuracy: 0.7861; spatial_PA: 0.7807; spatial_UA: 0.977; spatial_F1: 0.8679; weighted_F1: 0.9031
2026-03-19 14:43:05,572 - INFO - temporal_CdAccuracy: 0.7861; temporal_PA: 0.9296; temporal_UA: 0.8804; temporal_F1: 0.9043
2026-03-19 14:43:05,572 - INFO - Confusion Matrix
 [15411.	  210.	    0.	    0.	    4.]
 [  851.	16686.	   54.	    0.	   23.]
 [    0.	   10.	  283.	    0.	    0.]
 [    0.	    0.	    0.	    0.	    0.]
 [   27.	  162.	    0.	    0.	  779.]
2026-03-19 14:43:05,573 - INFO - Change Type PA (Recall) Matrix
 [[0.    	0.9667	0.    	0.    	0.    ]
 [0.4545	0.    	1.    	0.    	0.8   ]
 [0.    	1.    	0.    	0.    	0.    ]
 [0.    	0.    	0.    	0.    	0.    ]
 [0.    	0.    	0.    	0.    	0.    ]]
2026-03-19 14:43:05,574 - INFO - Change Type UA (Precision) Matrix
 [[0.    	0.8901	0.    	0.    	0.    ]
 [0.2128	0.    	0.913 	0.    	0.8302]
 [0.    	1.    	0.    	0.    	0.    ]
 [0.    	0.    	0.    	0.    	0.    ]
 [0.    	0.    	0.    	0.    	0.    ]]
2026-03-19 14:43:05,575 - INFO - Change Type F1 Matrix
 [[0.    	0.9268	0.    	0.    	0.    ]
 [0.2899	0.    	0.9545	0.    	0.8148]
 [0.    	1.    	0.    	0.    	0.    ]
 [0.    	0.    	0.    	0.    	0.    ]
 [0.    	0.    	0.    	0.    	0.    ]]
2026-03-19 14:43:05,575 - INFO - Epoch 0 saved.
