2026-03-19 14:43:05,672 - INFO - Epoch 0, Train loss: 0.0
2026-03-19 14:43:05,673 - INFO - mIoU: 0.9533; OA: 0.9862; AA: 0.9772; F1: 0.9758; cls_weighted_F1: 0.9863; Kappa: 0.9747;
2026-03-19 14:43:05,673 - INFO - spatial_LccAccuracy: 0.8413; spatial_PA: 1.0; spatial_UA: 1.0; spatial_F1: 1.0; weighted_F1: 0.9168
2026-03-19 14:43:05,673 - INFO - temporal_CdAccuracy: 0.8413; temporal_PA: 0.8906; temporal_UA: 0.8472; temporal_F1: 0.8683
2026-03-19 14:43:05,673 - INFO - Confusion Matrix
 [1502.	  85.	   0.	   0.	   0.]
 [  19.	1274.	   0.	   0.	   0.]
 [   0.	   0.	   0.	   0.	   0.]
 [   0.	   0.	   0.	   0.	   0.]
 [   0.	   0.	   0.	   0.	4680.]
2026-03-19 14:43:05,673 - INFO - Change Type PA (Recall) Matrix
 [[0.    	0.9583	0.    	0.    	0.    ]
 [1.    	0.    	0.    	0.    	0.    ]
 [0.    	0.    	0.    	0.    	0.    ]
 [0.    	0.    	0.    	0.    	0.    ]
 [0.    	0.    	0.    	0.    	0.    ]]
2026-03-19 14:43:05,675 - INFO - Change Type UA (Precision) Matrix
 [[0.    	0.8846	0.    	0.    	0.    ]
 [0.8378	0.    	0.    	0.    	0.    ]
 [0.    	0.    	0.    	0.    	0.    ]
 [0.    	0.    	0.    	0.    	0.    ]
 [0.    	0.    	0.    	0.    	0.    ]]
2026-03-19 14:43:05,675 - INFO - Change Type F1 Matrix
 [[0.    	0.92  	0.    	0.    	0.    ]
 [0.9118	0.    	0.    	0.    	0.    ]
 [0.    	0.    	0.    	0.    	0.    ]
 [0.    	0.    	0.    	0.    	0.    ]
 [0.    	0.    	0.    	0.    	0.    ]]
2026-03-19 14:43:05,675 - INFO - Epoch 0 saved.
