2026-03-19 14:43:06,112 - INFO - Epoch 0, Train loss: 0.0
2026-03-19 14:43:06,113 - INFO - mIoU: 0.952; OA: 0.9891; AA: 0.9909; F1: 0.975; cls_weighted_F1: 0.9891; Kappa: 0.9808;
2026-03-19 14:43:06,113 - INFO - spatial_LccAccuracy: 0.9086; spatial_PA: 0.974; spatial_UA: 0.9866; spatial_F1: 0.9803; weighted_F1: 0.9205
2026-03-19 14:43:06,113 - INFO - temporal_CdAccuracy: 0.91; temporal_PA: 0.9769; temporal_UA: 0.9461; temporal_F1: 0.9613
2026-03-19 14:43:06,113 - INFO - Confusion Matrix
 [24602.	  207.	    2.	    2.	    0.]
 [  159.	12738.	   87.	    0.	    0.]
 [    8.	    9.	  925.	    0.	    0.]
 [    0.	    0.	    0.	   21.	    0.]
 [    0.	    0.	    0.	    0.	 4560.]
2026-03-19 14:43:06,113 - INFO - Change Type PA (Recall) Matrix
 [[0.    	0.9672	0.878 	1.    	0.    ]
 [0.8904	0.    	0.9589	0.    	0.    ]
 [0.    	0.5   	0.    	0.    	0.    ]
 [0.    	0.    	0.    	0.    	0.    ]
 [0.    	0.    	0.    	0.    	0.    ]]
2026-03-19 14:43:06,114 - INFO - Change Type UA (Precision) Matrix
 [[0.    	0.9326	0.8372	0.7778	0.    ]
 [0.8125	0.    	0.7865	0.    	0.    ]
 [0.    	0.25  	0.    	0.    	0.    ]
 [0.    	0.    	0.    	0.    	0.    ]
 [0.    	0.    	0.    	0.    	0.    ]]
2026-03-19 14:43:06,114 - INFO - Change Type F1 Matrix
 [[0.    	0.9496	0.8571	0.875 	0.    ]
 [0.8497	0.    	0.8642	0.    	0.    ]
 [0.    	0.3333	0.    	0.    	0.    ]
 [0.    	0.    	0.    	0.    	0.    ]
 [0.    	0.    	0.    	0.    	0.    ]]
2026-03-19 14:43:06,114 - INFO - Epoch 0 saved.
