2026-03-19 14:43:06,489 - INFO - Epoch 0, Train loss: 0.0
2026-03-19 14:43:06,489 - INFO - mIoU: 0.6505; OA: 0.9801; AA: 0.923; F1: 0.9229; cls_weighted_F1: 0.9802; Kappa: 0.9596;
2026-03-19 14:43:06,489 - INFO - spatial_LccAccuracy: 0.8023; spatial_PA: 1.0; spatial_UA: 1.0; spatial_F1: 1.0; weighted_F1: 0.9368
2026-03-19 14:43:06,489 - INFO - temporal_CdAccuracy: 0.8023; temporal_PA: 0.9521; temporal_UA: 0.9442; temporal_F1: 0.9481
2026-03-19 14:43:06,489 - INFO - Confusion Matrix
 [14407.	  394.	    0.	    1.	    0.]
 [  202.	21310.	   67.	    0.	    0.]
 [    0.	   65.	  274.	    0.	    0.]
 [    0.	    0.	    0.	    0.	    0.]
 [    0.	    0.	    0.	    0.	    0.]
2026-03-19 14:43:06,489 - INFO - Change Type PA (Recall) Matrix
 [[0.    	0.9545	0.    	0.    	0.    ]
 [0.9233	0.    	0.9455	0.    	0.    ]
 [0.    	0.9375	0.    	0.    	0.    ]
 [0.    	0.    	0.    	0.    	0.    ]
 [0.    	0.    	0.    	0.    	0.    ]]
2026-03-19 14:43:06,490 - INFO - Change Type UA (Precision) Matrix
 [[0.    	0.9476	0.    	0.    	0.    ]
 [0.8987	0.    	0.9123	0.    	0.    ]
 [0.    	0.75  	0.    	0.    	0.    ]
 [0.    	0.    	0.    	0.    	0.    ]
 [0.    	0.    	0.    	0.    	0.    ]]
2026-03-19 14:43:06,490 - INFO - Change Type F1 Matrix
 [[0.    	0.951 	0.    	0.    	0.    ]
 [0.9108	0.    	0.9286	0.    	0.    ]
 [0.    	0.8333	0.    	0.    	0.    ]
 [0.    	0.    	0.    	0.    	0.    ]
 [0.    	0.    	0.    	0.    	0.    ]]
2026-03-19 14:43:06,490 - INFO - Epoch 0 saved.
