2026-03-19 14:43:06,737 - INFO - Epoch 0, Train loss: 0.0
2026-03-19 14:43:06,737 - INFO - mIoU: 0.9649; OA: 0.9946; AA: 0.9823; F1: 0.982; cls_weighted_F1: 0.9946; Kappa: 0.9826;
2026-03-19 14:43:06,737 - INFO - spatial_LccAccuracy: 0.9079; spatial_PA: 0.9984; spatial_UA: 0.9919; spatial_F1: 0.9951; weighted_F1: 0.9396
2026-03-19 14:43:06,737 - INFO - temporal_CdAccuracy: 0.9485; temporal_PA: 0.9854; temporal_UA: 0.9746; temporal_F1: 0.98
2026-03-19 14:43:06,737 - INFO - Confusion Matrix
 [18102.	   17.	    0.	    5.	    0.]
 [   22.	 2702.	    0.	   38.	    0.]
 [    0.	    0.	    0.	    0.	    0.]
 [    1.	   37.	    0.	 1216.	    0.]
 [    0.	    0.	    0.	    0.	    0.]
2026-03-19 14:43:06,738 - INFO - Change Type PA (Recall) Matrix
 [[0.    	0.9027	0.    	0.9436	0.    ]
 [1.    	0.    	0.    	0.    	0.    ]
 [0.    	0.    	0.    	0.    	0.    ]
 [0.    	1.    	0.    	0.    	0.    ]
 [0.    	0.    	0.    	0.    	0.    ]]
2026-03-19 14:43:06,738 - INFO - Change Type UA (Precision) Matrix
 [[0.    	0.8947	0.    	0.9485	0.    ]
 [0.7778	0.    	0.    	0.    	0.    ]
 [0.    	0.    	0.    	0.    	0.    ]
 [0.    	0.9492	0.    	0.    	0.    ]
 [0.    	0.    	0.    	0.    	0.    ]]
2026-03-19 14:43:06,739 - INFO - Change Type F1 Matrix
 [[0.    	0.8987	0.    	0.946 	0.    ]
 [0.875 	0.    	0.    	0.    	0.    ]
 [0.    	0.    	0.    	0.    	0.    ]
 [0.    	0.9739	0.    	0.    	0.    ]
 [0.    	0.    	0.    	0.    	0.    ]]
2026-03-19 14:43:06,739 - INFO - Epoch 0 saved.
