2026-03-19 14:43:06,886 - INFO - Epoch 0, Train loss: 0.0
2026-03-19 14:43:06,887 - INFO - mIoU: 0.9623; OA: 0.977; AA: 0.9827; F1: 0.9808; cls_weighted_F1: 0.977; Kappa: 0.9613;
2026-03-19 14:43:06,887 - INFO - spatial_LccAccuracy: 0.813; spatial_PA: 0.9717; spatial_UA: 0.9917; spatial_F1: 0.9816; weighted_F1: 0.891
2026-03-19 14:43:06,887 - INFO - temporal_CdAccuracy: 0.813; temporal_PA: 0.9581; temporal_UA: 0.9069; temporal_F1: 0.9318
2026-03-19 14:43:06,887 - INFO - Confusion Matrix
 [6022.	 138.	   2.	   3.	   0.]
 [ 127.	5983.	  27.	   2.	   0.]
 [   0.	  17.	1064.	   0.	   0.]
 [   1.	   1.	   0.	 413.	   0.]
 [   0.	   0.	   0.	   0.	   0.]
2026-03-19 14:43:06,888 - INFO - Change Type PA (Recall) Matrix
 [[0.    	0.9444	0.    	1.    	0.    ]
 [0.9677	0.    	0.8966	0.    	0.    ]
 [0.    	0.9756	0.    	0.    	0.    ]
 [0.    	0.    	0.    	0.    	0.    ]
 [0.    	0.    	0.    	0.    	0.    ]]
2026-03-19 14:43:06,889 - INFO - Change Type UA (Precision) Matrix
 [[0.    	0.8662	0.    	1.    	0.    ]
 [0.7595	0.    	0.7027	0.    	0.    ]
 [0.    	0.8696	0.    	0.    	0.    ]
 [0.    	0.    	0.    	0.    	0.    ]
 [0.    	0.    	0.    	0.    	0.    ]]
2026-03-19 14:43:06,890 - INFO - Change Type F1 Matrix
 [[0.    	0.9037	0.    	1.    	0.    ]
 [0.8511	0.    	0.7879	0.    	0.    ]
 [0.    	0.9195	0.    	0.    	0.    ]
 [0.    	0.    	0.    	0.    	0.    ]
 [0.    	0.    	0.    	0.    	0.    ]]
2026-03-19 14:43:06,890 - INFO - Epoch 0 saved.
