2026-03-19 14:45:38,362 - INFO - Epoch 0, Train loss: 0.0
2026-03-19 14:45:38,363 - INFO - mIoU: 0.701; OA: 0.9564; AA: 0.9314; F1: 0.9321; cls_weighted_F1: 0.9563; Kappa: 0.9181;
2026-03-19 14:45:38,363 - INFO - spatial_LccAccuracy: 0.7496; spatial_PA: 0.8139; spatial_UA: 0.9541; spatial_F1: 0.8784; weighted_F1: 0.8737
2026-03-19 14:45:38,364 - INFO - temporal_CdAccuracy: 0.7496; temporal_PA: 0.9183; temporal_UA: 0.8476; temporal_F1: 0.8815
2026-03-19 14:45:38,364 - INFO - Confusion Matrix
 [14986.	  589.	    0.	    1.	   49.]
 [  617.	16938.	   26.	    1.	   32.]
 [    0.	    0.	  293.	    0.	    0.]
 [    0.	    0.	    0.	    0.	    0.]
 [   15.	  170.	    0.	    4.	  779.]
2026-03-19 14:45:38,364 - INFO - Change Type PA (Recall) Matrix
 [[0.    	0.9609	0.    	0.    	0.    ]
 [0.5455	0.    	1.    	0.    	0.6909]
 [0.    	1.    	0.    	0.    	0.    ]
 [0.    	0.    	0.    	0.    	0.    ]
 [0.    	0.    	0.    	0.    	0.    ]]
2026-03-19 14:45:38,366 - INFO - Change Type UA (Precision) Matrix
 [[0.    	0.8584	0.    	0.    	0.    ]
 [0.1791	0.    	0.913 	0.    	0.6786]
 [0.    	0.913 	0.    	0.    	0.    ]
 [0.    	0.    	0.    	0.    	0.    ]
 [0.    	0.    	0.    	0.    	0.    ]]
2026-03-19 14:45:38,367 - INFO - Change Type F1 Matrix
 [[0.    	0.9067	0.    	0.    	0.    ]
 [0.2697	0.    	0.9545	0.    	0.6847]
 [0.    	0.9545	0.    	0.    	0.    ]
 [0.    	0.    	0.    	0.    	0.    ]
 [0.    	0.    	0.    	0.    	0.    ]]
2026-03-19 14:45:38,367 - INFO - Epoch 0 saved.
