2026-03-19 14:45:38,431 - INFO - Epoch 0, Train loss: 0.0
2026-03-19 14:45:38,431 - INFO - mIoU: 0.9602; OA: 0.9884; AA: 0.9809; F1: 0.9795; cls_weighted_F1: 0.9884; Kappa: 0.9786;
2026-03-19 14:45:38,432 - INFO - spatial_LccAccuracy: 0.9127; spatial_PA: 1.0; spatial_UA: 1.0; spatial_F1: 1.0; weighted_F1: 0.9811
2026-03-19 14:45:38,432 - INFO - temporal_CdAccuracy: 0.9127; temporal_PA: 0.936; temporal_UA: 0.9306; temporal_F1: 0.9333
2026-03-19 14:45:38,432 - INFO - Confusion Matrix
 [1512.	  75.	   0.	   0.	   0.]
 [  13.	1280.	   0.	   0.	   0.]
 [   0.	   0.	   0.	   0.	   0.]
 [   0.	   0.	   0.	   0.	   0.]
 [   0.	   0.	   0.	   0.	4680.]
2026-03-19 14:45:38,433 - INFO - Change Type PA (Recall) Matrix
 [[0.    	0.9792	0.    	0.    	0.    ]
 [1.    	0.    	0.    	0.    	0.    ]
 [0.    	0.    	0.    	0.    	0.    ]
 [0.    	0.    	0.    	0.    	0.    ]
 [0.    	0.    	0.    	0.    	0.    ]]
2026-03-19 14:45:38,433 - INFO - Change Type UA (Precision) Matrix
 [[0.    	0.9792	0.    	0.    	0.    ]
 [0.9688	0.    	0.    	0.    	0.    ]
 [0.    	0.    	0.    	0.    	0.    ]
 [0.    	0.    	0.    	0.    	0.    ]
 [0.    	0.    	0.    	0.    	0.    ]]
2026-03-19 14:45:38,434 - INFO - Change Type F1 Matrix
 [[0.    	0.9792	0.    	0.    	0.    ]
 [0.9841	0.    	0.    	0.    	0.    ]
 [0.    	0.    	0.    	0.    	0.    ]
 [0.    	0.    	0.    	0.    	0.    ]
 [0.    	0.    	0.    	0.    	0.    ]]
2026-03-19 14:45:38,434 - INFO - Epoch 0 saved.
