2026-03-19 14:45:38,786 - INFO - Epoch 0, Train loss: 0.0
2026-03-19 14:45:38,786 - INFO - mIoU: 0.924; OA: 0.9896; AA: 0.987; F1: 0.9585; cls_weighted_F1: 0.9897; Kappa: 0.9818;
2026-03-19 14:45:38,787 - INFO - spatial_LccAccuracy: 0.9086; spatial_PA: 0.986; spatial_UA: 0.9927; spatial_F1: 0.9893; weighted_F1: 0.912
2026-03-19 14:45:38,787 - INFO - temporal_CdAccuracy: 0.9141; temporal_PA: 0.9717; temporal_UA: 0.9507; temporal_F1: 0.9611
2026-03-19 14:45:38,787 - INFO - Confusion Matrix
 [24698.	  106.	    3.	    6.	    0.]
 [  224.	12685.	   75.	    0.	    0.]
 [    8.	   27.	  907.	    0.	    0.]
 [    0.	    0.	    0.	   21.	    0.]
 [    0.	    0.	    0.	    0.	 4560.]
2026-03-19 14:45:38,788 - INFO - Change Type PA (Recall) Matrix
 [[0.    	0.9432	0.9024	1.    	0.    ]
 [0.8493	0.    	0.9178	0.    	0.    ]
 [0.    	0.5   	0.    	0.    	0.    ]
 [0.    	0.    	0.    	0.    	0.    ]
 [0.    	0.    	0.    	0.    	0.    ]]
2026-03-19 14:45:38,789 - INFO - Change Type UA (Precision) Matrix
 [[0.    	0.933 	0.8043	0.7778	0.    ]
 [0.8267	0.    	0.8481	0.    	0.    ]
 [0.    	0.0833	0.    	0.    	0.    ]
 [0.    	0.    	0.    	0.    	0.    ]
 [0.    	0.    	0.    	0.    	0.    ]]
2026-03-19 14:45:38,790 - INFO - Change Type F1 Matrix
 [[0.    	0.9381	0.8506	0.875 	0.    ]
 [0.8378	0.    	0.8816	0.    	0.    ]
 [0.    	0.1429	0.    	0.    	0.    ]
 [0.    	0.    	0.    	0.    	0.    ]
 [0.    	0.    	0.    	0.    	0.    ]]
2026-03-19 14:45:38,790 - INFO - Epoch 0 saved.
