2026-03-19 14:45:39,070 - INFO - Epoch 0, Train loss: 0.0
2026-03-19 14:45:39,071 - INFO - mIoU: 0.6457; OA: 0.9793; AA: 0.9063; F1: 0.9186; cls_weighted_F1: 0.9793; Kappa: 0.9578;
2026-03-19 14:45:39,071 - INFO - spatial_LccAccuracy: 0.8137; spatial_PA: 1.0; spatial_UA: 1.0; spatial_F1: 1.0; weighted_F1: 0.9329
2026-03-19 14:45:39,071 - INFO - temporal_CdAccuracy: 0.8137; temporal_PA: 0.9574; temporal_UA: 0.9395; temporal_F1: 0.9484
2026-03-19 14:45:39,071 - INFO - Confusion Matrix
 [14432.	  365.	    0.	    5.	    0.]
 [  258.	21270.	   51.	    0.	    0.]
 [    0.	   82.	  257.	    0.	    0.]
 [    0.	    0.	    0.	    0.	    0.]
 [    0.	    0.	    0.	    0.	    0.]
2026-03-19 14:45:39,072 - INFO - Change Type PA (Recall) Matrix
 [[0.    	0.9631	0.    	0.    	0.    ]
 [0.9288	0.    	0.9636	0.    	0.    ]
 [0.    	0.875 	0.    	0.    	0.    ]
 [0.    	0.    	0.    	0.    	0.    ]
 [0.    	0.    	0.    	0.    	0.    ]]
2026-03-19 14:45:39,073 - INFO - Change Type UA (Precision) Matrix
 [[0.    	0.9333	0.    	0.    	0.    ]
 [0.8782	0.    	0.9464	0.    	0.    ]
 [0.    	0.7   	0.    	0.    	0.    ]
 [0.    	0.    	0.    	0.    	0.    ]
 [0.    	0.    	0.    	0.    	0.    ]]
2026-03-19 14:45:39,074 - INFO - Change Type F1 Matrix
 [[0.    	0.948 	0.    	0.    	0.    ]
 [0.9028	0.    	0.955 	0.    	0.    ]
 [0.    	0.7778	0.    	0.    	0.    ]
 [0.    	0.    	0.    	0.    	0.    ]
 [0.    	0.    	0.    	0.    	0.    ]]
2026-03-19 14:45:39,074 - INFO - Epoch 0 saved.
