2026-03-19 14:45:39,243 - INFO - Epoch 0, Train loss: 0.0
2026-03-19 14:45:39,244 - INFO - mIoU: 0.9758; OA: 0.9961; AA: 0.9876; F1: 0.9877; cls_weighted_F1: 0.9961; Kappa: 0.9875;
2026-03-19 14:45:39,244 - INFO - spatial_LccAccuracy: 0.9241; spatial_PA: 1.0; spatial_UA: 1.0; spatial_F1: 1.0; weighted_F1: 0.9214
2026-03-19 14:45:39,245 - INFO - temporal_CdAccuracy: 0.9593; temporal_PA: 0.9961; temporal_UA: 0.9828; temporal_F1: 0.9894
2026-03-19 14:45:39,245 - INFO - Confusion Matrix
 [18111.	   10.	    0.	    3.	    0.]
 [   23.	 2712.	    0.	   27.	    0.]
 [    0.	    0.	    0.	    0.	    0.]
 [    1.	   22.	    0.	 1231.	    0.]
 [    0.	    0.	    0.	    0.	    0.]
2026-03-19 14:45:39,246 - INFO - Change Type PA (Recall) Matrix
 [[0.    	0.9292	0.    	0.9385	0.    ]
 [0.4286	0.    	0.    	0.    	0.    ]
 [0.    	0.    	0.    	0.    	0.    ]
 [0.    	0.9643	0.    	0.    	0.    ]
 [0.    	0.    	0.    	0.    	0.    ]]
2026-03-19 14:45:39,246 - INFO - Change Type UA (Precision) Matrix
 [[0.    	0.8974	0.    	0.9385	0.    ]
 [0.4286	0.    	0.    	0.    	0.    ]
 [0.    	0.    	0.    	0.    	0.    ]
 [0.    	0.9   	0.    	0.    	0.    ]
 [0.    	0.    	0.    	0.    	0.    ]]
2026-03-19 14:45:39,247 - INFO - Change Type F1 Matrix
 [[0.    	0.913 	0.    	0.9385	0.    ]
 [0.4286	0.    	0.    	0.    	0.    ]
 [0.    	0.    	0.    	0.    	0.    ]
 [0.    	0.931 	0.    	0.    	0.    ]
 [0.    	0.    	0.    	0.    	0.    ]]
2026-03-19 14:45:39,247 - INFO - Epoch 0 saved.
