2026-03-19 14:45:39,360 - INFO - Epoch 0, Train loss: 0.0
2026-03-19 14:45:39,361 - INFO - mIoU: 0.9356; OA: 0.9681; AA: 0.9685; F1: 0.9666; cls_weighted_F1: 0.9681; Kappa: 0.9465;
2026-03-19 14:45:39,361 - INFO - spatial_LccAccuracy: 0.7696; spatial_PA: 0.9717; spatial_UA: 0.9917; spatial_F1: 0.9816; weighted_F1: 0.8955
2026-03-19 14:45:39,361 - INFO - temporal_CdAccuracy: 0.7696; temporal_PA: 0.9292; temporal_UA: 0.8843; temporal_F1: 0.9062
2026-03-19 14:45:39,361 - INFO - Confusion Matrix
 [5957.	 191.	   3.	  14.	   0.]
 [ 125.	5967.	  47.	   0.	   0.]
 [   0.	  54.	1027.	   0.	   0.]
 [   5.	   1.	   0.	 409.	   0.]
 [   0.	   0.	   0.	   0.	   0.]
2026-03-19 14:45:39,362 - INFO - Change Type PA (Recall) Matrix
 [[0.    	0.9722	0.    	1.    	0.    ]
 [0.9677	0.    	0.7931	0.    	0.    ]
 [1.    	0.9268	0.    	0.    	0.    ]
 [0.    	0.    	0.    	0.    	0.    ]
 [0.    	0.    	0.    	0.    	0.    ]]
2026-03-19 14:45:39,363 - INFO - Change Type UA (Precision) Matrix
 [[0.    	0.8805	0.    	1.    	0.    ]
 [0.75  	0.    	0.7931	0.    	0.    ]
 [1.    	0.8085	0.    	0.    	0.    ]
 [0.    	0.    	0.    	0.    	0.    ]
 [0.    	0.    	0.    	0.    	0.    ]]
2026-03-19 14:45:39,364 - INFO - Change Type F1 Matrix
 [[0.    	0.9241	0.    	1.    	0.    ]
 [0.8451	0.    	0.7931	0.    	0.    ]
 [1.    	0.8636	0.    	0.    	0.    ]
 [0.    	0.    	0.    	0.    	0.    ]
 [0.    	0.    	0.    	0.    	0.    ]]
2026-03-19 14:45:39,365 - INFO - Epoch 0 saved.
