2026-03-19 14:43:17,202 - INFO - Epoch 0, Train loss: 0.0
2026-03-19 14:43:17,202 - INFO - mIoU: 0.9159; OA: 0.9689; AA: 0.9549; F1: 0.9552; cls_weighted_F1: 0.9688; Kappa: 0.9463;
2026-03-19 14:43:17,202 - INFO - spatial_LccAccuracy: 0.734; spatial_PA: 0.9633; spatial_UA: 0.9861; spatial_F1: 0.9745; weighted_F1: 0.8589
2026-03-19 14:43:17,203 - INFO - temporal_CdAccuracy: 0.7449; temporal_PA: 0.9084; temporal_UA: 0.8898; temporal_F1: 0.899
2026-03-19 14:43:17,203 - INFO - Confusion Matrix
 [83796.	 1395.	    5.	   10.	   81.]
 [ 2515.	59936.	  339.	   68.	   47.]
 [   10.	  385.	 3248.	    2.	    0.]
 [   20.	   21.	    3.	 1466.	    5.]
 [   41.	  178.	    0.	    0.	11069.]
2026-03-19 14:43:17,204 - INFO - Change Type PA (Recall) Matrix
 [[0.    	0.9167	0.907 	0.8958	0.    ]
 [0.7903	0.    	0.6878	0.    	0.7273]
 [0.    	0.9184	0.    	0.    	0.    ]
 [0.    	0.899 	0.    	0.    	0.    ]
 [0.    	0.    	0.    	0.    	0.    ]]
2026-03-19 14:43:17,204 - INFO - Change Type UA (Precision) Matrix
 [[0.    	0.8743	0.8667	0.8561	0.    ]
 [0.723 	0.    	0.8446	0.    	0.7692]
 [0.    	0.8824	0.    	0.    	0.    ]
 [0.    	0.8812	0.    	0.    	0.    ]
 [0.    	0.    	0.    	0.    	0.    ]]
2026-03-19 14:43:17,205 - INFO - Change Type F1 Matrix
 [[0.    	0.895 	0.8864	0.8755	0.    ]
 [0.7551	0.    	0.7581	0.    	0.7477]
 [0.    	0.9   	0.    	0.    	0.    ]
 [0.    	0.89  	0.    	0.    	0.    ]
 [0.    	0.    	0.    	0.    	0.    ]]
2026-03-19 14:43:17,205 - INFO - Epoch 0 saved.
