2026-03-19 14:43:39,050 - INFO - Epoch 0, Train loss: 0.0
2026-03-19 14:43:39,050 - INFO - mIoU: 0.9058; OA: 0.9649; AA: 0.9359; F1: 0.9498; cls_weighted_F1: 0.9649; Kappa: 0.9395;
2026-03-19 14:43:39,051 - INFO - spatial_LccAccuracy: 0.7139; spatial_PA: 0.9472; spatial_UA: 0.98; spatial_F1: 0.9633; weighted_F1: 0.839
2026-03-19 14:43:39,051 - INFO - temporal_CdAccuracy: 0.7223; temporal_PA: 0.8924; temporal_UA: 0.874; temporal_F1: 0.8831
2026-03-19 14:43:39,052 - INFO - Confusion Matrix
 [82751.	 2472.	   10.	   17.	   37.]
 [ 1994.	60662.	  219.	   20.	   10.]
 [    3.	  455.	 3187.	    0.	    0.]
 [   38.	   98.	    5.	 1372.	    2.]
 [   22.	  373.	    0.	    0.	10893.]
2026-03-19 14:43:39,052 - INFO - Change Type PA (Recall) Matrix
 [[0.    	0.9143	0.6977	0.8456	0.    ]
 [0.767 	0.    	0.6835	0.    	0.6909]
 [0.    	0.8878	0.    	0.    	0.    ]
 [0.    	0.9394	0.    	0.    	0.    ]
 [0.    	0.    	0.    	0.    	0.    ]]
2026-03-19 14:43:39,053 - INFO - Change Type UA (Precision) Matrix
 [[0.    	0.855 	0.9474	0.8975	0.    ]
 [0.6848	0.    	0.7465	0.    	0.8261]
 [0.    	0.8614	0.    	0.    	0.    ]
 [0.    	0.7881	0.    	0.    	0.    ]
 [0.    	0.    	0.    	0.    	0.    ]]
2026-03-19 14:43:39,053 - INFO - Change Type F1 Matrix
 [[0.    	0.8836	0.8036	0.8708	0.    ]
 [0.7236	0.    	0.7137	0.    	0.7525]
 [0.    	0.8744	0.    	0.    	0.    ]
 [0.    	0.8571	0.    	0.    	0.    ]
 [0.    	0.    	0.    	0.    	0.    ]]
2026-03-19 14:43:39,054 - INFO - Epoch 0 saved.
