2026-03-19 14:43:29,475 - INFO - Epoch 0, Train loss: 0.0
2026-03-19 14:43:29,476 - INFO - mIoU: 0.9234; OA: 0.9701; AA: 0.9513; F1: 0.9595; cls_weighted_F1: 0.9701; Kappa: 0.9485;
2026-03-19 14:43:29,476 - INFO - spatial_LccAccuracy: 0.7394; spatial_PA: 0.9633; spatial_UA: 0.9861; spatial_F1: 0.9745; weighted_F1: 0.8575
2026-03-19 14:43:29,477 - INFO - temporal_CdAccuracy: 0.746; temporal_PA: 0.9038; temporal_UA: 0.8858; temporal_F1: 0.8947
2026-03-19 14:43:29,477 - INFO - Confusion Matrix
 [82873.	 2297.	    2.	   18.	   97.]
 [ 1502.	61176.	  163.	   28.	   36.]
 [    8.	  469.	 3168.	    0.	    0.]
 [   32.	   21.	    0.	 1462.	    0.]
 [   29.	  217.	    0.	    0.	11042.]
2026-03-19 14:43:29,479 - INFO - Change Type PA (Recall) Matrix
 [[0.    	0.9148	0.7442	0.9151	0.    ]
 [0.7921	0.    	0.7342	0.    	0.7273]
 [0.    	0.8878	0.    	0.    	0.    ]
 [0.    	0.9596	0.    	0.    	0.    ]
 [0.    	0.    	0.    	0.    	0.    ]]
2026-03-19 14:43:29,479 - INFO - Change Type UA (Precision) Matrix
 [[0.    	0.8708	0.9697	0.9222	0.    ]
 [0.6895	0.    	0.7873	0.    	0.7407]
 [0.    	0.9062	0.    	0.    	0.    ]
 [0.    	0.9406	0.    	0.    	0.    ]
 [0.    	0.    	0.    	0.    	0.    ]]
2026-03-19 14:43:29,480 - INFO - Change Type F1 Matrix
 [[0.    	0.8922	0.8421	0.9186	0.    ]
 [0.7373	0.    	0.7598	0.    	0.7339]
 [0.    	0.8969	0.    	0.    	0.    ]
 [0.    	0.95  	0.    	0.    	0.    ]
 [0.    	0.    	0.    	0.    	0.    ]]
2026-03-19 14:43:29,480 - INFO - Epoch 0 saved.
