2026-03-19 14:43:13,329 - INFO - Epoch 0, Train loss: 0.0
2026-03-19 14:43:13,329 - INFO - mIoU: 0.9044; OA: 0.9662; AA: 0.9336; F1: 0.9489; cls_weighted_F1: 0.9661; Kappa: 0.9416;
2026-03-19 14:43:13,330 - INFO - spatial_LccAccuracy: 0.7183; spatial_PA: 0.9535; spatial_UA: 0.9826; spatial_F1: 0.9678; weighted_F1: 0.845
2026-03-19 14:43:13,330 - INFO - temporal_CdAccuracy: 0.73; temporal_PA: 0.8962; temporal_UA: 0.8779; temporal_F1: 0.887
2026-03-19 14:43:13,330 - INFO - Confusion Matrix
 [82962.	 2238.	    2.	   14.	   71.]
 [ 1927.	60762.	  106.	   57.	   53.]
 [    6.	  619.	 3020.	    0.	    0.]
 [   53.	   46.	    0.	 1415.	    1.]
 [   51.	  321.	    0.	    0.	10916.]
2026-03-19 14:43:13,331 - INFO - Change Type PA (Recall) Matrix
 [[0.    	0.9083	0.6822	0.8842	0.    ]
 [0.8047	0.    	0.6624	0.    	0.5818]
 [0.    	0.8878	0.    	0.    	0.    ]
 [0.    	0.9495	0.    	0.    	0.    ]
 [0.    	0.    	0.    	0.    	0.    ]]
2026-03-19 14:43:13,332 - INFO - Change Type UA (Precision) Matrix
 [[0.    	0.8642	0.967 	0.8876	0.    ]
 [0.6782	0.    	0.8441	0.    	0.7111]
 [0.    	0.8969	0.    	0.    	0.    ]
 [0.    	0.8468	0.    	0.    	0.    ]
 [0.    	0.    	0.    	0.    	0.    ]]
2026-03-19 14:43:13,332 - INFO - Change Type F1 Matrix
 [[0.    	0.8857	0.8   	0.8859	0.    ]
 [0.7361	0.    	0.7423	0.    	0.64  ]
 [0.    	0.8923	0.    	0.    	0.    ]
 [0.    	0.8952	0.    	0.    	0.    ]
 [0.    	0.    	0.    	0.    	0.    ]]
2026-03-19 14:43:13,333 - INFO - Epoch 0 saved.
