2026-03-19 14:43:36,147 - INFO - Epoch 0, Train loss: 0.0
2026-03-19 14:43:36,148 - INFO - mIoU: 0.9233; OA: 0.97; AA: 0.9539; F1: 0.9594; cls_weighted_F1: 0.97; Kappa: 0.9483;
2026-03-19 14:43:36,148 - INFO - spatial_LccAccuracy: 0.7638; spatial_PA: 0.9574; spatial_UA: 0.9854; spatial_F1: 0.9712; weighted_F1: 0.8706
2026-03-19 14:43:36,148 - INFO - temporal_CdAccuracy: 0.7715; temporal_PA: 0.9156; temporal_UA: 0.8975; temporal_F1: 0.9065
2026-03-19 14:43:36,148 - INFO - Confusion Matrix
 [83731.	 1483.	    3.	   12.	   58.]
 [ 2426.	60138.	  232.	   38.	   71.]
 [   14.	  410.	 3221.	    0.	    0.]
 [   19.	   39.	    0.	 1453.	    4.]
 [    6.	  116.	    0.	    0.	11166.]
2026-03-19 14:43:36,149 - INFO - Change Type PA (Recall) Matrix
 [[0.    	0.9262	0.876 	0.888 	0.    ]
 [0.8118	0.    	0.7173	0.    	0.8182]
 [0.    	0.9388	0.    	0.    	0.    ]
 [0.    	0.9596	0.    	0.    	0.    ]
 [0.    	0.    	0.    	0.    	0.    ]]
2026-03-19 14:43:36,150 - INFO - Change Type UA (Precision) Matrix
 [[0.    	0.8824	0.9262	0.8846	0.    ]
 [0.7342	0.    	0.8173	0.    	0.7759]
 [0.    	0.8762	0.    	0.    	0.    ]
 [0.    	0.9135	0.    	0.    	0.    ]
 [0.    	0.    	0.    	0.    	0.    ]]
2026-03-19 14:43:36,151 - INFO - Change Type F1 Matrix
 [[0.    	0.9038	0.9004	0.8863	0.    ]
 [0.7711	0.    	0.764 	0.    	0.7965]
 [0.    	0.9064	0.    	0.    	0.    ]
 [0.    	0.936 	0.    	0.    	0.    ]
 [0.    	0.    	0.    	0.    	0.    ]]
2026-03-19 14:43:36,151 - INFO - Epoch 0 saved.
