2026-03-19 14:43:20,825 - INFO - Epoch 0, Train loss: 0.0
2026-03-19 14:43:20,826 - INFO - mIoU: 0.9202; OA: 0.9701; AA: 0.9429; F1: 0.9576; cls_weighted_F1: 0.97; Kappa: 0.9484;
2026-03-19 14:43:20,826 - INFO - spatial_LccAccuracy: 0.7649; spatial_PA: 0.955; spatial_UA: 0.9821; spatial_F1: 0.9684; weighted_F1: 0.8671
2026-03-19 14:43:20,826 - INFO - temporal_CdAccuracy: 0.7748; temporal_PA: 0.917; temporal_UA: 0.9006; temporal_F1: 0.9087
2026-03-19 14:43:20,826 - INFO - Confusion Matrix
 [83881.	 1322.	    0.	   12.	   72.]
 [ 2469.	60264.	  116.	   17.	   39.]
 [   10.	  553.	 3082.	    0.	    0.]
 [   29.	   50.	    1.	 1435.	    0.]
 [   39.	  185.	    1.	    0.	11063.]
2026-03-19 14:43:20,827 - INFO - Change Type PA (Recall) Matrix
 [[0.    	0.9351	0.7674	0.8803	0.    ]
 [0.81  	0.    	0.7004	0.    	0.6909]
 [0.    	0.8776	0.    	0.    	0.    ]
 [0.    	0.9394	0.    	0.    	0.    ]
 [0.    	0.    	0.    	0.    	0.    ]]
2026-03-19 14:43:20,828 - INFO - Change Type UA (Precision) Matrix
 [[0.    	0.8748	0.99  	0.9231	0.    ]
 [0.7326	0.    	0.8058	0.    	0.8261]
 [0.    	0.8515	0.    	0.    	0.    ]
 [0.    	0.9208	0.    	0.    	0.    ]
 [0.    	0.    	0.    	0.    	0.    ]]
2026-03-19 14:43:20,829 - INFO - Change Type F1 Matrix
 [[0.    	0.904 	0.8646	0.9012	0.    ]
 [0.7694	0.    	0.7494	0.    	0.7525]
 [0.    	0.8643	0.    	0.    	0.    ]
 [0.    	0.93  	0.    	0.    	0.    ]
 [0.    	0.    	0.    	0.    	0.    ]]
2026-03-19 14:43:20,829 - INFO - Epoch 0 saved.
