2026-03-19 14:43:41,542 - INFO - Epoch 0, Train loss: 0.0
2026-03-19 14:43:41,543 - INFO - mIoU: 0.8957; OA: 0.9661; AA: 0.9262; F1: 0.9437; cls_weighted_F1: 0.9659; Kappa: 0.9413;
2026-03-19 14:43:41,543 - INFO - spatial_LccAccuracy: 0.7179; spatial_PA: 0.9437; spatial_UA: 0.9791; spatial_F1: 0.9611; weighted_F1: 0.8432
2026-03-19 14:43:41,544 - INFO - temporal_CdAccuracy: 0.7292; temporal_PA: 0.9034; temporal_UA: 0.8824; temporal_F1: 0.8928
2026-03-19 14:43:41,545 - INFO - Confusion Matrix
 [83779.	 1411.	    1.	   31.	   65.]
 [ 2702.	59974.	  128.	   52.	   49.]
 [    6.	  677.	 2962.	    0.	    0.]
 [   49.	   80.	    0.	 1381.	    5.]
 [  110.	  215.	    0.	    1.	10962.]
2026-03-19 14:43:41,546 - INFO - Change Type PA (Recall) Matrix
 [[0.    	0.9262	0.6512	0.8494	0.    ]
 [0.8047	0.    	0.6414	0.    	0.6545]
 [0.    	0.8673	0.    	0.    	0.    ]
 [0.    	0.8889	0.    	0.    	0.    ]
 [0.    	0.    	0.    	0.    	0.    ]]
2026-03-19 14:43:41,546 - INFO - Change Type UA (Precision) Matrix
 [[0.    	0.8597	0.9882	0.8627	0.    ]
 [0.7049	0.    	0.7795	0.    	0.8182]
 [0.    	0.8673	0.    	0.    	0.    ]
 [0.    	0.7097	0.    	0.    	0.    ]
 [0.    	0.    	0.    	0.    	0.    ]]
2026-03-19 14:43:41,547 - INFO - Change Type F1 Matrix
 [[0.    	0.8917	0.785 	0.856 	0.    ]
 [0.7515	0.    	0.7037	0.    	0.7273]
 [0.    	0.8673	0.    	0.    	0.    ]
 [0.    	0.7892	0.    	0.    	0.    ]
 [0.    	0.    	0.    	0.    	0.    ]]
2026-03-19 14:43:41,547 - INFO - Epoch 0 saved.
