2026-03-19 14:43:32,769 - INFO - Epoch 0, Train loss: 0.0
2026-03-19 14:43:32,770 - INFO - mIoU: 0.9241; OA: 0.9711; AA: 0.9496; F1: 0.9598; cls_weighted_F1: 0.971; Kappa: 0.9501;
2026-03-19 14:43:32,771 - INFO - spatial_LccAccuracy: 0.7708; spatial_PA: 0.9579; spatial_UA: 0.9873; spatial_F1: 0.9724; weighted_F1: 0.8686
2026-03-19 14:43:32,771 - INFO - temporal_CdAccuracy: 0.777; temporal_PA: 0.9129; temporal_UA: 0.902; temporal_F1: 0.9074
2026-03-19 14:43:32,772 - INFO - Confusion Matrix
 [83804.	 1422.	    2.	    6.	   53.]
 [ 2268.	60373.	  197.	   21.	   46.]
 [   11.	  441.	 3193.	    0.	    0.]
 [   47.	   29.	    0.	 1437.	    2.]
 [   28.	  183.	    0.	    0.	11077.]
2026-03-19 14:43:32,773 - INFO - Change Type PA (Recall) Matrix
 [[0.    	0.9192	0.845 	0.9112	0.    ]
 [0.776 	0.    	0.7257	0.    	0.8   ]
 [0.    	0.9286	0.    	0.    	0.    ]
 [0.    	0.9394	0.    	0.    	0.    ]
 [0.    	0.    	0.    	0.    	0.    ]]
2026-03-19 14:43:32,774 - INFO - Change Type UA (Precision) Matrix
 [[0.    	0.885 	0.9397	0.9147	0.    ]
 [0.7389	0.    	0.8309	0.    	0.8302]
 [0.    	0.8585	0.    	0.    	0.    ]
 [0.    	0.8774	0.    	0.    	0.    ]
 [0.    	0.    	0.    	0.    	0.    ]]
2026-03-19 14:43:32,775 - INFO - Change Type F1 Matrix
 [[0.    	0.9018	0.8898	0.913 	0.    ]
 [0.757 	0.    	0.7748	0.    	0.8148]
 [0.    	0.8922	0.    	0.    	0.    ]
 [0.    	0.9073	0.    	0.    	0.    ]
 [0.    	0.    	0.    	0.    	0.    ]]
2026-03-19 14:43:32,775 - INFO - Epoch 0 saved.
