2026-03-19 14:43:26,012 - INFO - Epoch 0, Train loss: 0.0
2026-03-19 14:43:26,013 - INFO - mIoU: 0.9244; OA: 0.9705; AA: 0.9522; F1: 0.9599; cls_weighted_F1: 0.9704; Kappa: 0.949;
2026-03-19 14:43:26,013 - INFO - spatial_LccAccuracy: 0.7682; spatial_PA: 0.9494; spatial_UA: 0.986; spatial_F1: 0.9674; weighted_F1: 0.8755
2026-03-19 14:43:26,013 - INFO - temporal_CdAccuracy: 0.777; temporal_PA: 0.9154; temporal_UA: 0.901; temporal_F1: 0.9082
2026-03-19 14:43:26,014 - INFO - Confusion Matrix
 [83909.	 1333.	    7.	   20.	   18.]
 [ 2447.	60159.	  240.	   11.	   48.]
 [    4.	  428.	 3213.	    0.	    0.]
 [    8.	   49.	    0.	 1456.	    2.]
 [   22.	  226.	    0.	    0.	11040.]
2026-03-19 14:43:26,014 - INFO - Change Type PA (Recall) Matrix
 [[0.    	0.9306	0.8837	0.8996	0.    ]
 [0.8118	0.    	0.6962	0.    	0.7273]
 [0.    	0.9592	0.    	0.    	0.    ]
 [0.    	0.9697	0.    	0.    	0.    ]
 [0.    	0.    	0.    	0.    	0.    ]]
2026-03-19 14:43:26,015 - INFO - Change Type UA (Precision) Matrix
 [[0.    	0.8825	0.9421	0.9246	0.    ]
 [0.7463	0.    	0.8684	0.    	0.8511]
 [0.    	0.8246	0.    	0.    	0.    ]
 [0.    	0.932 	0.    	0.    	0.    ]
 [0.    	0.    	0.    	0.    	0.    ]]
2026-03-19 14:43:26,016 - INFO - Change Type F1 Matrix
 [[0.    	0.9059	0.912 	0.9119	0.    ]
 [0.7777	0.    	0.7728	0.    	0.7843]
 [0.    	0.8868	0.    	0.    	0.    ]
 [0.    	0.9505	0.    	0.    	0.    ]
 [0.    	0.    	0.    	0.    	0.    ]]
2026-03-19 14:43:26,016 - INFO - Epoch 0 saved.
