2026-03-19 14:43:44,599 - INFO - Epoch 0, Train loss: 0.0
2026-03-19 14:43:44,600 - INFO - mIoU: 0.9166; OA: 0.9683; AA: 0.9432; F1: 0.9558; cls_weighted_F1: 0.9683; Kappa: 0.9453;
2026-03-19 14:43:44,600 - INFO - spatial_LccAccuracy: 0.7445; spatial_PA: 0.9589; spatial_UA: 0.9849; spatial_F1: 0.9717; weighted_F1: 0.86
2026-03-19 14:43:44,601 - INFO - temporal_CdAccuracy: 0.7544; temporal_PA: 0.9025; temporal_UA: 0.8857; temporal_F1: 0.894
2026-03-19 14:43:44,601 - INFO - Confusion Matrix
 [82757.	 2456.	    4.	   17.	   53.]
 [ 1516.	61192.	  176.	   14.	    7.]
 [    1.	  476.	 3167.	    1.	    0.]
 [   12.	   78.	    1.	 1424.	    0.]
 [   59.	  345.	    0.	    1.	10883.]
2026-03-19 14:43:44,601 - INFO - Change Type PA (Recall) Matrix
 [[0.    	0.9237	0.7364	0.888 	0.    ]
 [0.7993	0.    	0.7089	0.    	0.6545]
 [0.    	0.949 	0.    	0.    	0.    ]
 [0.    	0.9596	0.    	0.    	0.    ]
 [0.    	0.    	0.    	0.    	0.    ]]
2026-03-19 14:43:44,602 - INFO - Change Type UA (Precision) Matrix
 [[0.    	0.8739	0.9596	0.935 	0.    ]
 [0.7252	0.    	0.7814	0.    	0.7347]
 [0.    	0.7949	0.    	0.    	0.    ]
 [0.    	0.8716	0.    	0.    	0.    ]
 [0.    	0.    	0.    	0.    	0.    ]]
2026-03-19 14:43:44,603 - INFO - Change Type F1 Matrix
 [[0.    	0.8981	0.8333	0.9109	0.    ]
 [0.7604	0.    	0.7434	0.    	0.6923]
 [0.    	0.8651	0.    	0.    	0.    ]
 [0.    	0.9135	0.    	0.    	0.    ]
 [0.    	0.    	0.    	0.    	0.    ]]
2026-03-19 14:43:44,603 - INFO - Epoch 0 saved.
