2026-01-29 22:25:50,227 - INFO - Epoch 0, Train loss: 0.0
2026-01-29 22:25:50,227 - INFO - mIoU: 0.9323; OA: 0.976; AA: 0.962; F1: 0.9642; Kappa: 0.9589;
2026-01-29 22:25:50,227 - INFO - spatial_LccAccuracy: 0.8084; spatial_PA: 0.959; spatial_UA: 0.9876; spatial_F1: 0.9731; weighted_F1: 0.8902
2026-01-29 22:25:50,227 - INFO - temporal_CdAccuracy: 0.813; temporal_PA: 0.932; temporal_UA: 0.9149; temporal_F1: 0.9234
2026-01-29 22:25:50,227 - INFO - Confusion Matrix
 [77464.	 1287.	    7.	   50.	   56.]
 [ 1556.	58466.	  157.	   18.	   65.]
 [    3.	  363.	 2683.	    0.	    2.]
 [    3.	   11.	    0.	 1501.	    0.]
 [    1.	  133.	    2.	    5.	11147.]
2026-01-29 22:25:50,227 - INFO - Change Type PA (Recall) Matrix
 [[0.    	0.9456	0.9147	0.9537	0.    ]
 [0.8405	0.    	0.5252	0.    	0.8909]
 [0.    	0.9512	0.    	0.    	0.    ]
 [0.    	0.9495	0.    	0.    	0.    ]
 [0.    	0.    	0.    	0.    	0.    ]]
2026-01-29 22:25:50,227 - INFO - Change Type UA (Precision) Matrix
 [[0.    	0.9033	0.944 	0.8949	0.    ]
 [0.8   	0.    	0.7935	0.    	0.8033]
 [0.    	0.6   	0.    	0.    	0.    ]
 [0.    	0.9495	0.    	0.    	0.    ]
 [0.    	0.    	0.    	0.    	0.    ]]
2026-01-29 22:25:50,227 - INFO - Change Type F1 Matrix
 [[0.    	0.924 	0.9291	0.9234	0.    ]
 [0.8198	0.    	0.632 	0.    	0.8448]
 [0.    	0.7358	0.    	0.    	0.    ]
 [0.    	0.9495	0.    	0.    	0.    ]
 [0.    	0.    	0.    	0.    	0.    ]]
2026-01-29 22:25:50,227 - INFO - Epoch 0 saved.
