2026-01-29 22:25:51,387 - INFO - Epoch 0, Train loss: 0.0
2026-01-29 22:25:51,387 - INFO - mIoU: 0.9257; OA: 0.9753; AA: 0.9535; F1: 0.9607; Kappa: 0.9577;
2026-01-29 22:25:51,387 - INFO - spatial_LccAccuracy: 0.7967; spatial_PA: 0.9567; spatial_UA: 0.9792; spatial_F1: 0.9678; weighted_F1: 0.8885
2026-01-29 22:25:51,387 - INFO - temporal_CdAccuracy: 0.8037; temporal_PA: 0.9261; temporal_UA: 0.9079; temporal_F1: 0.9169
2026-01-29 22:25:51,387 - INFO - Confusion Matrix
 [77655.	 1119.	    0.	   43.	   47.]
 [ 1705.	58360.	  166.	   16.	   15.]
 [   10.	  366.	 2671.	    4.	    0.]
 [   16.	   39.	    0.	 1460.	    0.]
 [   12.	  263.	    0.	    2.	11011.]
2026-01-29 22:25:51,387 - INFO - Change Type PA (Recall) Matrix
 [[0.    	0.9424	0.938 	0.9382	0.    ]
 [0.8724	0.    	0.5324	0.    	0.7818]
 [0.    	0.9268	0.    	0.    	0.    ]
 [0.    	0.8485	0.    	0.    	0.    ]
 [0.    	0.    	0.    	0.    	0.    ]]
2026-01-29 22:25:51,388 - INFO - Change Type UA (Precision) Matrix
 [[0.    	0.9025	0.9758	0.9205	0.    ]
 [0.7815	0.    	0.7048	0.    	0.6935]
 [0.    	0.7917	0.    	0.    	0.    ]
 [0.    	0.9655	0.    	0.    	0.    ]
 [0.    	0.    	0.    	0.    	0.    ]]
2026-01-29 22:25:51,388 - INFO - Change Type F1 Matrix
 [[0.    	0.922 	0.9565	0.9293	0.    ]
 [0.8245	0.    	0.6066	0.    	0.735 ]
 [0.    	0.8539	0.    	0.    	0.    ]
 [0.    	0.9032	0.    	0.    	0.    ]
 [0.    	0.    	0.    	0.    	0.    ]]
2026-01-29 22:25:51,388 - INFO - Epoch 0 saved.
