2026-01-29 22:25:53,875 - INFO - Epoch 0, Train loss: 0.0
2026-01-29 22:25:53,876 - INFO - mIoU: 0.9315; OA: 0.9765; AA: 0.9543; F1: 0.9638; Kappa: 0.9597;
2026-01-29 22:25:53,876 - INFO - spatial_LccAccuracy: 0.8192; spatial_PA: 0.9607; spatial_UA: 0.9881; spatial_F1: 0.9742; weighted_F1: 0.8945
2026-01-29 22:25:53,876 - INFO - temporal_CdAccuracy: 0.825; temporal_PA: 0.9364; temporal_UA: 0.9241; temporal_F1: 0.9302
2026-01-29 22:25:53,876 - INFO - Confusion Matrix
 [77889.	  854.	   13.	   41.	   67.]
 [ 1904.	58238.	   74.	   16.	   30.]
 [    3.	  418.	 2630.	    0.	    0.]
 [   19.	   22.	    0.	 1471.	    3.]
 [   27.	  147.	    0.	    0.	11114.]
2026-01-29 22:25:53,876 - INFO - Change Type PA (Recall) Matrix
 [[0.    	0.9467	0.9225	0.9305	0.    ]
 [0.8574	0.    	0.4964	0.    	0.8182]
 [0.    	0.9512	0.    	0.    	0.    ]
 [0.    	0.9697	0.    	0.    	0.    ]
 [0.    	0.    	0.    	0.    	0.    ]]
2026-01-29 22:25:53,876 - INFO - Change Type UA (Precision) Matrix
 [[0.    	0.9076	0.9297	0.9026	0.    ]
 [0.8088	0.    	0.8023	0.    	0.7895]
 [0.    	0.8478	0.    	0.    	0.    ]
 [0.    	0.9697	0.    	0.    	0.    ]
 [0.    	0.    	0.    	0.    	0.    ]]
2026-01-29 22:25:53,876 - INFO - Change Type F1 Matrix
 [[0.    	0.9267	0.9261	0.9163	0.    ]
 [0.8324	0.    	0.6133	0.    	0.8036]
 [0.    	0.8966	0.    	0.    	0.    ]
 [0.    	0.9697	0.    	0.    	0.    ]
 [0.    	0.    	0.    	0.    	0.    ]]
2026-01-29 22:25:53,876 - INFO - Epoch 0 saved.
