2026-02-22 20:07:22,110 - INFO - Epoch 0, Train loss: 0.0
2026-02-22 20:07:22,111 - INFO - mIoU: 0.907; OA: 0.9687; AA: 0.9382; F1: 0.9493; cls_weighted_F1: 0.9686; Kappa: 0.9462;
2026-02-22 20:07:22,111 - INFO - spatial_LccAccuracy: 0.7503; spatial_PA: 0.962; spatial_UA: 0.9871; spatial_F1: 0.9744; weighted_F1: 0.8515
2026-02-22 20:07:22,111 - INFO - temporal_CdAccuracy: 0.7585; temporal_PA: 0.8923; temporal_UA: 0.8939; temporal_F1: 0.8931
2026-02-22 20:07:22,111 - INFO - Confusion Matrix
 [80255.	 1525.	    8.	   20.	   42.]
 [ 2108.	59142.	  291.	   20.	   28.]
 [    4.	  646.	 2888.	    0.	    0.]
 [   29.	   37.	    0.	 1448.	    1.]
 [   33.	  212.	    0.	    0.	11043.]
2026-02-22 20:07:22,111 - INFO - Change Type PA (Recall) Matrix
 [[0.    	0.9246	0.8837	0.8764	0.    ]
 [0.773 	0.    	0.484 	0.    	0.8   ]
 [0.    	0.4725	0.    	0.    	0.    ]
 [0.    	0.9293	0.    	0.    	0.    ]
 [0.    	0.    	0.    	0.    	0.    ]]
2026-02-22 20:07:22,111 - INFO - Change Type UA (Precision) Matrix
 [[0.    	0.8893	0.9661	0.8972	0.    ]
 [0.7423	0.    	0.7681	0.    	0.8627]
 [0.    	0.7544	0.    	0.    	0.    ]
 [0.    	0.92  	0.    	0.    	0.    ]
 [0.    	0.    	0.    	0.    	0.    ]]
2026-02-22 20:07:22,111 - INFO - Change Type F1 Matrix
 [[0.    	0.9066	0.9231	0.8867	0.    ]
 [0.7574	0.    	0.5938	0.    	0.8302]
 [0.    	0.5811	0.    	0.    	0.    ]
 [0.    	0.9246	0.    	0.    	0.    ]
 [0.    	0.    	0.    	0.    	0.    ]]
2026-02-22 20:07:22,111 - INFO - Epoch 0 saved.
