<<<<<<< HEAD
2026-01-22 16:52:53,377 - INFO - Epoch 0, Train loss: 0.0
2026-01-22 16:52:53,377 - INFO - mIoU: 0.919; OA: 0.9706; AA: 0.9512; F1: 0.9569; Kappa: 0.9496;
2026-01-22 16:52:53,378 - INFO - spatial_LccAccuracy: 0.7662; spatial_PA: 0.9572; spatial_UA: 0.9871; spatial_F1: 0.9719; weighted_F1: 0.8561
2026-01-22 16:52:53,378 - INFO - temporal_CdAccuracy: 0.7739; temporal_PA: 0.9108; temporal_UA: 0.8984; temporal_F1: 0.9046
2026-01-22 16:52:53,378 - INFO - Confusion Matrix
=======
2025-12-13 21:54:27,811 - INFO - Epoch 0, Train loss: 0.0
2025-12-13 21:54:27,812 - INFO - mIoU: 0.919; OA: 0.9706; AA: 0.9512; F1: 0.9569; Kappa: 0.9496;
2025-12-13 21:54:27,812 - INFO - spatial_LccAccuracy: 0.8436; spatial_PA: 0.9572; spatial_UA: 0.9871; spatial_F1: 0.9719
2025-12-13 21:54:27,813 - INFO - temporal_CdAccuracy: 0.7739; temporal_PA: 0.9108; temporal_UA: 0.8984; temporal_F1: 0.9046
2025-12-13 21:54:27,813 - INFO - Confusion Matrix
>>>>>>> 93175a06c110e941919a0524e265707df6271051
 [77166.	 1603.	   10.	   27.	   58.]
 [ 1882.	58046.	  230.	   16.	   88.]
 [    4.	  368.	 2679.	    0.	    0.]
 [   22.	   45.	    0.	 1446.	    2.]
 [   18.	  182.	    3.	    0.	11085.]
<<<<<<< HEAD
2026-01-22 16:52:53,379 - INFO - Change Type PA (Recall) Matrix
=======
2025-12-13 21:54:27,814 - INFO - Change Type PA (Recall) Matrix
>>>>>>> 93175a06c110e941919a0524e265707df6271051
 [[0.    	0.9203	0.8605	0.8764	0.    ]
 [0.7617	0.    	0.5036	0.    	0.7818]
 [0.    	0.9512	0.    	0.    	0.    ]
 [0.    	0.9596	0.    	0.    	0.    ]
 [0.    	0.    	0.    	0.    	0.    ]]
<<<<<<< HEAD
2026-01-22 16:52:53,380 - INFO - Change Type UA (Precision) Matrix
=======
2025-12-13 21:54:27,815 - INFO - Change Type UA (Precision) Matrix
>>>>>>> 93175a06c110e941919a0524e265707df6271051
 [[0.    	0.8742	0.9487	0.919 	0.    ]
 [0.7477	0.    	0.6364	0.    	0.7818]
 [0.    	0.7647	0.    	0.    	0.    ]
 [0.    	0.9048	0.    	0.    	0.    ]
 [0.    	0.    	0.    	0.    	0.    ]]
<<<<<<< HEAD
2026-01-22 16:52:53,381 - INFO - Change Type F1 Matrix
=======
2025-12-13 21:54:27,816 - INFO - Change Type F1 Matrix
>>>>>>> 93175a06c110e941919a0524e265707df6271051
 [[0.    	0.8966	0.9024	0.8972	0.    ]
 [0.7546	0.    	0.5622	0.    	0.7818]
 [0.    	0.8478	0.    	0.    	0.    ]
 [0.    	0.9314	0.    	0.    	0.    ]
 [0.    	0.    	0.    	0.    	0.    ]]
<<<<<<< HEAD
2026-01-22 16:52:53,381 - INFO - Epoch 0 saved.
=======
2025-12-13 21:54:27,816 - INFO - Epoch 0 saved.
>>>>>>> 93175a06c110e941919a0524e265707df6271051
