2026-02-22 20:07:23,638 - INFO - Epoch 0, Train loss: 0.0
2026-02-22 20:07:23,638 - INFO - mIoU: 0.9012; OA: 0.9675; AA: 0.9309; F1: 0.946; cls_weighted_F1: 0.9673; Kappa: 0.9441;
2026-02-22 20:07:23,638 - INFO - spatial_LccAccuracy: 0.7278; spatial_PA: 0.9556; spatial_UA: 0.9845; spatial_F1: 0.9699; weighted_F1: 0.8277
2026-02-22 20:07:23,638 - INFO - temporal_CdAccuracy: 0.7334; temporal_PA: 0.8862; temporal_UA: 0.878; temporal_F1: 0.8821
2026-02-22 20:07:23,638 - INFO - Confusion Matrix
 [80124.	 1651.	    1.	   19.	   55.]
 [ 2019.	59292.	  201.	   34.	   43.]
 [    9.	  746.	 2783.	    0.	    0.]
 [   32.	   32.	    0.	 1451.	    0.]
 [   45.	  307.	    1.	    0.	10935.]
2026-02-22 20:07:23,638 - INFO - Change Type PA (Recall) Matrix
 [[0.    	0.9122	0.7364	0.9073	0.    ]
 [0.7692	0.    	0.4886	0.    	0.6   ]
 [0.    	0.4505	0.    	0.    	0.    ]
 [0.    	0.9596	0.    	0.    	0.    ]
 [0.    	0.    	0.    	0.    	0.    ]]
2026-02-22 20:07:23,638 - INFO - Change Type UA (Precision) Matrix
 [[0.    	0.862 	0.9694	0.9144	0.    ]
 [0.6949	0.    	0.6859	0.    	0.6735]
 [0.    	0.7069	0.    	0.    	0.    ]
 [0.    	0.8559	0.    	0.    	0.    ]
 [0.    	0.    	0.    	0.    	0.    ]]
2026-02-22 20:07:23,640 - INFO - Change Type F1 Matrix
 [[0.    	0.8864	0.837 	0.9109	0.    ]
 [0.7302	0.    	0.5707	0.    	0.6346]
 [0.    	0.5503	0.    	0.    	0.    ]
 [0.    	0.9048	0.    	0.    	0.    ]
 [0.    	0.    	0.    	0.    	0.    ]]
2026-02-22 20:07:23,640 - INFO - Epoch 0 saved.
