<<<<<<< HEAD
2026-01-22 16:52:59,404 - INFO - Epoch 0, Train loss: 0.0
2026-01-22 16:52:59,404 - INFO - mIoU: 0.9263; OA: 0.9714; AA: 0.9496; F1: 0.9611; Kappa: 0.9509;
2026-01-22 16:52:59,405 - INFO - spatial_LccAccuracy: 0.7689; spatial_PA: 0.9598; spatial_UA: 0.9878; spatial_F1: 0.9736; weighted_F1: 0.8561
2026-01-22 16:52:59,405 - INFO - temporal_CdAccuracy: 0.7766; temporal_PA: 0.9113; temporal_UA: 0.892; temporal_F1: 0.9016
2026-01-22 16:52:59,405 - INFO - Confusion Matrix
=======
2025-12-13 21:54:33,502 - INFO - Epoch 0, Train loss: 0.0
2025-12-13 21:54:33,502 - INFO - mIoU: 0.9263; OA: 0.9714; AA: 0.9496; F1: 0.9611; Kappa: 0.9509;
2025-12-13 21:54:33,503 - INFO - spatial_LccAccuracy: 0.8471; spatial_PA: 0.9598; spatial_UA: 0.9878; spatial_F1: 0.9736
2025-12-13 21:54:33,503 - INFO - temporal_CdAccuracy: 0.7766; temporal_PA: 0.9113; temporal_UA: 0.892; temporal_F1: 0.9016
2025-12-13 21:54:33,504 - INFO - Confusion Matrix
>>>>>>> 93175a06c110e941919a0524e265707df6271051
 [77452.	 1325.	    0.	   10.	   77.]
 [ 2125.	57922.	  120.	   11.	   84.]
 [    8.	  401.	 2640.	    0.	    2.]
 [   22.	   39.	    0.	 1451.	    3.]
 [   13.	  192.	    0.	    0.	11083.]
<<<<<<< HEAD
2026-01-22 16:52:59,406 - INFO - Change Type PA (Recall) Matrix
=======
2025-12-13 21:54:33,505 - INFO - Change Type PA (Recall) Matrix
>>>>>>> 93175a06c110e941919a0524e265707df6271051
 [[0.    	0.9198	0.8682	0.8996	0.    ]
 [0.7805	0.    	0.5468	0.    	0.7636]
 [0.    	0.9268	0.    	0.    	0.    ]
 [0.    	0.9596	0.    	0.    	0.    ]
 [0.    	0.    	0.    	0.    	0.    ]]
<<<<<<< HEAD
2026-01-22 16:52:59,407 - INFO - Change Type UA (Precision) Matrix
=======
2025-12-13 21:54:33,505 - INFO - Change Type UA (Precision) Matrix
>>>>>>> 93175a06c110e941919a0524e265707df6271051
 [[0.    	0.867 	0.9912	0.9433	0.    ]
 [0.7111	0.    	0.6909	0.    	0.7   ]
 [0.    	0.6786	0.    	0.    	0.    ]
 [0.    	0.9596	0.    	0.    	0.    ]
 [0.    	0.    	0.    	0.    	0.    ]]
<<<<<<< HEAD
2026-01-22 16:52:59,407 - INFO - Change Type F1 Matrix
=======
2025-12-13 21:54:33,506 - INFO - Change Type F1 Matrix
>>>>>>> 93175a06c110e941919a0524e265707df6271051
 [[0.    	0.8926	0.9256	0.9209	0.    ]
 [0.7442	0.    	0.6104	0.    	0.7304]
 [0.    	0.7835	0.    	0.    	0.    ]
 [0.    	0.9596	0.    	0.    	0.    ]
 [0.    	0.    	0.    	0.    	0.    ]]
<<<<<<< HEAD
2026-01-22 16:52:59,407 - INFO - Epoch 0 saved.
=======
2025-12-13 21:54:33,506 - INFO - Epoch 0 saved.
>>>>>>> 93175a06c110e941919a0524e265707df6271051
