2026-01-29 17:04:23,793 - INFO - Epoch 0, Train loss: 0.0
2026-01-29 17:04:23,794 - INFO - mIoU: 0.912; OA: 0.9689; AA: 0.9379; F1: 0.9531; Kappa: 0.9466;
2026-01-29 17:04:23,794 - INFO - spatial_LccAccuracy: 0.7379; spatial_PA: 0.9536; spatial_UA: 0.9826; spatial_F1: 0.9679; weighted_F1: 0.85
2026-01-29 17:04:23,794 - INFO - temporal_CdAccuracy: 0.7464; temporal_PA: 0.9031; temporal_UA: 0.878; temporal_F1: 0.8904
2026-01-29 17:04:23,795 - INFO - Confusion Matrix
 [76999.	 1818.	    0.	   26.	   21.]
 [ 1876.	58226.	  117.	   26.	   17.]
 [   21.	  460.	 2570.	    0.	    0.]
 [   45.	   54.	    0.	 1416.	    0.]
 [   65.	  272.	    0.	    0.	10951.]
2026-01-29 17:04:23,796 - INFO - Change Type PA (Recall) Matrix
 [[0.    	0.9171	0.7907	0.8996	0.    ]
 [0.8218	0.    	0.5036	0.    	0.6909]
 [0.    	0.9024	0.    	0.    	0.    ]
 [0.    	0.9798	0.    	0.    	0.    ]
 [0.    	0.    	0.    	0.    	0.    ]]
2026-01-29 17:04:23,797 - INFO - Change Type UA (Precision) Matrix
 [[0.    	0.868 	0.9444	0.9031	0.    ]
 [0.6865	0.    	0.7071	0.    	0.8261]
 [0.    	0.7255	0.    	0.    	0.    ]
 [0.    	0.8435	0.    	0.    	0.    ]
 [0.    	0.    	0.    	0.    	0.    ]]
2026-01-29 17:04:23,798 - INFO - Change Type F1 Matrix
 [[0.    	0.8919	0.8608	0.9014	0.    ]
 [0.7481	0.    	0.5882	0.    	0.7525]
 [0.    	0.8043	0.    	0.    	0.    ]
 [0.    	0.9065	0.    	0.    	0.    ]
 [0.    	0.    	0.    	0.    	0.    ]]
2026-01-29 17:04:23,798 - INFO - Epoch 0 saved.
