2026-03-19 14:45:10,892 - INFO - Epoch 0, Train loss: 0.0
2026-03-19 14:45:10,893 - INFO - mIoU: 0.8353; OA: 0.9542; AA: 0.9224; F1: 0.9072; cls_weighted_F1: 0.954; Kappa: 0.9141;
2026-03-19 14:45:10,893 - INFO - spatial_LccAccuracy: 0.713; spatial_PA: 0.8236; spatial_UA: 0.9682; spatial_F1: 0.8901; weighted_F1: 0.8638
2026-03-19 14:45:10,893 - INFO - temporal_CdAccuracy: 0.7148; temporal_PA: 0.9077; temporal_UA: 0.8413; temporal_F1: 0.8732
2026-03-19 14:45:10,894 - INFO - Confusion Matrix
 [15092.	  472.	    1.	    0.	   60.]
 [  703.	16789.	   66.	    0.	   56.]
 [    0.	    0.	  293.	    0.	    0.]
 [    0.	    0.	    0.	    0.	    0.]
 [   25.	  196.	    1.	    0.	  746.]
2026-03-19 14:45:10,894 - INFO - Change Type PA (Recall) Matrix
 [[0.    	0.9393	0.    	0.    	0.    ]
 [0.5   	0.    	1.    	0.    	0.7455]
 [0.    	1.    	0.    	0.    	0.    ]
 [0.    	0.    	0.    	0.    	0.    ]
 [0.    	0.    	0.    	0.    	0.    ]]
2026-03-19 14:45:10,895 - INFO - Change Type UA (Precision) Matrix
 [[0.    	0.8496	0.    	0.    	0.    ]
 [0.1507	0.    	0.875 	0.    	0.7321]
 [0.    	0.8936	0.    	0.    	0.    ]
 [0.    	0.    	0.    	0.    	0.    ]
 [0.    	0.    	0.    	0.    	0.    ]]
2026-03-19 14:45:10,896 - INFO - Change Type F1 Matrix
 [[0.    	0.8922	0.    	0.    	0.    ]
 [0.2316	0.    	0.9333	0.    	0.7387]
 [0.    	0.9438	0.    	0.    	0.    ]
 [0.    	0.    	0.    	0.    	0.    ]
 [0.    	0.    	0.    	0.    	0.    ]]
2026-03-19 14:45:10,896 - INFO - Epoch 0 saved.
