2026-03-19 14:45:10,970 - INFO - Epoch 0, Train loss: 0.0
2026-03-19 14:45:10,971 - INFO - mIoU: 0.9676; OA: 0.9906; AA: 0.9837; F1: 0.9834; cls_weighted_F1: 0.9906; Kappa: 0.9827;
2026-03-19 14:45:10,971 - INFO - spatial_LccAccuracy: 0.8968; spatial_PA: 1.0; spatial_UA: 1.0; spatial_F1: 1.0; weighted_F1: 0.9753
2026-03-19 14:45:10,971 - INFO - temporal_CdAccuracy: 0.8968; temporal_PA: 0.923; temporal_UA: 0.9028; temporal_F1: 0.9128
2026-03-19 14:45:10,971 - INFO - Confusion Matrix
 [1544.	  43.	   0.	   0.	   0.]
 [  28.	1265.	   0.	   0.	   0.]
 [   0.	   0.	   0.	   0.	   0.]
 [   0.	   0.	   0.	   0.	   0.]
 [   0.	   0.	   0.	   0.	4680.]
2026-03-19 14:45:10,973 - INFO - Change Type PA (Recall) Matrix
 [[0.	1.	0.	0.	0.]
 [1.	0.	0.	0.	0.]
 [0.	0.	0.	0.	0.]
 [0.	0.	0.	0.	0.]
 [0.	0.	0.	0.	0.]]
2026-03-19 14:45:10,974 - INFO - Change Type UA (Precision) Matrix
 [[0.    	0.96  	0.    	0.    	0.    ]
 [0.9394	0.    	0.    	0.    	0.    ]
 [0.    	0.    	0.    	0.    	0.    ]
 [0.    	0.    	0.    	0.    	0.    ]
 [0.    	0.    	0.    	0.    	0.    ]]
2026-03-19 14:45:10,975 - INFO - Change Type F1 Matrix
 [[0.    	0.9796	0.    	0.    	0.    ]
 [0.9688	0.    	0.    	0.    	0.    ]
 [0.    	0.    	0.    	0.    	0.    ]
 [0.    	0.    	0.    	0.    	0.    ]
 [0.    	0.    	0.    	0.    	0.    ]]
2026-03-19 14:45:10,975 - INFO - Epoch 0 saved.
