2026-03-19 14:45:11,344 - INFO - Epoch 0, Train loss: 0.0
2026-03-19 14:45:11,345 - INFO - mIoU: 0.9361; OA: 0.9921; AA: 0.9917; F1: 0.9655; cls_weighted_F1: 0.9921; Kappa: 0.9862;
2026-03-19 14:45:11,345 - INFO - spatial_LccAccuracy: 0.9404; spatial_PA: 0.986; spatial_UA: 0.9927; spatial_F1: 0.9893; weighted_F1: 0.9535
2026-03-19 14:45:11,345 - INFO - temporal_CdAccuracy: 0.9432; temporal_PA: 0.9827; temporal_UA: 0.9693; temporal_F1: 0.9759
2026-03-19 14:45:11,346 - INFO - Confusion Matrix
 [24713.	   96.	    2.	    2.	    0.]
 [  148.	12761.	   72.	    3.	    0.]
 [    8.	   11.	  923.	    0.	    0.]
 [    0.	    0.	    0.	   21.	    0.]
 [    0.	    0.	    0.	    0.	 4560.]
2026-03-19 14:45:11,347 - INFO - Change Type PA (Recall) Matrix
 [[0.    	0.976 	0.9756	1.    	0.    ]
 [0.9315	0.    	0.9589	0.    	0.    ]
 [0.    	0.    	0.    	0.    	0.    ]
 [0.    	0.    	0.    	0.    	0.    ]
 [0.    	0.    	0.    	0.    	0.    ]]
2026-03-19 14:45:11,347 - INFO - Change Type UA (Precision) Matrix
 [[0.    	0.9654	0.8889	0.875 	0.    ]
 [0.9315	0.    	0.8642	0.    	0.    ]
 [0.    	0.    	0.    	0.    	0.    ]
 [0.    	0.    	0.    	0.    	0.    ]
 [0.    	0.    	0.    	0.    	0.    ]]
2026-03-19 14:45:11,348 - INFO - Change Type F1 Matrix
 [[0.    	0.9707	0.9302	0.9333	0.    ]
 [0.9315	0.    	0.9091	0.    	0.    ]
 [0.    	0.    	0.    	0.    	0.    ]
 [0.    	0.    	0.    	0.    	0.    ]
 [0.    	0.    	0.    	0.    	0.    ]]
2026-03-19 14:45:11,348 - INFO - Epoch 0 saved.
