2026-03-19 14:45:11,701 - INFO - Epoch 0, Train loss: 0.0
2026-03-19 14:45:11,701 - INFO - mIoU: 0.9024; OA: 0.9824; AA: 0.9508; F1: 0.9462; cls_weighted_F1: 0.9824; Kappa: 0.9642;
2026-03-19 14:45:11,701 - INFO - spatial_LccAccuracy: 0.8235; spatial_PA: 1.0; spatial_UA: 1.0; spatial_F1: 1.0; weighted_F1: 0.9526
2026-03-19 14:45:11,702 - INFO - temporal_CdAccuracy: 0.8235; temporal_PA: 0.956; temporal_UA: 0.9521; temporal_F1: 0.954
2026-03-19 14:45:11,702 - INFO - Confusion Matrix
 [14465.	  337.	    0.	    0.	    0.]
 [  222.	21307.	   50.	    0.	    0.]
 [    0.	   38.	  301.	    0.	    0.]
 [    0.	    0.	    0.	    0.	    0.]
 [    0.	    0.	    0.	    0.	    0.]
2026-03-19 14:45:11,703 - INFO - Change Type PA (Recall) Matrix
 [[0.    	0.9668	0.    	0.    	0.    ]
 [0.9397	0.    	0.9818	0.    	0.    ]
 [0.    	0.75  	0.    	0.    	0.    ]
 [0.    	0.    	0.    	0.    	0.    ]
 [0.    	0.    	0.    	0.    	0.    ]]
2026-03-19 14:45:11,704 - INFO - Change Type UA (Precision) Matrix
 [[0.    	0.9598	0.    	0.    	0.    ]
 [0.9245	0.    	0.9818	0.    	0.    ]
 [0.    	0.8   	0.    	0.    	0.    ]
 [0.    	0.    	0.    	0.    	0.    ]
 [0.    	0.    	0.    	0.    	0.    ]]
2026-03-19 14:45:11,705 - INFO - Change Type F1 Matrix
 [[0.    	0.9633	0.    	0.    	0.    ]
 [0.9321	0.    	0.9818	0.    	0.    ]
 [0.    	0.7742	0.    	0.    	0.    ]
 [0.    	0.    	0.    	0.    	0.    ]
 [0.    	0.    	0.    	0.    	0.    ]]
2026-03-19 14:45:11,705 - INFO - Epoch 0 saved.
