2026-03-19 14:45:11,899 - INFO - Epoch 0, Train loss: 0.0
2026-03-19 14:45:11,899 - INFO - mIoU: 0.9716; OA: 0.9951; AA: 0.9849; F1: 0.9855; cls_weighted_F1: 0.9951; Kappa: 0.9843;
2026-03-19 14:45:11,900 - INFO - spatial_LccAccuracy: 0.9133; spatial_PA: 1.0; spatial_UA: 1.0; spatial_F1: 1.0; weighted_F1: 0.933
2026-03-19 14:45:11,900 - INFO - temporal_CdAccuracy: 0.9512; temporal_PA: 0.9891; temporal_UA: 0.9803; temporal_F1: 0.9846
2026-03-19 14:45:11,900 - INFO - Confusion Matrix
 [18112.	   10.	    0.	    2.	    0.]
 [   41.	 2689.	    0.	   32.	    0.]
 [    0.	    0.	    0.	    0.	    0.]
 [    0.	   23.	    0.	 1231.	    0.]
 [    0.	    0.	    0.	    0.	    0.]
2026-03-19 14:45:11,901 - INFO - Change Type PA (Recall) Matrix
 [[0.    	0.9115	0.    	0.9385	0.    ]
 [0.5714	0.    	0.    	0.    	0.    ]
 [0.    	0.    	0.    	0.    	0.    ]
 [0.    	0.9732	0.    	0.    	0.    ]
 [0.    	0.    	0.    	0.    	0.    ]]
2026-03-19 14:45:11,902 - INFO - Change Type UA (Precision) Matrix
 [[0.    	0.9115	0.    	0.9289	0.    ]
 [0.6667	0.    	0.    	0.    	0.    ]
 [0.    	0.    	0.    	0.    	0.    ]
 [0.    	0.9732	0.    	0.    	0.    ]
 [0.    	0.    	0.    	0.    	0.    ]]
2026-03-19 14:45:11,902 - INFO - Change Type F1 Matrix
 [[0.    	0.9115	0.    	0.9337	0.    ]
 [0.6154	0.    	0.    	0.    	0.    ]
 [0.    	0.    	0.    	0.    	0.    ]
 [0.    	0.9732	0.    	0.    	0.    ]
 [0.    	0.    	0.    	0.    	0.    ]]
2026-03-19 14:45:11,902 - INFO - Epoch 0 saved.
