2026-03-19 14:45:12,028 - INFO - Epoch 0, Train loss: 0.0
2026-03-19 14:45:12,028 - INFO - mIoU: 0.9441; OA: 0.972; AA: 0.9742; F1: 0.9711; cls_weighted_F1: 0.972; Kappa: 0.9531;
2026-03-19 14:45:12,029 - INFO - spatial_LccAccuracy: 0.8043; spatial_PA: 0.9811; spatial_UA: 0.9944; spatial_F1: 0.9877; weighted_F1: 0.903
2026-03-19 14:45:12,029 - INFO - temporal_CdAccuracy: 0.8043; temporal_PA: 0.9443; temporal_UA: 0.9149; temporal_F1: 0.9294
2026-03-19 14:45:12,029 - INFO - Confusion Matrix
 [5986.	 166.	   3.	  10.	   0.]
 [ 104.	5981.	  54.	   0.	   0.]
 [   0.	  47.	1034.	   0.	   0.]
 [   2.	   0.	   0.	 413.	   0.]
 [   0.	   0.	   0.	   0.	   0.]
2026-03-19 14:45:12,030 - INFO - Change Type PA (Recall) Matrix
 [[0.    	0.9444	0.    	1.    	0.    ]
 [0.9677	0.    	0.7241	0.    	0.    ]
 [1.    	0.9756	0.    	0.    	0.    ]
 [0.    	0.    	0.    	0.    	0.    ]
 [0.    	0.    	0.    	0.    	0.    ]]
2026-03-19 14:45:12,032 - INFO - Change Type UA (Precision) Matrix
 [[0.    	0.8947	0.    	1.    	0.    ]
 [0.8108	0.    	0.7   	0.    	0.    ]
 [1.    	0.9091	0.    	0.    	0.    ]
 [0.    	0.    	0.    	0.    	0.    ]
 [0.    	0.    	0.    	0.    	0.    ]]
2026-03-19 14:45:12,032 - INFO - Change Type F1 Matrix
 [[0.    	0.9189	0.    	1.    	0.    ]
 [0.8824	0.    	0.7119	0.    	0.    ]
 [1.    	0.9412	0.    	0.    	0.    ]
 [0.    	0.    	0.    	0.    	0.    ]
 [0.    	0.    	0.    	0.    	0.    ]]
2026-03-19 14:45:12,032 - INFO - Epoch 0 saved.
