2026-03-19 14:44:02,720 - INFO - Epoch 0, Train loss: 0.0
2026-03-19 14:44:02,720 - INFO - mIoU: 0.8441; OA: 0.9549; AA: 0.9185; F1: 0.9133; cls_weighted_F1: 0.9548; Kappa: 0.9155;
2026-03-19 14:44:02,720 - INFO - spatial_LccAccuracy: 0.7339; spatial_PA: 0.7456; spatial_UA: 0.9735; spatial_F1: 0.8444; weighted_F1: 0.8687
2026-03-19 14:44:02,720 - INFO - temporal_CdAccuracy: 0.7339; temporal_PA: 0.9209; temporal_UA: 0.8615; temporal_F1: 0.8902
2026-03-19 14:44:02,720 - INFO - Confusion Matrix
 [15244.	  312.	    0.	    0.	   69.]
 [  893.	16644.	   46.	    0.	   31.]
 [    0.	   15.	  278.	    0.	    0.]
 [    0.	    0.	    0.	    0.	    0.]
 [   14.	  169.	    6.	    0.	  779.]
2026-03-19 14:44:02,721 - INFO - Change Type PA (Recall) Matrix
 [[0.    	0.9491	0.    	0.    	0.    ]
 [0.4545	0.    	1.    	0.    	0.6545]
 [0.    	1.    	0.    	0.    	0.    ]
 [0.    	0.    	0.    	0.    	0.    ]
 [0.    	0.    	0.    	0.    	0.    ]]
2026-03-19 14:44:02,721 - INFO - Change Type UA (Precision) Matrix
 [[0.    	0.8599	0.    	0.    	0.    ]
 [0.2041	0.    	0.913 	0.    	0.6316]
 [0.    	0.9545	0.    	0.    	0.    ]
 [0.    	0.    	0.    	0.    	0.    ]
 [0.    	0.    	0.    	0.    	0.    ]]
2026-03-19 14:44:02,721 - INFO - Change Type F1 Matrix
 [[0.    	0.9023	0.    	0.    	0.    ]
 [0.2817	0.    	0.9545	0.    	0.6429]
 [0.    	0.9767	0.    	0.    	0.    ]
 [0.    	0.    	0.    	0.    	0.    ]
 [0.    	0.    	0.    	0.    	0.    ]]
2026-03-19 14:44:02,721 - INFO - Epoch 0 saved.
