2026-03-19 14:44:02,784 - INFO - Epoch 0, Train loss: 0.0
2026-03-19 14:44:02,785 - INFO - mIoU: 0.9606; OA: 0.9885; AA: 0.9802; F1: 0.9797; cls_weighted_F1: 0.9885; Kappa: 0.9788;
2026-03-19 14:44:02,785 - INFO - spatial_LccAccuracy: 0.8968; spatial_PA: 1.0; spatial_UA: 1.0; spatial_F1: 1.0; weighted_F1: 0.9146
2026-03-19 14:44:02,785 - INFO - temporal_CdAccuracy: 0.8968; temporal_PA: 0.9292; temporal_UA: 0.8993; temporal_F1: 0.914
2026-03-19 14:44:02,786 - INFO - Confusion Matrix
 [1532.	  55.	   0.	   0.	   0.]
 [  32.	1261.	   0.	   0.	   0.]
 [   0.	   0.	   0.	   0.	   0.]
 [   0.	   0.	   0.	   0.	   0.]
 [   0.	   0.	   0.	   0.	4680.]
2026-03-19 14:44:02,787 - INFO - Change Type PA (Recall) Matrix
 [[0.    	0.9583	0.    	0.    	0.    ]
 [0.9355	0.    	0.    	0.    	0.    ]
 [0.    	0.    	0.    	0.    	0.    ]
 [0.    	0.    	0.    	0.    	0.    ]
 [0.    	0.    	0.    	0.    	0.    ]]
2026-03-19 14:44:02,788 - INFO - Change Type UA (Precision) Matrix
 [[0.    	0.8846	0.    	0.    	0.    ]
 [0.8788	0.    	0.    	0.    	0.    ]
 [0.    	0.    	0.    	0.    	0.    ]
 [0.    	0.    	0.    	0.    	0.    ]
 [0.    	0.    	0.    	0.    	0.    ]]
2026-03-19 14:44:02,789 - INFO - Change Type F1 Matrix
 [[0.    	0.92  	0.    	0.    	0.    ]
 [0.9062	0.    	0.    	0.    	0.    ]
 [0.    	0.    	0.    	0.    	0.    ]
 [0.    	0.    	0.    	0.    	0.    ]
 [0.    	0.    	0.    	0.    	0.    ]]
2026-03-19 14:44:02,789 - INFO - Epoch 0 saved.
