2026-03-19 14:44:03,107 - INFO - Epoch 0, Train loss: 0.0
2026-03-19 14:44:03,107 - INFO - mIoU: 0.9085; OA: 0.9901; AA: 0.9857; F1: 0.9482; cls_weighted_F1: 0.9901; Kappa: 0.9827;
2026-03-19 14:44:03,108 - INFO - spatial_LccAccuracy: 0.9197; spatial_PA: 0.984; spatial_UA: 0.9917; spatial_F1: 0.9878; weighted_F1: 0.9078
2026-03-19 14:44:03,108 - INFO - temporal_CdAccuracy: 0.9266; temporal_PA: 0.9786; temporal_UA: 0.9554; temporal_F1: 0.9669
2026-03-19 14:44:03,108 - INFO - Confusion Matrix
 [24705.	   99.	    0.	    9.	    0.]
 [  205.	12707.	   72.	    0.	    0.]
 [   10.	   32.	  899.	    0.	    1.]
 [    0.	    0.	    0.	   21.	    0.]
 [    0.	    0.	    0.	    0.	 4560.]
2026-03-19 14:44:03,109 - INFO - Change Type PA (Recall) Matrix
 [[0.    	0.9454	0.9268	1.    	0.    ]
 [0.8356	0.    	0.9315	0.    	0.    ]
 [0.    	0.5   	0.    	0.    	0.    ]
 [0.    	0.    	0.    	0.    	0.    ]
 [0.    	0.    	0.    	0.    	0.    ]]
2026-03-19 14:44:03,110 - INFO - Change Type UA (Precision) Matrix
 [[0.    	0.9272	0.7917	0.7   	0.    ]
 [0.7262	0.    	0.8947	0.    	0.    ]
 [0.    	0.3333	0.    	0.    	0.    ]
 [0.    	0.    	0.    	0.    	0.    ]
 [0.    	0.    	0.    	0.    	0.    ]]
2026-03-19 14:44:03,111 - INFO - Change Type F1 Matrix
 [[0.    	0.9362	0.8539	0.8235	0.    ]
 [0.7771	0.    	0.9128	0.    	0.    ]
 [0.    	0.4   	0.    	0.    	0.    ]
 [0.    	0.    	0.    	0.    	0.    ]
 [0.    	0.    	0.    	0.    	0.    ]]
2026-03-19 14:44:03,111 - INFO - Epoch 0 saved.
