2026-03-19 14:44:03,393 - INFO - Epoch 0, Train loss: 0.0
2026-03-19 14:44:03,394 - INFO - mIoU: 0.8598; OA: 0.9812; AA: 0.8918; F1: 0.9172; cls_weighted_F1: 0.9811; Kappa: 0.9617;
2026-03-19 14:44:03,394 - INFO - spatial_LccAccuracy: 0.8219; spatial_PA: 1.0; spatial_UA: 1.0; spatial_F1: 1.0; weighted_F1: 0.9437
2026-03-19 14:44:03,395 - INFO - temporal_CdAccuracy: 0.8219; temporal_PA: 0.954; temporal_UA: 0.954; temporal_F1: 0.954
2026-03-19 14:44:03,395 - INFO - Confusion Matrix
 [14423.	  379.	    0.	    0.	    0.]
 [  179.	21367.	   33.	    0.	    0.]
 [    0.	   98.	  241.	    0.	    0.]
 [    0.	    0.	    0.	    0.	    0.]
 [    0.	    0.	    0.	    0.	    0.]
2026-03-19 14:44:03,396 - INFO - Change Type PA (Recall) Matrix
 [[0.    	0.9582	0.    	0.    	0.    ]
 [0.9397	0.    	0.8909	0.    	0.    ]
 [0.    	0.5625	0.    	0.    	0.    ]
 [0.    	0.    	0.    	0.    	0.    ]
 [0.    	0.    	0.    	0.    	0.    ]]
2026-03-19 14:44:03,397 - INFO - Change Type UA (Precision) Matrix
 [[0.    	0.9594	0.    	0.    	0.    ]
 [0.9196	0.    	0.9245	0.    	0.    ]
 [0.    	0.6923	0.    	0.    	0.    ]
 [0.    	0.    	0.    	0.    	0.    ]
 [0.    	0.    	0.    	0.    	0.    ]]
2026-03-19 14:44:03,398 - INFO - Change Type F1 Matrix
 [[0.    	0.9588	0.    	0.    	0.    ]
 [0.9295	0.    	0.9074	0.    	0.    ]
 [0.    	0.6207	0.    	0.    	0.    ]
 [0.    	0.    	0.    	0.    	0.    ]
 [0.    	0.    	0.    	0.    	0.    ]]
2026-03-19 14:44:03,398 - INFO - Epoch 0 saved.
