2026-03-19 14:44:03,564 - INFO - Epoch 0, Train loss: 0.0
2026-03-19 14:44:03,564 - INFO - mIoU: 0.7331; OA: 0.9958; AA: 0.9876; F1: 0.9886; cls_weighted_F1: 0.9959; Kappa: 0.9865;
2026-03-19 14:44:03,565 - INFO - spatial_LccAccuracy: 0.9431; spatial_PA: 0.9984; spatial_UA: 0.9919; spatial_F1: 0.9951; weighted_F1: 0.9444
2026-03-19 14:44:03,565 - INFO - temporal_CdAccuracy: 0.9675; temporal_PA: 0.9927; temporal_UA: 0.9871; temporal_F1: 0.9899
2026-03-19 14:44:03,565 - INFO - Confusion Matrix
 [18106.	   12.	    1.	    5.	    0.]
 [   34.	 2708.	    2.	   18.	    0.]
 [    0.	    0.	    0.	    0.	    0.]
 [    3.	   18.	    0.	 1233.	    0.]
 [    0.	    0.	    0.	    0.	    0.]
2026-03-19 14:44:03,566 - INFO - Change Type PA (Recall) Matrix
 [[0.    	0.9558	0.    	0.9487	0.    ]
 [0.4286	0.    	0.    	0.    	0.    ]
 [0.    	0.    	0.    	0.    	0.    ]
 [0.    	0.9643	0.    	0.    	0.    ]
 [0.    	0.    	0.    	0.    	0.    ]]
2026-03-19 14:44:03,567 - INFO - Change Type UA (Precision) Matrix
 [[0.    	0.9391	0.    	0.9536	0.    ]
 [0.5   	0.    	0.    	0.    	0.    ]
 [0.    	0.    	0.    	0.    	0.    ]
 [0.    	0.9558	0.    	0.    	0.    ]
 [0.    	0.    	0.    	0.    	0.    ]]
2026-03-19 14:44:03,568 - INFO - Change Type F1 Matrix
 [[0.    	0.9474	0.    	0.9512	0.    ]
 [0.4615	0.    	0.    	0.    	0.    ]
 [0.    	0.    	0.    	0.    	0.    ]
 [0.    	0.96  	0.    	0.    	0.    ]
 [0.    	0.    	0.    	0.    	0.    ]]
2026-03-19 14:44:03,568 - INFO - Epoch 0 saved.
