2026-03-19 14:44:03,699 - INFO - Epoch 0, Train loss: 0.0
2026-03-19 14:44:03,700 - INFO - mIoU: 0.9478; OA: 0.9746; AA: 0.9751; F1: 0.9732; cls_weighted_F1: 0.9746; Kappa: 0.9573;
2026-03-19 14:44:03,700 - INFO - spatial_LccAccuracy: 0.8087; spatial_PA: 0.9717; spatial_UA: 0.9917; spatial_F1: 0.9816; weighted_F1: 0.9146
2026-03-19 14:44:03,700 - INFO - temporal_CdAccuracy: 0.8087; temporal_PA: 0.9472; temporal_UA: 0.9083; temporal_F1: 0.9273
2026-03-19 14:44:03,700 - INFO - Confusion Matrix
 [6011.	 137.	   1.	  16.	   0.]
 [ 121.	5990.	  28.	   0.	   0.]
 [   0.	  44.	1037.	   0.	   0.]
 [   4.	   0.	   0.	 411.	   0.]
 [   0.	   0.	   0.	   0.	   0.]
2026-03-19 14:44:03,702 - INFO - Change Type PA (Recall) Matrix
 [[0.    	0.9722	0.    	1.    	0.    ]
 [0.9516	0.    	0.8621	0.    	0.    ]
 [1.    	0.9756	0.    	0.    	0.    ]
 [0.    	0.    	0.    	0.    	0.    ]
 [0.    	0.    	0.    	0.    	0.    ]]
2026-03-19 14:44:03,702 - INFO - Change Type UA (Precision) Matrix
 [[0.    	0.875 	0.    	1.    	0.    ]
 [0.7867	0.    	0.7576	0.    	0.    ]
 [1.    	1.    	0.    	0.    	0.    ]
 [0.    	0.    	0.    	0.    	0.    ]
 [0.    	0.    	0.    	0.    	0.    ]]
2026-03-19 14:44:03,703 - INFO - Change Type F1 Matrix
 [[0.    	0.9211	0.    	1.    	0.    ]
 [0.8613	0.    	0.8065	0.    	0.    ]
 [1.    	0.9877	0.    	0.    	0.    ]
 [0.    	0.    	0.    	0.    	0.    ]
 [0.    	0.    	0.    	0.    	0.    ]]
2026-03-19 14:44:03,703 - INFO - Epoch 0 saved.
