2026-01-29 22:25:36,845 - INFO - Epoch 0, Train loss: 0.0
2026-01-29 22:25:36,845 - INFO - mIoU: 0.9638; OA: 0.9948; AA: 0.9828; F1: 0.9808; Kappa: 0.9912;
2026-01-29 22:25:36,845 - INFO - spatial_LccAccuracy: 0.9444; spatial_PA: 1.0; spatial_UA: 1.0; spatial_F1: 1.0; weighted_F1: 0.9655
2026-01-29 22:25:36,845 - INFO - temporal_CdAccuracy: 0.9484; temporal_PA: 0.9807; temporal_UA: 0.9683; temporal_F1: 0.9745
2026-01-29 22:25:36,845 - INFO - Confusion Matrix
 [23314.	   50.	    0.	    0.	    0.]
 [   78.	15418.	   57.	    0.	    0.]
 [    7.	   36.	  700.	    0.	    0.]
 [    0.	    0.	    0.	    0.	    0.]
 [    0.	    0.	    0.	    0.	 4560.]
2026-01-29 22:25:36,845 - INFO - Change Type PA (Recall) Matrix
 [[0.    	0.9832	0.9091	0.    	0.    ]
 [0.962 	0.    	0.9737	0.    	0.    ]
 [0.    	0.    	0.    	0.    	0.    ]
 [0.    	0.    	0.    	0.    	0.    ]
 [0.    	0.    	0.    	0.    	0.    ]]
2026-01-29 22:25:36,845 - INFO - Change Type UA (Precision) Matrix
 [[0.    	0.977 	0.9091	0.    	0.    ]
 [0.9383	0.    	0.8043	0.    	0.    ]
 [0.    	0.    	0.    	0.    	0.    ]
 [0.    	0.    	0.    	0.    	0.    ]
 [0.    	0.    	0.    	0.    	0.    ]]
2026-01-29 22:25:36,845 - INFO - Change Type F1 Matrix
 [[0.    	0.9801	0.9091	0.    	0.    ]
 [0.95  	0.    	0.881 	0.    	0.    ]
 [0.    	0.    	0.    	0.    	0.    ]
 [0.    	0.    	0.    	0.    	0.    ]
 [0.    	0.    	0.    	0.    	0.    ]]
2026-01-29 22:25:36,845 - INFO - Epoch 0 saved.
