2026-01-29 22:25:37,103 - INFO - Epoch 0, Train loss: 0.0
2026-01-29 22:25:37,103 - INFO - mIoU: 0.9332; OA: 0.9855; AA: 0.9519; F1: 0.9646; Kappa: 0.9692;
2026-01-29 22:25:37,103 - INFO - spatial_LccAccuracy: 0.8514; spatial_PA: 0.999; spatial_UA: 0.9919; spatial_F1: 0.9954; weighted_F1: 0.9524
2026-01-29 22:25:37,103 - INFO - temporal_CdAccuracy: 0.8514; temporal_PA: 0.9648; temporal_UA: 0.953; temporal_F1: 0.9589
2026-01-29 22:25:37,103 - INFO - Confusion Matrix
 [11883.	  215.	    0.	    0.	    0.]
 [  240.	20227.	    4.	    0.	    0.]
 [    0.	   15.	  116.	    0.	    0.]
 [    0.	    0.	    0.	    0.	    0.]
 [    0.	    0.	    0.	    0.	    0.]
2026-01-29 22:25:37,103 - INFO - Change Type PA (Recall) Matrix
 [[0.    	0.9746	0.    	0.    	0.    ]
 [0.9689	0.    	0.4   	0.    	0.    ]
 [0.    	0.    	0.    	0.    	0.    ]
 [0.    	0.    	0.    	0.    	0.    ]
 [0.    	0.    	0.    	0.    	0.    ]]
2026-01-29 22:25:37,103 - INFO - Change Type UA (Precision) Matrix
 [[0.    	0.9558	0.    	0.    	0.    ]
 [0.915 	0.    	0.5   	0.    	0.    ]
 [0.    	0.    	0.    	0.    	0.    ]
 [0.    	0.    	0.    	0.    	0.    ]
 [0.    	0.    	0.    	0.    	0.    ]]
2026-01-29 22:25:37,103 - INFO - Change Type F1 Matrix
 [[0.    	0.9651	0.    	0.    	0.    ]
 [0.9412	0.    	0.4444	0.    	0.    ]
 [0.    	0.    	0.    	0.    	0.    ]
 [0.    	0.    	0.    	0.    	0.    ]
 [0.    	0.    	0.    	0.    	0.    ]]
2026-01-29 22:25:37,103 - INFO - Epoch 0 saved.
