2026-01-29 17:01:15,051 - INFO - Epoch 0, Train loss: 0.0
2026-01-29 17:01:15,052 - INFO - mIoU: 0.9845; OA: 0.9974; AA: 0.9866; F1: 0.9921; Kappa: 0.9955;
2026-01-29 17:01:15,052 - INFO - spatial_LccAccuracy: 0.9824; spatial_PA: 1.0; spatial_UA: 1.0; spatial_F1: 1.0; weighted_F1: 0.9865
2026-01-29 17:01:15,052 - INFO - temporal_CdAccuracy: 0.9837; temporal_PA: 0.9905; temporal_UA: 0.9943; temporal_F1: 0.9924
2026-01-29 17:01:15,052 - INFO - Confusion Matrix
 [23356.	    8.	    0.	    0.	    0.]
 [   70.	15481.	    2.	    0.	    0.]
 [    2.	   34.	  707.	    0.	    0.]
 [    0.	    0.	    0.	    0.	    0.]
 [    1.	    0.	    0.	    0.	 4559.]
2026-01-29 17:01:15,053 - INFO - Change Type PA (Recall) Matrix
 [[0.    	0.9916	0.9773	0.    	0.    ]
 [0.9494	0.    	0.9474	0.    	0.    ]
 [0.    	0.    	0.    	0.    	0.    ]
 [0.    	0.    	0.    	0.    	0.    ]
 [0.    	0.    	0.    	0.    	0.    ]]
2026-01-29 17:01:15,054 - INFO - Change Type UA (Precision) Matrix
 [[0.    	0.9895	1.    	0.    	0.    ]
 [0.9868	0.    	1.    	0.    	0.    ]
 [0.    	0.    	0.    	0.    	0.    ]
 [0.    	0.    	0.    	0.    	0.    ]
 [0.    	0.    	0.    	0.    	0.    ]]
2026-01-29 17:01:15,055 - INFO - Change Type F1 Matrix
 [[0.    	0.9905	0.9885	0.    	0.    ]
 [0.9677	0.    	0.973 	0.    	0.    ]
 [0.    	0.    	0.    	0.    	0.    ]
 [0.    	0.    	0.    	0.    	0.    ]
 [0.    	0.    	0.    	0.    	0.    ]]
2026-01-29 17:01:15,055 - INFO - Epoch 0 saved.
