2026-01-29 17:01:15,596 - INFO - Epoch 0, Train loss: 0.0
2026-01-29 17:01:15,597 - INFO - mIoU: 0.9948; OA: 0.999; AA: 0.9959; F1: 0.9974; Kappa: 0.9968;
2026-01-29 17:01:15,597 - INFO - spatial_LccAccuracy: 0.9919; spatial_PA: 0.9983; spatial_UA: 0.9929; spatial_F1: 0.9956; weighted_F1: 0.9937
2026-01-29 17:01:15,597 - INFO - temporal_CdAccuracy: 0.9973; temporal_PA: 0.9987; temporal_UA: 1.0; temporal_F1: 0.9994
2026-01-29 17:01:15,597 - INFO - Confusion Matrix
 [18127.	    2.	    0.	    0.	    0.]
 [   11.	 2986.	    0.	    0.	    0.]
 [    0.	    0.	    0.	    0.	    0.]
 [    3.	    6.	    0.	 1065.	    0.]
 [    0.	    0.	    0.	    0.	    0.]
2026-01-29 17:01:15,597 - INFO - Change Type PA (Recall) Matrix
 [[0.    	1.    	0.    	0.9824	0.    ]
 [1.    	0.    	0.    	0.    	0.    ]
 [0.    	0.    	0.    	0.    	0.    ]
 [0.    	1.    	0.    	0.    	0.    ]
 [0.    	0.    	0.    	0.    	0.    ]]
2026-01-29 17:01:15,597 - INFO - Change Type UA (Precision) Matrix
 [[0.   	0.985	0.   	1.   	0.   ]
 [1.   	0.   	0.   	0.   	0.   ]
 [0.   	0.   	0.   	0.   	0.   ]
 [0.   	1.   	0.   	0.   	0.   ]
 [0.   	0.   	0.   	0.   	0.   ]]
2026-01-29 17:01:15,597 - INFO - Change Type F1 Matrix
 [[0.    	0.9924	0.    	0.9911	0.    ]
 [1.    	0.    	0.    	0.    	0.    ]
 [0.    	0.    	0.    	0.    	0.    ]
 [0.    	1.    	0.    	0.    	0.    ]
 [0.    	0.    	0.    	0.    	0.    ]]
2026-01-29 17:01:15,597 - INFO - Epoch 0 saved.
