2026-01-29 22:28:02,002 - INFO - Epoch 0, Train loss: 0.0
2026-01-29 22:28:02,002 - INFO - mIoU: 0.8431; OA: 0.9819; AA: 0.8578; F1: 0.9048; Kappa: 0.9614;
2026-01-29 22:28:02,004 - INFO - spatial_LccAccuracy: 0.7927; spatial_PA: 0.999; spatial_UA: 0.9919; spatial_F1: 0.9954; weighted_F1: 0.9322
2026-01-29 22:28:02,004 - INFO - temporal_CdAccuracy: 0.7945; temporal_PA: 0.9329; temporal_UA: 0.9432; temporal_F1: 0.938
2026-01-29 22:28:02,004 - INFO - Confusion Matrix
 [11775.	  323.	    0.	    0.	    0.]
 [  217.	20252.	    2.	    0.	    0.]
 [    0.	   51.	   80.	    0.	    0.]
 [    0.	    0.	    0.	    0.	    0.]
 [    0.	    0.	    0.	    0.	    0.]
2026-01-29 22:28:02,004 - INFO - Change Type PA (Recall) Matrix
 [[0.    	0.9423	0.    	0.    	0.    ]
 [0.8944	0.    	0.4   	0.    	0.    ]
 [0.    	0.    	0.    	0.    	0.    ]
 [0.    	0.    	0.    	0.    	0.    ]
 [0.    	0.    	0.    	0.    	0.    ]]
2026-01-29 22:28:02,004 - INFO - Change Type UA (Precision) Matrix
 [[0.    	0.9612	0.    	0.    	0.    ]
 [0.9172	0.    	0.5   	0.    	0.    ]
 [0.    	0.    	0.    	0.    	0.    ]
 [0.    	0.    	0.    	0.    	0.    ]
 [0.    	0.    	0.    	0.    	0.    ]]
2026-01-29 22:28:02,005 - INFO - Change Type F1 Matrix
 [[0.    	0.9516	0.    	0.    	0.    ]
 [0.9057	0.    	0.4444	0.    	0.    ]
 [0.    	0.    	0.    	0.    	0.    ]
 [0.    	0.    	0.    	0.    	0.    ]
 [0.    	0.    	0.    	0.    	0.    ]]
2026-01-29 22:28:02,005 - INFO - Epoch 0 saved.
