2026-01-29 22:28:02,287 - INFO - Epoch 0, Train loss: 0.0
2026-01-29 22:28:02,287 - INFO - mIoU: 0.7578; OA: 0.976; AA: 0.9737; F1: 0.9726; Kappa: 0.956;
2026-01-29 22:28:02,287 - INFO - spatial_LccAccuracy: 0.8393; spatial_PA: 1.0; spatial_UA: 1.0; spatial_F1: 1.0; weighted_F1: 0.8873
2026-01-29 22:28:02,287 - INFO - temporal_CdAccuracy: 0.8393; temporal_PA: 0.9422; temporal_UA: 0.9087; temporal_F1: 0.9252
2026-01-29 22:28:02,287 - INFO - Confusion Matrix
 [7034.	 135.	   0.	   2.	   0.]
 [ 117.	5381.	  31.	   0.	   1.]
 [   1.	  35.	 572.	   0.	   0.]
 [   0.	   0.	   0.	 131.	   0.]
 [   0.	   0.	   0.	   0.	   0.]
2026-01-29 22:28:02,288 - INFO - Change Type PA (Recall) Matrix
 [[0.    	0.9611	0.    	1.    	0.    ]
 [0.9565	0.    	0.7632	0.    	0.    ]
 [0.    	0.8421	0.    	0.    	0.    ]
 [0.    	0.    	0.    	0.    	0.    ]
 [0.    	0.    	0.    	0.    	0.    ]]
2026-01-29 22:28:02,288 - INFO - Change Type UA (Precision) Matrix
 [[0.    	0.9153	0.    	1.    	0.    ]
 [0.7586	0.    	0.7436	0.    	0.    ]
 [0.    	0.7619	0.    	0.    	0.    ]
 [0.    	0.    	0.    	0.    	0.    ]
 [0.    	0.    	0.    	0.    	0.    ]]
2026-01-29 22:28:02,288 - INFO - Change Type F1 Matrix
 [[0.    	0.9377	0.    	1.    	0.    ]
 [0.8462	0.    	0.7532	0.    	0.    ]
 [0.    	0.8   	0.    	0.    	0.    ]
 [0.    	0.    	0.    	0.    	0.    ]
 [0.    	0.    	0.    	0.    	0.    ]]
2026-01-29 22:28:02,288 - INFO - Epoch 0 saved.
