2026-01-29 22:28:18,084 - INFO - Epoch 0, Train loss: 0.0
2026-01-29 22:28:18,084 - INFO - mIoU: 0.9263; OA: 0.9714; AA: 0.9496; F1: 0.961; Kappa: 0.9509;
2026-01-29 22:28:18,084 - INFO - spatial_LccAccuracy: 0.7685; spatial_PA: 0.9598; spatial_UA: 0.9878; spatial_F1: 0.9736; weighted_F1: 0.8559
2026-01-29 22:28:18,084 - INFO - temporal_CdAccuracy: 0.7762; temporal_PA: 0.9111; temporal_UA: 0.8916; temporal_F1: 0.9013
2026-01-29 22:28:18,084 - INFO - Confusion Matrix
 [77455.	 1323.	    0.	   10.	   76.]
 [ 2125.	57922.	  120.	   11.	   84.]
 [    8.	  402.	 2639.	    0.	    2.]
 [   22.	   39.	    0.	 1451.	    3.]
 [   13.	  192.	    0.	    0.	11083.]
2026-01-29 22:28:18,084 - INFO - Change Type PA (Recall) Matrix
 [[0.    	0.9198	0.8682	0.8996	0.    ]
 [0.7805	0.    	0.5468	0.    	0.7636]
 [0.    	0.9268	0.    	0.    	0.    ]
 [0.    	0.9596	0.    	0.    	0.    ]
 [0.    	0.    	0.    	0.    	0.    ]]
2026-01-29 22:28:18,084 - INFO - Change Type UA (Precision) Matrix
 [[0.    	0.8666	0.9912	0.9433	0.    ]
 [0.7099	0.    	0.6909	0.    	0.7   ]
 [0.    	0.6786	0.    	0.    	0.    ]
 [0.    	0.9596	0.    	0.    	0.    ]
 [0.    	0.    	0.    	0.    	0.    ]]
2026-01-29 22:28:18,086 - INFO - Change Type F1 Matrix
 [[0.    	0.8924	0.9256	0.9209	0.    ]
 [0.7435	0.    	0.6104	0.    	0.7304]
 [0.    	0.7835	0.    	0.    	0.    ]
 [0.    	0.9596	0.    	0.    	0.    ]
 [0.    	0.    	0.    	0.    	0.    ]]
2026-01-29 22:28:18,086 - INFO - Epoch 0 saved.
