2026-01-29 22:28:12,606 - INFO - Epoch 0, Train loss: 0.0
2026-01-29 22:28:12,606 - INFO - mIoU: 0.9238; OA: 0.9714; AA: 0.9507; F1: 0.9596; Kappa: 0.9509;
2026-01-29 22:28:12,606 - INFO - spatial_LccAccuracy: 0.7735; spatial_PA: 0.9619; spatial_UA: 0.9867; spatial_F1: 0.9742; weighted_F1: 0.8637
2026-01-29 22:28:12,606 - INFO - temporal_CdAccuracy: 0.782; temporal_PA: 0.9093; temporal_UA: 0.9003; temporal_F1: 0.9048
2026-01-29 22:28:12,606 - INFO - Confusion Matrix
 [77349.	 1445.	    8.	   20.	   42.]
 [ 2013.	58037.	  164.	   20.	   28.]
 [    4.	  376.	 2671.	    0.	    0.]
 [   29.	   37.	    0.	 1448.	    1.]
 [   33.	  212.	    0.	    0.	11043.]
2026-01-29 22:28:12,606 - INFO - Change Type PA (Recall) Matrix
 [[0.    	0.9225	0.8837	0.8764	0.    ]
 [0.773 	0.    	0.518 	0.    	0.8   ]
 [0.    	0.9756	0.    	0.    	0.    ]
 [0.    	0.9293	0.    	0.    	0.    ]
 [0.    	0.    	0.    	0.    	0.    ]]
2026-01-29 22:28:12,606 - INFO - Change Type UA (Precision) Matrix
 [[0.    	0.8866	0.9661	0.8972	0.    ]
 [0.7477	0.    	0.7059	0.    	0.8627]
 [0.    	0.7407	0.    	0.    	0.    ]
 [0.    	0.92  	0.    	0.    	0.    ]
 [0.    	0.    	0.    	0.    	0.    ]]
2026-01-29 22:28:12,606 - INFO - Change Type F1 Matrix
 [[0.    	0.9042	0.9231	0.8867	0.    ]
 [0.7601	0.    	0.5975	0.    	0.8302]
 [0.    	0.8421	0.    	0.    	0.    ]
 [0.    	0.9246	0.    	0.    	0.    ]
 [0.    	0.    	0.    	0.    	0.    ]]
2026-01-29 22:28:12,606 - INFO - Epoch 0 saved.
