2026-01-29 22:28:13,926 - INFO - Epoch 0, Train loss: 0.0
2026-01-29 22:28:13,927 - INFO - mIoU: 0.918; OA: 0.9702; AA: 0.9439; F1: 0.9565; Kappa: 0.9488;
2026-01-29 22:28:13,927 - INFO - spatial_LccAccuracy: 0.7495; spatial_PA: 0.9556; spatial_UA: 0.984; spatial_F1: 0.9696; weighted_F1: 0.8392
2026-01-29 22:28:13,927 - INFO - temporal_CdAccuracy: 0.7553; temporal_PA: 0.9034; temporal_UA: 0.8847; temporal_F1: 0.8939
2026-01-29 22:28:13,927 - INFO - Confusion Matrix
 [77212.	 1577.	    1.	   19.	   55.]
 [ 1916.	58167.	  102.	   34.	   43.]
 [    9.	  452.	 2590.	    0.	    0.]
 [   32.	   32.	    0.	 1451.	    0.]
 [   45.	  307.	    1.	    0.	10935.]
2026-01-29 22:28:13,927 - INFO - Change Type PA (Recall) Matrix
 [[0.    	0.9101	0.7364	0.9073	0.    ]
 [0.7692	0.    	0.5252	0.    	0.6   ]
 [0.    	0.9268	0.    	0.    	0.    ]
 [0.    	0.9596	0.    	0.    	0.    ]
 [0.    	0.    	0.    	0.    	0.    ]]
2026-01-29 22:28:13,927 - INFO - Change Type UA (Precision) Matrix
 [[0.    	0.8574	0.9794	0.9144	0.    ]
 [0.6973	0.    	0.6186	0.    	0.6735]
 [0.    	0.76  	0.    	0.    	0.    ]
 [0.    	0.8559	0.    	0.    	0.    ]
 [0.    	0.    	0.    	0.    	0.    ]]
2026-01-29 22:28:13,927 - INFO - Change Type F1 Matrix
 [[0.    	0.883 	0.8407	0.9109	0.    ]
 [0.7315	0.    	0.5681	0.    	0.6346]
 [0.    	0.8352	0.    	0.    	0.    ]
 [0.    	0.9048	0.    	0.    	0.    ]
 [0.    	0.    	0.    	0.    	0.    ]]
2026-01-29 22:28:13,927 - INFO - Epoch 0 saved.
