2026-01-29 22:27:43,877 - INFO - Epoch 0, Train loss: 0.0
2026-01-29 22:27:43,877 - INFO - mIoU: 0.8636; OA: 0.9828; AA: 0.8912; F1: 0.9199; Kappa: 0.9634;
2026-01-29 22:27:43,877 - INFO - spatial_LccAccuracy: 0.8239; spatial_PA: 0.9979; spatial_UA: 0.9841; spatial_F1: 0.991; weighted_F1: 0.946
2026-01-29 22:27:43,877 - INFO - temporal_CdAccuracy: 0.8257; temporal_PA: 0.9464; temporal_UA: 0.9477; temporal_F1: 0.947
2026-01-29 22:27:43,877 - INFO - Confusion Matrix
 [11780.	  318.	    0.	    0.	    0.]
 [  196.	20265.	   10.	    0.	    0.]
 [    0.	   38.	   93.	    0.	    0.]
 [    0.	    0.	    0.	    0.	    0.]
 [    0.	    0.	    0.	    0.	    0.]
2026-01-29 22:27:43,877 - INFO - Change Type PA (Recall) Matrix
 [[0.    	0.9592	0.    	0.    	0.    ]
 [0.9224	0.    	0.6   	0.    	0.    ]
 [0.    	0.    	0.    	0.    	0.    ]
 [0.    	0.    	0.    	0.    	0.    ]
 [0.    	0.    	0.    	0.    	0.    ]]
2026-01-29 22:27:43,878 - INFO - Change Type UA (Precision) Matrix
 [[0.    	0.966 	0.    	0.    	0.    ]
 [0.9281	0.    	0.4286	0.    	0.    ]
 [0.    	0.    	0.    	0.    	0.    ]
 [0.    	0.    	0.    	0.    	0.    ]
 [0.    	0.    	0.    	0.    	0.    ]]
2026-01-29 22:27:43,878 - INFO - Change Type F1 Matrix
 [[0.    	0.9625	0.    	0.    	0.    ]
 [0.9252	0.    	0.5   	0.    	0.    ]
 [0.    	0.    	0.    	0.    	0.    ]
 [0.    	0.    	0.    	0.    	0.    ]
 [0.    	0.    	0.    	0.    	0.    ]]
2026-01-29 22:27:43,878 - INFO - Epoch 0 saved.
