2026-01-29 22:27:44,149 - INFO - Epoch 0, Train loss: 0.0
2026-01-29 22:27:44,149 - INFO - mIoU: 0.9578; OA: 0.9763; AA: 0.9832; F1: 0.9783; Kappa: 0.9566;
2026-01-29 22:27:44,149 - INFO - spatial_LccAccuracy: 0.8304; spatial_PA: 1.0; spatial_UA: 1.0; spatial_F1: 1.0; weighted_F1: 0.8682
2026-01-29 22:27:44,149 - INFO - temporal_CdAccuracy: 0.8304; temporal_PA: 0.9623; temporal_UA: 0.9087; temporal_F1: 0.9347
2026-01-29 22:27:44,149 - INFO - Confusion Matrix
 [7018.	 153.	   0.	   0.	   0.]
 [ 116.	5376.	  38.	   0.	   0.]
 [   0.	  11.	 597.	   0.	   0.]
 [   0.	   0.	   0.	 131.	   0.]
 [   0.	   0.	   0.	   0.	   0.]
2026-01-29 22:27:44,149 - INFO - Change Type PA (Recall) Matrix
 [[0.    	0.9444	0.5   	1.    	0.    ]
 [0.8913	0.    	0.8158	0.    	0.    ]
 [0.    	1.    	0.    	0.    	0.    ]
 [0.    	0.    	0.    	0.    	0.    ]
 [0.    	0.    	0.    	0.    	0.    ]]
2026-01-29 22:27:44,149 - INFO - Change Type UA (Precision) Matrix
 [[0.    	0.8718	0.25  	1.    	0.    ]
 [0.6613	0.    	0.7381	0.    	0.    ]
 [0.    	0.8636	0.    	0.    	0.    ]
 [0.    	0.    	0.    	0.    	0.    ]
 [0.    	0.    	0.    	0.    	0.    ]]
2026-01-29 22:27:44,149 - INFO - Change Type F1 Matrix
 [[0.    	0.9067	0.3333	1.    	0.    ]
 [0.7593	0.    	0.775 	0.    	0.    ]
 [0.    	0.9268	0.    	0.    	0.    ]
 [0.    	0.    	0.    	0.    	0.    ]
 [0.    	0.    	0.    	0.    	0.    ]]
2026-01-29 22:27:44,149 - INFO - Epoch 0 saved.
