2026-03-19 14:42:40,832 - INFO - Epoch 0, Train loss: 0.0
2026-03-19 14:42:40,832 - INFO - mIoU: 0.9412; OA: 0.9782; AA: 0.9694; F1: 0.9693; cls_weighted_F1: 0.9782; Kappa: 0.9625;
2026-03-19 14:42:40,833 - INFO - spatial_LccAccuracy: 0.8254; spatial_PA: 0.9633; spatial_UA: 0.9861; spatial_F1: 0.9745; weighted_F1: 0.904
2026-03-19 14:42:40,833 - INFO - temporal_CdAccuracy: 0.8302; temporal_PA: 0.9433; temporal_UA: 0.9224; temporal_F1: 0.9327
2026-03-19 14:42:40,834 - INFO - Confusion Matrix
 [83900.	 1373.	    2.	   12.	    0.]
 [ 1366.	61181.	  326.	   18.	   14.]
 [    0.	  198.	 3447.	    0.	    0.]
 [   14.	   39.	    0.	 1462.	    0.]
 [   33.	  191.	    0.	    0.	11064.]
2026-03-19 14:42:40,835 - INFO - Change Type PA (Recall) Matrix
 [[0.    	0.941 	0.938 	0.9266	0.    ]
 [0.8459	0.    	0.9494	0.    	0.8   ]
 [0.    	0.9796	0.    	0.    	0.    ]
 [0.    	0.9596	0.    	0.    	0.    ]
 [0.    	0.    	0.    	0.    	0.    ]]
2026-03-19 14:42:40,836 - INFO - Change Type UA (Precision) Matrix
 [[0.    	0.9064	0.9603	0.9339	0.    ]
 [0.7854	0.    	0.8333	0.    	0.8302]
 [0.    	0.8889	0.    	0.    	0.    ]
 [0.    	0.9314	0.    	0.    	0.    ]
 [0.    	0.    	0.    	0.    	0.    ]]
2026-03-19 14:42:40,836 - INFO - Change Type F1 Matrix
 [[0.    	0.9234	0.949 	0.9302	0.    ]
 [0.8145	0.    	0.8876	0.    	0.8148]
 [0.    	0.932 	0.    	0.    	0.    ]
 [0.    	0.9453	0.    	0.    	0.    ]
 [0.    	0.    	0.    	0.    	0.    ]]
2026-03-19 14:42:40,837 - INFO - Epoch 0 saved.
