2026-03-19 14:42:57,982 - INFO - Epoch 0, Train loss: 0.0
2026-03-19 14:42:57,983 - INFO - mIoU: 0.9339; OA: 0.9775; AA: 0.9584; F1: 0.9654; cls_weighted_F1: 0.9775; Kappa: 0.9612;
2026-03-19 14:42:57,983 - INFO - spatial_LccAccuracy: 0.7974; spatial_PA: 0.9618; spatial_UA: 0.9865; spatial_F1: 0.974; weighted_F1: 0.887
2026-03-19 14:42:57,983 - INFO - temporal_CdAccuracy: 0.8083; temporal_PA: 0.9338; temporal_UA: 0.913; temporal_F1: 0.9233
2026-03-19 14:42:57,983 - INFO - Confusion Matrix
 [83964.	 1308.	    2.	    5.	    8.]
 [ 1476.	61192.	  170.	   50.	   17.]
 [    3.	  347.	 3295.	    0.	    0.]
 [   18.	   54.	    0.	 1443.	    0.]
 [   41.	  203.	    0.	    0.	11044.]
2026-03-19 14:42:57,985 - INFO - Change Type PA (Recall) Matrix
 [[0.    	0.9281	0.8915	0.9189	0.    ]
 [0.8441	0.    	0.8354	0.    	0.7818]
 [0.    	0.9796	0.    	0.    	0.    ]
 [0.    	0.9596	0.    	0.    	0.    ]
 [0.    	0.    	0.    	0.    	0.    ]]
2026-03-19 14:42:57,986 - INFO - Change Type UA (Precision) Matrix
 [[0.    	0.8949	0.9664	0.8881	0.    ]
 [0.7646	0.    	0.8426	0.    	0.7818]
 [0.    	0.8571	0.    	0.    	0.    ]
 [0.    	0.8879	0.    	0.    	0.    ]
 [0.    	0.    	0.    	0.    	0.    ]]
2026-03-19 14:42:57,987 - INFO - Change Type F1 Matrix
 [[0.    	0.9112	0.9274	0.9032	0.    ]
 [0.8024	0.    	0.839 	0.    	0.7818]
 [0.    	0.9143	0.    	0.    	0.    ]
 [0.    	0.9223	0.    	0.    	0.    ]
 [0.    	0.    	0.    	0.    	0.    ]]
2026-03-19 14:42:57,987 - INFO - Epoch 0 saved.
