2026-03-19 14:42:54,474 - INFO - Epoch 0, Train loss: 0.0
2026-03-19 14:42:54,476 - INFO - mIoU: 0.9413; OA: 0.9781; AA: 0.9624; F1: 0.9692; cls_weighted_F1: 0.9781; Kappa: 0.9623;
2026-03-19 14:42:54,476 - INFO - spatial_LccAccuracy: 0.8058; spatial_PA: 0.9671; spatial_UA: 0.9854; spatial_F1: 0.9762; weighted_F1: 0.9016
2026-03-19 14:42:54,476 - INFO - temporal_CdAccuracy: 0.8123; temporal_PA: 0.9348; temporal_UA: 0.9151; temporal_F1: 0.9249
2026-03-19 14:42:54,476 - INFO - Confusion Matrix
 [83579.	 1686.	    0.	    9.	   13.]
 [ 1131.	61564.	  161.	   19.	   30.]
 [    0.	  368.	 3277.	    0.	    0.]
 [   18.	   33.	    0.	 1464.	    0.]
 [    6.	  129.	    0.	    0.	11153.]
2026-03-19 14:42:54,477 - INFO - Change Type PA (Recall) Matrix
 [[0.    	0.9381	0.8837	0.9305	0.    ]
 [0.8692	0.    	0.8734	0.    	0.8727]
 [0.    	0.9592	0.    	0.    	0.    ]
 [0.    	0.9697	0.    	0.    	0.    ]
 [0.    	0.    	0.    	0.    	0.    ]]
2026-03-19 14:42:54,478 - INFO - Change Type UA (Precision) Matrix
 [[0.    	0.9044	0.9744	0.9269	0.    ]
 [0.7662	0.    	0.8661	0.    	0.8276]
 [0.    	0.9126	0.    	0.    	0.    ]
 [0.    	0.96  	0.    	0.    	0.    ]
 [0.    	0.    	0.    	0.    	0.    ]]
2026-03-19 14:42:54,479 - INFO - Change Type F1 Matrix
 [[0.    	0.9209	0.9268	0.9287	0.    ]
 [0.8144	0.    	0.8697	0.    	0.8496]
 [0.    	0.9353	0.    	0.    	0.    ]
 [0.    	0.9648	0.    	0.    	0.    ]
 [0.    	0.    	0.    	0.    	0.    ]]
2026-03-19 14:42:54,479 - INFO - Epoch 0 saved.
