2026-03-19 14:42:47,878 - INFO - Epoch 0, Train loss: 0.0
2026-03-19 14:42:47,878 - INFO - mIoU: 0.931; OA: 0.978; AA: 0.9518; F1: 0.9636; cls_weighted_F1: 0.978; Kappa: 0.9621;
2026-03-19 14:42:47,878 - INFO - spatial_LccAccuracy: 0.8058; spatial_PA: 0.9668; spatial_UA: 0.9905; spatial_F1: 0.9785; weighted_F1: 0.8921
2026-03-19 14:42:47,878 - INFO - temporal_CdAccuracy: 0.812; temporal_PA: 0.9331; temporal_UA: 0.9217; temporal_F1: 0.9274
2026-03-19 14:42:47,878 - INFO - Confusion Matrix
 [83954.	 1314.	    1.	    7.	   11.]
 [ 1334.	61380.	  154.	   26.	   11.]
 [    1.	  448.	 3196.	    0.	    0.]
 [   47.	   42.	    0.	 1426.	    0.]
 [   32.	  187.	    0.	    0.	11069.]
2026-03-19 14:42:47,880 - INFO - Change Type PA (Recall) Matrix
 [[0.    	0.9405	0.8527	0.9498	0.    ]
 [0.8262	0.    	0.7089	0.    	0.8545]
 [0.    	0.9388	0.    	0.    	0.    ]
 [0.    	0.9596	0.    	0.    	0.    ]
 [0.    	0.    	0.    	0.    	0.    ]]
2026-03-19 14:42:47,880 - INFO - Change Type UA (Precision) Matrix
 [[0.    	0.9029	0.9735	0.9318	0.    ]
 [0.7962	0.    	0.8155	0.    	0.8704]
 [0.    	0.8598	0.    	0.    	0.    ]
 [0.    	0.9135	0.    	0.    	0.    ]
 [0.    	0.    	0.    	0.    	0.    ]]
2026-03-19 14:42:47,881 - INFO - Change Type F1 Matrix
 [[0.    	0.9214	0.9091	0.9407	0.    ]
 [0.8109	0.    	0.7585	0.    	0.8624]
 [0.    	0.8976	0.    	0.    	0.    ]
 [0.    	0.936 	0.    	0.    	0.    ]
 [0.    	0.    	0.    	0.    	0.    ]]
2026-03-19 14:42:47,881 - INFO - Epoch 0 saved.
