2026-03-19 14:43:01,681 - INFO - Epoch 0, Train loss: 0.0
2026-03-19 14:43:01,681 - INFO - mIoU: 0.9346; OA: 0.9775; AA: 0.9593; F1: 0.9656; cls_weighted_F1: 0.9775; Kappa: 0.9612;
2026-03-19 14:43:01,682 - INFO - spatial_LccAccuracy: 0.8014; spatial_PA: 0.9678; spatial_UA: 0.9881; spatial_F1: 0.9779; weighted_F1: 0.8955
2026-03-19 14:43:01,682 - INFO - temporal_CdAccuracy: 0.809; temporal_PA: 0.9361; temporal_UA: 0.9145; temporal_F1: 0.9252
2026-03-19 14:43:01,682 - INFO - Confusion Matrix
 [83766.	 1486.	    0.	   20.	   15.]
 [ 1332.	61361.	  145.	   44.	   23.]
 [    1.	  432.	 3212.	    0.	    0.]
 [    8.	   35.	    0.	 1472.	    0.]
 [   13.	  147.	    0.	    0.	11128.]
2026-03-19 14:43:01,683 - INFO - Change Type PA (Recall) Matrix
 [[0.    	0.9405	0.845 	0.9498	0.    ]
 [0.8853	0.    	0.7511	0.    	0.8727]
 [0.    	0.9592	0.    	0.    	0.    ]
 [0.    	0.9798	0.    	0.    	0.    ]
 [0.    	0.    	0.    	0.    	0.    ]]
2026-03-19 14:43:01,683 - INFO - Change Type UA (Precision) Matrix
 [[0.    	0.9004	0.9732	0.9248	0.    ]
 [0.7683	0.    	0.8396	0.    	0.7742]
 [0.    	0.8704	0.    	0.    	0.    ]
 [0.    	0.9327	0.    	0.    	0.    ]
 [0.    	0.    	0.    	0.    	0.    ]]
2026-03-19 14:43:01,685 - INFO - Change Type F1 Matrix
 [[0.    	0.92  	0.9046	0.9371	0.    ]
 [0.8226	0.    	0.7929	0.    	0.8205]
 [0.    	0.9126	0.    	0.    	0.    ]
 [0.    	0.9557	0.    	0.    	0.    ]
 [0.    	0.    	0.    	0.    	0.    ]]
2026-03-19 14:43:01,685 - INFO - Epoch 0 saved.
