2026-03-19 14:42:51,440 - INFO - Epoch 0, Train loss: 0.0
2026-03-19 14:42:51,441 - INFO - mIoU: 0.9373; OA: 0.9784; AA: 0.9646; F1: 0.9671; cls_weighted_F1: 0.9784; Kappa: 0.9627;
2026-03-19 14:42:51,441 - INFO - spatial_LccAccuracy: 0.816; spatial_PA: 0.9574; spatial_UA: 0.9854; spatial_F1: 0.9712; weighted_F1: 0.9025
2026-03-19 14:42:51,442 - INFO - temporal_CdAccuracy: 0.824; temporal_PA: 0.9386; temporal_UA: 0.9268; temporal_F1: 0.9327
2026-03-19 14:42:51,442 - INFO - Confusion Matrix
 [84204.	 1039.	    1.	   23.	   20.]
 [ 1648.	60983.	  201.	   46.	   27.]
 [    2.	  352.	 3291.	    0.	    0.]
 [   13.	   20.	    0.	 1482.	    0.]
 [    2.	  164.	    0.	    0.	11122.]
2026-03-19 14:42:51,442 - INFO - Change Type PA (Recall) Matrix
 [[0.    	0.943 	0.8992	0.9498	0.    ]
 [0.8548	0.    	0.7553	0.    	0.8182]
 [0.    	0.9694	0.    	0.    	0.    ]
 [0.    	0.9596	0.    	0.    	0.    ]
 [0.    	0.    	0.    	0.    	0.    ]]
2026-03-19 14:42:51,443 - INFO - Change Type UA (Precision) Matrix
 [[0.    	0.9145	0.9508	0.9011	0.    ]
 [0.8296	0.    	0.8404	0.    	0.7759]
 [0.    	0.812 	0.    	0.    	0.    ]
 [0.    	0.9596	0.    	0.    	0.    ]
 [0.    	0.    	0.    	0.    	0.    ]]
2026-03-19 14:42:51,443 - INFO - Change Type F1 Matrix
 [[0.    	0.9285	0.9243	0.9248	0.    ]
 [0.842 	0.    	0.7956	0.    	0.7965]
 [0.    	0.8837	0.    	0.    	0.    ]
 [0.    	0.9596	0.    	0.    	0.    ]
 [0.    	0.    	0.    	0.    	0.    ]]
2026-03-19 14:42:51,443 - INFO - Epoch 0 saved.
