2026-03-19 14:42:37,765 - INFO - Epoch 0, Train loss: 0.0
2026-03-19 14:42:37,766 - INFO - mIoU: 0.9436; OA: 0.9788; AA: 0.9701; F1: 0.9705; cls_weighted_F1: 0.9788; Kappa: 0.9634;
2026-03-19 14:42:37,766 - INFO - spatial_LccAccuracy: 0.8287; spatial_PA: 0.9566; spatial_UA: 0.9887; spatial_F1: 0.9724; weighted_F1: 0.9044
2026-03-19 14:42:37,766 - INFO - temporal_CdAccuracy: 0.8356; temporal_PA: 0.943; temporal_UA: 0.9281; temporal_F1: 0.9355
2026-03-19 14:42:37,766 - INFO - Confusion Matrix
 [84193.	 1054.	    0.	   26.	   14.]
 [ 1674.	60941.	  218.	   29.	   43.]
 [    0.	  279.	 3366.	    0.	    0.]
 [   10.	   17.	    0.	 1488.	    0.]
 [   18.	  107.	    0.	    0.	11163.]
2026-03-19 14:42:37,767 - INFO - Change Type PA (Recall) Matrix
 [[0.    	0.9395	0.9147	0.9575	0.    ]
 [0.8351	0.    	0.8692	0.    	0.8182]
 [0.    	1.    	0.    	0.    	0.    ]
 [0.    	0.9596	0.    	0.    	0.    ]
 [0.    	0.    	0.    	0.    	0.    ]]
2026-03-19 14:42:37,768 - INFO - Change Type UA (Precision) Matrix
 [[0.    	0.9072	0.9516	0.9118	0.    ]
 [0.8175	0.    	0.8692	0.    	0.75  ]
 [0.    	0.8991	0.    	0.    	0.    ]
 [0.    	0.9596	0.    	0.    	0.    ]
 [0.    	0.    	0.    	0.    	0.    ]]
2026-03-19 14:42:37,769 - INFO - Change Type F1 Matrix
 [[0.    	0.9231	0.9328	0.9341	0.    ]
 [0.8262	0.    	0.8692	0.    	0.7826]
 [0.    	0.9469	0.    	0.    	0.    ]
 [0.    	0.9596	0.    	0.    	0.    ]
 [0.    	0.    	0.    	0.    	0.    ]]
2026-03-19 14:42:37,769 - INFO - Epoch 0 saved.
