2026-03-19 14:42:44,212 - INFO - Epoch 0, Train loss: 0.0
2026-03-19 14:42:44,212 - INFO - mIoU: 0.9416; OA: 0.9794; AA: 0.9647; F1: 0.9694; cls_weighted_F1: 0.9794; Kappa: 0.9645;
2026-03-19 14:42:44,213 - INFO - spatial_LccAccuracy: 0.8258; spatial_PA: 0.9689; spatial_UA: 0.9893; spatial_F1: 0.979; weighted_F1: 0.9025
2026-03-19 14:42:44,213 - INFO - temporal_CdAccuracy: 0.8313; temporal_PA: 0.9379; temporal_UA: 0.9283; temporal_F1: 0.9331
2026-03-19 14:42:44,213 - INFO - Confusion Matrix
 [84154.	 1093.	    2.	   16.	   22.]
 [ 1469.	61194.	  210.	   18.	   14.]
 [    1.	  337.	 3307.	    0.	    0.]
 [   13.	   30.	    0.	 1472.	    0.]
 [    3.	  164.	    0.	    0.	11121.]
2026-03-19 14:42:44,214 - INFO - Change Type PA (Recall) Matrix
 [[0.    	0.943 	0.8915	0.9459	0.    ]
 [0.8423	0.    	0.7595	0.    	0.8   ]
 [0.    	0.9592	0.    	0.    	0.    ]
 [0.    	0.9596	0.    	0.    	0.    ]
 [0.    	0.    	0.    	0.    	0.    ]]
2026-03-19 14:42:44,214 - INFO - Change Type UA (Precision) Matrix
 [[0.    	0.9153	0.9583	0.9351	0.    ]
 [0.8174	0.    	0.8295	0.    	0.8   ]
 [0.    	0.8704	0.    	0.    	0.    ]
 [0.    	0.95  	0.    	0.    	0.    ]
 [0.    	0.    	0.    	0.    	0.    ]]
2026-03-19 14:42:44,215 - INFO - Change Type F1 Matrix
 [[0.    	0.929 	0.9237	0.9405	0.    ]
 [0.8297	0.    	0.793 	0.    	0.8   ]
 [0.    	0.9126	0.    	0.    	0.    ]
 [0.    	0.9548	0.    	0.    	0.    ]
 [0.    	0.    	0.    	0.    	0.    ]]
2026-03-19 14:42:44,215 - INFO - Epoch 0 saved.
