2026-03-19 14:43:09,259 - INFO - Epoch 0, Train loss: 0.0
2026-03-19 14:43:09,259 - INFO - mIoU: 0.9361; OA: 0.9781; AA: 0.9686; F1: 0.9664; cls_weighted_F1: 0.9781; Kappa: 0.9622;
2026-03-19 14:43:09,259 - INFO - spatial_LccAccuracy: 0.8214; spatial_PA: 0.9692; spatial_UA: 0.9902; spatial_F1: 0.9796; weighted_F1: 0.8953
2026-03-19 14:43:09,259 - INFO - temporal_CdAccuracy: 0.8287; temporal_PA: 0.9433; temporal_UA: 0.9187; temporal_F1: 0.9308
2026-03-19 14:43:09,259 - INFO - Confusion Matrix
 [83869.	 1339.	    0.	   23.	   56.]
 [ 1352.	61182.	  260.	   58.	   53.]
 [    1.	  320.	 3324.	    0.	    0.]
 [   15.	    6.	    0.	 1494.	    0.]
 [    0.	  125.	    0.	    0.	11163.]
2026-03-19 14:43:09,259 - INFO - Change Type PA (Recall) Matrix
 [[0.    	0.941 	0.8837	0.9575	0.    ]
 [0.8746	0.    	0.7848	0.    	0.7818]
 [0.    	0.9796	0.    	0.    	0.    ]
 [0.    	0.9697	0.    	0.    	0.    ]
 [0.    	0.    	0.    	0.    	0.    ]]
2026-03-19 14:43:09,260 - INFO - Change Type UA (Precision) Matrix
 [[0.    	0.903 	0.9661	0.8826	0.    ]
 [0.7673	0.    	0.8341	0.    	0.6418]
 [0.    	0.9231	0.    	0.    	0.    ]
 [0.    	0.9505	0.    	0.    	0.    ]
 [0.    	0.    	0.    	0.    	0.    ]]
2026-03-19 14:43:09,260 - INFO - Change Type F1 Matrix
 [[0.    	0.9216	0.9231	0.9185	0.    ]
 [0.8174	0.    	0.8087	0.    	0.7049]
 [0.    	0.9505	0.    	0.    	0.    ]
 [0.    	0.96  	0.    	0.    	0.    ]
 [0.    	0.    	0.    	0.    	0.    ]]
2026-03-19 14:43:09,260 - INFO - Epoch 0 saved.
