2026-03-19 14:43:05,190 - INFO - Epoch 0, Train loss: 0.0
2026-03-19 14:43:05,191 - INFO - mIoU: 0.9388; OA: 0.9784; AA: 0.9631; F1: 0.968; cls_weighted_F1: 0.9784; Kappa: 0.9627;
2026-03-19 14:43:05,191 - INFO - spatial_LccAccuracy: 0.8094; spatial_PA: 0.9531; spatial_UA: 0.9878; spatial_F1: 0.9702; weighted_F1: 0.9009
2026-03-19 14:43:05,191 - INFO - temporal_CdAccuracy: 0.8163; temporal_PA: 0.9387; temporal_UA: 0.9196; temporal_F1: 0.9291
2026-03-19 14:43:05,191 - INFO - Confusion Matrix
 [84207.	 1056.	    5.	   15.	    4.]
 [ 1634.	61023.	  192.	   33.	   23.]
 [    0.	  329.	 3316.	    0.	    0.]
 [    6.	   43.	    0.	 1466.	    0.]
 [   54.	  162.	    0.	    0.	11072.]
2026-03-19 14:43:05,191 - INFO - Change Type PA (Recall) Matrix
 [[0.    	0.949 	0.8992	0.9112	0.    ]
 [0.8656	0.    	0.7848	0.    	0.8   ]
 [0.    	0.9796	0.    	0.    	0.    ]
 [0.    	0.9596	0.    	0.    	0.    ]
 [0.    	0.    	0.    	0.    	0.    ]]
2026-03-19 14:43:05,191 - INFO - Change Type UA (Precision) Matrix
 [[0.    	0.905 	0.9667	0.8973	0.    ]
 [0.7957	0.    	0.8455	0.    	0.8302]
 [0.    	0.9057	0.    	0.    	0.    ]
 [0.    	0.9406	0.    	0.    	0.    ]
 [0.    	0.    	0.    	0.    	0.    ]]
2026-03-19 14:43:05,192 - INFO - Change Type F1 Matrix
 [[0.    	0.9265	0.9317	0.9042	0.    ]
 [0.8292	0.    	0.814 	0.    	0.8148]
 [0.    	0.9412	0.    	0.    	0.    ]
 [0.    	0.95  	0.    	0.    	0.    ]
 [0.    	0.    	0.    	0.    	0.    ]]
2026-03-19 14:43:05,192 - INFO - Epoch 0 saved.
