2026-03-19 14:44:33,282 - INFO - Epoch 0, Train loss: 0.0
2026-03-19 14:44:33,282 - INFO - mIoU: 0.86; OA: 0.9582; AA: 0.9113; F1: 0.9228; cls_weighted_F1: 0.9578; Kappa: 0.9213;
2026-03-19 14:44:33,283 - INFO - spatial_LccAccuracy: 0.7843; spatial_PA: 0.8139; spatial_UA: 0.9541; spatial_F1: 0.8784; weighted_F1: 0.9037
2026-03-19 14:44:33,283 - INFO - temporal_CdAccuracy: 0.7843; temporal_PA: 0.9224; temporal_UA: 0.8843; temporal_F1: 0.9029
2026-03-19 14:44:33,283 - INFO - Confusion Matrix
 [15212.	  403.	    0.	    0.	   10.]
 [  733.	16836.	   40.	    0.	    5.]
 [    0.	   10.	  283.	    0.	    0.]
 [    0.	    0.	    0.	    0.	    0.]
 [    9.	  233.	    0.	    0.	  726.]
2026-03-19 14:44:33,285 - INFO - Change Type PA (Recall) Matrix
 [[0.    	0.9648	0.    	0.    	0.    ]
 [0.4091	0.    	1.    	0.    	0.7818]
 [0.    	1.    	0.    	0.    	0.    ]
 [0.    	0.    	0.    	0.    	0.    ]
 [0.    	0.    	0.    	0.    	0.    ]]
2026-03-19 14:44:33,286 - INFO - Change Type UA (Precision) Matrix
 [[0.    	0.8915	0.    	0.    	0.    ]
 [0.2308	0.    	0.9545	0.    	0.8269]
 [0.    	1.    	0.    	0.    	0.    ]
 [0.    	0.    	0.    	0.    	0.    ]
 [0.    	0.    	0.    	0.    	0.    ]]
2026-03-19 14:44:33,287 - INFO - Change Type F1 Matrix
 [[0.    	0.9267	0.    	0.    	0.    ]
 [0.2951	0.    	0.9767	0.    	0.8037]
 [0.    	1.    	0.    	0.    	0.    ]
 [0.    	0.    	0.    	0.    	0.    ]
 [0.    	0.    	0.    	0.    	0.    ]]
2026-03-19 14:44:33,287 - INFO - Epoch 0 saved.
