2026-03-19 14:44:33,395 - INFO - Epoch 0, Train loss: 0.0
2026-03-19 14:44:33,396 - INFO - mIoU: 0.9614; OA: 0.9888; AA: 0.9803; F1: 0.9801; cls_weighted_F1: 0.9888; Kappa: 0.9793;
2026-03-19 14:44:33,396 - INFO - spatial_LccAccuracy: 0.8968; spatial_PA: 1.0; spatial_UA: 1.0; spatial_F1: 1.0; weighted_F1: 0.9571
2026-03-19 14:44:33,396 - INFO - temporal_CdAccuracy: 0.8968; temporal_PA: 0.9101; temporal_UA: 0.886; temporal_F1: 0.8979
2026-03-19 14:44:33,397 - INFO - Confusion Matrix
 [1540.	  47.	   0.	   0.	   0.]
 [  38.	1255.	   0.	   0.	   0.]
 [   0.	   0.	   0.	   0.	   0.]
 [   0.	   0.	   0.	   0.	   0.]
 [   0.	   0.	   0.	   0.	4680.]
2026-03-19 14:44:33,398 - INFO - Change Type PA (Recall) Matrix
 [[0.    	0.9792	0.    	0.    	0.    ]
 [1.    	0.    	0.    	0.    	0.    ]
 [0.    	0.    	0.    	0.    	0.    ]
 [0.    	0.    	0.    	0.    	0.    ]
 [0.    	0.    	0.    	0.    	0.    ]]
2026-03-19 14:44:33,399 - INFO - Change Type UA (Precision) Matrix
 [[0.    	0.94  	0.    	0.    	0.    ]
 [0.9118	0.    	0.    	0.    	0.    ]
 [0.    	0.    	0.    	0.    	0.    ]
 [0.    	0.    	0.    	0.    	0.    ]
 [0.    	0.    	0.    	0.    	0.    ]]
2026-03-19 14:44:33,400 - INFO - Change Type F1 Matrix
 [[0.    	0.9592	0.    	0.    	0.    ]
 [0.9538	0.    	0.    	0.    	0.    ]
 [0.    	0.    	0.    	0.    	0.    ]
 [0.    	0.    	0.    	0.    	0.    ]
 [0.    	0.    	0.    	0.    	0.    ]]
2026-03-19 14:44:33,400 - INFO - Epoch 0 saved.
