2026-03-19 14:44:33,803 - INFO - Epoch 0, Train loss: 0.0
2026-03-19 14:44:33,805 - INFO - mIoU: 0.9721; OA: 0.9908; AA: 0.9901; F1: 0.9855; cls_weighted_F1: 0.9908; Kappa: 0.9838;
2026-03-19 14:44:33,805 - INFO - spatial_LccAccuracy: 0.9294; spatial_PA: 0.992; spatial_UA: 0.9958; spatial_F1: 0.9939; weighted_F1: 0.9211
2026-03-19 14:44:33,805 - INFO - temporal_CdAccuracy: 0.9349; temporal_PA: 0.9796; temporal_UA: 0.9649; temporal_F1: 0.9722
2026-03-19 14:44:33,805 - INFO - Confusion Matrix
 [24711.	  101.	    1.	    0.	    0.]
 [  199.	12710.	   75.	    0.	    0.]
 [   10.	   13.	  919.	    0.	    0.]
 [    0.	    0.	    0.	   21.	    0.]
 [    0.	    0.	    0.	    0.	 4560.]
2026-03-19 14:44:33,806 - INFO - Change Type PA (Recall) Matrix
 [[0.    	0.9563	0.9268	0.8571	0.    ]
 [0.8493	0.    	0.9178	0.    	0.    ]
 [0.    	0.5   	0.    	0.    	0.    ]
 [0.    	0.    	0.    	0.    	0.    ]
 [0.    	0.    	0.    	0.    	0.    ]]
2026-03-19 14:44:33,807 - INFO - Change Type UA (Precision) Matrix
 [[0.    	0.9379	0.8261	0.8571	0.    ]
 [0.8267	0.    	0.8481	0.    	0.    ]
 [0.    	1.    	0.    	0.    	0.    ]
 [0.    	0.    	0.    	0.    	0.    ]
 [0.    	0.    	0.    	0.    	0.    ]]
2026-03-19 14:44:33,808 - INFO - Change Type F1 Matrix
 [[0.    	0.947 	0.8736	0.8571	0.    ]
 [0.8378	0.    	0.8816	0.    	0.    ]
 [0.    	0.6667	0.    	0.    	0.    ]
 [0.    	0.    	0.    	0.    	0.    ]
 [0.    	0.    	0.    	0.    	0.    ]]
2026-03-19 14:44:33,808 - INFO - Epoch 0 saved.
