2026-03-19 14:44:34,189 - INFO - Epoch 0, Train loss: 0.0
2026-03-19 14:44:34,189 - INFO - mIoU: 0.8643; OA: 0.9785; AA: 0.9014; F1: 0.9212; cls_weighted_F1: 0.9784; Kappa: 0.9562;
2026-03-19 14:44:34,189 - INFO - spatial_LccAccuracy: 0.7827; spatial_PA: 1.0; spatial_UA: 1.0; spatial_F1: 1.0; weighted_F1: 0.9366
2026-03-19 14:44:34,189 - INFO - temporal_CdAccuracy: 0.7827; temporal_PA: 0.9407; temporal_UA: 0.9394; temporal_F1: 0.94
2026-03-19 14:44:34,190 - INFO - Confusion Matrix
 [14349.	  453.	    0.	    0.	    0.]
 [  213.	21329.	   37.	    0.	    0.]
 [    0.	   86.	  253.	    0.	    0.]
 [    0.	    0.	    0.	    0.	    0.]
 [    0.	    0.	    0.	    0.	    0.]
2026-03-19 14:44:34,190 - INFO - Change Type PA (Recall) Matrix
 [[0.    	0.9496	0.    	0.    	0.    ]
 [0.9068	0.    	0.9636	0.    	0.    ]
 [0.    	1.    	0.    	0.    	0.    ]
 [0.    	0.    	0.    	0.    	0.    ]
 [0.    	0.    	0.    	0.    	0.    ]]
2026-03-19 14:44:34,190 - INFO - Change Type UA (Precision) Matrix
 [[0.    	0.952 	0.    	0.    	0.    ]
 [0.9068	0.    	0.9138	0.    	0.    ]
 [0.    	0.8   	0.    	0.    	0.    ]
 [0.    	0.    	0.    	0.    	0.    ]
 [0.    	0.    	0.    	0.    	0.    ]]
2026-03-19 14:44:34,190 - INFO - Change Type F1 Matrix
 [[0.    	0.9508	0.    	0.    	0.    ]
 [0.9068	0.    	0.9381	0.    	0.    ]
 [0.    	0.8889	0.    	0.    	0.    ]
 [0.    	0.    	0.    	0.    	0.    ]
 [0.    	0.    	0.    	0.    	0.    ]]
2026-03-19 14:44:34,190 - INFO - Epoch 0 saved.
