2026-03-19 14:44:34,419 - INFO - Epoch 0, Train loss: 0.0
2026-03-19 14:44:34,419 - INFO - mIoU: 0.9558; OA: 0.9938; AA: 0.9711; F1: 0.9771; cls_weighted_F1: 0.9938; Kappa: 0.9801;
2026-03-19 14:44:34,419 - INFO - spatial_LccAccuracy: 0.897; spatial_PA: 0.9951; spatial_UA: 0.9766; spatial_F1: 0.9858; weighted_F1: 0.9104
2026-03-19 14:44:34,419 - INFO - temporal_CdAccuracy: 0.9729; temporal_PA: 0.9916; temporal_UA: 0.9916; temporal_F1: 0.9916
2026-03-19 14:44:34,419 - INFO - Confusion Matrix
 [18107.	   14.	    0.	    3.	    0.]
 [   10.	 2739.	    0.	   13.	    0.]
 [    0.	    0.	    0.	    0.	    0.]
 [   16.	   81.	    0.	 1157.	    0.]
 [    0.	    0.	    0.	    0.	    0.]
2026-03-19 14:44:34,420 - INFO - Change Type PA (Recall) Matrix
 [[0.    	0.9646	0.    	0.841 	0.    ]
 [0.8571	0.    	0.    	0.    	0.    ]
 [0.    	0.    	0.    	0.    	0.    ]
 [0.    	0.9732	0.    	0.    	0.    ]
 [0.    	0.    	0.    	0.    	0.    ]]
2026-03-19 14:44:34,420 - INFO - Change Type UA (Precision) Matrix
 [[0.    	0.7956	0.    	0.9704	0.    ]
 [1.    	0.    	0.    	0.    	0.    ]
 [0.    	0.    	0.    	0.    	0.    ]
 [0.    	0.9561	0.    	0.    	0.    ]
 [0.    	0.    	0.    	0.    	0.    ]]
2026-03-19 14:44:34,420 - INFO - Change Type F1 Matrix
 [[0.    	0.872 	0.    	0.9011	0.    ]
 [0.9231	0.    	0.    	0.    	0.    ]
 [0.    	0.    	0.    	0.    	0.    ]
 [0.    	0.9646	0.    	0.    	0.    ]
 [0.    	0.    	0.    	0.    	0.    ]]
2026-03-19 14:44:34,420 - INFO - Epoch 0 saved.
