2026-03-19 14:44:34,579 - INFO - Epoch 0, Train loss: 0.0
2026-03-19 14:44:34,579 - INFO - mIoU: 0.9463; OA: 0.9733; AA: 0.9678; F1: 0.9724; cls_weighted_F1: 0.9732; Kappa: 0.955;
2026-03-19 14:44:34,580 - INFO - spatial_LccAccuracy: 0.787; spatial_PA: 0.9623; spatial_UA: 0.989; spatial_F1: 0.9754; weighted_F1: 0.8923
2026-03-19 14:44:34,581 - INFO - temporal_CdAccuracy: 0.787; temporal_PA: 0.9274; temporal_UA: 0.8796; temporal_F1: 0.9029
2026-03-19 14:44:34,581 - INFO - Confusion Matrix
 [6033.	 129.	   0.	   3.	   0.]
 [ 141.	5969.	  29.	   0.	   0.]
 [   2.	  52.	1026.	   1.	   0.]
 [  12.	   0.	   0.	 403.	   0.]
 [   0.	   0.	   0.	   0.	   0.]
2026-03-19 14:44:34,581 - INFO - Change Type PA (Recall) Matrix
 [[0.    	0.9722	0.    	1.    	0.    ]
 [0.9516	0.    	0.8621	0.    	0.    ]
 [0.    	0.9268	0.    	0.    	0.    ]
 [0.    	0.    	0.    	0.    	0.    ]
 [0.    	0.    	0.    	0.    	0.    ]]
2026-03-19 14:44:34,582 - INFO - Change Type UA (Precision) Matrix
 [[0.    	0.8805	0.    	1.    	0.    ]
 [0.7867	0.    	0.6757	0.    	0.    ]
 [0.    	0.8085	0.    	0.    	0.    ]
 [0.    	0.    	0.    	0.    	0.    ]
 [0.    	0.    	0.    	0.    	0.    ]]
2026-03-19 14:44:34,582 - INFO - Change Type F1 Matrix
 [[0.    	0.9241	0.    	1.    	0.    ]
 [0.8613	0.    	0.7576	0.    	0.    ]
 [0.    	0.8636	0.    	0.    	0.    ]
 [0.    	0.    	0.    	0.    	0.    ]
 [0.    	0.    	0.    	0.    	0.    ]]
2026-03-19 14:44:34,582 - INFO - Epoch 0 saved.
