2026-01-29 22:26:02,695 - INFO - Epoch 0, Train loss: 0.0
2026-01-29 22:26:02,695 - INFO - mIoU: 0.9684; OA: 0.9952; AA: 0.9821; F1: 0.9834; Kappa: 0.9919;
2026-01-29 22:26:02,695 - INFO - spatial_LccAccuracy: 0.9566; spatial_PA: 1.0; spatial_UA: 1.0; spatial_F1: 1.0; weighted_F1: 0.9469
2026-01-29 22:26:02,695 - INFO - temporal_CdAccuracy: 0.9607; temporal_PA: 0.984; temporal_UA: 0.978; temporal_F1: 0.981
2026-01-29 22:26:02,695 - INFO - Confusion Matrix
 [23327.	   36.	    1.	    0.	    0.]
 [   91.	15425.	   37.	    0.	    0.]
 [    5.	   41.	  697.	    0.	    0.]
 [    0.	    0.	    0.	    0.	    0.]
 [    0.	    0.	    0.	    0.	 4560.]
2026-01-29 22:26:02,695 - INFO - Change Type PA (Recall) Matrix
 [[0.    	0.9705	0.9091	0.    	0.    ]
 [0.8861	0.    	0.8947	0.    	0.    ]
 [0.    	0.    	0.    	0.    	0.    ]
 [0.    	0.    	0.    	0.    	0.    ]
 [0.    	0.    	0.    	0.    	0.    ]]
2026-01-29 22:26:02,695 - INFO - Change Type UA (Precision) Matrix
 [[0.    	0.9644	0.9091	0.    	0.    ]
 [0.8861	0.    	0.8293	0.    	0.    ]
 [0.    	0.    	0.    	0.    	0.    ]
 [0.    	0.    	0.    	0.    	0.    ]
 [0.    	0.    	0.    	0.    	0.    ]]
2026-01-29 22:26:02,696 - INFO - Change Type F1 Matrix
 [[0.    	0.9675	0.9091	0.    	0.    ]
 [0.8861	0.    	0.8608	0.    	0.    ]
 [0.    	0.    	0.    	0.    	0.    ]
 [0.    	0.    	0.    	0.    	0.    ]
 [0.    	0.    	0.    	0.    	0.    ]]
2026-01-29 22:26:02,696 - INFO - Epoch 0 saved.
