2026-01-29 22:26:03,131 - INFO - Epoch 0, Train loss: 0.0
2026-01-29 22:26:03,131 - INFO - mIoU: 0.9907; OA: 0.9983; AA: 0.9952; F1: 0.9953; Kappa: 0.9947;
2026-01-29 22:26:03,131 - INFO - spatial_LccAccuracy: 0.973; spatial_PA: 0.9928; spatial_UA: 0.9983; spatial_F1: 0.9955; weighted_F1: 0.9793
2026-01-29 22:26:03,131 - INFO - temporal_CdAccuracy: 0.9811; temporal_PA: 0.9973; temporal_UA: 0.9889; temporal_F1: 0.9931
2026-01-29 22:26:03,131 - INFO - Confusion Matrix
 [18124.	    3.	    0.	    2.	    0.]
 [   17.	 2971.	    0.	    9.	    0.]
 [    0.	    0.	    0.	    0.	    0.]
 [    2.	    4.	    0.	 1068.	    0.]
 [    0.	    0.	    0.	    0.	    0.]
2026-01-29 22:26:03,131 - INFO - Change Type PA (Recall) Matrix
 [[0.    	0.9771	0.    	0.9882	0.    ]
 [1.    	0.    	0.    	0.    	0.    ]
 [0.    	0.    	0.    	0.    	0.    ]
 [0.    	0.9894	0.    	0.    	0.    ]
 [0.    	0.    	0.    	0.    	0.    ]]
2026-01-29 22:26:03,131 - INFO - Change Type UA (Precision) Matrix
 [[0.    	0.9846	0.    	0.9711	0.    ]
 [0.6667	0.    	0.    	0.    	0.    ]
 [0.    	0.    	0.    	0.    	0.    ]
 [0.    	0.9789	0.    	0.    	0.    ]
 [0.    	0.    	0.    	0.    	0.    ]]
2026-01-29 22:26:03,131 - INFO - Change Type F1 Matrix
 [[0.    	0.9808	0.    	0.9796	0.    ]
 [0.8   	0.    	0.    	0.    	0.    ]
 [0.    	0.    	0.    	0.    	0.    ]
 [0.    	0.9841	0.    	0.    	0.    ]
 [0.    	0.    	0.    	0.    	0.    ]]
2026-01-29 22:26:03,131 - INFO - Epoch 0 saved.
