2026-01-29 22:26:04,455 - INFO - Epoch 0, Train loss: 0.0
2026-01-29 22:26:04,455 - INFO - mIoU: 0.9449; OA: 0.9797; AA: 0.961; F1: 0.9711; Kappa: 0.9652;
2026-01-29 22:26:04,455 - INFO - spatial_LccAccuracy: 0.8417; spatial_PA: 0.9691; spatial_UA: 0.9896; spatial_F1: 0.9792; weighted_F1: 0.9016
2026-01-29 22:26:04,455 - INFO - temporal_CdAccuracy: 0.8486; temporal_PA: 0.9499; temporal_UA: 0.932; temporal_F1: 0.9408
2026-01-29 22:26:04,455 - INFO - Confusion Matrix
 [78039.	  774.	    0.	   18.	   33.]
 [ 1689.	58468.	   50.	   11.	   44.]
 [    8.	  379.	 2664.	    0.	    0.]
 [   10.	   18.	    0.	 1487.	    0.]
 [    7.	  102.	    0.	    0.	11179.]
2026-01-29 22:26:04,456 - INFO - Change Type PA (Recall) Matrix
 [[0.    	0.9515	0.8992	0.9537	0.    ]
 [0.8837	0.    	0.5612	0.    	0.8182]
 [0.    	0.9756	0.    	0.    	0.    ]
 [0.    	0.9697	0.    	0.    	0.    ]
 [0.    	0.    	0.    	0.    	0.    ]]
2026-01-29 22:26:04,456 - INFO - Change Type UA (Precision) Matrix
 [[0.    	0.908 	0.9748	0.9392	0.    ]
 [0.8093	0.    	0.78  	0.    	0.7895]
 [0.    	0.6897	0.    	0.    	0.    ]
 [0.    	0.9697	0.    	0.    	0.    ]
 [0.    	0.    	0.    	0.    	0.    ]]
2026-01-29 22:26:04,456 - INFO - Change Type F1 Matrix
 [[0.    	0.9293	0.9355	0.9464	0.    ]
 [0.8448	0.    	0.6527	0.    	0.8036]
 [0.    	0.8081	0.    	0.    	0.    ]
 [0.    	0.9697	0.    	0.    	0.    ]
 [0.    	0.    	0.    	0.    	0.    ]]
2026-01-29 22:26:04,456 - INFO - Epoch 0 saved.
