2026-03-19 14:42:38,103 - INFO - Epoch 0, Train loss: 0.0
2026-03-19 14:42:38,103 - INFO - mIoU: 0.8751; OA: 0.9626; AA: 0.955; F1: 0.9323; cls_weighted_F1: 0.9626; Kappa: 0.93;
2026-03-19 14:42:38,104 - INFO - spatial_LccAccuracy: 0.7948; spatial_PA: 0.7807; spatial_UA: 0.977; spatial_F1: 0.8679; weighted_F1: 0.8868
2026-03-19 14:42:38,104 - INFO - temporal_CdAccuracy: 0.7965; temporal_PA: 0.9364; temporal_UA: 0.8844; temporal_F1: 0.9097
2026-03-19 14:42:38,104 - INFO - Confusion Matrix
 [15334.	  277.	    0.	    0.	   14.]
 [  775.	16721.	   75.	    0.	   43.]
 [    0.	    0.	  293.	    0.	    0.]
 [    0.	    0.	    0.	    0.	    0.]
 [    0.	  107.	    0.	    0.	  861.]
2026-03-19 14:42:38,105 - INFO - Change Type PA (Recall) Matrix
 [[0.    	0.955 	0.    	0.    	0.    ]
 [0.3182	0.    	1.    	0.    	0.8182]
 [0.    	1.    	0.    	0.    	0.    ]
 [0.    	0.    	0.    	0.    	0.    ]
 [0.    	0.    	0.    	0.    	0.    ]]
2026-03-19 14:42:38,105 - INFO - Change Type UA (Precision) Matrix
 [[0.    	0.873 	0.    	0.    	0.    ]
 [0.1628	0.    	0.9545	0.    	0.75  ]
 [0.    	0.9545	0.    	0.    	0.    ]
 [0.    	0.    	0.    	0.    	0.    ]
 [0.    	0.    	0.    	0.    	0.    ]]
2026-03-19 14:42:38,105 - INFO - Change Type F1 Matrix
 [[0.    	0.9121	0.    	0.    	0.    ]
 [0.2154	0.    	0.9767	0.    	0.7826]
 [0.    	0.9767	0.    	0.    	0.    ]
 [0.    	0.    	0.    	0.    	0.    ]
 [0.    	0.    	0.    	0.    	0.    ]]
2026-03-19 14:42:38,105 - INFO - Epoch 0 saved.
