2026-03-19 14:42:38,193 - INFO - Epoch 0, Train loss: 0.0
2026-03-19 14:42:38,193 - INFO - mIoU: 0.9672; OA: 0.9905; AA: 0.9843; F1: 0.9832; cls_weighted_F1: 0.9905; Kappa: 0.9825;
2026-03-19 14:42:38,193 - INFO - spatial_LccAccuracy: 0.8889; spatial_PA: 1.0; spatial_UA: 1.0; spatial_F1: 1.0; weighted_F1: 0.9689
2026-03-19 14:42:38,194 - INFO - temporal_CdAccuracy: 0.8889; temporal_PA: 0.9167; temporal_UA: 0.9016; temporal_F1: 0.909
2026-03-19 14:42:38,194 - INFO - Confusion Matrix
 [1528.	  59.	   0.	   0.	   0.]
 [  13.	1280.	   0.	   0.	   0.]
 [   0.	   0.	   0.	   0.	   0.]
 [   0.	   0.	   0.	   0.	   0.]
 [   0.	   0.	   0.	   0.	4680.]
2026-03-19 14:42:38,194 - INFO - Change Type PA (Recall) Matrix
 [[0.    	0.9792	0.    	0.    	0.    ]
 [1.    	0.    	0.    	0.    	0.    ]
 [0.    	0.    	0.    	0.    	0.    ]
 [0.    	0.    	0.    	0.    	0.    ]
 [0.    	0.    	0.    	0.    	0.    ]]
2026-03-19 14:42:38,195 - INFO - Change Type UA (Precision) Matrix
 [[0.    	0.9592	0.    	0.    	0.    ]
 [0.9394	0.    	0.    	0.    	0.    ]
 [0.    	0.    	0.    	0.    	0.    ]
 [0.    	0.    	0.    	0.    	0.    ]
 [0.    	0.    	0.    	0.    	0.    ]]
2026-03-19 14:42:38,195 - INFO - Change Type F1 Matrix
 [[0.    	0.9691	0.    	0.    	0.    ]
 [0.9688	0.    	0.    	0.    	0.    ]
 [0.    	0.    	0.    	0.    	0.    ]
 [0.    	0.    	0.    	0.    	0.    ]
 [0.    	0.    	0.    	0.    	0.    ]]
2026-03-19 14:42:38,195 - INFO - Epoch 0 saved.
