2026-03-19 14:42:38,602 - INFO - Epoch 0, Train loss: 0.0
2026-03-19 14:42:38,603 - INFO - mIoU: 0.9075; OA: 0.99; AA: 0.9915; F1: 0.947; cls_weighted_F1: 0.9901; Kappa: 0.9825;
2026-03-19 14:42:38,603 - INFO - spatial_LccAccuracy: 0.9224; spatial_PA: 0.982; spatial_UA: 0.9906; spatial_F1: 0.9863; weighted_F1: 0.9173
2026-03-19 14:42:38,603 - INFO - temporal_CdAccuracy: 0.9252; temporal_PA: 0.9734; temporal_UA: 0.9609; temporal_F1: 0.9671
2026-03-19 14:42:38,604 - INFO - Confusion Matrix
 [24630.	  174.	    2.	    7.	    0.]
 [  151.	12751.	   79.	    3.	    0.]
 [    6.	   10.	  926.	    0.	    0.]
 [    0.	    0.	    0.	   21.	    0.]
 [    0.	    0.	    0.	    0.	 4560.]
2026-03-19 14:42:38,605 - INFO - Change Type PA (Recall) Matrix
 [[0.    	0.9476	0.9268	1.    	0.    ]
 [0.8356	0.    	0.9041	0.    	0.    ]
 [0.    	0.5   	0.    	0.    	0.    ]
 [0.    	0.    	0.    	0.    	0.    ]
 [0.    	0.    	0.    	0.    	0.    ]]
2026-03-19 14:42:38,605 - INFO - Change Type UA (Precision) Matrix
 [[0.    	0.9414	0.7755	0.7   	0.    ]
 [0.8841	0.    	0.8354	0.    	0.    ]
 [0.    	0.3333	0.    	0.    	0.    ]
 [0.    	0.    	0.    	0.    	0.    ]
 [0.    	0.    	0.    	0.    	0.    ]]
2026-03-19 14:42:38,607 - INFO - Change Type F1 Matrix
 [[0.    	0.9445	0.8444	0.8235	0.    ]
 [0.8592	0.    	0.8684	0.    	0.    ]
 [0.    	0.4   	0.    	0.    	0.    ]
 [0.    	0.    	0.    	0.    	0.    ]
 [0.    	0.    	0.    	0.    	0.    ]]
2026-03-19 14:42:38,607 - INFO - Epoch 0 saved.
