2026-03-19 14:42:38,927 - INFO - Epoch 0, Train loss: 0.0
2026-03-19 14:42:38,928 - INFO - mIoU: 0.8811; OA: 0.9816; AA: 0.933; F1: 0.9322; cls_weighted_F1: 0.9816; Kappa: 0.9627;
2026-03-19 14:42:38,928 - INFO - spatial_LccAccuracy: 0.817; spatial_PA: 1.0; spatial_UA: 1.0; spatial_F1: 1.0; weighted_F1: 0.9425
2026-03-19 14:42:38,928 - INFO - temporal_CdAccuracy: 0.817; temporal_PA: 0.949; temporal_UA: 0.948; temporal_F1: 0.9485
2026-03-19 14:42:38,929 - INFO - Confusion Matrix
 [14467.	  335.	    0.	    0.	    0.]
 [  224.	21296.	   59.	    0.	    0.]
 [    0.	   56.	  283.	    0.	    0.]
 [    0.	    0.	    0.	    0.	    0.]
 [    0.	    0.	    0.	    0.	    0.]
2026-03-19 14:42:38,930 - INFO - Change Type PA (Recall) Matrix
 [[0.    	0.9558	0.    	0.    	0.    ]
 [0.9096	0.    	0.9818	0.    	0.    ]
 [0.    	1.    	0.    	0.    	0.    ]
 [0.    	0.    	0.    	0.    	0.    ]
 [0.    	0.    	0.    	0.    	0.    ]]
2026-03-19 14:42:38,931 - INFO - Change Type UA (Precision) Matrix
 [[0.    	0.9605	0.    	0.    	0.    ]
 [0.9248	0.    	0.8571	0.    	0.    ]
 [0.    	0.6957	0.    	0.    	0.    ]
 [0.    	0.    	0.    	0.    	0.    ]
 [0.    	0.    	0.    	0.    	0.    ]]
2026-03-19 14:42:38,932 - INFO - Change Type F1 Matrix
 [[0.    	0.9581	0.    	0.    	0.    ]
 [0.9171	0.    	0.9153	0.    	0.    ]
 [0.    	0.8205	0.    	0.    	0.    ]
 [0.    	0.    	0.    	0.    	0.    ]
 [0.    	0.    	0.    	0.    	0.    ]]
2026-03-19 14:42:38,932 - INFO - Epoch 0 saved.
