2026-03-19 14:42:39,114 - INFO - Epoch 0, Train loss: 0.0
2026-03-19 14:42:39,114 - INFO - mIoU: 0.9777; OA: 0.9967; AA: 0.9892; F1: 0.9887; cls_weighted_F1: 0.9967; Kappa: 0.9893;
2026-03-19 14:42:39,115 - INFO - spatial_LccAccuracy: 0.9485; spatial_PA: 1.0; spatial_UA: 1.0; spatial_F1: 1.0; weighted_F1: 0.972
2026-03-19 14:42:39,115 - INFO - temporal_CdAccuracy: 0.9675; temporal_PA: 0.9939; temporal_UA: 0.9861; temporal_F1: 0.9899
2026-03-19 14:42:39,115 - INFO - Confusion Matrix
 [18112.	    3.	    0.	    9.	    0.]
 [   17.	 2721.	    0.	   24.	    0.]
 [    0.	    0.	    0.	    0.	    0.]
 [    0.	   21.	    0.	 1233.	    0.]
 [    0.	    0.	    0.	    0.	    0.]
2026-03-19 14:42:39,116 - INFO - Change Type PA (Recall) Matrix
 [[0.    	0.9646	0.    	0.9692	0.    ]
 [1.    	0.    	0.    	0.    	0.    ]
 [0.    	0.    	0.    	0.    	0.    ]
 [0.    	1.    	0.    	0.    	0.    ]
 [0.    	0.    	0.    	0.    	0.    ]]
2026-03-19 14:42:39,117 - INFO - Change Type UA (Precision) Matrix
 [[0.    	0.9478	0.    	0.9793	0.    ]
 [1.    	0.    	0.    	0.    	0.    ]
 [0.    	0.    	0.    	0.    	0.    ]
 [0.    	0.9655	0.    	0.    	0.    ]
 [0.    	0.    	0.    	0.    	0.    ]]
2026-03-19 14:42:39,118 - INFO - Change Type F1 Matrix
 [[0.    	0.9561	0.    	0.9742	0.    ]
 [1.    	0.    	0.    	0.    	0.    ]
 [0.    	0.    	0.    	0.    	0.    ]
 [0.    	0.9825	0.    	0.    	0.    ]
 [0.    	0.    	0.    	0.    	0.    ]]
2026-03-19 14:42:39,118 - INFO - Epoch 0 saved.
