2026-03-19 14:42:39,255 - INFO - Epoch 0, Train loss: 0.0
2026-03-19 14:42:39,255 - INFO - mIoU: 0.9626; OA: 0.9782; AA: 0.9859; F1: 0.9809; cls_weighted_F1: 0.9782; Kappa: 0.9634;
2026-03-19 14:42:39,255 - INFO - spatial_LccAccuracy: 0.8348; spatial_PA: 0.9717; spatial_UA: 0.9917; spatial_F1: 0.9816; weighted_F1: 0.9254
2026-03-19 14:42:39,255 - INFO - temporal_CdAccuracy: 0.8348; temporal_PA: 0.963; temporal_UA: 0.9135; temporal_F1: 0.9376
2026-03-19 14:42:39,255 - INFO - Confusion Matrix
 [6042.	 114.	   0.	   9.	   0.]
 [ 132.	5971.	  36.	   0.	   0.]
 [   0.	  10.	1071.	   0.	   0.]
 [   0.	   0.	   0.	 415.	   0.]
 [   0.	   0.	   0.	   0.	   0.]
2026-03-19 14:42:39,256 - INFO - Change Type PA (Recall) Matrix
 [[0.    	0.9792	0.    	1.    	0.    ]
 [1.    	0.    	0.931 	0.    	0.    ]
 [1.    	1.    	0.    	0.    	0.    ]
 [0.    	0.    	0.    	0.    	0.    ]
 [0.    	0.    	0.    	0.    	0.    ]]
2026-03-19 14:42:39,257 - INFO - Change Type UA (Precision) Matrix
 [[0.    	0.8868	0.    	1.    	0.    ]
 [0.8052	0.    	0.7714	0.    	0.    ]
 [1.    	0.9318	0.    	0.    	0.    ]
 [0.    	0.    	0.    	0.    	0.    ]
 [0.    	0.    	0.    	0.    	0.    ]]
2026-03-19 14:42:39,258 - INFO - Change Type F1 Matrix
 [[0.    	0.9307	0.    	1.    	0.    ]
 [0.8921	0.    	0.8438	0.    	0.    ]
 [1.    	0.9647	0.    	0.    	0.    ]
 [0.    	0.    	0.    	0.    	0.    ]
 [0.    	0.    	0.    	0.    	0.    ]]
2026-03-19 14:42:39,258 - INFO - Epoch 0 saved.
