2026-03-19 14:45:00,723 - INFO - Epoch 0, Train loss: 0.0
2026-03-19 14:45:00,723 - INFO - mIoU: 0.8705; OA: 0.9568; AA: 0.9252; F1: 0.9284; cls_weighted_F1: 0.9566; Kappa: 0.9189;
2026-03-19 14:45:00,724 - INFO - spatial_LccAccuracy: 0.7461; spatial_PA: 0.7534; spatial_UA: 0.9576; spatial_F1: 0.8433; weighted_F1: 0.8882
2026-03-19 14:45:00,724 - INFO - temporal_CdAccuracy: 0.7461; temporal_PA: 0.9114; temporal_UA: 0.8623; temporal_F1: 0.8862
2026-03-19 14:45:00,724 - INFO - Confusion Matrix
 [15213.	  373.	    0.	    0.	   39.]
 [  804.	16754.	   24.	    0.	   32.]
 [    0.	    0.	  293.	    0.	    0.]
 [    0.	    0.	    0.	    0.	    0.]
 [    4.	  209.	    4.	    0.	  751.]
2026-03-19 14:45:00,725 - INFO - Change Type PA (Recall) Matrix
 [[0.    	0.9569	0.    	0.    	0.    ]
 [0.2727	0.    	1.    	0.    	0.8   ]
 [0.    	1.    	0.    	0.    	0.    ]
 [0.    	0.    	0.    	0.    	0.    ]
 [0.    	0.    	0.    	0.    	0.    ]]
2026-03-19 14:45:00,727 - INFO - Change Type UA (Precision) Matrix
 [[0.    	0.8732	0.    	0.    	0.    ]
 [0.1277	0.    	0.9333	0.    	0.8302]
 [0.    	0.9545	0.    	0.    	0.    ]
 [0.    	0.    	0.    	0.    	0.    ]
 [0.    	0.    	0.    	0.    	0.    ]]
2026-03-19 14:45:00,727 - INFO - Change Type F1 Matrix
 [[0.    	0.9132	0.    	0.    	0.    ]
 [0.1739	0.    	0.9655	0.    	0.8148]
 [0.    	0.9767	0.    	0.    	0.    ]
 [0.    	0.    	0.    	0.    	0.    ]
 [0.    	0.    	0.    	0.    	0.    ]]
2026-03-19 14:45:00,727 - INFO - Epoch 0 saved.
