2026-03-19 14:45:00,799 - INFO - Epoch 0, Train loss: 0.0
2026-03-19 14:45:00,800 - INFO - mIoU: 0.951; OA: 0.9856; AA: 0.9753; F1: 0.9746; cls_weighted_F1: 0.9856; Kappa: 0.9735;
2026-03-19 14:45:00,800 - INFO - spatial_LccAccuracy: 0.8254; spatial_PA: 1.0; spatial_UA: 1.0; spatial_F1: 1.0; weighted_F1: 0.939
2026-03-19 14:45:00,800 - INFO - temporal_CdAccuracy: 0.8254; temporal_PA: 0.8717; temporal_UA: 0.8457; temporal_F1: 0.8585
2026-03-19 14:45:00,801 - INFO - Confusion Matrix
 [1515.	  72.	   0.	   0.	   0.]
 [  37.	1256.	   0.	   0.	   0.]
 [   0.	   0.	   0.	   0.	   0.]
 [   0.	   0.	   0.	   0.	   0.]
 [   0.	   0.	   0.	   0.	4680.]
2026-03-19 14:45:00,802 - INFO - Change Type PA (Recall) Matrix
 [[0.    	0.9583	0.    	0.    	0.    ]
 [1.    	0.    	0.    	0.    	0.    ]
 [0.    	0.    	0.    	0.    	0.    ]
 [0.    	0.    	0.    	0.    	0.    ]
 [0.    	0.    	0.    	0.    	0.    ]]
2026-03-19 14:45:00,802 - INFO - Change Type UA (Precision) Matrix
 [[0.    	0.92  	0.    	0.    	0.    ]
 [0.8857	0.    	0.    	0.    	0.    ]
 [0.    	0.    	0.    	0.    	0.    ]
 [0.    	0.    	0.    	0.    	0.    ]
 [0.    	0.    	0.    	0.    	0.    ]]
2026-03-19 14:45:00,804 - INFO - Change Type F1 Matrix
 [[0.    	0.9388	0.    	0.    	0.    ]
 [0.9394	0.    	0.    	0.    	0.    ]
 [0.    	0.    	0.    	0.    	0.    ]
 [0.    	0.    	0.    	0.    	0.    ]
 [0.    	0.    	0.    	0.    	0.    ]]
2026-03-19 14:45:00,804 - INFO - Epoch 0 saved.
