2026-03-19 14:45:01,192 - INFO - Epoch 0, Train loss: 0.0
2026-03-19 14:45:01,192 - INFO - mIoU: 0.9569; OA: 0.9879; AA: 0.9882; F1: 0.9776; cls_weighted_F1: 0.9879; Kappa: 0.9788;
2026-03-19 14:45:01,193 - INFO - spatial_LccAccuracy: 0.8975; spatial_PA: 0.968; spatial_UA: 0.9836; spatial_F1: 0.9757; weighted_F1: 0.9226
2026-03-19 14:45:01,193 - INFO - temporal_CdAccuracy: 0.9044; temporal_PA: 0.9699; temporal_UA: 0.9377; temporal_F1: 0.9535
2026-03-19 14:45:01,193 - INFO - Confusion Matrix
 [24535.	  273.	    5.	    0.	    0.]
 [  133.	12766.	   84.	    1.	    0.]
 [    3.	   26.	  913.	    0.	    0.]
 [    0.	    0.	    0.	   21.	    0.]
 [    0.	    0.	    0.	    0.	 4560.]
2026-03-19 14:45:01,194 - INFO - Change Type PA (Recall) Matrix
 [[0.    	0.9694	0.8537	1.    	0.    ]
 [0.9178	0.    	0.9589	0.    	0.    ]
 [0.    	1.    	0.    	0.    	0.    ]
 [0.    	0.    	0.    	0.    	0.    ]
 [0.    	0.    	0.    	0.    	0.    ]]
2026-03-19 14:45:01,195 - INFO - Change Type UA (Precision) Matrix
 [[0.    	0.9231	0.814 	1.    	0.    ]
 [0.8072	0.    	0.8434	0.    	0.    ]
 [0.    	0.2857	0.    	0.    	0.    ]
 [0.    	0.    	0.    	0.    	0.    ]
 [0.    	0.    	0.    	0.    	0.    ]]
2026-03-19 14:45:01,196 - INFO - Change Type F1 Matrix
 [[0.    	0.9457	0.8333	1.    	0.    ]
 [0.859 	0.    	0.8974	0.    	0.    ]
 [0.    	0.4444	0.    	0.    	0.    ]
 [0.    	0.    	0.    	0.    	0.    ]
 [0.    	0.    	0.    	0.    	0.    ]]
2026-03-19 14:45:01,196 - INFO - Epoch 0 saved.
