2026-03-19 14:45:01,523 - INFO - Epoch 0, Train loss: 0.0
2026-03-19 14:45:01,524 - INFO - mIoU: 0.8728; OA: 0.9789; AA: 0.9443; F1: 0.9271; cls_weighted_F1: 0.979; Kappa: 0.9571;
2026-03-19 14:45:01,524 - INFO - spatial_LccAccuracy: 0.7582; spatial_PA: 1.0; spatial_UA: 1.0; spatial_F1: 1.0; weighted_F1: 0.9279
2026-03-19 14:45:01,525 - INFO - temporal_CdAccuracy: 0.7582; temporal_PA: 0.9332; temporal_UA: 0.94; temporal_F1: 0.9366
2026-03-19 14:45:01,525 - INFO - Confusion Matrix
 [14508.	  294.	    0.	    0.	    0.]
 [  353.	21140.	   86.	    0.	    0.]
 [    0.	   43.	  296.	    0.	    0.]
 [    0.	    0.	    0.	    0.	    0.]
 [    0.	    0.	    0.	    0.	    0.]
2026-03-19 14:45:01,526 - INFO - Change Type PA (Recall) Matrix
 [[0.    	0.9423	0.    	0.    	0.    ]
 [0.8767	0.    	0.9818	0.    	0.    ]
 [0.    	0.625 	0.    	0.    	0.    ]
 [0.    	0.    	0.    	0.    	0.    ]
 [0.    	0.    	0.    	0.    	0.    ]]
2026-03-19 14:45:01,527 - INFO - Change Type UA (Precision) Matrix
 [[0.    	0.9481	0.    	0.    	0.    ]
 [0.9169	0.    	0.9474	0.    	0.    ]
 [0.    	0.6667	0.    	0.    	0.    ]
 [0.    	0.    	0.    	0.    	0.    ]
 [0.    	0.    	0.    	0.    	0.    ]]
2026-03-19 14:45:01,527 - INFO - Change Type F1 Matrix
 [[0.    	0.9452	0.    	0.    	0.    ]
 [0.8964	0.    	0.9643	0.    	0.    ]
 [0.    	0.6452	0.    	0.    	0.    ]
 [0.    	0.    	0.    	0.    	0.    ]
 [0.    	0.    	0.    	0.    	0.    ]]
2026-03-19 14:45:01,528 - INFO - Epoch 0 saved.
