2026-03-19 14:45:01,728 - INFO - Epoch 0, Train loss: 0.0
2026-03-19 14:45:01,729 - INFO - mIoU: 0.9724; OA: 0.9954; AA: 0.9822; F1: 0.9859; cls_weighted_F1: 0.9954; Kappa: 0.9852;
2026-03-19 14:45:01,729 - INFO - spatial_LccAccuracy: 0.9241; spatial_PA: 0.9984; spatial_UA: 0.9919; spatial_F1: 0.9951; weighted_F1: 0.9365
2026-03-19 14:45:01,730 - INFO - temporal_CdAccuracy: 0.9621; temporal_PA: 0.9892; temporal_UA: 0.9881; temporal_F1: 0.9887
2026-03-19 14:45:01,730 - INFO - Confusion Matrix
 [18107.	   15.	    0.	    2.	    0.]
 [   29.	 2727.	    0.	    6.	    0.]
 [    0.	    0.	    0.	    0.	    0.]
 [    4.	   46.	    0.	 1204.	    0.]
 [    0.	    0.	    0.	    0.	    0.]
2026-03-19 14:45:01,731 - INFO - Change Type PA (Recall) Matrix
 [[0.    	0.9735	0.    	0.9026	0.    ]
 [0.5714	0.    	0.    	0.    	0.    ]
 [0.    	0.    	0.    	0.    	0.    ]
 [0.    	0.9732	0.    	0.    	0.    ]
 [0.    	0.    	0.    	0.    	0.    ]]
2026-03-19 14:45:01,732 - INFO - Change Type UA (Precision) Matrix
 [[0.    	0.873 	0.    	0.9724	0.    ]
 [0.6667	0.    	0.    	0.    	0.    ]
 [0.    	0.    	0.    	0.    	0.    ]
 [0.    	0.9732	0.    	0.    	0.    ]
 [0.    	0.    	0.    	0.    	0.    ]]
2026-03-19 14:45:01,733 - INFO - Change Type F1 Matrix
 [[0.    	0.9205	0.    	0.9362	0.    ]
 [0.6154	0.    	0.    	0.    	0.    ]
 [0.    	0.    	0.    	0.    	0.    ]
 [0.    	0.9732	0.    	0.    	0.    ]
 [0.    	0.    	0.    	0.    	0.    ]]
2026-03-19 14:45:01,733 - INFO - Epoch 0 saved.
