2026-03-19 14:45:01,856 - INFO - Epoch 0, Train loss: 0.0
2026-03-19 14:45:01,856 - INFO - mIoU: 0.7431; OA: 0.9643; AA: 0.9665; F1: 0.9631; cls_weighted_F1: 0.9645; Kappa: 0.9403;
2026-03-19 14:45:01,856 - INFO - spatial_LccAccuracy: 0.7217; spatial_PA: 0.9717; spatial_UA: 0.9917; spatial_F1: 0.9816; weighted_F1: 0.8881
2026-03-19 14:45:01,856 - INFO - temporal_CdAccuracy: 0.7217; temporal_PA: 0.9097; temporal_UA: 0.8629; temporal_F1: 0.8856
2026-03-19 14:45:01,856 - INFO - Confusion Matrix
 [5930.	 216.	   3.	  14.	   2.]
 [ 158.	5918.	  61.	   0.	   2.]
 [   0.	  18.	1063.	   0.	   0.]
 [   0.	  15.	   3.	 397.	   0.]
 [   0.	   0.	   0.	   0.	   0.]
2026-03-19 14:45:01,857 - INFO - Change Type PA (Recall) Matrix
 [[0.    	0.9514	0.    	0.9487	0.    ]
 [0.9839	0.    	0.8276	0.    	0.    ]
 [0.    	0.9756	0.    	0.    	0.    ]
 [0.    	0.    	0.    	0.    	0.    ]
 [0.    	0.    	0.    	0.    	0.    ]]
2026-03-19 14:45:01,858 - INFO - Change Type UA (Precision) Matrix
 [[0.    	0.8616	0.    	0.9487	0.    ]
 [0.7531	0.    	0.75  	0.    	0.    ]
 [0.    	0.9091	0.    	0.    	0.    ]
 [0.    	0.    	0.    	0.    	0.    ]
 [0.    	0.    	0.    	0.    	0.    ]]
2026-03-19 14:45:01,859 - INFO - Change Type F1 Matrix
 [[0.    	0.9043	0.    	0.9487	0.    ]
 [0.8531	0.    	0.7869	0.    	0.    ]
 [0.    	0.9412	0.    	0.    	0.    ]
 [0.    	0.    	0.    	0.    	0.    ]
 [0.    	0.    	0.    	0.    	0.    ]]
2026-03-19 14:45:01,859 - INFO - Epoch 0 saved.
