2026-01-29 17:02:07,142 - INFO - Epoch 0, Train loss: 0.0
2026-01-29 17:02:07,143 - INFO - mIoU: 0.5175; OA: 0.9583; AA: 0.912; F1: 0.9236; Kappa: 0.9206;
2026-01-29 17:02:07,143 - INFO - spatial_LccAccuracy: 0.7598; spatial_PA: 0.8158; spatial_UA: 0.9789; spatial_F1: 0.8899; weighted_F1: 0.8586
2026-01-29 17:02:07,144 - INFO - temporal_CdAccuracy: 0.7598; temporal_PA: 0.9147; temporal_UA: 0.8283; temporal_F1: 0.8694
2026-01-29 17:02:07,144 - INFO - Confusion Matrix
 [13885.	  350.	    0.	    1.	   45.]
 [  687.	15977.	   14.	    0.	   53.]
 [    0.	    0.	    0.	    0.	    0.]
 [    0.	    0.	    0.	    0.	    0.]
 [    8.	  173.	    0.	    4.	  783.]
2026-01-29 17:02:07,145 - INFO - Change Type PA (Recall) Matrix
 [[0.    	0.9616	0.    	0.    	0.    ]
 [0.4091	0.    	0.    	0.    	0.8182]
 [0.    	0.    	0.    	0.    	0.    ]
 [0.    	0.    	0.    	0.    	0.    ]
 [0.    	0.    	0.    	0.    	0.    ]]
2026-01-29 17:02:07,145 - INFO - Change Type UA (Precision) Matrix
 [[0.    	0.8574	0.    	0.    	0.    ]
 [0.1552	0.    	0.    	0.    	0.6164]
 [0.    	0.    	0.    	0.    	0.    ]
 [0.    	0.    	0.    	0.    	0.    ]
 [0.    	0.    	0.    	0.    	0.    ]]
2026-01-29 17:02:07,147 - INFO - Change Type F1 Matrix
 [[0.    	0.9065	0.    	0.    	0.    ]
 [0.225 	0.    	0.    	0.    	0.7031]
 [0.    	0.    	0.    	0.    	0.    ]
 [0.    	0.    	0.    	0.    	0.    ]
 [0.    	0.    	0.    	0.    	0.    ]]
2026-01-29 17:02:07,147 - INFO - Epoch 0 saved.
