2026-01-29 17:02:07,829 - INFO - Epoch 0, Train loss: 0.0
2026-01-29 17:02:07,830 - INFO - mIoU: 0.8752; OA: 0.9806; AA: 0.9177; F1: 0.9288; Kappa: 0.9584;
2026-01-29 17:02:07,830 - INFO - spatial_LccAccuracy: 0.8257; spatial_PA: 0.9897; spatial_UA: 0.9828; spatial_F1: 0.9863; weighted_F1: 0.9349
2026-01-29 17:02:07,831 - INFO - temporal_CdAccuracy: 0.8257; temporal_PA: 0.9343; temporal_UA: 0.9583; temporal_F1: 0.9461
2026-01-29 17:02:07,831 - INFO - Confusion Matrix
 [11546.	  552.	    0.	    0.	    0.]
 [   40.	20413.	   18.	    0.	    0.]
 [    1.	   25.	  105.	    0.	    0.]
 [    0.	    0.	    0.	    0.	    0.]
 [    0.	    0.	    0.	    0.	    0.]
2026-01-29 17:02:07,832 - INFO - Change Type PA (Recall) Matrix
 [[0.    	0.9338	0.    	0.    	0.    ]
 [0.8665	0.    	0.6   	0.    	0.    ]
 [0.    	0.    	0.    	0.    	0.    ]
 [0.    	0.    	0.    	0.    	0.    ]
 [0.    	0.    	0.    	0.    	0.    ]]
2026-01-29 17:02:07,833 - INFO - Change Type UA (Precision) Matrix
 [[0.    	0.9764	0.    	0.    	0.    ]
 [0.9522	0.    	0.375 	0.    	0.    ]
 [0.    	0.    	0.    	0.    	0.    ]
 [0.    	0.    	0.    	0.    	0.    ]
 [0.    	0.    	0.    	0.    	0.    ]]
2026-01-29 17:02:07,833 - INFO - Change Type F1 Matrix
 [[0.    	0.9546	0.    	0.    	0.    ]
 [0.9073	0.    	0.4615	0.    	0.    ]
 [0.    	0.    	0.    	0.    	0.    ]
 [0.    	0.    	0.    	0.    	0.    ]
 [0.    	0.    	0.    	0.    	0.    ]]
2026-01-29 17:02:07,834 - INFO - Epoch 0 saved.
