2026-01-29 22:28:10,967 - INFO - Epoch 0, Train loss: 0.0
2026-01-29 22:28:10,967 - INFO - mIoU: 0.6595; OA: 0.9617; AA: 0.9374; F1: 0.9341; Kappa: 0.9273;
2026-01-29 22:28:10,967 - INFO - spatial_LccAccuracy: 0.7955; spatial_PA: 0.8642; spatial_UA: 0.9411; spatial_F1: 0.901; weighted_F1: 0.8818
2026-01-29 22:28:10,969 - INFO - temporal_CdAccuracy: 0.7974; temporal_PA: 0.9205; temporal_UA: 0.87; temporal_F1: 0.8946
2026-01-29 22:28:10,969 - INFO - Confusion Matrix
 [13733.	  452.	    0.	    0.	   96.]
 [  520.	16167.	    4.	    0.	   40.]
 [    0.	    0.	    0.	    0.	    0.]
 [    0.	    0.	    0.	    0.	    0.]
 [    0.	  112.	    0.	    0.	  856.]
2026-01-29 22:28:10,969 - INFO - Change Type PA (Recall) Matrix
 [[0.    	0.9531	0.    	0.    	0.    ]
 [0.6364	0.    	0.    	0.    	0.7636]
 [0.    	0.    	0.    	0.    	0.    ]
 [0.    	0.    	0.    	0.    	0.    ]
 [0.    	0.    	0.    	0.    	0.    ]]
2026-01-29 22:28:10,969 - INFO - Change Type UA (Precision) Matrix
 [[0.    	0.894 	0.    	0.    	0.    ]
 [0.2979	0.    	0.    	0.    	0.6885]
 [0.    	0.    	0.    	0.    	0.    ]
 [0.    	0.    	0.    	0.    	0.    ]
 [0.    	0.    	0.    	0.    	0.    ]]
2026-01-29 22:28:10,969 - INFO - Change Type F1 Matrix
 [[0.    	0.9226	0.    	0.    	0.    ]
 [0.4058	0.    	0.    	0.    	0.7241]
 [0.    	0.    	0.    	0.    	0.    ]
 [0.    	0.    	0.    	0.    	0.    ]
 [0.    	0.    	0.    	0.    	0.    ]]
2026-01-29 22:28:10,969 - INFO - Epoch 0 saved.
