2026-01-29 22:28:11,632 - INFO - Epoch 0, Train loss: 0.0
2026-01-29 22:28:11,632 - INFO - mIoU: 0.5773; OA: 0.9794; AA: 0.782; F1: 0.8398; Kappa: 0.9559;
2026-01-29 22:28:11,632 - INFO - spatial_LccAccuracy: 0.8037; spatial_PA: 0.9897; spatial_UA: 0.9828; spatial_F1: 0.9863; weighted_F1: 0.9237
2026-01-29 22:28:11,632 - INFO - temporal_CdAccuracy: 0.8055; temporal_PA: 0.9426; temporal_UA: 0.9471; temporal_F1: 0.9449
2026-01-29 22:28:11,632 - INFO - Confusion Matrix
 [11675.	  417.	    0.	    0.	    6.]
 [  169.	20299.	    0.	    0.	    3.]
 [    0.	   80.	   51.	    0.	    0.]
 [    0.	    0.	    0.	    0.	    0.]
 [    0.	    0.	    0.	    0.	    0.]
2026-01-29 22:28:11,632 - INFO - Change Type PA (Recall) Matrix
 [[0.    	0.9352	0.    	0.    	0.    ]
 [0.8975	0.    	0.2   	0.    	0.    ]
 [0.    	0.    	0.    	0.    	0.    ]
 [0.    	0.    	0.    	0.    	0.    ]
 [0.    	0.    	0.    	0.    	0.    ]]
2026-01-29 22:28:11,632 - INFO - Change Type UA (Precision) Matrix
 [[0.    	0.9527	0.    	0.    	0.    ]
 [0.9003	0.    	0.25  	0.    	0.    ]
 [0.    	0.    	0.    	0.    	0.    ]
 [0.    	0.    	0.    	0.    	0.    ]
 [0.    	0.    	0.    	0.    	0.    ]]
2026-01-29 22:28:11,632 - INFO - Change Type F1 Matrix
 [[0.    	0.9439	0.    	0.    	0.    ]
 [0.8989	0.    	0.2222	0.    	0.    ]
 [0.    	0.    	0.    	0.    	0.    ]
 [0.    	0.    	0.    	0.    	0.    ]
 [0.    	0.    	0.    	0.    	0.    ]]
2026-01-29 22:28:11,632 - INFO - Epoch 0 saved.
