2026-01-29 22:27:55,162 - INFO - Epoch 0, Train loss: 0.0
2026-01-29 22:27:55,162 - INFO - mIoU: 0.4856; OA: 0.9499; AA: 0.8535; F1: 0.8861; Kappa: 0.9045;
2026-01-29 22:27:55,162 - INFO - spatial_LccAccuracy: 0.7186; spatial_PA: 0.8333; spatial_UA: 0.9808; spatial_F1: 0.9011; weighted_F1: 0.7943
2026-01-29 22:27:55,162 - INFO - temporal_CdAccuracy: 0.7205; temporal_PA: 0.899; temporal_UA: 0.7939; temporal_F1: 0.8432
2026-01-29 22:27:55,162 - INFO - Confusion Matrix
 [13793.	  419.	    0.	    2.	   67.]
 [  714.	15966.	   23.	   17.	   11.]
 [    0.	    0.	    0.	    0.	    0.]
 [    0.	    0.	    0.	    0.	    0.]
 [  103.	  177.	    8.	   60.	  620.]
2026-01-29 22:27:55,163 - INFO - Change Type PA (Recall) Matrix
 [[0.    	0.951 	0.    	0.    	0.    ]
 [0.6364	0.    	0.    	0.    	0.1455]
 [0.    	0.    	0.    	0.    	0.    ]
 [0.    	0.    	0.    	0.    	0.    ]
 [0.    	0.    	0.    	0.    	0.    ]]
2026-01-29 22:27:55,163 - INFO - Change Type UA (Precision) Matrix
 [[0.    	0.8336	0.    	0.    	0.    ]
 [0.125 	0.    	0.    	0.    	0.5   ]
 [0.    	0.    	0.    	0.    	0.    ]
 [0.    	0.    	0.    	0.    	0.    ]
 [0.    	0.    	0.    	0.    	0.    ]]
2026-01-29 22:27:55,163 - INFO - Change Type F1 Matrix
 [[0.    	0.8884	0.    	0.    	0.    ]
 [0.209 	0.    	0.    	0.    	0.2254]
 [0.    	0.    	0.    	0.    	0.    ]
 [0.    	0.    	0.    	0.    	0.    ]
 [0.    	0.    	0.    	0.    	0.    ]]
2026-01-29 22:27:55,163 - INFO - Epoch 0 saved.
