2026-01-29 22:27:55,367 - INFO - Epoch 0, Train loss: 0.0
2026-01-29 22:27:55,367 - INFO - mIoU: 0.761; OA: 0.9926; AA: 0.9619; F1: 0.9737; Kappa: 0.9873;
2026-01-29 22:27:55,367 - INFO - spatial_LccAccuracy: 0.9308; spatial_PA: 0.998; spatial_UA: 0.999; spatial_F1: 0.9985; weighted_F1: 0.9363
2026-01-29 22:27:55,367 - INFO - temporal_CdAccuracy: 0.9417; temporal_PA: 0.9775; temporal_UA: 0.9652; temporal_F1: 0.9713
2026-01-29 22:27:55,367 - INFO - Confusion Matrix
 [23270.	   93.	    1.	    0.	    0.]
 [  101.	15429.	   22.	    1.	    0.]
 [    3.	  100.	  640.	    0.	    0.]
 [    0.	    0.	    0.	    0.	    0.]
 [    8.	    0.	    0.	    0.	 4552.]
2026-01-29 22:27:55,367 - INFO - Change Type PA (Recall) Matrix
 [[0.    	0.9832	0.6591	0.    	0.    ]
 [0.9114	0.    	0.8947	0.    	0.    ]
 [0.    	0.    	0.    	0.    	0.    ]
 [0.    	0.    	0.    	0.    	0.    ]
 [0.    	0.    	0.    	0.    	0.    ]]
2026-01-29 22:27:55,369 - INFO - Change Type UA (Precision) Matrix
 [[0.    	0.9531	0.9355	0.    	0.    ]
 [0.9114	0.    	0.6939	0.    	0.    ]
 [0.    	0.    	0.    	0.    	0.    ]
 [0.    	0.    	0.    	0.    	0.    ]
 [0.    	0.    	0.    	0.    	0.    ]]
2026-01-29 22:27:55,369 - INFO - Change Type F1 Matrix
 [[0.    	0.9679	0.7733	0.    	0.    ]
 [0.9114	0.    	0.7816	0.    	0.    ]
 [0.    	0.    	0.    	0.    	0.    ]
 [0.    	0.    	0.    	0.    	0.    ]
 [0.    	0.    	0.    	0.    	0.    ]]
2026-01-29 22:27:55,369 - INFO - Epoch 0 saved.
