2026-01-29 22:27:55,501 - INFO - Epoch 0, Train loss: 0.0
2026-01-29 22:27:55,501 - INFO - mIoU: 0.7732; OA: 0.9773; AA: 0.7932; F1: 0.8449; Kappa: 0.9515;
2026-01-29 22:27:55,501 - INFO - spatial_LccAccuracy: 0.8037; spatial_PA: 0.9908; spatial_UA: 0.9908; spatial_F1: 0.9908; weighted_F1: 0.9265
2026-01-29 22:27:55,501 - INFO - temporal_CdAccuracy: 0.8055; temporal_PA: 0.9462; temporal_UA: 0.9408; temporal_F1: 0.9435
2026-01-29 22:27:55,501 - INFO - Confusion Matrix
 [11645.	  452.	    1.	    0.	    0.]
 [  209.	20257.	    5.	    0.	    0.]
 [    1.	   74.	   56.	    0.	    0.]
 [    0.	    0.	    0.	    0.	    0.]
 [    0.	    0.	    0.	    0.	    0.]
2026-01-29 22:27:55,502 - INFO - Change Type PA (Recall) Matrix
 [[0.    	0.9451	0.    	0.    	0.    ]
 [0.913 	0.    	0.2   	0.    	0.    ]
 [0.    	0.    	0.    	0.    	0.    ]
 [0.    	0.    	0.    	0.    	0.    ]
 [0.    	0.    	0.    	0.    	0.    ]]
2026-01-29 22:27:55,502 - INFO - Change Type UA (Precision) Matrix
 [[0.    	0.9477	0.    	0.    	0.    ]
 [0.8936	0.    	0.125 	0.    	0.    ]
 [0.    	0.    	0.    	0.    	0.    ]
 [0.    	0.    	0.    	0.    	0.    ]
 [0.    	0.    	0.    	0.    	0.    ]]
2026-01-29 22:27:55,502 - INFO - Change Type F1 Matrix
 [[0.    	0.9464	0.    	0.    	0.    ]
 [0.9032	0.    	0.1538	0.    	0.    ]
 [0.    	0.    	0.    	0.    	0.    ]
 [0.    	0.    	0.    	0.    	0.    ]
 [0.    	0.    	0.    	0.    	0.    ]]
2026-01-29 22:27:55,502 - INFO - Epoch 0 saved.
