2026-01-29 22:27:55,650 - INFO - Epoch 0, Train loss: 0.0
2026-01-29 22:27:55,650 - INFO - mIoU: 0.9432; OA: 0.9732; AA: 0.9699; F1: 0.9706; Kappa: 0.9507;
2026-01-29 22:27:55,650 - INFO - spatial_LccAccuracy: 0.8036; spatial_PA: 1.0; spatial_UA: 1.0; spatial_F1: 1.0; weighted_F1: 0.8826
2026-01-29 22:27:55,650 - INFO - temporal_CdAccuracy: 0.8036; temporal_PA: 0.9384; temporal_UA: 0.8932; temporal_F1: 0.9153
2026-01-29 22:27:55,650 - INFO - Confusion Matrix
 [7022.	 149.	   0.	   0.	   0.]
 [ 148.	5357.	  22.	   3.	   0.]
 [   1.	  36.	 571.	   0.	   0.]
 [   0.	   1.	   0.	 130.	   0.]
 [   0.	   0.	   0.	   0.	   0.]
2026-01-29 22:27:55,651 - INFO - Change Type PA (Recall) Matrix
 [[0.    	0.9556	0.5   	1.    	0.    ]
 [0.9348	0.    	0.7895	0.    	0.    ]
 [0.    	0.9474	0.    	0.    	0.    ]
 [0.    	0.    	0.    	0.    	0.    ]
 [0.    	0.    	0.    	0.    	0.    ]]
2026-01-29 22:27:55,651 - INFO - Change Type UA (Precision) Matrix
 [[0.    	0.8821	1.    	1.    	0.    ]
 [0.6719	0.    	0.75  	0.    	0.    ]
 [0.    	1.    	0.    	0.    	0.    ]
 [0.    	0.    	0.    	0.    	0.    ]
 [0.    	0.    	0.    	0.    	0.    ]]
2026-01-29 22:27:55,651 - INFO - Change Type F1 Matrix
 [[0.    	0.9173	0.6667	1.    	0.    ]
 [0.7818	0.    	0.7692	0.    	0.    ]
 [0.    	0.973 	0.    	0.    	0.    ]
 [0.    	0.    	0.    	0.    	0.    ]
 [0.    	0.    	0.    	0.    	0.    ]]
2026-01-29 22:27:55,651 - INFO - Epoch 0 saved.
