2026-01-22 16:52:28,952 - INFO - Epoch 0, Train loss: 0.0
2026-01-22 16:52:28,952 - INFO - mIoU: 0.9262; OA: 0.9743; AA: 0.9565; F1: 0.9609; Kappa: 0.956;
2026-01-22 16:52:28,952 - INFO - spatial_LccAccuracy: 0.7801; spatial_PA: 0.9624; spatial_UA: 0.9886; spatial_F1: 0.9753; weighted_F1: 0.8562
2026-01-22 16:52:28,952 - INFO - temporal_CdAccuracy: 0.7878; temporal_PA: 0.9181; temporal_UA: 0.9032; temporal_F1: 0.9106
2026-01-22 16:52:28,952 - INFO - Confusion Matrix
 [77273.	 1459.	   14.	   49.	   69.]
 [ 1518.	58557.	  112.	   43.	   32.]
 [    7.	  416.	 2628.	    0.	    0.]
 [    2.	   11.	    0.	 1502.	    0.]
 [   16.	  233.	    0.	    0.	11039.]
2026-01-22 16:52:28,952 - INFO - Change Type PA (Recall) Matrix
 [[0.    	0.9235	0.8527	0.9151	0.    ]
 [0.7805	0.    	0.4748	0.    	0.7273]
 [0.    	0.9268	0.    	0.    	0.    ]
 [0.    	0.9091	0.    	0.    	0.    ]
 [0.    	0.    	0.    	0.    	0.    ]]
2026-01-22 16:52:28,953 - INFO - Change Type UA (Precision) Matrix
 [[0.    	0.8827	0.9483	0.8375	0.    ]
 [0.7442	0.    	0.6667	0.    	0.678 ]
 [0.    	0.76  	0.    	0.    	0.    ]
 [0.    	0.9091	0.    	0.    	0.    ]
 [0.    	0.    	0.    	0.    	0.    ]]
2026-01-22 16:52:28,953 - INFO - Change Type F1 Matrix
 [[0.    	0.9026	0.898 	0.8745	0.    ]
 [0.7619	0.    	0.5546	0.    	0.7018]
 [0.    	0.8352	0.    	0.    	0.    ]
 [0.    	0.9091	0.    	0.    	0.    ]
 [0.    	0.    	0.    	0.    	0.    ]]
2026-01-22 16:52:28,953 - INFO - Epoch 0 saved.
