2026-02-22 20:07:04,666 - INFO - Epoch 0, Train loss: 0.0
2026-02-22 20:07:04,666 - INFO - mIoU: 0.9031; OA: 0.9724; AA: 0.9494; F1: 0.9472; cls_weighted_F1: 0.9723; Kappa: 0.9526;
2026-02-22 20:07:04,666 - INFO - spatial_LccAccuracy: 0.7604; spatial_PA: 0.9518; spatial_UA: 0.9852; spatial_F1: 0.9682; weighted_F1: 0.8525
2026-02-22 20:07:04,666 - INFO - temporal_CdAccuracy: 0.7661; temporal_PA: 0.9142; temporal_UA: 0.8912; temporal_F1: 0.9025
2026-02-22 20:07:04,666 - INFO - Confusion Matrix
 [80370.	 1323.	   11.	   44.	  102.]
 [ 1631.	59417.	  408.	   84.	   49.]
 [    3.	  551.	 2982.	    2.	    0.]
 [    5.	   33.	    0.	 1473.	    4.]
 [    6.	  157.	    1.	    2.	11122.]
2026-02-22 20:07:04,666 - INFO - Change Type PA (Recall) Matrix
 [[0.    	0.9195	0.876 	0.9228	0.    ]
 [0.8293	0.    	0.5936	0.    	0.7091]
 [0.    	0.6703	0.    	0.    	0.    ]
 [0.    	0.9697	0.    	0.    	0.    ]
 [0.    	0.    	0.    	0.    	0.    ]]
2026-02-22 20:07:04,667 - INFO - Change Type UA (Precision) Matrix
 [[0.    	0.8821	0.8828	0.8157	0.    ]
 [0.7294	0.    	0.7429	0.    	0.6842]
 [0.    	0.61  	0.    	0.    	0.    ]
 [0.    	0.96  	0.    	0.    	0.    ]
 [0.    	0.    	0.    	0.    	0.    ]]
2026-02-22 20:07:04,667 - INFO - Change Type F1 Matrix
 [[0.    	0.9004	0.8794	0.8659	0.    ]
 [0.7761	0.    	0.6599	0.    	0.6964]
 [0.    	0.6387	0.    	0.    	0.    ]
 [0.    	0.9648	0.    	0.    	0.    ]
 [0.    	0.    	0.    	0.    	0.    ]]
2026-02-22 20:07:04,667 - INFO - Epoch 0 saved.
