2026-02-22 20:07:06,302 - INFO - Epoch 0, Train loss: 0.0
2026-02-22 20:07:06,302 - INFO - mIoU: 0.9098; OA: 0.9734; AA: 0.9398; F1: 0.9509; cls_weighted_F1: 0.9732; Kappa: 0.9542;
2026-02-22 20:07:06,302 - INFO - spatial_LccAccuracy: 0.7852; spatial_PA: 0.965; spatial_UA: 0.9897; spatial_F1: 0.9772; weighted_F1: 0.8695
2026-02-22 20:07:06,302 - INFO - temporal_CdAccuracy: 0.7927; temporal_PA: 0.9167; temporal_UA: 0.901; temporal_F1: 0.9088
2026-02-22 20:07:06,302 - INFO - Confusion Matrix
 [80556.	 1177.	    1.	   32.	   84.]
 [ 1668.	59629.	  232.	   29.	   31.]
 [    4.	  682.	 2852.	    0.	    0.]
 [    6.	   41.	    0.	 1460.	    8.]
 [   29.	  231.	    0.	    0.	11028.]
2026-02-22 20:07:06,302 - INFO - Change Type PA (Recall) Matrix
 [[0.    	0.9458	0.8837	0.9112	0.    ]
 [0.878 	0.    	0.5251	0.    	0.6364]
 [0.    	0.4176	0.    	0.    	0.    ]
 [0.    	0.9697	0.    	0.    	0.    ]
 [0.    	0.    	0.    	0.    	0.    ]]
2026-02-22 20:07:06,302 - INFO - Change Type UA (Precision) Matrix
 [[0.    	0.8994	0.95  	0.8939	0.    ]
 [0.7561	0.    	0.7823	0.    	0.625 ]
 [0.    	0.7755	0.    	0.    	0.    ]
 [0.    	0.9697	0.    	0.    	0.    ]
 [0.    	0.    	0.    	0.    	0.    ]]
2026-02-22 20:07:06,304 - INFO - Change Type F1 Matrix
 [[0.    	0.922 	0.9157	0.9025	0.    ]
 [0.8125	0.    	0.6284	0.    	0.6306]
 [0.    	0.5429	0.    	0.    	0.    ]
 [0.    	0.9697	0.    	0.    	0.    ]
 [0.    	0.    	0.    	0.    	0.    ]]
2026-02-22 20:07:06,304 - INFO - Epoch 0 saved.
