2026-02-22 20:07:03,074 - INFO - Epoch 0, Train loss: 0.0
2026-02-22 20:07:03,075 - INFO - mIoU: 0.8927; OA: 0.9717; AA: 0.9281; F1: 0.9414; cls_weighted_F1: 0.9715; Kappa: 0.9514;
2026-02-22 20:07:03,075 - INFO - spatial_LccAccuracy: 0.7721; spatial_PA: 0.9549; spatial_UA: 0.9878; spatial_F1: 0.9711; weighted_F1: 0.8465
2026-02-22 20:07:03,075 - INFO - temporal_CdAccuracy: 0.7811; temporal_PA: 0.9152; temporal_UA: 0.8985; temporal_F1: 0.9068
2026-02-22 20:07:03,075 - INFO - Confusion Matrix
 [80338.	 1401.	    1.	   40.	   70.]
 [ 1592.	59780.	  175.	   31.	   11.]
 [    6.	  726.	 2806.	    0.	    0.]
 [   14.	   94.	    0.	 1404.	    3.]
 [  111.	  177.	    8.	   60.	10932.]
2026-02-22 20:07:03,075 - INFO - Change Type PA (Recall) Matrix
 [[0.    	0.9432	0.8062	0.8958	0.    ]
 [0.8593	0.    	0.484 	0.    	0.1455]
 [0.    	0.4176	0.    	0.    	0.    ]
 [0.    	0.9697	0.    	0.    	0.    ]
 [0.    	0.    	0.    	0.    	0.    ]]
2026-02-22 20:07:03,075 - INFO - Change Type UA (Precision) Matrix
 [[0.    	0.8839	0.963 	0.8923	0.    ]
 [0.7101	0.    	0.7413	0.    	0.5   ]
 [0.    	0.8636	0.    	0.    	0.    ]
 [0.    	0.9143	0.    	0.    	0.    ]
 [0.    	0.    	0.    	0.    	0.    ]]
2026-02-22 20:07:03,075 - INFO - Change Type F1 Matrix
 [[0.    	0.9126	0.8776	0.894 	0.    ]
 [0.7776	0.    	0.5856	0.    	0.2254]
 [0.    	0.563 	0.    	0.    	0.    ]
 [0.    	0.9412	0.    	0.    	0.    ]
 [0.    	0.    	0.    	0.    	0.    ]]
2026-02-22 20:07:03,075 - INFO - Epoch 0 saved.
