2026-02-22 20:07:01,617 - INFO - Epoch 0, Train loss: 0.0
2026-02-22 20:07:01,617 - INFO - mIoU: 0.9028; OA: 0.9722; AA: 0.9341; F1: 0.947; cls_weighted_F1: 0.972; Kappa: 0.9522;
2026-02-22 20:07:01,617 - INFO - spatial_LccAccuracy: 0.7769; spatial_PA: 0.9494; spatial_UA: 0.9855; spatial_F1: 0.9671; weighted_F1: 0.8656
2026-02-22 20:07:01,617 - INFO - temporal_CdAccuracy: 0.783; temporal_PA: 0.9139; temporal_UA: 0.9012; temporal_F1: 0.9075
2026-02-22 20:07:01,617 - INFO - Confusion Matrix
 [80363.	 1400.	    1.	   29.	   57.]
 [ 1680.	59656.	  209.	   23.	   21.]
 [   10.	  684.	 2844.	    0.	    0.]
 [   14.	   81.	    0.	 1420.	    0.]
 [   21.	  169.	   23.	   24.	11051.]
2026-02-22 20:07:01,617 - INFO - Change Type PA (Recall) Matrix
 [[0.    	0.9453	0.814 	0.9228	0.    ]
 [0.8405	0.    	0.5753	0.    	0.6182]
 [0.    	0.4835	0.    	0.    	0.    ]
 [0.    	0.9596	0.    	0.    	0.    ]
 [0.    	0.    	0.    	0.    	0.    ]]
2026-02-22 20:07:01,617 - INFO - Change Type UA (Precision) Matrix
 [[0.    	0.8906	0.9813	0.8985	0.    ]
 [0.7568	0.    	0.72  	0.    	0.7391]
 [0.    	0.7719	0.    	0.    	0.    ]
 [0.    	0.9135	0.    	0.    	0.    ]
 [0.    	0.    	0.    	0.    	0.    ]]
2026-02-22 20:07:01,618 - INFO - Change Type F1 Matrix
 [[0.    	0.9171	0.8898	0.9105	0.    ]
 [0.7964	0.    	0.6396	0.    	0.6733]
 [0.    	0.5946	0.    	0.    	0.    ]
 [0.    	0.936 	0.    	0.    	0.    ]
 [0.    	0.    	0.    	0.    	0.    ]]
2026-02-22 20:07:01,618 - INFO - Epoch 0 saved.
