2026-01-29 22:25:43,419 - INFO - Epoch 0, Train loss: 0.0
2026-01-29 22:25:43,419 - INFO - mIoU: 0.978; OA: 0.9964; AA: 0.9892; F1: 0.9886; Kappa: 0.9939;
2026-01-29 22:25:43,419 - INFO - spatial_LccAccuracy: 0.9661; spatial_PA: 0.995; spatial_UA: 0.9959; spatial_F1: 0.9955; weighted_F1: 0.9608
2026-01-29 22:25:43,419 - INFO - temporal_CdAccuracy: 0.9688; temporal_PA: 0.9856; temporal_UA: 0.9819; temporal_F1: 0.9837
2026-01-29 22:25:43,419 - INFO - Confusion Matrix
 [23342.	   21.	    1.	    0.	    0.]
 [   81.	15442.	   30.	    0.	    0.]
 [    3.	   23.	  717.	    0.	    0.]
 [    0.	    0.	    0.	    0.	    0.]
 [    0.	    0.	    0.	    0.	 4560.]
2026-01-29 22:25:43,419 - INFO - Change Type PA (Recall) Matrix
 [[0.    	0.9705	0.9773	0.    	0.    ]
 [0.8987	0.    	0.9737	0.    	0.    ]
 [0.    	0.    	0.    	0.    	0.    ]
 [0.    	0.    	0.    	0.    	0.    ]
 [0.    	0.    	0.    	0.    	0.    ]]
2026-01-29 22:25:43,419 - INFO - Change Type UA (Precision) Matrix
 [[0.    	0.9746	0.9348	0.    	0.    ]
 [0.8987	0.    	0.925 	0.    	0.    ]
 [0.    	0.    	0.    	0.    	0.    ]
 [0.    	0.    	0.    	0.    	0.    ]
 [0.    	0.    	0.    	0.    	0.    ]]
2026-01-29 22:25:43,419 - INFO - Change Type F1 Matrix
 [[0.    	0.9726	0.9556	0.    	0.    ]
 [0.8987	0.    	0.9487	0.    	0.    ]
 [0.    	0.    	0.    	0.    	0.    ]
 [0.    	0.    	0.    	0.    	0.    ]
 [0.    	0.    	0.    	0.    	0.    ]]
2026-01-29 22:25:43,419 - INFO - Epoch 0 saved.
