2026-01-29 22:25:43,733 - INFO - Epoch 0, Train loss: 0.0
2026-01-29 22:25:43,733 - INFO - mIoU: 0.7647; OA: 0.9765; AA: 0.9747; F1: 0.9772; Kappa: 0.9568;
2026-01-29 22:25:43,733 - INFO - spatial_LccAccuracy: 0.8527; spatial_PA: 1.0; spatial_UA: 1.0; spatial_F1: 1.0; weighted_F1: 0.9164
2026-01-29 22:25:43,733 - INFO - temporal_CdAccuracy: 0.8527; temporal_PA: 0.9577; temporal_UA: 0.9217; temporal_F1: 0.9393
2026-01-29 22:25:43,733 - INFO - Confusion Matrix
 [7033.	 134.	   0.	   0.	   4.]
 [ 124.	5386.	  20.	   0.	   0.]
 [   0.	  34.	 574.	   0.	   0.]
 [   0.	   0.	   0.	 131.	   0.]
 [   0.	   0.	   0.	   0.	   0.]
2026-01-29 22:25:43,733 - INFO - Change Type PA (Recall) Matrix
 [[0.    	0.9722	0.5   	1.    	0.    ]
 [0.9565	0.    	0.8421	0.    	0.    ]
 [0.    	1.    	0.    	0.    	0.    ]
 [0.    	0.    	0.    	0.    	0.    ]
 [0.    	0.    	0.    	0.    	0.    ]]
2026-01-29 22:25:43,734 - INFO - Change Type UA (Precision) Matrix
 [[0.    	0.9067	1.    	1.    	0.    ]
 [0.7586	0.    	0.8421	0.    	0.    ]
 [0.    	1.    	0.    	0.    	0.    ]
 [0.    	0.    	0.    	0.    	0.    ]
 [0.    	0.    	0.    	0.    	0.    ]]
2026-01-29 22:25:43,734 - INFO - Change Type F1 Matrix
 [[0.    	0.9383	0.6667	1.    	0.    ]
 [0.8462	0.    	0.8421	0.    	0.    ]
 [0.    	1.    	0.    	0.    	0.    ]
 [0.    	0.    	0.    	0.    	0.    ]
 [0.    	0.    	0.    	0.    	0.    ]]
2026-01-29 22:25:43,734 - INFO - Epoch 0 saved.
