2026-01-29 17:01:38,043 - INFO - Epoch 0, Train loss: 0.0
2026-01-29 17:01:38,044 - INFO - mIoU: 0.6477; OA: 0.9581; AA: 0.8919; F1: 0.9243; Kappa: 0.92;
2026-01-29 17:01:38,044 - INFO - spatial_LccAccuracy: 0.7655; spatial_PA: 0.8333; spatial_UA: 0.9808; spatial_F1: 0.9011; weighted_F1: 0.8873
2026-01-29 17:01:38,044 - INFO - temporal_CdAccuracy: 0.7655; temporal_PA: 0.9076; temporal_UA: 0.8645; temporal_F1: 0.8855
2026-01-29 17:01:38,044 - INFO - Confusion Matrix
 [14007.	  273.	    0.	    0.	    1.]
 [  778.	15913.	   34.	    0.	    6.]
 [    0.	    0.	    0.	    0.	    0.]
 [    0.	    0.	    0.	    0.	    0.]
 [   15.	  233.	    0.	    0.	  720.]
2026-01-29 17:01:38,045 - INFO - Change Type PA (Recall) Matrix
 [[0.    	0.9616	0.    	0.    	0.    ]
 [0.4091	0.    	0.    	0.    	0.8   ]
 [0.    	0.    	0.    	0.    	0.    ]
 [0.    	0.    	0.    	0.    	0.    ]
 [0.    	0.    	0.    	0.    	0.    ]]
2026-01-29 17:01:38,045 - INFO - Change Type UA (Precision) Matrix
 [[0.    	0.8895	0.    	0.    	0.    ]
 [0.2368	0.    	0.    	0.    	0.8148]
 [0.    	0.    	0.    	0.    	0.    ]
 [0.    	0.    	0.    	0.    	0.    ]
 [0.    	0.    	0.    	0.    	0.    ]]
2026-01-29 17:01:38,045 - INFO - Change Type F1 Matrix
 [[0.    	0.9242	0.    	0.    	0.    ]
 [0.3   	0.    	0.    	0.    	0.8073]
 [0.    	0.    	0.    	0.    	0.    ]
 [0.    	0.    	0.    	0.    	0.    ]
 [0.    	0.    	0.    	0.    	0.    ]]
2026-01-29 17:01:38,045 - INFO - Epoch 0 saved.
