2026-01-29 17:01:38,529 - INFO - Epoch 0, Train loss: 0.0
2026-01-29 17:01:38,530 - INFO - mIoU: 0.9635; OA: 0.9941; AA: 0.9796; F1: 0.9808; Kappa: 0.9899;
2026-01-29 17:01:38,530 - INFO - spatial_LccAccuracy: 0.9471; spatial_PA: 0.998; spatial_UA: 0.999; spatial_F1: 0.9985; weighted_F1: 0.961
2026-01-29 17:01:38,530 - INFO - temporal_CdAccuracy: 0.9525; temporal_PA: 0.9784; temporal_UA: 0.9718; temporal_F1: 0.9751
2026-01-29 17:01:38,530 - INFO - Confusion Matrix
 [23255.	  108.	    1.	    0.	    0.]
 [   40.	15470.	   43.	    0.	    0.]
 [    5.	   45.	  693.	    0.	    0.]
 [    0.	    0.	    0.	    0.	    0.]
 [   19.	    0.	    0.	    0.	 4541.]
2026-01-29 17:01:38,531 - INFO - Change Type PA (Recall) Matrix
 [[0.    	0.9832	0.8636	0.    	0.    ]
 [0.9367	0.    	0.9211	0.    	0.    ]
 [0.    	0.    	0.    	0.    	0.    ]
 [0.    	0.    	0.    	0.    	0.    ]
 [0.    	0.    	0.    	0.    	0.    ]]
2026-01-29 17:01:38,532 - INFO - Change Type UA (Precision) Matrix
 [[0.    	0.9749	0.9048	0.    	0.    ]
 [0.9367	0.    	0.8333	0.    	0.    ]
 [0.    	0.    	0.    	0.    	0.    ]
 [0.    	0.    	0.    	0.    	0.    ]
 [0.    	0.    	0.    	0.    	0.    ]]
2026-01-29 17:01:38,532 - INFO - Change Type F1 Matrix
 [[0.    	0.979 	0.8837	0.    	0.    ]
 [0.9367	0.    	0.875 	0.    	0.    ]
 [0.    	0.    	0.    	0.    	0.    ]
 [0.    	0.    	0.    	0.    	0.    ]
 [0.    	0.    	0.    	0.    	0.    ]]
2026-01-29 17:01:38,533 - INFO - Epoch 0 saved.
