2026-01-29 17:01:39,033 - INFO - Epoch 0, Train loss: 0.0
2026-01-29 17:01:39,033 - INFO - mIoU: 0.9906; OA: 0.9982; AA: 0.995; F1: 0.9953; Kappa: 0.9942;
2026-01-29 17:01:39,033 - INFO - spatial_LccAccuracy: 0.9784; spatial_PA: 1.0; spatial_UA: 1.0; spatial_F1: 1.0; weighted_F1: 0.9836
2026-01-29 17:01:39,034 - INFO - temporal_CdAccuracy: 0.9865; temporal_PA: 0.9973; temporal_UA: 0.9901; temporal_F1: 0.9937
2026-01-29 17:01:39,034 - INFO - Confusion Matrix
 [18109.	   20.	    0.	    0.	    0.]
 [    5.	 2989.	    0.	    3.	    0.]
 [    0.	    0.	    0.	    0.	    0.]
 [    1.	   11.	    0.	 1062.	    0.]
 [    0.	    0.	    0.	    0.	    0.]
2026-01-29 17:01:39,035 - INFO - Change Type PA (Recall) Matrix
 [[0.    	0.9924	0.    	0.9824	0.    ]
 [1.    	0.    	0.    	0.    	0.    ]
 [0.    	0.    	0.    	0.    	0.    ]
 [0.    	1.    	0.    	0.    	0.    ]
 [0.    	0.    	0.    	0.    	0.    ]]
2026-01-29 17:01:39,035 - INFO - Change Type UA (Precision) Matrix
 [[0.    	0.9559	0.    	0.994 	0.    ]
 [0.5714	0.    	0.    	0.    	0.    ]
 [0.    	0.    	0.    	0.    	0.    ]
 [0.    	1.    	0.    	0.    	0.    ]
 [0.    	0.    	0.    	0.    	0.    ]]
2026-01-29 17:01:39,036 - INFO - Change Type F1 Matrix
 [[0.    	0.9738	0.    	0.9882	0.    ]
 [0.7273	0.    	0.    	0.    	0.    ]
 [0.    	0.    	0.    	0.    	0.    ]
 [0.    	1.    	0.    	0.    	0.    ]
 [0.    	0.    	0.    	0.    	0.    ]]
2026-01-29 17:01:39,036 - INFO - Epoch 0 saved.
