2026-01-29 17:03:41,822 - INFO - Epoch 0, Train loss: 0.0
2026-01-29 17:03:41,822 - INFO - mIoU: 0.6222; OA: 0.9422; AA: 0.9186; F1: 0.9036; Kappa: 0.8909;
2026-01-29 17:03:41,822 - INFO - spatial_LccAccuracy: 0.6735; spatial_PA: 0.7018; spatial_UA: 0.9667; spatial_F1: 0.8132; weighted_F1: 0.8273
2026-01-29 17:03:41,822 - INFO - temporal_CdAccuracy: 0.6754; temporal_PA: 0.8818; temporal_UA: 0.7948; temporal_F1: 0.8361
2026-01-29 17:03:41,822 - INFO - Confusion Matrix
 [13763.	  410.	    0.	    0.	  108.]
 [ 1026.	15534.	   36.	    0.	  135.]
 [    0.	    0.	    0.	    0.	    0.]
 [    0.	    0.	    0.	    0.	    0.]
 [    4.	  128.	    0.	    0.	  836.]
2026-01-29 17:03:41,823 - INFO - Change Type PA (Recall) Matrix
 [[0.    	0.9382	0.    	0.    	0.    ]
 [0.5   	0.    	0.    	0.    	0.6909]
 [0.    	0.    	0.    	0.    	0.    ]
 [0.    	0.    	0.    	0.    	0.    ]
 [0.    	0.    	0.    	0.    	0.    ]]
2026-01-29 17:03:41,824 - INFO - Change Type UA (Precision) Matrix
 [[0.    	0.8178	0.    	0.    	0.    ]
 [0.141 	0.    	0.    	0.    	0.6552]
 [0.    	0.    	0.    	0.    	0.    ]
 [0.    	0.    	0.    	0.    	0.    ]
 [0.    	0.    	0.    	0.    	0.    ]]
2026-01-29 17:03:41,825 - INFO - Change Type F1 Matrix
 [[0.    	0.8739	0.    	0.    	0.    ]
 [0.22  	0.    	0.    	0.    	0.6726]
 [0.    	0.    	0.    	0.    	0.    ]
 [0.    	0.    	0.    	0.    	0.    ]
 [0.    	0.    	0.    	0.    	0.    ]]
2026-01-29 17:03:41,825 - INFO - Epoch 0 saved.
