2025-12-13 21:53:47,227 - INFO - Epoch 0, Train loss: 0.0
2025-12-13 21:53:47,228 - INFO - mIoU: 0.7458; OA: 0.9884; AA: 0.7662; F1: 0.77; Kappa: 0.9802;
2025-12-13 21:53:47,228 - INFO - spatial_LccAccuracy: 0.9254; spatial_PA: 1.0; spatial_UA: 1.0; spatial_F1: 1.0
2025-12-13 21:53:47,228 - INFO - temporal_CdAccuracy: 0.8942; temporal_PA: 0.9542; temporal_UA: 0.9367; temporal_F1: 0.9454
2025-12-13 21:53:47,229 - INFO - Confusion Matrix
 [23187.	  172.	    5.	    0.	    0.]
 [  157.	15326.	   70.	    0.	    0.]
 [   16.	   93.	  634.	    0.	    0.]
 [    0.	    0.	    0.	    0.	    0.]
 [    0.	    0.	    0.	    0.	 4560.]
2025-12-13 21:53:47,229 - INFO - Change Type PA (Recall) Matrix
 [[0.    	0.96  	0.5227	0.    	0.    ]
 [0.8228	0.    	0.8158	0.    	0.    ]
 [0.    	0.    	0.    	0.    	0.    ]
 [0.    	0.    	0.    	0.    	0.    ]
 [0.    	0.    	0.    	0.    	0.    ]]
2025-12-13 21:53:47,230 - INFO - Change Type UA (Precision) Matrix
 [[0.    	0.9212	0.7419	0.    	0.    ]
 [0.8228	0.    	0.5849	0.    	0.    ]
 [0.    	0.    	0.    	0.    	0.    ]
 [0.    	0.    	0.    	0.    	0.    ]
 [0.    	0.    	0.    	0.    	0.    ]]
2025-12-13 21:53:47,231 - INFO - Change Type F1 Matrix
 [[0.    	0.9402	0.6133	0.    	0.    ]
 [0.8228	0.    	0.6813	0.    	0.    ]
 [0.    	0.    	0.    	0.    	0.    ]
 [0.    	0.    	0.    	0.    	0.    ]
 [0.    	0.    	0.    	0.    	0.    ]]
2025-12-13 21:53:47,231 - INFO - Epoch 0 saved.
