2025-12-13 21:53:47,742 - INFO - Epoch 0, Train loss: 0.0
2025-12-13 21:53:47,743 - INFO - mIoU: 0.5655; OA: 0.9907; AA: 0.5842; F1: 0.582; Kappa: 0.9702;
2025-12-13 21:53:47,743 - INFO - spatial_LccAccuracy: 0.8649; spatial_PA: 0.9404; spatial_UA: 0.9789; spatial_F1: 0.9593
2025-12-13 21:53:47,743 - INFO - temporal_CdAccuracy: 0.8892; temporal_PA: 0.9677; temporal_UA: 0.9489; temporal_F1: 0.9582
2025-12-13 21:53:47,744 - INFO - Confusion Matrix
 [18100.	   16.	    0.	   13.	    0.]
 [   67.	 2851.	    0.	   79.	    0.]
 [    0.	    0.	    0.	    0.	    0.]
 [    7.	   24.	    0.	 1043.	    0.]
 [    0.	    0.	    0.	    0.	    0.]
2025-12-13 21:53:47,745 - INFO - Change Type PA (Recall) Matrix
 [[0.    	0.8015	0.    	0.9412	0.    ]
 [0.5   	0.    	0.    	0.    	0.    ]
 [0.    	0.    	0.    	0.    	0.    ]
 [0.    	0.9787	0.    	0.    	0.    ]
 [0.    	0.    	0.    	0.    	0.    ]]
2025-12-13 21:53:47,746 - INFO - Change Type UA (Precision) Matrix
 [[0.    	0.913 	0.    	0.8247	0.    ]
 [0.4   	0.    	0.    	0.    	0.    ]
 [0.    	0.    	0.    	0.    	0.    ]
 [0.    	0.9583	0.    	0.    	0.    ]
 [0.    	0.    	0.    	0.    	0.    ]]
2025-12-13 21:53:47,747 - INFO - Change Type F1 Matrix
 [[0.    	0.8537	0.    	0.8791	0.    ]
 [0.4444	0.    	0.    	0.    	0.    ]
 [0.    	0.    	0.    	0.    	0.    ]
 [0.    	0.9684	0.    	0.    	0.    ]
 [0.    	0.    	0.    	0.    	0.    ]]
2025-12-13 21:53:47,747 - INFO - Epoch 0 saved.
