2026-03-19 14:45:41,004 - INFO - Epoch 0, Train loss: 0.0
2026-03-19 14:45:41,005 - INFO - mIoU: 0.7031; OA: 0.9577; AA: 0.9208; F1: 0.9326; cls_weighted_F1: 0.9576; Kappa: 0.9205;
2026-03-19 14:45:41,005 - INFO - spatial_LccAccuracy: 0.7687; spatial_PA: 0.7778; spatial_UA: 0.934; spatial_F1: 0.8488; weighted_F1: 0.8854
2026-03-19 14:45:41,005 - INFO - temporal_CdAccuracy: 0.7687; temporal_PA: 0.9308; temporal_UA: 0.871; temporal_F1: 0.8999
2026-03-19 14:45:41,005 - INFO - Confusion Matrix
 [15144.	  440.	    0.	    4.	   37.]
 [  705.	16873.	   15.	    1.	   20.]
 [    0.	    0.	  293.	    0.	    0.]
 [    0.	    0.	    0.	    0.	    0.]
 [    8.	  221.	    0.	    7.	  732.]
2026-03-19 14:45:41,006 - INFO - Change Type PA (Recall) Matrix
 [[0.    	0.9569	0.    	0.    	0.    ]
 [0.6364	0.    	1.    	0.    	0.7091]
 [0.    	1.    	0.    	0.    	0.    ]
 [0.    	0.    	0.    	0.    	0.    ]
 [0.    	0.    	0.    	0.    	0.    ]]
2026-03-19 14:45:41,007 - INFO - Change Type UA (Precision) Matrix
 [[0.    	0.8748	0.    	0.    	0.    ]
 [0.2188	0.    	0.913 	0.    	0.6964]
 [0.    	1.    	0.    	0.    	0.    ]
 [0.    	0.    	0.    	0.    	0.    ]
 [0.    	0.    	0.    	0.    	0.    ]]
2026-03-19 14:45:41,007 - INFO - Change Type F1 Matrix
 [[0.    	0.914 	0.    	0.    	0.    ]
 [0.3256	0.    	0.9545	0.    	0.7027]
 [0.    	1.    	0.    	0.    	0.    ]
 [0.    	0.    	0.    	0.    	0.    ]
 [0.    	0.    	0.    	0.    	0.    ]]
2026-03-19 14:45:41,008 - INFO - Epoch 0 saved.
