2026-03-19 14:45:41,071 - INFO - Epoch 0, Train loss: 0.0
2026-03-19 14:45:41,071 - INFO - mIoU: 0.9606; OA: 0.9885; AA: 0.9807; F1: 0.9797; cls_weighted_F1: 0.9885; Kappa: 0.9788;
2026-03-19 14:45:41,071 - INFO - spatial_LccAccuracy: 0.9048; spatial_PA: 1.0; spatial_UA: 1.0; spatial_F1: 1.0; weighted_F1: 0.9571
2026-03-19 14:45:41,073 - INFO - temporal_CdAccuracy: 0.9048; temporal_PA: 0.9293; temporal_UA: 0.904; temporal_F1: 0.9165
2026-03-19 14:45:41,073 - INFO - Confusion Matrix
 [1521.	  66.	   0.	   0.	   0.]
 [  21.	1272.	   0.	   0.	   0.]
 [   0.	   0.	   0.	   0.	   0.]
 [   0.	   0.	   0.	   0.	   0.]
 [   0.	   0.	   0.	   0.	4680.]
2026-03-19 14:45:41,073 - INFO - Change Type PA (Recall) Matrix
 [[0.    	0.9792	0.    	0.    	0.    ]
 [1.    	0.    	0.    	0.    	0.    ]
 [0.    	0.    	0.    	0.    	0.    ]
 [0.    	0.    	0.    	0.    	0.    ]
 [0.    	0.    	0.    	0.    	0.    ]]
2026-03-19 14:45:41,073 - INFO - Change Type UA (Precision) Matrix
 [[0.    	0.94  	0.    	0.    	0.    ]
 [0.9118	0.    	0.    	0.    	0.    ]
 [0.    	0.    	0.    	0.    	0.    ]
 [0.    	0.    	0.    	0.    	0.    ]
 [0.    	0.    	0.    	0.    	0.    ]]
2026-03-19 14:45:41,073 - INFO - Change Type F1 Matrix
 [[0.    	0.9592	0.    	0.    	0.    ]
 [0.9538	0.    	0.    	0.    	0.    ]
 [0.    	0.    	0.    	0.    	0.    ]
 [0.    	0.    	0.    	0.    	0.    ]
 [0.    	0.    	0.    	0.    	0.    ]]
2026-03-19 14:45:41,073 - INFO - Epoch 0 saved.
