2026-03-19 14:45:41,393 - INFO - Epoch 0, Train loss: 0.0
2026-03-19 14:45:41,394 - INFO - mIoU: 0.9249; OA: 0.9904; AA: 0.9864; F1: 0.9585; cls_weighted_F1: 0.9904; Kappa: 0.9832;
2026-03-19 14:45:41,394 - INFO - spatial_LccAccuracy: 0.9252; spatial_PA: 0.984; spatial_UA: 0.9917; spatial_F1: 0.9878; weighted_F1: 0.9151
2026-03-19 14:45:41,394 - INFO - temporal_CdAccuracy: 0.9294; temporal_PA: 0.9741; temporal_UA: 0.9596; temporal_F1: 0.9668
2026-03-19 14:45:41,394 - INFO - Confusion Matrix
 [24689.	  116.	    1.	    7.	    0.]
 [  212.	12734.	   38.	    0.	    0.]
 [    9.	   32.	  901.	    0.	    0.]
 [    0.	    0.	    0.	   21.	    0.]
 [    0.	    0.	    0.	    0.	 4560.]
2026-03-19 14:45:41,395 - INFO - Change Type PA (Recall) Matrix
 [[0.    	0.9585	0.878 	1.    	0.    ]
 [0.8219	0.    	0.9178	0.    	0.    ]
 [0.    	0.    	0.    	0.    	0.    ]
 [0.    	0.    	0.    	0.    	0.    ]
 [0.    	0.    	0.    	0.    	0.    ]]
2026-03-19 14:45:41,396 - INFO - Change Type UA (Precision) Matrix
 [[0.    	0.9301	0.8571	0.7   	0.    ]
 [0.8219	0.    	0.859 	0.    	0.    ]
 [0.    	0.    	0.    	0.    	0.    ]
 [0.    	0.    	0.    	0.    	0.    ]
 [0.    	0.    	0.    	0.    	0.    ]]
2026-03-19 14:45:41,397 - INFO - Change Type F1 Matrix
 [[0.    	0.9441	0.8675	0.8235	0.    ]
 [0.8219	0.    	0.8874	0.    	0.    ]
 [0.    	0.    	0.    	0.    	0.    ]
 [0.    	0.    	0.    	0.    	0.    ]
 [0.    	0.    	0.    	0.    	0.    ]]
2026-03-19 14:45:41,398 - INFO - Epoch 0 saved.
