2026-03-19 14:45:41,693 - INFO - Epoch 0, Train loss: 0.0
2026-03-19 14:45:41,693 - INFO - mIoU: 0.5075; OA: 0.9796; AA: 0.8637; F1: 0.9071; cls_weighted_F1: 0.9792; Kappa: 0.9583;
2026-03-19 14:45:41,693 - INFO - spatial_LccAccuracy: 0.8154; spatial_PA: 1.0; spatial_UA: 1.0; spatial_F1: 1.0; weighted_F1: 0.9395
2026-03-19 14:45:41,693 - INFO - temporal_CdAccuracy: 0.8154; temporal_PA: 0.9476; temporal_UA: 0.9532; temporal_F1: 0.9504
2026-03-19 14:45:41,693 - INFO - Confusion Matrix
 [14417.	  384.	    0.	    1.	    0.]
 [  229.	21340.	    9.	    0.	    1.]
 [    0.	  126.	  213.	    0.	    0.]
 [    0.	    0.	    0.	    0.	    0.]
 [    0.	    0.	    0.	    0.	    0.]
2026-03-19 14:45:41,694 - INFO - Change Type PA (Recall) Matrix
 [[0.    	0.9595	0.    	0.    	0.    ]
 [0.9397	0.    	0.7455	0.    	0.    ]
 [0.    	0.3125	0.    	0.    	0.    ]
 [0.    	0.    	0.    	0.    	0.    ]
 [0.    	0.    	0.    	0.    	0.    ]]
2026-03-19 14:45:41,694 - INFO - Change Type UA (Precision) Matrix
 [[0.    	0.9618	0.    	0.    	0.    ]
 [0.927 	0.    	0.9111	0.    	0.    ]
 [0.    	0.625 	0.    	0.    	0.    ]
 [0.    	0.    	0.    	0.    	0.    ]
 [0.    	0.    	0.    	0.    	0.    ]]
2026-03-19 14:45:41,694 - INFO - Change Type F1 Matrix
 [[0.    	0.9606	0.    	0.    	0.    ]
 [0.9333	0.    	0.82  	0.    	0.    ]
 [0.    	0.4167	0.    	0.    	0.    ]
 [0.    	0.    	0.    	0.    	0.    ]
 [0.    	0.    	0.    	0.    	0.    ]]
2026-03-19 14:45:41,694 - INFO - Epoch 0 saved.
