2026-03-19 14:45:41,863 - INFO - Epoch 0, Train loss: 0.0
2026-03-19 14:45:41,864 - INFO - mIoU: 0.9769; OA: 0.9958; AA: 0.9888; F1: 0.9882; cls_weighted_F1: 0.9958; Kappa: 0.9865;
2026-03-19 14:45:41,865 - INFO - spatial_LccAccuracy: 0.9268; spatial_PA: 0.9836; spatial_UA: 0.9968; spatial_F1: 0.9901; weighted_F1: 0.9509
2026-03-19 14:45:41,865 - INFO - temporal_CdAccuracy: 0.9404; temporal_PA: 0.9855; temporal_UA: 0.9767; temporal_F1: 0.9811
2026-03-19 14:45:41,865 - INFO - Confusion Matrix
 [18107.	   10.	    0.	    7.	    0.]
 [   36.	 2698.	    0.	   28.	    0.]
 [    0.	    0.	    0.	    0.	    0.]
 [    3.	    9.	    0.	 1242.	    0.]
 [    0.	    0.	    0.	    0.	    0.]
2026-03-19 14:45:41,866 - INFO - Change Type PA (Recall) Matrix
 [[0.    	0.9115	0.    	0.9846	0.    ]
 [0.7143	0.    	0.    	0.    	0.    ]
 [0.    	0.    	0.    	0.    	0.    ]
 [0.    	0.9821	0.    	0.    	0.    ]
 [0.    	0.    	0.    	0.    	0.    ]]
2026-03-19 14:45:41,867 - INFO - Change Type UA (Precision) Matrix
 [[0.    	0.981 	0.    	0.9366	0.    ]
 [0.8333	0.    	0.    	0.    	0.    ]
 [0.    	0.    	0.    	0.    	0.    ]
 [0.    	0.9244	0.    	0.    	0.    ]
 [0.    	0.    	0.    	0.    	0.    ]]
2026-03-19 14:45:41,867 - INFO - Change Type F1 Matrix
 [[0.    	0.945 	0.    	0.96  	0.    ]
 [0.7692	0.    	0.    	0.    	0.    ]
 [0.    	0.    	0.    	0.    	0.    ]
 [0.    	0.9524	0.    	0.    	0.    ]
 [0.    	0.    	0.    	0.    	0.    ]]
2026-03-19 14:45:41,868 - INFO - Epoch 0 saved.
