2026-03-19 14:45:41,992 - INFO - Epoch 0, Train loss: 0.0
2026-03-19 14:45:41,993 - INFO - mIoU: 0.7536; OA: 0.9699; AA: 0.9688; F1: 0.97; cls_weighted_F1: 0.9699; Kappa: 0.9494;
2026-03-19 14:45:41,993 - INFO - spatial_LccAccuracy: 0.7783; spatial_PA: 0.9623; spatial_UA: 0.989; spatial_F1: 0.9754; weighted_F1: 0.8895
2026-03-19 14:45:41,993 - INFO - temporal_CdAccuracy: 0.7783; temporal_PA: 0.9278; temporal_UA: 0.8906; temporal_F1: 0.9088
2026-03-19 14:45:41,993 - INFO - Confusion Matrix
 [5966.	 185.	   2.	  12.	   0.]
 [ 116.	5998.	  24.	   0.	   1.]
 [   3.	  72.	1006.	   0.	   0.]
 [   0.	   0.	   0.	 415.	   0.]
 [   0.	   0.	   0.	   0.	   0.]
2026-03-19 14:45:41,993 - INFO - Change Type PA (Recall) Matrix
 [[0.    	0.9583	0.    	1.    	0.    ]
 [0.9677	0.    	0.6552	0.    	0.    ]
 [1.    	0.9268	0.    	0.    	0.    ]
 [0.    	0.    	0.    	0.    	0.    ]
 [0.    	0.    	0.    	0.    	0.    ]]
2026-03-19 14:45:41,994 - INFO - Change Type UA (Precision) Matrix
 [[0.    	0.8679	0.    	1.    	0.    ]
 [0.7895	0.    	0.7037	0.    	0.    ]
 [0.5   	0.9048	0.    	0.    	0.    ]
 [0.    	0.    	0.    	0.    	0.    ]
 [0.    	0.    	0.    	0.    	0.    ]]
2026-03-19 14:45:41,994 - INFO - Change Type F1 Matrix
 [[0.    	0.9109	0.    	1.    	0.    ]
 [0.8696	0.    	0.6786	0.    	0.    ]
 [0.6667	0.9157	0.    	0.    	0.    ]
 [0.    	0.    	0.    	0.    	0.    ]
 [0.    	0.    	0.    	0.    	0.    ]]
2026-03-19 14:45:41,994 - INFO - Epoch 0 saved.
