2026-01-29 22:26:13,140 - INFO - Epoch 0, Train loss: 0.0
2026-01-29 22:26:13,140 - INFO - mIoU: 0.6481; OA: 0.9533; AA: 0.9258; F1: 0.9254; Kappa: 0.9114;
2026-01-29 22:26:13,140 - INFO - spatial_LccAccuracy: 0.7486; spatial_PA: 0.7193; spatial_UA: 0.9685; spatial_F1: 0.8255; weighted_F1: 0.853
2026-01-29 22:26:13,140 - INFO - temporal_CdAccuracy: 0.7505; temporal_PA: 0.9235; temporal_UA: 0.846; temporal_F1: 0.883
2026-01-29 22:26:13,140 - INFO - Confusion Matrix
 [13900.	  320.	    0.	    0.	   61.]
 [  901.	15751.	   10.	    0.	   69.]
 [    0.	    0.	    0.	    0.	    0.]
 [    0.	    0.	    0.	    0.	    0.]
 [    6.	  127.	    0.	    0.	  835.]
2026-01-29 22:26:13,140 - INFO - Change Type PA (Recall) Matrix
 [[0.    	0.9446	0.    	0.    	0.    ]
 [0.4091	0.    	0.    	0.    	0.8727]
 [0.    	0.    	0.    	0.    	0.    ]
 [0.    	0.    	0.    	0.    	0.    ]
 [0.    	0.    	0.    	0.    	0.    ]]
2026-01-29 22:26:13,141 - INFO - Change Type UA (Precision) Matrix
 [[0.    	0.8358	0.    	0.    	0.    ]
 [0.1268	0.    	0.    	0.    	0.7869]
 [0.    	0.    	0.    	0.    	0.    ]
 [0.    	0.    	0.    	0.    	0.    ]
 [0.    	0.    	0.    	0.    	0.    ]]
2026-01-29 22:26:13,141 - INFO - Change Type F1 Matrix
 [[0.    	0.8869	0.    	0.    	0.    ]
 [0.1935	0.    	0.    	0.    	0.8276]
 [0.    	0.    	0.    	0.    	0.    ]
 [0.    	0.    	0.    	0.    	0.    ]
 [0.    	0.    	0.    	0.    	0.    ]]
2026-01-29 22:26:13,141 - INFO - Epoch 0 saved.
