2026-01-29 22:26:13,552 - INFO - Epoch 0, Train loss: 0.0
2026-01-29 22:26:13,552 - INFO - mIoU: 0.9574; OA: 0.985; AA: 0.9861; F1: 0.9782; Kappa: 0.968;
2026-01-29 22:26:13,552 - INFO - spatial_LccAccuracy: 0.8587; spatial_PA: 1.0; spatial_UA: 1.0; spatial_F1: 1.0; weighted_F1: 0.9473
2026-01-29 22:26:13,552 - INFO - temporal_CdAccuracy: 0.8587; temporal_PA: 0.9647; temporal_UA: 0.9638; temporal_F1: 0.9643
2026-01-29 22:26:13,552 - INFO - Confusion Matrix
 [11801.	  297.	    0.	    0.	    0.]
 [  186.	20277.	    8.	    0.	    0.]
 [    0.	    1.	  130.	    0.	    0.]
 [    0.	    0.	    0.	    0.	    0.]
 [    0.	    0.	    0.	    0.	    0.]
2026-01-29 22:26:13,552 - INFO - Change Type PA (Recall) Matrix
 [[0.    	0.9521	0.    	0.    	0.    ]
 [0.9379	0.    	1.    	0.    	0.    ]
 [1.    	1.    	0.    	0.    	0.    ]
 [0.    	0.    	0.    	0.    	0.    ]
 [0.    	0.    	0.    	0.    	0.    ]]
2026-01-29 22:26:13,552 - INFO - Change Type UA (Precision) Matrix
 [[0.    	0.9589	0.    	0.    	0.    ]
 [0.9179	0.    	1.    	0.    	0.    ]
 [1.    	1.    	0.    	0.    	0.    ]
 [0.    	0.    	0.    	0.    	0.    ]
 [0.    	0.    	0.    	0.    	0.    ]]
2026-01-29 22:26:13,552 - INFO - Change Type F1 Matrix
 [[0.    	0.9555	0.    	0.    	0.    ]
 [0.9278	0.    	1.    	0.    	0.    ]
 [1.    	1.    	0.    	0.    	0.    ]
 [0.    	0.    	0.    	0.    	0.    ]
 [0.    	0.    	0.    	0.    	0.    ]]
2026-01-29 22:26:13,552 - INFO - Epoch 0 saved.
