2026-01-29 17:00:59,514 - INFO - Epoch 0, Train loss: 0.0
2026-01-29 17:00:59,515 - INFO - mIoU: 0.9871; OA: 0.9979; AA: 0.9905; F1: 0.9935; Kappa: 0.9934;
2026-01-29 17:00:59,515 - INFO - spatial_LccAccuracy: 0.9568; spatial_PA: 1.0; spatial_UA: 1.0; spatial_F1: 1.0; weighted_F1: 0.9751
2026-01-29 17:00:59,515 - INFO - temporal_CdAccuracy: 0.9811; temporal_PA: 0.9936; temporal_UA: 0.9912; temporal_F1: 0.9924
2026-01-29 17:00:59,515 - INFO - Confusion Matrix
 [18123.	    6.	    0.	    0.	    0.]
 [   15.	 2982.	    0.	    0.	    0.]
 [    0.	    0.	    0.	    0.	    0.]
 [    3.	   22.	    0.	 1049.	    0.]
 [    0.	    0.	    0.	    0.	    0.]
2026-01-29 17:00:59,517 - INFO - Change Type PA (Recall) Matrix
 [[0.    	1.    	0.    	0.9588	0.    ]
 [1.    	0.    	0.    	0.    	0.    ]
 [0.    	0.    	0.    	0.    	0.    ]
 [0.    	0.9787	0.    	0.    	0.    ]
 [0.    	0.    	0.    	0.    	0.    ]]
2026-01-29 17:00:59,518 - INFO - Change Type UA (Precision) Matrix
 [[0.    	0.9357	0.    	1.    	0.    ]
 [1.    	0.    	0.    	0.    	0.    ]
 [0.    	0.    	0.    	0.    	0.    ]
 [0.    	0.9787	0.    	0.    	0.    ]
 [0.    	0.    	0.    	0.    	0.    ]]
2026-01-29 17:00:59,518 - INFO - Change Type F1 Matrix
 [[0.    	0.9668	0.    	0.979 	0.    ]
 [1.    	0.    	0.    	0.    	0.    ]
 [0.    	0.    	0.    	0.    	0.    ]
 [0.    	0.9787	0.    	0.    	0.    ]
 [0.    	0.    	0.    	0.    	0.    ]]
2026-01-29 17:00:59,519 - INFO - Epoch 0 saved.
