2026-01-29 17:00:59,630 - INFO - Epoch 0, Train loss: 0.0
2026-01-29 17:00:59,631 - INFO - mIoU: 0.7653; OA: 0.9763; AA: 0.9823; F1: 0.9777; Kappa: 0.9566;
2026-01-29 17:00:59,631 - INFO - spatial_LccAccuracy: 0.8661; spatial_PA: 1.0; spatial_UA: 1.0; spatial_F1: 1.0; weighted_F1: 0.927
2026-01-29 17:00:59,631 - INFO - temporal_CdAccuracy: 0.8661; temporal_PA: 0.9577; temporal_UA: 0.9217; temporal_F1: 0.9393
2026-01-29 17:00:59,632 - INFO - Confusion Matrix
 [6998.	 172.	   0.	   1.	   0.]
 [  97.	5399.	  33.	   0.	   1.]
 [   0.	  14.	 594.	   0.	   0.]
 [   0.	   0.	   0.	 131.	   0.]
 [   0.	   0.	   0.	   0.	   0.]
2026-01-29 17:00:59,632 - INFO - Change Type PA (Recall) Matrix
 [[0.    	0.9778	0.5   	1.    	0.    ]
 [0.9565	0.    	0.9211	0.    	0.    ]
 [0.    	1.    	0.    	0.    	0.    ]
 [0.    	0.    	0.    	0.    	0.    ]
 [0.    	0.    	0.    	0.    	0.    ]]
2026-01-29 17:00:59,633 - INFO - Change Type UA (Precision) Matrix
 [[0.    	0.9312	0.5   	1.    	0.    ]
 [0.7719	0.    	0.8333	0.    	0.    ]
 [0.    	0.9048	0.    	0.    	0.    ]
 [0.    	0.    	0.    	0.    	0.    ]
 [0.    	0.    	0.    	0.    	0.    ]]
2026-01-29 17:00:59,634 - INFO - Change Type F1 Matrix
 [[0.    	0.9539	0.5   	1.    	0.    ]
 [0.8544	0.    	0.875 	0.    	0.    ]
 [0.    	0.95  	0.    	0.    	0.    ]
 [0.    	0.    	0.    	0.    	0.    ]
 [0.    	0.    	0.    	0.    	0.    ]]
2026-01-29 17:00:59,634 - INFO - Epoch 0 saved.
