2026-03-19 14:42:48,250 - INFO - Epoch 0, Train loss: 0.0
2026-03-19 14:42:48,251 - INFO - mIoU: 0.8706; OA: 0.9633; AA: 0.9325; F1: 0.9294; cls_weighted_F1: 0.9631; Kappa: 0.931;
2026-03-19 14:42:48,251 - INFO - spatial_LccAccuracy: 0.7965; spatial_PA: 0.8509; spatial_UA: 0.9841; spatial_F1: 0.9127; weighted_F1: 0.909
2026-03-19 14:42:48,251 - INFO - temporal_CdAccuracy: 0.7965; temporal_PA: 0.929; temporal_UA: 0.8853; temporal_F1: 0.9066
2026-03-19 14:42:48,251 - INFO - Confusion Matrix
 [15251.	  363.	    0.	    0.	   11.]
 [  625.	16921.	   57.	    0.	   11.]
 [    0.	    0.	  293.	    0.	    0.]
 [    0.	    0.	    0.	    0.	    0.]
 [   13.	  187.	    0.	    0.	  768.]
2026-03-19 14:42:48,252 - INFO - Change Type PA (Recall) Matrix
 [[0.    	0.9667	0.    	0.    	0.    ]
 [0.4545	0.    	1.    	0.    	0.8545]
 [0.    	1.    	0.    	0.    	0.    ]
 [0.    	0.    	0.    	0.    	0.    ]
 [0.    	0.    	0.    	0.    	0.    ]]
2026-03-19 14:42:48,253 - INFO - Change Type UA (Precision) Matrix
 [[0.    	0.8982	0.    	0.    	0.    ]
 [0.2632	0.    	0.875 	0.    	0.8704]
 [0.    	0.9545	0.    	0.    	0.    ]
 [0.    	0.    	0.    	0.    	0.    ]
 [0.    	0.    	0.    	0.    	0.    ]]
2026-03-19 14:42:48,253 - INFO - Change Type F1 Matrix
 [[0.    	0.9312	0.    	0.    	0.    ]
 [0.3333	0.    	0.9333	0.    	0.8624]
 [0.    	0.9767	0.    	0.    	0.    ]
 [0.    	0.    	0.    	0.    	0.    ]
 [0.    	0.    	0.    	0.    	0.    ]]
2026-03-19 14:42:48,253 - INFO - Epoch 0 saved.
