2026-03-19 14:42:48,785 - INFO - Epoch 0, Train loss: 0.0
2026-03-19 14:42:48,785 - INFO - mIoU: 0.9749; OA: 0.9899; AA: 0.99; F1: 0.987; cls_weighted_F1: 0.9899; Kappa: 0.9822;
2026-03-19 14:42:48,786 - INFO - spatial_LccAccuracy: 0.9321; spatial_PA: 0.978; spatial_UA: 0.9886; spatial_F1: 0.9833; weighted_F1: 0.9375
2026-03-19 14:42:48,786 - INFO - temporal_CdAccuracy: 0.9363; temporal_PA: 0.9841; temporal_UA: 0.9639; temporal_F1: 0.9739
2026-03-19 14:42:48,786 - INFO - Confusion Matrix
 [24615.	  196.	    2.	    0.	    0.]
 [  165.	12767.	   52.	    0.	    0.]
 [    8.	   16.	  918.	    0.	    0.]
 [    0.	    0.	    0.	    0.	    0.]
 [    0.	    0.	    0.	    0.	    0.]
2026-03-19 14:42:48,787 - INFO - Change Type PA (Recall) Matrix
 [[0.    	0.9716	0.9268	0.  	0.    ]
 [0.8767	0.    	0.9863	0.    	0.    ]
 [0.    	0.    	0.    	0.    	0.    ]
 [0.    	0.    	0.    	0.    	0.    ]
 [0.    	0.    	0.    	0.    	0.    ]]
2026-03-19 14:42:48,788 - INFO - Change Type UA (Precision) Matrix
 [[0.    	0.9349	0.9268	0.  	0.    ]
 [0.8649	0.    	0.878 	0.    	0.    ]
 [0.    	0.   	0.    	0.    	0.    ]
 [0.    	0.    	0.    	0.    	0.    ]
 [0.    	0.    	0.    	0.    	0.    ]]
2026-03-19 14:42:48,789 - INFO - Change Type F1 Matrix
 [[0.    	0.9529	0.9268	0.  	0.    ]
 [0.8707	0.    	0.929 	0.    	0.    ]
 [0.    	0.  	0.    	0.    	0.    ]
 [0.    	0.    	0.    	0.    	0.    ]
 [0.    	0.    	0.    	0.    	0.    ]]
2026-03-19 14:42:48,789 - INFO - Epoch 0 saved.
