2026-03-19 14:42:49,176 - INFO - Epoch 0, Train loss: 0.0
2026-03-19 14:42:49,177 - INFO - mIoU: 0.8404; OA: 0.9785; AA: 0.8723; F1: 0.9032; cls_weighted_F1: 0.9782; Kappa: 0.9561;
2026-03-19 14:42:49,177 - INFO - spatial_LccAccuracy: 0.7876; spatial_PA: 1.0; spatial_UA: 1.0; spatial_F1: 1.0; weighted_F1: 0.9388
2026-03-19 14:42:49,177 - INFO - temporal_CdAccuracy: 0.7876; temporal_PA: 0.9397; temporal_UA: 0.9445; temporal_F1: 0.9421
2026-03-19 14:42:49,178 - INFO - Confusion Matrix
 [14342.	  460.	    0.	    0.	    0.]
 [  180.	21366.	   33.	    0.	    0.]
 [    0.	  116.	  223.	    0.	    0.]
 [    0.	    0.	    0.	    0.	    0.]
 [    0.	    0.	    0.	    0.	    0.]
2026-03-19 14:42:49,178 - INFO - Change Type PA (Recall) Matrix
 [[0.    	0.9545	0.    	0.    	0.    ]
 [0.9123	0.    	0.8364	0.    	0.    ]
 [0.    	0.6875	0.    	0.    	0.    ]
 [0.    	0.    	0.    	0.    	0.    ]
 [0.    	0.    	0.    	0.    	0.    ]]
2026-03-19 14:42:49,180 - INFO - Change Type UA (Precision) Matrix
 [[0.    	0.9616	0.    	0.    	0.    ]
 [0.9224	0.    	0.902 	0.    	0.    ]
 [0.    	0.6875	0.    	0.    	0.    ]
 [0.    	0.    	0.    	0.    	0.    ]
 [0.    	0.    	0.    	0.    	0.    ]]
2026-03-19 14:42:49,180 - INFO - Change Type F1 Matrix
 [[0.    	0.9581	0.    	0.    	0.    ]
 [0.9174	0.    	0.8679	0.    	0.    ]
 [0.    	0.6875	0.    	0.    	0.    ]
 [0.    	0.    	0.    	0.    	0.    ]
 [0.    	0.    	0.    	0.    	0.    ]]
2026-03-19 14:42:49,181 - INFO - Epoch 0 saved.
