2026-03-19 14:42:49,428 - INFO - Epoch 0, Train loss: 0.0
2026-03-19 14:42:49,428 - INFO - mIoU: 0.9672; OA: 0.9951; AA: 0.9817; F1: 0.9832; cls_weighted_F1: 0.9951; Kappa: 0.9842;
2026-03-19 14:42:49,429 - INFO - spatial_LccAccuracy: 0.916; spatial_PA: 0.9886; spatial_UA: 0.9822; spatial_F1: 0.9854; weighted_F1: 0.9454
2026-03-19 14:42:49,429 - INFO - temporal_CdAccuracy: 0.9593; temporal_PA: 0.9867; temporal_UA: 0.9801; temporal_F1: 0.9834
2026-03-19 14:42:49,429 - INFO - Confusion Matrix
 [18109.	   13.	    0.	    2.	    0.]
 [   15.	 2714.	    0.	   33.	    0.]
 [    0.	    0.	    0.	    0.	    0.]
 [   14.	   32.	    0.	 1208.	    0.]
 [    0.	    0.	    0.	    0.	    0.]
2026-03-19 14:42:49,430 - INFO - Change Type PA (Recall) Matrix
 [[0.    	0.9115	0.    	0.9487	0.    ]
 [1.    	0.    	0.    	0.    	0.    ]
 [0.    	0.    	0.    	0.    	0.    ]
 [0.    	0.9911	0.    	0.    	0.    ]
 [0.    	0.    	0.    	0.    	0.    ]]
2026-03-19 14:42:49,431 - INFO - Change Type UA (Precision) Matrix
 [[0.    	0.9035	0.    	0.9536	0.    ]
 [0.7778	0.    	0.    	0.    	0.    ]
 [0.    	0.    	0.    	0.    	0.    ]
 [0.    	0.9652	0.    	0.    	0.    ]
 [0.    	0.    	0.    	0.    	0.    ]]
2026-03-19 14:42:49,432 - INFO - Change Type F1 Matrix
 [[0.    	0.9075	0.    	0.9512	0.    ]
 [0.875 	0.    	0.    	0.    	0.    ]
 [0.    	0.    	0.    	0.    	0.    ]
 [0.    	0.978 	0.    	0.    	0.    ]
 [0.    	0.    	0.    	0.    	0.    ]]
2026-03-19 14:42:49,432 - INFO - Epoch 0 saved.
