2026-03-19 14:42:49,603 - INFO - Epoch 0, Train loss: 0.0
2026-03-19 14:42:49,603 - INFO - mIoU: 0.9503; OA: 0.9722; AA: 0.9703; F1: 0.9745; cls_weighted_F1: 0.9722; Kappa: 0.9532;
2026-03-19 14:42:49,603 - INFO - spatial_LccAccuracy: 0.8217; spatial_PA: 0.9717; spatial_UA: 0.9917; spatial_F1: 0.9816; weighted_F1: 0.8879
2026-03-19 14:42:49,603 - INFO - temporal_CdAccuracy: 0.8217; temporal_PA: 0.955; temporal_UA: 0.9086; temporal_F1: 0.9312
2026-03-19 14:42:49,603 - INFO - Confusion Matrix
 [5951.	 212.	   0.	   2.	   0.]
 [ 102.	6014.	  23.	   0.	   0.]
 [   0.	  30.	1051.	   0.	   0.]
 [  10.	   5.	   0.	 400.	   0.]
 [   0.	   0.	   0.	   0.	   0.]
2026-03-19 14:42:49,604 - INFO - Change Type PA (Recall) Matrix
 [[0.    	0.9375	0.    	1.    	0.    ]
 [0.9677	0.    	0.7931	0.    	0.    ]
 [0.    	0.9756	0.    	0.    	0.    ]
 [0.    	0.    	0.    	0.    	0.    ]
 [0.    	0.    	0.    	0.    	0.    ]]
2026-03-19 14:42:49,604 - INFO - Change Type UA (Precision) Matrix
 [[0.    	0.8599	0.    	1.    	0.    ]
 [0.7407	0.    	0.7419	0.    	0.    ]
 [0.    	0.9302	0.    	0.    	0.    ]
 [0.    	0.    	0.    	0.    	0.    ]
 [0.    	0.    	0.    	0.    	0.    ]]
2026-03-19 14:42:49,604 - INFO - Change Type F1 Matrix
 [[0.    	0.897 	0.    	1.    	0.    ]
 [0.8392	0.    	0.7667	0.    	0.    ]
 [0.    	0.9524	0.    	0.    	0.    ]
 [0.    	0.    	0.    	0.    	0.    ]
 [0.    	0.    	0.    	0.    	0.    ]]
2026-03-19 14:42:49,604 - INFO - Epoch 0 saved.
