2026-02-22 20:07:00,342 - INFO - Epoch 0, Train loss: 0.0
2026-02-22 20:07:00,342 - INFO - mIoU: 0.6415; OA: 0.9435; AA: 0.6839; F1: 0.9204; cls_weighted_F1: 0.9406; Kappa: 0.8932;
2026-02-22 20:07:00,342 - INFO - spatial_LccAccuracy: 0.6725; spatial_PA: 0.7105; spatial_UA: 0.9697; spatial_F1: 0.8201; weighted_F1: 0.7729
2026-02-22 20:07:00,342 - INFO - temporal_CdAccuracy: 0.6725; temporal_PA: 0.8541; temporal_UA: 0.8195; temporal_F1: 0.8364
2026-02-22 20:07:00,342 - INFO - Confusion Matrix
 [15008.	  348.	    0.	    0.	   45.]
 [ 1027.	16346.	   50.	    0.	   44.]
 [    0.	  244.	    0.	    0.	    0.]
 [    0.	    0.	    0.	    0.	    0.]
 [   26.	  142.	    1.	    0.	  799.]
2026-02-22 20:07:00,342 - INFO - Change Type PA (Recall) Matrix
 [[0.    	0.9623	0.    	0.    	0.    ]
 [0.3636	0.    	0.    	0.    	0.8   ]
 [0.    	0.    	0.    	0.    	0.    ]
 [0.    	0.    	0.    	0.    	0.    ]
 [0.    	0.    	0.    	0.    	0.    ]]
2026-02-22 20:07:00,342 - INFO - Change Type UA (Precision) Matrix
 [[0.    	0.8539	0.    	0.    	0.    ]
 [0.1159	0.    	0.    	0.    	0.7719]
 [0.    	0.    	0.    	0.    	0.    ]
 [0.    	0.    	0.    	0.    	0.    ]
 [0.    	0.    	0.    	0.    	0.    ]]
2026-02-22 20:07:00,342 - INFO - Change Type F1 Matrix
 [[0.    	0.9049	0.    	0.    	0.    ]
 [0.1758	0.    	0.    	0.    	0.7857]
 [0.    	0.    	0.    	0.    	0.    ]
 [0.    	0.    	0.    	0.    	0.    ]
 [0.    	0.    	0.    	0.    	0.    ]]
2026-02-22 20:07:00,342 - INFO - Epoch 0 saved.
