<<<<<<< HEAD
2026-01-22 16:52:16,155 - INFO - Epoch 0, Train loss: 0.0
2026-01-22 16:52:16,155 - INFO - mIoU: 0.7645; OA: 0.9929; AA: 0.7772; F1: 0.781; Kappa: 0.9878;
2026-01-22 16:52:16,155 - INFO - spatial_LccAccuracy: 0.9417; spatial_PA: 1.0; spatial_UA: 1.0; spatial_F1: 1.0; weighted_F1: 0.9278
2026-01-22 16:52:16,156 - INFO - temporal_CdAccuracy: 0.9471; temporal_PA: 0.9815; temporal_UA: 0.9698; temporal_F1: 0.9756
2026-01-22 16:52:16,156 - INFO - Confusion Matrix
=======
2025-12-13 21:53:53,006 - INFO - Epoch 0, Train loss: 0.0
2025-12-13 21:53:53,007 - INFO - mIoU: 0.7645; OA: 0.9929; AA: 0.7772; F1: 0.781; Kappa: 0.9878;
2025-12-13 21:53:53,007 - INFO - spatial_LccAccuracy: 0.9471; spatial_PA: 1.0; spatial_UA: 1.0; spatial_F1: 1.0
2025-12-13 21:53:53,008 - INFO - temporal_CdAccuracy: 0.9471; temporal_PA: 0.9815; temporal_UA: 0.9698; temporal_F1: 0.9756
2025-12-13 21:53:53,008 - INFO - Confusion Matrix
>>>>>>> 93175a06c110e941919a0524e265707df6271051
 [23256.	  105.	    3.	    0.	    0.]
 [   93.	15421.	   39.	    0.	    0.]
 [    8.	   67.	  668.	    0.	    0.]
 [    0.	    0.	    0.	    0.	    0.]
 [    0.	    0.	    0.	    0.	 4560.]
<<<<<<< HEAD
2026-01-22 16:52:16,157 - INFO - Change Type PA (Recall) Matrix
=======
2025-12-13 21:53:53,009 - INFO - Change Type PA (Recall) Matrix
>>>>>>> 93175a06c110e941919a0524e265707df6271051
 [[0.    	0.96  	0.8182	0.    	0.    ]
 [0.9494	0.    	0.7632	0.    	0.    ]
 [0.    	0.    	0.    	0.    	0.    ]
 [0.    	0.    	0.    	0.    	0.    ]
 [0.    	0.    	0.    	0.    	0.    ]]
<<<<<<< HEAD
2026-01-22 16:52:16,158 - INFO - Change Type UA (Precision) Matrix
=======
2025-12-13 21:53:53,010 - INFO - Change Type UA (Precision) Matrix
>>>>>>> 93175a06c110e941919a0524e265707df6271051
 [[0.    	0.954 	0.766 	0.    	0.    ]
 [0.8427	0.    	0.8286	0.    	0.    ]
 [0.    	0.    	0.    	0.    	0.    ]
 [0.    	0.    	0.    	0.    	0.    ]
 [0.    	0.    	0.    	0.    	0.    ]]
<<<<<<< HEAD
2026-01-22 16:52:16,158 - INFO - Change Type F1 Matrix
=======
2025-12-13 21:53:53,011 - INFO - Change Type F1 Matrix
>>>>>>> 93175a06c110e941919a0524e265707df6271051
 [[0.    	0.957 	0.7912	0.    	0.    ]
 [0.8929	0.    	0.7945	0.    	0.    ]
 [0.    	0.    	0.    	0.    	0.    ]
 [0.    	0.    	0.    	0.    	0.    ]
 [0.    	0.    	0.    	0.    	0.    ]]
<<<<<<< HEAD
2026-01-22 16:52:16,159 - INFO - Epoch 0 saved.
=======
2025-12-13 21:53:53,011 - INFO - Epoch 0 saved.
>>>>>>> 93175a06c110e941919a0524e265707df6271051
