2026-01-29 17:03:48,432 - INFO - Epoch 0, Train loss: 0.0
2026-01-29 17:03:48,433 - INFO - mIoU: 0.9741; OA: 0.9964; AA: 0.9813; F1: 0.9868; Kappa: 0.9885;
2026-01-29 17:03:48,433 - INFO - spatial_LccAccuracy: 0.9432; spatial_PA: 0.9983; spatial_UA: 0.9929; spatial_F1: 0.9956; weighted_F1: 0.9562
2026-01-29 17:03:48,433 - INFO - temporal_CdAccuracy: 0.9811; temporal_PA: 0.9948; temporal_UA: 0.9924; temporal_F1: 0.9936
2026-01-29 17:03:48,433 - INFO - Confusion Matrix
 [18117.	   12.	    0.	    0.	    0.]
 [   13.	 2984.	    0.	    0.	    0.]
 [    0.	    0.	    0.	    0.	    0.]
 [    4.	   51.	    0.	 1019.	    0.]
 [    0.	    0.	    0.	    0.	    0.]
2026-01-29 17:03:48,435 - INFO - Change Type PA (Recall) Matrix
 [[0.    	1.    	0.    	0.8941	0.    ]
 [1.    	0.    	0.    	0.    	0.    ]
 [0.    	0.    	0.    	0.    	0.    ]
 [0.    	1.    	0.    	0.    	0.    ]
 [0.    	0.    	0.    	0.    	0.    ]]
2026-01-29 17:03:48,436 - INFO - Change Type UA (Precision) Matrix
 [[0.    	0.8851	0.    	1.    	0.    ]
 [1.    	0.    	0.    	0.    	0.    ]
 [0.    	0.    	0.    	0.    	0.    ]
 [0.    	1.    	0.    	0.    	0.    ]
 [0.    	0.    	0.    	0.    	0.    ]]
2026-01-29 17:03:48,436 - INFO - Change Type F1 Matrix
 [[0.    	0.9391	0.    	0.9441	0.    ]
 [1.    	0.    	0.    	0.    	0.    ]
 [0.    	0.    	0.    	0.    	0.    ]
 [0.    	1.    	0.    	0.    	0.    ]
 [0.    	0.    	0.    	0.    	0.    ]]
2026-01-29 17:03:48,437 - INFO - Epoch 0 saved.
