2026-01-29 17:03:48,564 - INFO - Epoch 0, Train loss: 0.0
2026-01-29 17:03:48,565 - INFO - mIoU: 0.76; OA: 0.9728; AA: 0.9785; F1: 0.9742; Kappa: 0.9502;
2026-01-29 17:03:48,565 - INFO - spatial_LccAccuracy: 0.8259; spatial_PA: 1.0; spatial_UA: 1.0; spatial_F1: 1.0; weighted_F1: 0.9047
2026-01-29 17:03:48,565 - INFO - temporal_CdAccuracy: 0.8259; temporal_PA: 0.9403; temporal_UA: 0.9008; temporal_F1: 0.9202
2026-01-29 17:03:48,566 - INFO - Confusion Matrix
 [6986.	 183.	   2.	   0.	   0.]
 [ 122.	5369.	  35.	   1.	   3.]
 [   0.	  19.	 589.	   0.	   0.]
 [   0.	   0.	   0.	 131.	   0.]
 [   0.	   0.	   0.	   0.	   0.]
2026-01-29 17:03:48,566 - INFO - Change Type PA (Recall) Matrix
 [[0.    	0.9556	0.5   	1.    	0.    ]
 [0.9783	0.    	0.8684	0.    	0.    ]
 [0.    	0.9474	0.    	0.    	0.    ]
 [0.    	0.    	0.    	0.    	0.    ]
 [0.    	0.    	0.    	0.    	0.    ]]
2026-01-29 17:03:48,567 - INFO - Change Type UA (Precision) Matrix
 [[0.    	0.9101	1.    	0.9231	0.    ]
 [0.7377	0.    	0.7857	0.    	0.    ]
 [0.    	0.9474	0.    	0.    	0.    ]
 [0.    	0.    	0.    	0.    	0.    ]
 [0.    	0.    	0.    	0.    	0.    ]]
2026-01-29 17:03:48,568 - INFO - Change Type F1 Matrix
 [[0.    	0.9322	0.6667	0.96  	0.    ]
 [0.8411	0.    	0.825 	0.    	0.    ]
 [0.    	0.9474	0.    	0.    	0.    ]
 [0.    	0.    	0.    	0.    	0.    ]
 [0.    	0.    	0.    	0.    	0.    ]]
2026-01-29 17:03:48,568 - INFO - Epoch 0 saved.
