2026-01-29 22:27:47,380 - INFO - Epoch 0, Train loss: 0.0
2026-01-29 22:27:47,380 - INFO - mIoU: 0.4825; OA: 0.9392; AA: 0.8561; F1: 0.8856; Kappa: 0.8838;
2026-01-29 22:27:47,380 - INFO - spatial_LccAccuracy: 0.666; spatial_PA: 0.7084; spatial_UA: 0.929; spatial_F1: 0.8039; weighted_F1: 0.8237
2026-01-29 22:27:47,380 - INFO - temporal_CdAccuracy: 0.666; temporal_PA: 0.8715; temporal_UA: 0.7845; temporal_F1: 0.8257
2026-01-29 22:27:47,380 - INFO - Confusion Matrix
 [13597.	  625.	    0.	    0.	   59.]
 [  894.	15787.	   32.	    1.	   17.]
 [    0.	    0.	    0.	    0.	    0.]
 [    0.	    0.	    0.	    0.	    0.]
 [   60.	  257.	    0.	    0.	  651.]
2026-01-29 22:27:47,380 - INFO - Change Type PA (Recall) Matrix
 [[0.    	0.936 	0.    	0.    	0.    ]
 [0.3636	0.    	0.    	0.    	0.7091]
 [0.    	0.    	0.    	0.    	0.    ]
 [0.    	0.    	0.    	0.    	0.    ]
 [0.    	0.    	0.    	0.    	0.    ]]
2026-01-29 22:27:47,380 - INFO - Change Type UA (Precision) Matrix
 [[0.    	0.8026	0.    	0.    	0.    ]
 [0.0899	0.    	0.    	0.    	0.7959]
 [0.    	0.    	0.    	0.    	0.    ]
 [0.    	0.    	0.    	0.    	0.    ]
 [0.    	0.    	0.    	0.    	0.    ]]
2026-01-29 22:27:47,380 - INFO - Change Type F1 Matrix
 [[0.    	0.8642	0.    	0.    	0.    ]
 [0.1441	0.    	0.    	0.    	0.75  ]
 [0.    	0.    	0.    	0.    	0.    ]
 [0.    	0.    	0.    	0.    	0.    ]
 [0.    	0.    	0.    	0.    	0.    ]]
2026-01-29 22:27:47,380 - INFO - Epoch 0 saved.
