2026-01-29 22:27:47,416 - INFO - Epoch 0, Train loss: 0.0
2026-01-29 22:27:47,418 - INFO - mIoU: 0.4999; OA: 0.9999; AA: 0.9999; F1: 0.9999; Kappa: 0.0;
2026-01-29 22:27:47,418 - INFO - spatial_LccAccuracy: 1.0; spatial_PA: 0.75; spatial_UA: 0.75; spatial_F1: 0.75; weighted_F1: 0.0
2026-01-29 22:27:47,418 - INFO - temporal_CdAccuracy: 1.0; temporal_PA: 0.75; temporal_UA: 0.75; temporal_F1: 0.75
2026-01-29 22:27:47,418 - INFO - Confusion Matrix
 [   0.	   0.	   0.	   0.	   0.]
 [   0.	   0.	   0.	   0.	   0.]
 [   0.	   0.	   0.	   0.	   0.]
 [   0.	   0.	   0.	   0.	   0.]
 [   1.	   0.	   0.	   0.	6779.]
2026-01-29 22:27:47,418 - INFO - Change Type PA (Recall) Matrix
 [[0.	0.	0.	0.	0.]
 [0.	0.	0.	0.	0.]
 [0.	0.	0.	0.	0.]
 [0.	0.	0.	0.	0.]
 [0.	0.	0.	0.	0.]]
2026-01-29 22:27:47,418 - INFO - Change Type UA (Precision) Matrix
 [[0.	0.	0.	0.	0.]
 [0.	0.	0.	0.	0.]
 [0.	0.	0.	0.	0.]
 [0.	0.	0.	0.	0.]
 [0.	0.	0.	0.	0.]]
2026-01-29 22:27:47,418 - INFO - Change Type F1 Matrix
 [[0.	0.	0.	0.	0.]
 [0.	0.	0.	0.	0.]
 [0.	0.	0.	0.	0.]
 [0.	0.	0.	0.	0.]
 [0.	0.	0.	0.	0.]]
2026-01-29 22:27:47,418 - INFO - Epoch 0 saved.
