2026-01-29 22:27:47,598 - INFO - Epoch 0, Train loss: 0.0
2026-01-29 22:27:47,598 - INFO - mIoU: 0.75; OA: 0.99; AA: 0.9636; F1: 0.9656; Kappa: 0.9829;
2026-01-29 22:27:47,599 - INFO - spatial_LccAccuracy: 0.9104; spatial_PA: 1.0; spatial_UA: 1.0; spatial_F1: 1.0; weighted_F1: 0.9172
2026-01-29 22:27:47,599 - INFO - temporal_CdAccuracy: 0.9199; temporal_PA: 0.9607; temporal_UA: 0.9482; temporal_F1: 0.9544
2026-01-29 22:27:47,599 - INFO - Confusion Matrix
 [23211.	  150.	    3.	    0.	    0.]
 [  120.	15356.	   76.	    1.	    0.]
 [    5.	   88.	  649.	    1.	    0.]
 [    0.	    0.	    0.	    0.	    0.]
 [    0.	    0.	    0.	    0.	 4560.]
2026-01-29 22:27:47,599 - INFO - Change Type PA (Recall) Matrix
 [[0.    	0.9621	0.7045	0.    	0.    ]
 [0.8608	0.    	0.8684	0.    	0.    ]
 [0.    	0.    	0.    	0.    	0.    ]
 [0.    	0.    	0.    	0.    	0.    ]
 [0.    	0.    	0.    	0.    	0.    ]]
2026-01-29 22:27:47,599 - INFO - Change Type UA (Precision) Matrix
 [[0.    	0.9442	0.7949	0.    	0.    ]
 [0.85  	0.    	0.7333	0.    	0.    ]
 [0.    	0.    	0.    	0.    	0.    ]
 [0.    	0.    	0.    	0.    	0.    ]
 [0.    	0.    	0.    	0.    	0.    ]]
2026-01-29 22:27:47,599 - INFO - Change Type F1 Matrix
 [[0.    	0.9531	0.747 	0.    	0.    ]
 [0.8553	0.    	0.7952	0.    	0.    ]
 [0.    	0.    	0.    	0.    	0.    ]
 [0.    	0.    	0.    	0.    	0.    ]
 [0.    	0.    	0.    	0.    	0.    ]]
2026-01-29 22:27:47,599 - INFO - Epoch 0 saved.
