2026-01-29 22:27:47,728 - INFO - Epoch 0, Train loss: 0.0
2026-01-29 22:27:47,729 - INFO - mIoU: 0.693; OA: 0.9738; AA: 0.7117; F1: 0.751; Kappa: 0.9439;
2026-01-29 22:27:47,729 - INFO - spatial_LccAccuracy: 0.7523; spatial_PA: 0.9979; spatial_UA: 0.9841; spatial_F1: 0.991; weighted_F1: 0.9245
2026-01-29 22:27:47,729 - INFO - temporal_CdAccuracy: 0.7541; temporal_PA: 0.9248; temporal_UA: 0.9312; temporal_F1: 0.928
2026-01-29 22:27:47,729 - INFO - Confusion Matrix
 [11530.	  568.	    0.	    0.	    0.]
 [  174.	20289.	    8.	    0.	    0.]
 [    0.	  106.	   25.	    0.	    0.]
 [    0.	    0.	    0.	    0.	    0.]
 [    0.	    0.	    0.	    0.	    0.]
2026-01-29 22:27:47,729 - INFO - Change Type PA (Recall) Matrix
 [[0.    	0.9394	0.    	0.    	0.    ]
 [0.8789	0.    	0.6   	0.    	0.    ]
 [0.    	0.    	0.    	0.    	0.    ]
 [0.    	0.    	0.    	0.    	0.    ]
 [0.    	0.    	0.    	0.    	0.    ]]
2026-01-29 22:27:47,729 - INFO - Change Type UA (Precision) Matrix
 [[0.    	0.9515	0.    	0.    	0.    ]
 [0.9071	0.    	0.5   	0.    	0.    ]
 [0.    	0.    	0.    	0.    	0.    ]
 [0.    	0.    	0.    	0.    	0.    ]
 [0.    	0.    	0.    	0.    	0.    ]]
2026-01-29 22:27:47,729 - INFO - Change Type F1 Matrix
 [[0.    	0.9454	0.    	0.    	0.    ]
 [0.8927	0.    	0.5455	0.    	0.    ]
 [0.    	0.    	0.    	0.    	0.    ]
 [0.    	0.    	0.    	0.    	0.    ]
 [0.    	0.    	0.    	0.    	0.    ]]
2026-01-29 22:27:47,729 - INFO - Epoch 0 saved.
