2026-01-29 22:27:47,887 - INFO - Epoch 0, Train loss: 0.0
2026-01-29 22:27:47,887 - INFO - mIoU: 0.9145; OA: 0.9681; AA: 0.9413; F1: 0.9551; Kappa: 0.9412;
2026-01-29 22:27:47,887 - INFO - spatial_LccAccuracy: 0.7054; spatial_PA: 0.9973; spatial_UA: 0.9868; spatial_F1: 0.9921; weighted_F1: 0.8741
2026-01-29 22:27:47,887 - INFO - temporal_CdAccuracy: 0.7054; temporal_PA: 0.9007; temporal_UA: 0.8648; temporal_F1: 0.8824
2026-01-29 22:27:47,887 - INFO - Confusion Matrix
 [7033.	 137.	   0.	   1.	   0.]
 [ 205.	5297.	  28.	   0.	   0.]
 [   2.	  43.	 563.	   0.	   0.]
 [   1.	  12.	   0.	 118.	   0.]
 [   0.	   0.	   0.	   0.	   0.]
2026-01-29 22:27:47,887 - INFO - Change Type PA (Recall) Matrix
 [[0.    	0.9444	0.    	1.    	0.    ]
 [0.8696	0.    	0.7632	0.    	0.    ]
 [0.    	0.8947	0.    	0.    	0.    ]
 [0.    	0.    	0.    	0.    	0.    ]
 [0.    	0.    	0.    	0.    	0.    ]]
2026-01-29 22:27:47,887 - INFO - Change Type UA (Precision) Matrix
 [[0.    	0.9091	0.    	1.    	0.    ]
 [0.7143	0.    	0.7838	0.    	0.    ]
 [0.    	0.7391	0.    	0.    	0.    ]
 [0.    	0.    	0.    	0.    	0.    ]
 [0.    	0.    	0.    	0.    	0.    ]]
2026-01-29 22:27:47,887 - INFO - Change Type F1 Matrix
 [[0.    	0.9264	0.    	1.    	0.    ]
 [0.7843	0.    	0.7733	0.    	0.    ]
 [0.    	0.8095	0.    	0.    	0.    ]
 [0.    	0.    	0.    	0.    	0.    ]
 [0.    	0.    	0.    	0.    	0.    ]]
2026-01-29 22:27:47,889 - INFO - Epoch 0 saved.
