2026-03-19 14:43:57,568 - INFO - Epoch 0, Train loss: 0.0
2026-03-19 14:43:57,568 - INFO - mIoU: 0.9194; OA: 0.9744; AA: 0.9579; F1: 0.9573; cls_weighted_F1: 0.9744; Kappa: 0.9559;
2026-03-19 14:43:57,568 - INFO - spatial_LccAccuracy: 0.7974; spatial_PA: 0.9559; spatial_UA: 0.9859; spatial_F1: 0.9707; weighted_F1: 0.8793
2026-03-19 14:43:57,568 - INFO - temporal_CdAccuracy: 0.8112; temporal_PA: 0.938; temporal_UA: 0.9085; temporal_F1: 0.923
2026-03-19 14:43:57,568 - INFO - Confusion Matrix
 [84035.	 1146.	    2.	   47.	   57.]
 [ 1945.	60617.	  209.	   99.	   35.]
 [    8.	  402.	 3235.	    0.	    0.]
 [   22.	   19.	    0.	 1473.	    1.]
 [   23.	  190.	    0.	    3.	11072.]
2026-03-19 14:43:57,569 - INFO - Change Type PA (Recall) Matrix
 [[0.    	0.9341	0.938 	0.9189	0.    ]
 [0.8817	0.    	0.692 	0.    	0.8   ]
 [0.    	0.949 	0.    	0.    	0.    ]
 [0.    	0.9798	0.    	0.    	0.    ]
 [0.    	0.    	0.    	0.    	0.    ]]
2026-03-19 14:43:57,569 - INFO - Change Type UA (Precision) Matrix
 [[0.    	0.8925	0.9237	0.7881	0.    ]
 [0.7311	0.    	0.8454	0.    	0.8148]
 [0.    	0.8455	0.    	0.    	0.    ]
 [0.    	0.9604	0.    	0.    	0.    ]
 [0.    	0.    	0.    	0.    	0.    ]]
2026-03-19 14:43:57,569 - INFO - Change Type F1 Matrix
 [[0.    	0.9128	0.9308	0.8485	0.    ]
 [0.7994	0.    	0.761 	0.    	0.8073]
 [0.    	0.8942	0.    	0.    	0.    ]
 [0.    	0.97  	0.    	0.    	0.    ]
 [0.    	0.    	0.    	0.    	0.    ]]
2026-03-19 14:43:57,569 - INFO - Epoch 0 saved.
