2026-03-19 14:43:55,425 - INFO - Epoch 0, Train loss: 0.0
2026-03-19 14:43:55,426 - INFO - mIoU: 0.9198; OA: 0.973; AA: 0.957; F1: 0.9575; cls_weighted_F1: 0.973; Kappa: 0.9534;
2026-03-19 14:43:55,426 - INFO - spatial_LccAccuracy: 0.7693; spatial_PA: 0.9502; spatial_UA: 0.9698; spatial_F1: 0.9599; weighted_F1: 0.8848
2026-03-19 14:43:55,426 - INFO - temporal_CdAccuracy: 0.7722; temporal_PA: 0.9192; temporal_UA: 0.9012; temporal_F1: 0.9101
2026-03-19 14:43:55,426 - INFO - Confusion Matrix
 [83850.	 1329.	    1.	   49.	   58.]
 [ 1921.	60604.	  289.	   40.	   51.]
 [   13.	  371.	 3260.	    1.	    0.]
 [   19.	   16.	    5.	 1467.	    8.]
 [   18.	  251.	    0.	    6.	11013.]
2026-03-19 14:43:55,427 - INFO - Change Type PA (Recall) Matrix
 [[0.    	0.9341	0.938 	0.9382	0.    ]
 [0.8244	0.    	0.7342	0.    	0.8   ]
 [0.    	0.898 	0.    	0.    	0.    ]
 [0.    	0.9293	0.    	0.    	0.    ]
 [0.    	0.    	0.    	0.    	0.    ]]
2026-03-19 14:43:55,428 - INFO - Change Type UA (Precision) Matrix
 [[0.    	0.9015	0.9603	0.8901	0.    ]
 [0.7553	0.    	0.8131	0.    	0.6984]
 [0.    	0.9167	0.    	0.    	0.    ]
 [0.    	0.9293	0.    	0.    	0.    ]
 [0.    	0.    	0.    	0.    	0.    ]]
2026-03-19 14:43:55,430 - INFO - Change Type F1 Matrix
 [[0.    	0.9175	0.949 	0.9135	0.    ]
 [0.7883	0.    	0.7716	0.    	0.7458]
 [0.    	0.9072	0.    	0.    	0.    ]
 [0.    	0.9293	0.    	0.    	0.    ]
 [0.    	0.    	0.    	0.    	0.    ]]
2026-03-19 14:43:55,430 - INFO - Epoch 0 saved.
