2026-03-19 14:44:10,238 - INFO - Epoch 0, Train loss: 0.0
2026-03-19 14:44:10,238 - INFO - mIoU: 0.9091; OA: 0.9753; AA: 0.9617; F1: 0.9513; cls_weighted_F1: 0.9753; Kappa: 0.9575;
2026-03-19 14:44:10,239 - INFO - spatial_LccAccuracy: 0.7799; spatial_PA: 0.9622; spatial_UA: 0.9884; spatial_F1: 0.9751; weighted_F1: 0.8794
2026-03-19 14:44:10,239 - INFO - temporal_CdAccuracy: 0.7926; temporal_PA: 0.9283; temporal_UA: 0.9128; temporal_F1: 0.9205
2026-03-19 14:44:10,240 - INFO - Confusion Matrix
 [83817.	 1312.	   11.	   68.	   79.]
 [ 1569.	60960.	  233.	  128.	   15.]
 [    7.	  389.	 3245.	    0.	    4.]
 [    4.	    7.	    0.	 1495.	    9.]
 [   17.	  109.	   42.	   62.	11058.]
2026-03-19 14:44:10,241 - INFO - Change Type PA (Recall) Matrix
 [[0.    	0.9167	0.9225	0.9575	0.    ]
 [0.8566	0.    	0.7215	0.    	0.4   ]
 [0.    	0.9184	0.    	0.    	0.    ]
 [0.    	0.9697	0.    	0.    	0.    ]
 [0.    	0.    	0.    	0.    	0.    ]]
2026-03-19 14:44:10,241 - INFO - Change Type UA (Precision) Matrix
 [[0.    	0.9122	0.9084	0.8212	0.    ]
 [0.7747	0.    	0.7703	0.    	0.7586]
 [0.    	0.9091	0.    	0.    	0.    ]
 [0.    	0.9505	0.    	0.    	0.    ]
 [0.    	0.    	0.    	0.    	0.    ]]
2026-03-19 14:44:10,242 - INFO - Change Type F1 Matrix
 [[0.    	0.9145	0.9154	0.8841	0.    ]
 [0.8136	0.    	0.7451	0.    	0.5238]
 [0.    	0.9137	0.    	0.    	0.    ]
 [0.    	0.96  	0.    	0.    	0.    ]
 [0.    	0.    	0.    	0.    	0.    ]]
2026-03-19 14:44:10,243 - INFO - Epoch 0 saved.
