2026-03-19 14:44:07,640 - INFO - Epoch 0, Train loss: 0.0
2026-03-19 14:44:07,640 - INFO - mIoU: 0.9345; OA: 0.9755; AA: 0.9616; F1: 0.9656; cls_weighted_F1: 0.9755; Kappa: 0.9577;
2026-03-19 14:44:07,640 - INFO - spatial_LccAccuracy: 0.8043; spatial_PA: 0.9572; spatial_UA: 0.988; spatial_F1: 0.9724; weighted_F1: 0.8865
2026-03-19 14:44:07,640 - INFO - temporal_CdAccuracy: 0.8094; temporal_PA: 0.9412; temporal_UA: 0.9113; temporal_F1: 0.926
2026-03-19 14:44:07,640 - INFO - Confusion Matrix
 [83955.	 1232.	    3.	   37.	   60.]
 [ 1843.	60810.	  199.	   12.	   41.]
 [    5.	  375.	 3265.	    0.	    0.]
 [   15.	   18.	    0.	 1482.	    0.]
 [    9.	  179.	    2.	    1.	11097.]
2026-03-19 14:44:07,640 - INFO - Change Type PA (Recall) Matrix
 [[0.    	0.95  	0.9302	0.9305	0.    ]
 [0.871 	0.    	0.7089	0.    	0.7818]
 [0.    	0.9694	0.    	0.    	0.    ]
 [0.    	0.9697	0.    	0.    	0.    ]
 [0.    	0.    	0.    	0.    	0.    ]]
2026-03-19 14:44:07,641 - INFO - Change Type UA (Precision) Matrix
 [[0.    	0.8871	0.916 	0.9026	0.    ]
 [0.7397	0.    	0.8485	0.    	0.7414]
 [0.    	0.7917	0.    	0.    	0.    ]
 [0.    	0.9796	0.    	0.    	0.    ]
 [0.    	0.    	0.    	0.    	0.    ]]
2026-03-19 14:44:07,641 - INFO - Change Type F1 Matrix
 [[0.    	0.9174	0.9231	0.9163	0.    ]
 [0.8   	0.    	0.7724	0.    	0.7611]
 [0.    	0.8716	0.    	0.    	0.    ]
 [0.    	0.9746	0.    	0.    	0.    ]
 [0.    	0.    	0.    	0.    	0.    ]]
2026-03-19 14:44:07,641 - INFO - Epoch 0 saved.
