2026-03-19 14:43:47,318 - INFO - Epoch 0, Train loss: 0.0
2026-03-19 14:43:47,318 - INFO - mIoU: 0.9173; OA: 0.9741; AA: 0.9612; F1: 0.956; cls_weighted_F1: 0.9741; Kappa: 0.9553;
2026-03-19 14:43:47,319 - INFO - spatial_LccAccuracy: 0.7864; spatial_PA: 0.9648; spatial_UA: 0.9891; spatial_F1: 0.9768; weighted_F1: 0.8903
2026-03-19 14:43:47,319 - INFO - temporal_CdAccuracy: 0.7956; temporal_PA: 0.9295; temporal_UA: 0.9091; temporal_F1: 0.9192
2026-03-19 14:43:47,319 - INFO - Confusion Matrix
 [83846.	 1319.	   15.	   39.	   68.]
 [ 1820.	60634.	  317.	   72.	   62.]
 [    6.	  366.	 3273.	    0.	    0.]
 [   14.	   18.	    0.	 1475.	    8.]
 [    7.	  100.	    4.	   32.	11145.]
2026-03-19 14:43:47,319 - INFO - Change Type PA (Recall) Matrix
 [[0.    	0.9361	0.9147	0.9537	0.    ]
 [0.8638	0.    	0.7131	0.    	0.8   ]
 [0.    	0.898 	0.    	0.    	0.    ]
 [0.    	0.9697	0.    	0.    	0.    ]
 [0.    	0.    	0.    	0.    	0.    ]]
2026-03-19 14:43:47,320 - INFO - Change Type UA (Precision) Matrix
 [[0.    	0.9082	0.9291	0.879 	0.    ]
 [0.7915	0.    	0.786 	0.    	0.8   ]
 [0.    	0.7458	0.    	0.    	0.    ]
 [0.    	0.9697	0.    	0.    	0.    ]
 [0.    	0.    	0.    	0.    	0.    ]]
2026-03-19 14:43:47,320 - INFO - Change Type F1 Matrix
 [[0.    	0.9219	0.9219	0.9148	0.    ]
 [0.826 	0.    	0.7478	0.    	0.8   ]
 [0.    	0.8148	0.    	0.    	0.    ]
 [0.    	0.9697	0.    	0.    	0.    ]
 [0.    	0.    	0.    	0.    	0.    ]]
2026-03-19 14:43:47,320 - INFO - Epoch 0 saved.
