2026-03-19 14:44:02,432 - INFO - Epoch 0, Train loss: 0.0
2026-03-19 14:44:02,433 - INFO - mIoU: 0.9277; OA: 0.9748; AA: 0.9574; F1: 0.9617; cls_weighted_F1: 0.9748; Kappa: 0.9565;
2026-03-19 14:44:02,433 - INFO - spatial_LccAccuracy: 0.7883; spatial_PA: 0.9518; spatial_UA: 0.9857; spatial_F1: 0.9685; weighted_F1: 0.8791
2026-03-19 14:44:02,433 - INFO - temporal_CdAccuracy: 0.7915; temporal_PA: 0.9308; temporal_UA: 0.9102; temporal_F1: 0.9204
2026-03-19 14:44:02,434 - INFO - Confusion Matrix
 [83926.	 1233.	    6.	   47.	   75.]
 [ 1856.	60800.	  201.	   17.	   31.]
 [    9.	  449.	 3187.	    0.	    0.]
 [    7.	   14.	   11.	 1483.	    0.]
 [   14.	  169.	    6.	    0.	11099.]
2026-03-19 14:44:02,435 - INFO - Change Type PA (Recall) Matrix
 [[0.    	0.941 	0.907 	0.9266	0.    ]
 [0.8315	0.    	0.7173	0.    	0.6545]
 [0.    	0.9184	0.    	0.    	0.    ]
 [0.    	0.8889	0.    	0.    	0.    ]
 [0.    	0.    	0.    	0.    	0.    ]]
2026-03-19 14:44:02,436 - INFO - Change Type UA (Precision) Matrix
 [[0.    	0.8924	0.9512	0.8727	0.    ]
 [0.7557	0.    	0.8019	0.    	0.6316]
 [0.    	0.9091	0.    	0.    	0.    ]
 [0.    	0.8889	0.    	0.    	0.    ]
 [0.    	0.    	0.    	0.    	0.    ]]
2026-03-19 14:44:02,437 - INFO - Change Type F1 Matrix
 [[0.    	0.9161	0.9286	0.8989	0.    ]
 [0.7918	0.    	0.7572	0.    	0.6429]
 [0.    	0.9137	0.    	0.    	0.    ]
 [0.    	0.8889	0.    	0.    	0.    ]
 [0.    	0.    	0.    	0.    	0.    ]]
2026-03-19 14:44:02,437 - INFO - Epoch 0 saved.
