2026-03-19 14:43:59,817 - INFO - Epoch 0, Train loss: 0.0
2026-03-19 14:43:59,818 - INFO - mIoU: 0.9168; OA: 0.9727; AA: 0.9502; F1: 0.9558; cls_weighted_F1: 0.9727; Kappa: 0.9529;
2026-03-19 14:43:59,818 - INFO - spatial_LccAccuracy: 0.7682; spatial_PA: 0.9546; spatial_UA: 0.9838; spatial_F1: 0.969; weighted_F1: 0.8856
2026-03-19 14:43:59,818 - INFO - temporal_CdAccuracy: 0.7708; temporal_PA: 0.9158; temporal_UA: 0.9026; temporal_F1: 0.9091
2026-03-19 14:43:59,818 - INFO - Confusion Matrix
 [83611.	 1531.	    5.	   52.	   88.]
 [ 1783.	60840.	  206.	   35.	   41.]
 [    3.	  475.	 3165.	    2.	    0.]
 [    9.	   52.	    0.	 1444.	   10.]
 [   34.	  165.	    0.	    2.	11087.]
2026-03-19 14:43:59,819 - INFO - Change Type PA (Recall) Matrix
 [[0.    	0.9351	0.907 	0.9151	0.    ]
 [0.8495	0.    	0.6835	0.    	0.7818]
 [0.    	0.8163	0.    	0.    	0.    ]
 [0.    	0.9697	0.    	0.    	0.    ]
 [0.    	0.    	0.    	0.    	0.    ]]
2026-03-19 14:43:59,820 - INFO - Change Type UA (Precision) Matrix
 [[0.    	0.9076	0.9512	0.8745	0.    ]
 [0.7874	0.    	0.8482	0.    	0.7288]
 [0.    	0.7843	0.    	0.    	0.    ]
 [0.    	0.8972	0.    	0.    	0.    ]
 [0.    	0.    	0.    	0.    	0.    ]]
2026-03-19 14:43:59,821 - INFO - Change Type F1 Matrix
 [[0.    	0.9212	0.9286	0.8943	0.    ]
 [0.8172	0.    	0.757 	0.    	0.7544]
 [0.    	0.8   	0.    	0.    	0.    ]
 [0.    	0.932 	0.    	0.    	0.    ]
 [0.    	0.    	0.    	0.    	0.    ]]
2026-03-19 14:43:59,822 - INFO - Epoch 0 saved.
