2026-03-19 14:43:52,670 - INFO - Epoch 0, Train loss: 0.0
2026-03-19 14:43:52,671 - INFO - mIoU: 0.9177; OA: 0.9724; AA: 0.9529; F1: 0.9561; cls_weighted_F1: 0.9724; Kappa: 0.9525;
2026-03-19 14:43:52,671 - INFO - spatial_LccAccuracy: 0.7686; spatial_PA: 0.9529; spatial_UA: 0.9869; spatial_F1: 0.9696; weighted_F1: 0.865
2026-03-19 14:43:52,671 - INFO - temporal_CdAccuracy: 0.773; temporal_PA: 0.9195; temporal_UA: 0.8963; temporal_F1: 0.9077
2026-03-19 14:43:52,672 - INFO - Confusion Matrix
 [83479.	 1679.	    0.	   43.	   86.]
 [ 1580.	60970.	  287.	   36.	   32.]
 [    2.	  481.	 3162.	    0.	    0.]
 [   10.	   31.	    0.	 1474.	    0.]
 [    8.	  262.	    0.	    0.	11018.]
2026-03-19 14:43:52,672 - INFO - Change Type PA (Recall) Matrix
 [[0.    	0.9277	0.8605	0.9344	0.    ]
 [0.828 	0.    	0.7004	0.    	0.5636]
 [0.    	0.8265	0.    	0.    	0.    ]
 [0.    	0.9697	0.    	0.    	0.    ]
 [0.    	0.    	0.    	0.    	0.    ]]
2026-03-19 14:43:52,673 - INFO - Change Type UA (Precision) Matrix
 [[0.    	0.8826	0.9823	0.8674	0.    ]
 [0.7299	0.    	0.7721	0.    	0.5345]
 [0.    	0.75  	0.    	0.    	0.    ]
 [0.    	0.9697	0.    	0.    	0.    ]
 [0.    	0.    	0.    	0.    	0.    ]]
2026-03-19 14:43:52,674 - INFO - Change Type F1 Matrix
 [[0.    	0.9046	0.9174	0.8996	0.    ]
 [0.7758	0.    	0.7345	0.    	0.5487]
 [0.    	0.7864	0.    	0.    	0.    ]
 [0.    	0.9697	0.    	0.    	0.    ]
 [0.    	0.    	0.    	0.    	0.    ]]
2026-03-19 14:43:52,675 - INFO - Epoch 0 saved.
