2026-03-19 14:43:49,901 - INFO - Epoch 0, Train loss: 0.0
2026-03-19 14:43:49,902 - INFO - mIoU: 0.9339; OA: 0.9759; AA: 0.9634; F1: 0.9652; cls_weighted_F1: 0.9759; Kappa: 0.9585;
2026-03-19 14:43:49,902 - INFO - spatial_LccAccuracy: 0.7999; spatial_PA: 0.9627; spatial_UA: 0.9903; spatial_F1: 0.9763; weighted_F1: 0.8946
2026-03-19 14:43:49,902 - INFO - temporal_CdAccuracy: 0.8058; temporal_PA: 0.93; temporal_UA: 0.9101; temporal_F1: 0.9199
2026-03-19 14:43:49,902 - INFO - Confusion Matrix
 [83709.	 1513.	    7.	   23.	   35.]
 [ 1480.	61146.	  222.	   41.	   16.]
 [    5.	  372.	 3266.	    2.	    0.]
 [    5.	   14.	    0.	 1496.	    0.]
 [   17.	  209.	    1.	    0.	11061.]
2026-03-19 14:43:49,903 - INFO - Change Type PA (Recall) Matrix
 [[0.    	0.9371	0.9147	0.9653	0.    ]
 [0.8351	0.    	0.8059	0.    	0.8545]
 [0.    	0.9796	0.    	0.    	0.    ]
 [0.    	0.9697	0.    	0.    	0.    ]
 [0.    	0.    	0.    	0.    	0.    ]]
2026-03-19 14:43:49,904 - INFO - Change Type UA (Precision) Matrix
 [[0.    	0.9035	0.944 	0.9158	0.    ]
 [0.7793	0.    	0.7925	0.    	0.8246]
 [0.    	0.8276	0.    	0.    	0.    ]
 [0.    	0.9697	0.    	0.    	0.    ]
 [0.    	0.    	0.    	0.    	0.    ]]
2026-03-19 14:43:49,904 - INFO - Change Type F1 Matrix
 [[0.    	0.92  	0.9291	0.9398	0.    ]
 [0.8062	0.    	0.7992	0.    	0.8393]
 [0.    	0.8972	0.    	0.    	0.    ]
 [0.    	0.9697	0.    	0.    	0.    ]
 [0.    	0.    	0.    	0.    	0.    ]]
2026-03-19 14:43:49,905 - INFO - Epoch 0 saved.
