2026-03-19 14:44:04,988 - INFO - Epoch 0, Train loss: 0.0
2026-03-19 14:44:04,988 - INFO - mIoU: 0.9259; OA: 0.975; AA: 0.9616; F1: 0.9608; cls_weighted_F1: 0.975; Kappa: 0.9569;
2026-03-19 14:44:04,989 - INFO - spatial_LccAccuracy: 0.7868; spatial_PA: 0.952; spatial_UA: 0.9867; spatial_F1: 0.969; weighted_F1: 0.8871
2026-03-19 14:44:04,989 - INFO - temporal_CdAccuracy: 0.7912; temporal_PA: 0.9247; temporal_UA: 0.9092; temporal_F1: 0.9169
2026-03-19 14:44:04,989 - INFO - Confusion Matrix
 [83761.	 1376.	   28.	   60.	   62.]
 [ 1628.	60957.	  250.	   33.	   37.]
 [    1.	  374.	 3269.	    1.	    0.]
 [    4.	   25.	    0.	 1486.	    0.]
 [   24.	  207.	    2.	    1.	11054.]
2026-03-19 14:44:04,990 - INFO - Change Type PA (Recall) Matrix
 [[0.    	0.939 	0.938 	0.9305	0.    ]
 [0.8208	0.    	0.7257	0.    	0.7091]
 [0.    	0.9388	0.    	0.    	0.    ]
 [0.    	0.9697	0.    	0.    	0.    ]
 [0.    	0.    	0.    	0.    	0.    ]]
2026-03-19 14:44:04,990 - INFO - Change Type UA (Precision) Matrix
 [[0.    	0.9032	0.9758	0.886 	0.    ]
 [0.7723	0.    	0.8037	0.    	0.7358]
 [0.    	0.8846	0.    	0.    	0.    ]
 [0.    	0.9057	0.    	0.    	0.    ]
 [0.    	0.    	0.    	0.    	0.    ]]
2026-03-19 14:44:04,991 - INFO - Change Type F1 Matrix
 [[0.    	0.9208	0.9565	0.9077	0.    ]
 [0.7958	0.    	0.7627	0.    	0.7222]
 [0.    	0.9109	0.    	0.    	0.    ]
 [0.    	0.9366	0.    	0.    	0.    ]
 [0.    	0.    	0.    	0.    	0.    ]]
2026-03-19 14:44:04,991 - INFO - Epoch 0 saved.
