2026-01-29 22:26:08,889 - INFO - Epoch 0, Train loss: 0.0
2026-01-29 22:26:08,889 - INFO - mIoU: 0.631; OA: 0.9551; AA: 0.8913; F1: 0.9094; Kappa: 0.9143;
2026-01-29 22:26:08,889 - INFO - spatial_LccAccuracy: 0.7054; spatial_PA: 0.8421; spatial_UA: 0.9818; spatial_F1: 0.9066; weighted_F1: 0.8715
2026-01-29 22:26:08,889 - INFO - temporal_CdAccuracy: 0.7073; temporal_PA: 0.8867; temporal_UA: 0.8304; temporal_F1: 0.8576
2026-01-29 22:26:08,889 - INFO - Confusion Matrix
 [13727.	  494.	    0.	    0.	   60.]
 [  587.	16090.	   12.	    0.	   42.]
 [    0.	    0.	    0.	    0.	    0.]
 [    0.	    0.	    0.	    0.	    0.]
 [    5.	  236.	    0.	    0.	  727.]
2026-01-29 22:26:08,889 - INFO - Change Type PA (Recall) Matrix
 [[0.    	0.9616	0.    	0.    	0.    ]
 [0.5455	0.    	0.    	0.    	0.7273]
 [0.    	0.    	0.    	0.    	0.    ]
 [0.    	0.    	0.    	0.    	0.    ]
 [0.    	0.    	0.    	0.    	0.    ]]
2026-01-29 22:26:08,889 - INFO - Change Type UA (Precision) Matrix
 [[0.    	0.869 	0.    	0.    	0.    ]
 [0.2034	0.    	0.    	0.    	0.7692]
 [0.    	0.    	0.    	0.    	0.    ]
 [0.    	0.    	0.    	0.    	0.    ]
 [0.    	0.    	0.    	0.    	0.    ]]
2026-01-29 22:26:08,889 - INFO - Change Type F1 Matrix
 [[0.    	0.913 	0.    	0.    	0.    ]
 [0.2963	0.    	0.    	0.    	0.7477]
 [0.    	0.    	0.    	0.    	0.    ]
 [0.    	0.    	0.    	0.    	0.    ]
 [0.    	0.    	0.    	0.    	0.    ]]
2026-01-29 22:26:08,889 - INFO - Epoch 0 saved.
