2026-01-29 22:26:09,242 - INFO - Epoch 0, Train loss: 0.0
2026-01-29 22:26:09,242 - INFO - mIoU: 0.9468; OA: 0.9896; AA: 0.9866; F1: 0.9721; Kappa: 0.9778;
2026-01-29 22:26:09,242 - INFO - spatial_LccAccuracy: 0.9101; spatial_PA: 0.9979; spatial_UA: 0.9841; spatial_F1: 0.991; weighted_F1: 0.9717
2026-01-29 22:26:09,242 - INFO - temporal_CdAccuracy: 0.9101; temporal_PA: 0.9697; temporal_UA: 0.9822; temporal_F1: 0.9759
2026-01-29 22:26:09,242 - INFO - Confusion Matrix
 [11849.	  249.	    0.	    0.	    0.]
 [   75.	20381.	   15.	    0.	    0.]
 [    0.	    2.	  129.	    0.	    0.]
 [    0.	    0.	    0.	    0.	    0.]
 [    0.	    0.	    0.	    0.	    0.]
2026-01-29 22:26:09,243 - INFO - Change Type PA (Recall) Matrix
 [[0.    	0.969 	0.    	0.    	0.    ]
 [0.9348	0.    	1.    	0.    	0.    ]
 [1.    	1.    	0.    	0.    	0.    ]
 [0.    	0.    	0.    	0.    	0.    ]
 [0.    	0.    	0.    	0.    	0.    ]]
2026-01-29 22:26:09,243 - INFO - Change Type UA (Precision) Matrix
 [[0.    	0.9843	0.    	0.    	0.    ]
 [0.9869	0.    	1.    	0.    	0.    ]
 [1.    	1.    	0.    	0.    	0.    ]
 [0.    	0.    	0.    	0.    	0.    ]
 [0.    	0.    	0.    	0.    	0.    ]]
2026-01-29 22:26:09,243 - INFO - Change Type F1 Matrix
 [[0.    	0.9766	0.    	0.    	0.    ]
 [0.9601	0.    	1.    	0.    	0.    ]
 [1.    	1.    	0.    	0.    	0.    ]
 [0.    	0.    	0.    	0.    	0.    ]
 [0.    	0.    	0.    	0.    	0.    ]]
2026-01-29 22:26:09,243 - INFO - Epoch 0 saved.
