2026-01-29 22:26:09,403 - INFO - Epoch 0, Train loss: 0.0
2026-01-29 22:26:09,403 - INFO - mIoU: 0.7675; OA: 0.9778; AA: 0.9827; F1: 0.9791; Kappa: 0.9593;
2026-01-29 22:26:09,403 - INFO - spatial_LccAccuracy: 0.8527; spatial_PA: 1.0; spatial_UA: 1.0; spatial_F1: 1.0; weighted_F1: 0.9151
2026-01-29 22:26:09,403 - INFO - temporal_CdAccuracy: 0.8527; temporal_PA: 0.9526; temporal_UA: 0.9195; temporal_F1: 0.9358
2026-01-29 22:26:09,403 - INFO - Confusion Matrix
 [7008.	 161.	   0.	   0.	   2.]
 [  86.	5410.	  34.	   0.	   0.]
 [   0.	  15.	 593.	   0.	   0.]
 [   0.	   0.	   0.	 131.	   0.]
 [   0.	   0.	   0.	   0.	   0.]
2026-01-29 22:26:09,404 - INFO - Change Type PA (Recall) Matrix
 [[0.    	0.9556	0.5   	1.    	0.    ]
 [0.9565	0.    	0.8947	0.    	0.    ]
 [0.    	1.    	0.    	0.    	0.    ]
 [0.    	0.    	0.    	0.    	0.    ]
 [0.    	0.    	0.    	0.    	0.    ]]
2026-01-29 22:26:09,404 - INFO - Change Type UA (Precision) Matrix
 [[0.    	0.9247	0.5   	1.    	0.    ]
 [0.7857	0.    	0.8095	0.    	0.    ]
 [0.    	0.8636	0.    	0.    	0.    ]
 [0.    	0.    	0.    	0.    	0.    ]
 [0.    	0.    	0.    	0.    	0.    ]]
2026-01-29 22:26:09,404 - INFO - Change Type F1 Matrix
 [[0.    	0.9399	0.5   	1.    	0.    ]
 [0.8627	0.    	0.85  	0.    	0.    ]
 [0.    	0.9268	0.    	0.    	0.    ]
 [0.    	0.    	0.    	0.    	0.    ]
 [0.    	0.    	0.    	0.    	0.    ]]
2026-01-29 22:26:09,404 - INFO - Epoch 0 saved.
