2026-01-29 17:01:46,988 - INFO - Epoch 0, Train loss: 0.0
2026-01-29 17:01:46,989 - INFO - mIoU: 0.9702; OA: 0.9953; AA: 0.9786; F1: 0.9844; Kappa: 0.9919;
2026-01-29 17:01:46,989 - INFO - spatial_LccAccuracy: 0.9607; spatial_PA: 0.998; spatial_UA: 0.999; spatial_F1: 0.9985; weighted_F1: 0.9638
2026-01-29 17:01:46,990 - INFO - temporal_CdAccuracy: 0.9661; temporal_PA: 0.9879; temporal_UA: 0.9768; temporal_F1: 0.9823
2026-01-29 17:01:46,990 - INFO - Confusion Matrix
 [23310.	   54.	    0.	    0.	    0.]
 [   76.	15458.	   19.	    0.	    0.]
 [    6.	   51.	  686.	    0.	    0.]
 [    0.	    0.	    0.	    0.	    0.]
 [    3.	    0.	    0.	    0.	 4557.]
2026-01-29 17:01:46,991 - INFO - Change Type PA (Recall) Matrix
 [[0.    	0.9916	0.8182	0.    	0.    ]
 [0.962 	0.    	0.9474	0.    	0.    ]
 [0.    	0.    	0.    	0.    	0.    ]
 [0.    	0.    	0.    	0.    	0.    ]
 [0.    	0.    	0.    	0.    	0.    ]]
2026-01-29 17:01:46,991 - INFO - Change Type UA (Precision) Matrix
 [[0.    	0.9671	0.9474	0.    	0.    ]
 [0.9268	0.    	0.878 	0.    	0.    ]
 [0.    	0.    	0.    	0.    	0.    ]
 [0.    	0.    	0.    	0.    	0.    ]
 [0.    	0.    	0.    	0.    	0.    ]]
2026-01-29 17:01:46,992 - INFO - Change Type F1 Matrix
 [[0.    	0.9792	0.878 	0.    	0.    ]
 [0.9441	0.    	0.9114	0.    	0.    ]
 [0.    	0.    	0.    	0.    	0.    ]
 [0.    	0.    	0.    	0.    	0.    ]
 [0.    	0.    	0.    	0.    	0.    ]]
2026-01-29 17:01:46,992 - INFO - Epoch 0 saved.
