2026-01-29 17:01:47,302 - INFO - Epoch 0, Train loss: 0.0
2026-01-29 17:01:47,302 - INFO - mIoU: 0.9394; OA: 0.9872; AA: 0.9498; F1: 0.9681; Kappa: 0.9727;
2026-01-29 17:01:47,303 - INFO - spatial_LccAccuracy: 0.8642; spatial_PA: 0.9908; spatial_UA: 0.9908; spatial_F1: 0.9908; weighted_F1: 0.9456
2026-01-29 17:01:47,303 - INFO - temporal_CdAccuracy: 0.8642; temporal_PA: 0.9627; temporal_UA: 0.9623; temporal_F1: 0.9625
2026-01-29 17:01:47,303 - INFO - Confusion Matrix
 [11840.	  258.	    0.	    0.	    0.]
 [  144.	20326.	    1.	    0.	    0.]
 [    2.	   14.	  115.	    0.	    0.]
 [    0.	    0.	    0.	    0.	    0.]
 [    0.	    0.	    0.	    0.	    0.]
2026-01-29 17:01:47,304 - INFO - Change Type PA (Recall) Matrix
 [[0.    	0.9592	0.    	0.    	0.    ]
 [0.9317	0.    	0.6   	0.    	0.    ]
 [1.    	0.    	0.    	0.    	0.    ]
 [0.    	0.    	0.    	0.    	0.    ]
 [0.    	0.    	0.    	0.    	0.    ]]
2026-01-29 17:01:47,305 - INFO - Change Type UA (Precision) Matrix
 [[0.    	0.9592	0.    	0.    	0.    ]
 [0.9174	0.    	1.    	0.    	0.    ]
 [1.    	0.    	0.    	0.    	0.    ]
 [0.    	0.    	0.    	0.    	0.    ]
 [0.    	0.    	0.    	0.    	0.    ]]
2026-01-29 17:01:47,305 - INFO - Change Type F1 Matrix
 [[0.    	0.9592	0.    	0.    	0.    ]
 [0.9245	0.    	0.75  	0.    	0.    ]
 [1.    	0.    	0.    	0.    	0.    ]
 [0.    	0.    	0.    	0.    	0.    ]
 [0.    	0.    	0.    	0.    	0.    ]]
2026-01-29 17:01:47,306 - INFO - Epoch 0 saved.
