2026-01-29 17:01:47,503 - INFO - Epoch 0, Train loss: 0.0
2026-01-29 17:01:47,503 - INFO - mIoU: 0.9885; OA: 0.9982; AA: 0.9931; F1: 0.9942; Kappa: 0.9942;
2026-01-29 17:01:47,503 - INFO - spatial_LccAccuracy: 0.973; spatial_PA: 0.9928; spatial_UA: 0.9983; spatial_F1: 0.9955; weighted_F1: 0.978
2026-01-29 17:01:47,504 - INFO - temporal_CdAccuracy: 0.9892; temporal_PA: 0.9961; temporal_UA: 0.9912; temporal_F1: 0.9937
2026-01-29 17:01:47,504 - INFO - Confusion Matrix
 [18115.	   14.	    0.	    0.	    0.]
 [    4.	 2990.	    0.	    3.	    0.]
 [    0.	    0.	    0.	    0.	    0.]
 [    0.	   19.	    0.	 1055.	    0.]
 [    0.	    0.	    0.	    0.	    0.]
2026-01-29 17:01:47,505 - INFO - Change Type PA (Recall) Matrix
 [[0.    	0.9924	0.    	0.9647	0.    ]
 [1.    	0.    	0.    	0.    	0.    ]
 [0.    	0.    	0.    	0.    	0.    ]
 [0.    	1.    	0.    	0.    	0.    ]
 [0.    	0.    	0.    	0.    	0.    ]]
2026-01-29 17:01:47,506 - INFO - Change Type UA (Precision) Matrix
 [[0.    	0.9489	0.    	0.988 	0.    ]
 [0.6667	0.    	0.    	0.    	0.    ]
 [0.    	0.    	0.    	0.    	0.    ]
 [0.    	1.    	0.    	0.    	0.    ]
 [0.    	0.    	0.    	0.    	0.    ]]
2026-01-29 17:01:47,506 - INFO - Change Type F1 Matrix
 [[0.    	0.9701	0.    	0.9762	0.    ]
 [0.8   	0.    	0.    	0.    	0.    ]
 [0.    	0.    	0.    	0.    	0.    ]
 [0.    	1.    	0.    	0.    	0.    ]
 [0.    	0.    	0.    	0.    	0.    ]]
2026-01-29 17:01:47,507 - INFO - Epoch 0 saved.
