2026-01-29 17:01:19,656 - INFO - Epoch 0, Train loss: 0.0
2026-01-29 17:01:19,657 - INFO - mIoU: 0.982; OA: 0.9967; AA: 0.9872; F1: 0.9908; Kappa: 0.9943;
2026-01-29 17:01:19,657 - INFO - spatial_LccAccuracy: 0.9796; spatial_PA: 1.0; spatial_UA: 1.0; spatial_F1: 1.0; weighted_F1: 0.9819
2026-01-29 17:01:19,657 - INFO - temporal_CdAccuracy: 0.9796; temporal_PA: 0.9896; temporal_UA: 0.9904; temporal_F1: 0.99
2026-01-29 17:01:19,657 - INFO - Confusion Matrix
 [23334.	   30.	    0.	    0.	    0.]
 [   73.	15469.	   11.	    0.	    0.]
 [    6.	   27.	  710.	    0.	    0.]
 [    0.	    0.	    0.	    0.	    0.]
 [    0.	    0.	    0.	    0.	 4560.]
2026-01-29 17:01:19,659 - INFO - Change Type PA (Recall) Matrix
 [[0.    	0.9895	0.9545	0.    	0.    ]
 [0.9494	0.    	0.9737	0.    	0.    ]
 [0.    	0.    	0.    	0.    	0.    ]
 [0.    	0.    	0.    	0.    	0.    ]
 [0.    	0.    	0.    	0.    	0.    ]]
2026-01-29 17:01:19,660 - INFO - Change Type UA (Precision) Matrix
 [[0.    	0.9853	1.    	0.    	0.    ]
 [0.9868	0.    	0.925 	0.    	0.    ]
 [0.    	0.    	0.    	0.    	0.    ]
 [0.    	0.    	0.    	0.    	0.    ]
 [0.    	0.    	0.    	0.    	0.    ]]
2026-01-29 17:01:19,660 - INFO - Change Type F1 Matrix
 [[0.    	0.9874	0.9767	0.    	0.    ]
 [0.9677	0.    	0.9487	0.    	0.    ]
 [0.    	0.    	0.    	0.    	0.    ]
 [0.    	0.    	0.    	0.    	0.    ]
 [0.    	0.    	0.    	0.    	0.    ]]
2026-01-29 17:01:19,661 - INFO - Epoch 0 saved.
