2026-01-29 17:01:19,899 - INFO - Epoch 0, Train loss: 0.0
2026-01-29 17:01:19,899 - INFO - mIoU: 0.9546; OA: 0.9882; AA: 0.9797; F1: 0.9765; Kappa: 0.9749;
2026-01-29 17:01:19,899 - INFO - spatial_LccAccuracy: 0.8789; spatial_PA: 1.0; spatial_UA: 1.0; spatial_F1: 1.0; weighted_F1: 0.9685
2026-01-29 17:01:19,900 - INFO - temporal_CdAccuracy: 0.8789; temporal_PA: 0.9615; temporal_UA: 0.9671; temporal_F1: 0.9643
2026-01-29 17:01:19,900 - INFO - Confusion Matrix
 [11976.	  122.	    0.	    0.	    0.]
 [  253.	20211.	    7.	    0.	    0.]
 [    0.	    5.	  126.	    0.	    0.]
 [    0.	    0.	    0.	    0.	    0.]
 [    0.	    0.	    0.	    0.	    0.]
2026-01-29 17:01:19,901 - INFO - Change Type PA (Recall) Matrix
 [[0.    	0.9718	0.    	0.    	0.    ]
 [0.941 	0.    	1.    	0.    	0.    ]
 [1.    	1.    	0.    	0.    	0.    ]
 [0.    	0.    	0.    	0.    	0.    ]
 [0.    	0.    	0.    	0.    	0.    ]]
2026-01-29 17:01:19,902 - INFO - Change Type UA (Precision) Matrix
 [[0.    	0.976 	0.    	0.    	0.    ]
 [0.9712	0.    	1.    	0.    	0.    ]
 [1.    	1.    	0.    	0.    	0.    ]
 [0.    	0.    	0.    	0.    	0.    ]
 [0.    	0.    	0.    	0.    	0.    ]]
2026-01-29 17:01:19,903 - INFO - Change Type F1 Matrix
 [[0.    	0.9739	0.    	0.    	0.    ]
 [0.9558	0.    	1.    	0.    	0.    ]
 [1.    	1.    	0.    	0.    	0.    ]
 [0.    	0.    	0.    	0.    	0.    ]
 [0.    	0.    	0.    	0.    	0.    ]]
2026-01-29 17:01:19,903 - INFO - Epoch 0 saved.
