2026-01-29 17:01:20,085 - INFO - Epoch 0, Train loss: 0.0
2026-01-29 17:01:20,085 - INFO - mIoU: 0.9974; OA: 0.9991; AA: 0.998; F1: 0.9987; Kappa: 0.9971;
2026-01-29 17:01:20,086 - INFO - spatial_LccAccuracy: 0.9973; spatial_PA: 1.0; spatial_UA: 1.0; spatial_F1: 1.0; weighted_F1: 1.0
2026-01-29 17:01:20,086 - INFO - temporal_CdAccuracy: 0.9973; temporal_PA: 0.9987; temporal_UA: 0.9987; temporal_F1: 0.9987
2026-01-29 17:01:20,086 - INFO - Confusion Matrix
 [18127.	    2.	    0.	    0.	    0.]
 [   18.	 2979.	    0.	    0.	    0.]
 [    0.	    0.	    0.	    0.	    0.]
 [    0.	    0.	    0.	 1074.	    0.]
 [    0.	    0.	    0.	    0.	    0.]
2026-01-29 17:01:20,087 - INFO - Change Type PA (Recall) Matrix
 [[0.	1.	0.	1.	0.]
 [1.	0.	0.	0.	0.]
 [0.	0.	0.	0.	0.]
 [0.	1.	0.	0.	0.]
 [0.	0.	0.	0.	0.]]
2026-01-29 17:01:20,088 - INFO - Change Type UA (Precision) Matrix
 [[0.	1.	0.	1.	0.]
 [1.	0.	0.	0.	0.]
 [0.	0.	0.	0.	0.]
 [0.	1.	0.	0.	0.]
 [0.	0.	0.	0.	0.]]
2026-01-29 17:01:20,088 - INFO - Change Type F1 Matrix
 [[0.	1.	0.	1.	0.]
 [1.	0.	0.	0.	0.]
 [0.	0.	0.	0.	0.]
 [0.	1.	0.	0.	0.]
 [0.	0.	0.	0.	0.]]
2026-01-29 17:01:20,089 - INFO - Epoch 0 saved.
