2026-01-29 22:28:16,798 - INFO - Epoch 0, Train loss: 0.0
2026-01-29 22:28:16,799 - INFO - mIoU: 0.6085; OA: 0.9442; AA: 0.8536; F1: 0.8899; Kappa: 0.8932;
2026-01-29 22:28:16,799 - INFO - spatial_LccAccuracy: 0.6585; spatial_PA: 0.7018; spatial_UA: 0.9667; spatial_F1: 0.8132; weighted_F1: 0.84
2026-01-29 22:28:16,800 - INFO - temporal_CdAccuracy: 0.6585; temporal_PA: 0.8697; temporal_UA: 0.7834; temporal_F1: 0.8243
2026-01-29 22:28:16,800 - INFO - Confusion Matrix
 [13742.	  519.	    0.	    0.	   20.]
 [  883.	15821.	   10.	    0.	   17.]
 [    0.	    0.	    0.	    0.	    0.]
 [    0.	    0.	    0.	    0.	    0.]
 [   64.	  272.	    0.	    0.	  632.]
2026-01-29 22:28:16,800 - INFO - Change Type PA (Recall) Matrix
 [[0.    	0.9488	0.    	0.    	0.    ]
 [0.5   	0.    	0.    	0.    	0.6909]
 [0.    	0.    	0.    	0.    	0.    ]
 [0.    	0.    	0.    	0.    	0.    ]
 [0.    	0.    	0.    	0.    	0.    ]]
2026-01-29 22:28:16,801 - INFO - Change Type UA (Precision) Matrix
 [[0.    	0.8226	0.    	0.    	0.    ]
 [0.1111	0.    	0.    	0.    	0.8261]
 [0.    	0.    	0.    	0.    	0.    ]
 [0.    	0.    	0.    	0.    	0.    ]
 [0.    	0.    	0.    	0.    	0.    ]]
2026-01-29 22:28:16,801 - INFO - Change Type F1 Matrix
 [[0.    	0.8812	0.    	0.    	0.    ]
 [0.1818	0.    	0.    	0.    	0.7525]
 [0.    	0.    	0.    	0.    	0.    ]
 [0.    	0.    	0.    	0.    	0.    ]
 [0.    	0.    	0.    	0.    	0.    ]]
2026-01-29 22:28:16,801 - INFO - Epoch 0 saved.
