2026-01-29 22:28:17,194 - INFO - Epoch 0, Train loss: 0.0
2026-01-29 22:28:17,195 - INFO - mIoU: 0.7285; OA: 0.9741; AA: 0.747; F1: 0.7979; Kappa: 0.9444;
2026-01-29 22:28:17,195 - INFO - spatial_LccAccuracy: 0.7486; spatial_PA: 0.9897; spatial_UA: 0.9828; spatial_F1: 0.9863; weighted_F1: 0.9193
2026-01-29 22:28:17,195 - INFO - temporal_CdAccuracy: 0.7505; temporal_PA: 0.9199; temporal_UA: 0.9274; temporal_F1: 0.9236
2026-01-29 22:28:17,195 - INFO - Confusion Matrix
 [11515.	  583.	    0.	    0.	    0.]
 [  168.	20298.	    5.	    0.	    0.]
 [    0.	   92.	   39.	    0.	    0.]
 [    0.	    0.	    0.	    0.	    0.]
 [    0.	    0.	    0.	    0.	    0.]
2026-01-29 22:28:17,195 - INFO - Change Type PA (Recall) Matrix
 [[0.    	0.9296	0.    	0.    	0.    ]
 [0.882 	0.    	0.4   	0.    	0.    ]
 [0.    	0.    	0.    	0.    	0.    ]
 [0.    	0.    	0.    	0.    	0.    ]
 [0.    	0.    	0.    	0.    	0.    ]]
2026-01-29 22:28:17,195 - INFO - Change Type UA (Precision) Matrix
 [[0.    	0.9524	0.    	0.    	0.    ]
 [0.8959	0.    	0.3333	0.    	0.    ]
 [0.    	0.    	0.    	0.    	0.    ]
 [0.    	0.    	0.    	0.    	0.    ]
 [0.    	0.    	0.    	0.    	0.    ]]
2026-01-29 22:28:17,195 - INFO - Change Type F1 Matrix
 [[0.    	0.9408	0.    	0.    	0.    ]
 [0.8889	0.    	0.3636	0.    	0.    ]
 [0.    	0.    	0.    	0.    	0.    ]
 [0.    	0.    	0.    	0.    	0.    ]
 [0.    	0.    	0.    	0.    	0.    ]]
2026-01-29 22:28:17,195 - INFO - Epoch 0 saved.
