2026-01-29 22:28:17,296 - INFO - Epoch 0, Train loss: 0.0
2026-01-29 22:28:17,297 - INFO - mIoU: 0.9662; OA: 0.9945; AA: 0.9801; F1: 0.9827; Kappa: 0.9825;
2026-01-29 22:28:17,297 - INFO - spatial_LccAccuracy: 0.8919; spatial_PA: 0.9983; spatial_UA: 0.9929; spatial_F1: 0.9956; weighted_F1: 0.951
2026-01-29 22:28:17,297 - INFO - temporal_CdAccuracy: 0.9162; temporal_PA: 0.9854; temporal_UA: 0.9584; temporal_F1: 0.9717
2026-01-29 22:28:17,297 - INFO - Confusion Matrix
 [18108.	   21.	    0.	    0.	    0.]
 [   33.	 2939.	    0.	   25.	    0.]
 [    0.	    0.	    0.	    0.	    0.]
 [    8.	   34.	    0.	 1032.	    0.]
 [    0.	    0.	    0.	    0.	    0.]
2026-01-29 22:28:17,297 - INFO - Change Type PA (Recall) Matrix
 [[0.    	0.9695	0.    	0.9412	0.    ]
 [1.    	0.    	0.    	0.    	0.    ]
 [0.    	0.    	0.    	0.    	0.    ]
 [0.    	0.9894	0.    	0.    	0.    ]
 [0.    	0.    	0.    	0.    	0.    ]]
2026-01-29 22:28:17,297 - INFO - Change Type UA (Precision) Matrix
 [[0.    	0.9203	0.    	0.9756	0.    ]
 [0.6667	0.    	0.    	0.    	0.    ]
 [0.    	0.    	0.    	0.    	0.    ]
 [0.    	0.9208	0.    	0.    	0.    ]
 [0.    	0.    	0.    	0.    	0.    ]]
2026-01-29 22:28:17,297 - INFO - Change Type F1 Matrix
 [[0.    	0.9442	0.    	0.9581	0.    ]
 [0.8   	0.    	0.    	0.    	0.    ]
 [0.    	0.    	0.    	0.    	0.    ]
 [0.    	0.9538	0.    	0.    	0.    ]
 [0.    	0.    	0.    	0.    	0.    ]]
2026-01-29 22:28:17,297 - INFO - Epoch 0 saved.
