<<<<<<< HEAD
2026-01-22 16:53:06,036 - INFO - Epoch 0, Train loss: 0.0
2026-01-22 16:53:06,037 - INFO - mIoU: 0.7574; OA: 0.9916; AA: 0.783; F1: 0.7769; Kappa: 0.9857;
2026-01-22 16:53:06,037 - INFO - spatial_LccAccuracy: 0.9159; spatial_PA: 0.996; spatial_UA: 0.998; spatial_F1: 0.997; weighted_F1: 0.909
2026-01-22 16:53:06,037 - INFO - temporal_CdAccuracy: 0.9254; temporal_PA: 0.9718; temporal_UA: 0.9556; temporal_F1: 0.9636
2026-01-22 16:53:06,037 - INFO - Confusion Matrix
=======
2025-12-13 21:54:38,590 - INFO - Epoch 0, Train loss: 0.0
2025-12-13 21:54:38,590 - INFO - mIoU: 0.7574; OA: 0.9916; AA: 0.783; F1: 0.7769; Kappa: 0.9857;
2025-12-13 21:54:38,590 - INFO - spatial_LccAccuracy: 0.9281; spatial_PA: 0.996; spatial_UA: 0.998; spatial_F1: 0.997
2025-12-13 21:54:38,591 - INFO - temporal_CdAccuracy: 0.9254; temporal_PA: 0.9718; temporal_UA: 0.9556; temporal_F1: 0.9636
2025-12-13 21:54:38,592 - INFO - Confusion Matrix
>>>>>>> 93175a06c110e941919a0524e265707df6271051
 [23267.	   91.	    5.	    1.	    0.]
 [  114.	15338.	   98.	    3.	    0.]
 [    5.	   40.	  695.	    1.	    2.]
 [    0.	    0.	    0.	    0.	    0.]
 [   10.	    1.	    0.	    0.	 4549.]
<<<<<<< HEAD
2026-01-22 16:53:06,038 - INFO - Change Type PA (Recall) Matrix
=======
2025-12-13 21:54:38,593 - INFO - Change Type PA (Recall) Matrix
>>>>>>> 93175a06c110e941919a0524e265707df6271051
 [[0.    	0.9474	0.9318	0.    	0.    ]
 [0.7975	0.    	0.8158	0.    	0.    ]
 [0.    	0.    	0.    	0.    	0.    ]
 [0.    	0.    	0.    	0.    	0.    ]
 [0.    	0.    	0.    	0.    	0.    ]]
<<<<<<< HEAD
2026-01-22 16:53:06,039 - INFO - Change Type UA (Precision) Matrix
=======
2025-12-13 21:54:38,593 - INFO - Change Type UA (Precision) Matrix
>>>>>>> 93175a06c110e941919a0524e265707df6271051
 [[0.    	0.9395	0.82  	0.    	0.    ]
 [0.8289	0.    	0.6458	0.    	0.    ]
 [0.    	0.    	0.    	0.    	0.    ]
 [0.    	0.    	0.    	0.    	0.    ]
 [0.    	0.    	0.    	0.    	0.    ]]
<<<<<<< HEAD
2026-01-22 16:53:06,040 - INFO - Change Type F1 Matrix
=======
2025-12-13 21:54:38,594 - INFO - Change Type F1 Matrix
>>>>>>> 93175a06c110e941919a0524e265707df6271051
 [[0.    	0.9434	0.8723	0.    	0.    ]
 [0.8129	0.    	0.7209	0.    	0.    ]
 [0.    	0.    	0.    	0.    	0.    ]
 [0.    	0.    	0.    	0.    	0.    ]
 [0.    	0.    	0.    	0.    	0.    ]]
<<<<<<< HEAD
2026-01-22 16:53:06,040 - INFO - Epoch 0 saved.
=======
2025-12-13 21:54:38,594 - INFO - Epoch 0 saved.
>>>>>>> 93175a06c110e941919a0524e265707df6271051
