2026-02-22 20:07:32,291 - INFO - Epoch 0, Train loss: 0.0
2026-02-22 20:07:32,292 - INFO - mIoU: 0.8433; OA: 0.9773; AA: 0.9077; F1: 0.9057; cls_weighted_F1: 0.9773; Kappa: 0.9537;
2026-02-22 20:07:32,292 - INFO - spatial_LccAccuracy: 0.7746; spatial_PA: 0.9909; spatial_UA: 0.9909; spatial_F1: 0.9909; weighted_F1: 0.9266
2026-02-22 20:07:32,292 - INFO - temporal_CdAccuracy: 0.7746; temporal_PA: 0.9299; temporal_UA: 0.9256; temporal_F1: 0.9277
2026-02-22 20:07:32,292 - INFO - Confusion Matrix
 [13646.	  318.	    0.	    0.	    0.]
 [  304.	20664.	   94.	    0.	    0.]
 [    3.	   85.	  286.	    0.	    0.]
 [    0.	    0.	    0.	    0.	    0.]
 [    0.	    0.	    0.	    0.	    0.]
2026-02-22 20:07:32,292 - INFO - Change Type PA (Recall) Matrix
 [[0.    	0.9695	0.    	0.    	0.    ]
 [0.9348	0.    	0.72  	0.    	0.    ]
 [1.    	0.1176	0.    	0.    	0.    ]
 [0.    	0.    	0.    	0.    	0.    ]
 [0.    	0.    	0.    	0.    	0.    ]]
2026-02-22 20:07:32,292 - INFO - Change Type UA (Precision) Matrix
 [[0.    	0.9445	0.    	0.    	0.    ]
 [0.8932	0.    	0.9   	0.    	0.    ]
 [1.    	0.6667	0.    	0.    	0.    ]
 [0.    	0.    	0.    	0.    	0.    ]
 [0.    	0.    	0.    	0.    	0.    ]]
2026-02-22 20:07:32,292 - INFO - Change Type F1 Matrix
 [[0.    	0.9569	0.    	0.    	0.    ]
 [0.9135	0.    	0.8   	0.    	0.    ]
 [1.    	0.2   	0.    	0.    	0.    ]
 [0.    	0.    	0.    	0.    	0.    ]
 [0.    	0.    	0.    	0.    	0.    ]]
2026-02-22 20:07:32,292 - INFO - Epoch 0 saved.
