<<<<<<< HEAD
2026-01-22 16:53:06,589 - INFO - Epoch 0, Train loss: 0.0
2026-01-22 16:53:06,590 - INFO - mIoU: 0.5729; OA: 0.9932; AA: 0.5875; F1: 0.586; Kappa: 0.9782;
2026-01-22 16:53:06,590 - INFO - spatial_LccAccuracy: 0.9054; spatial_PA: 0.9476; spatial_UA: 0.9807; spatial_F1: 0.9639; weighted_F1: 0.9226
2026-01-22 16:53:06,590 - INFO - temporal_CdAccuracy: 0.9135; temporal_PA: 0.9905; temporal_UA: 0.9632; temporal_F1: 0.9767
2026-01-22 16:53:06,590 - INFO - Confusion Matrix
=======
2025-12-13 21:54:39,004 - INFO - Epoch 0, Train loss: 0.0
2025-12-13 21:54:39,005 - INFO - mIoU: 0.5729; OA: 0.9932; AA: 0.5875; F1: 0.586; Kappa: 0.9782;
2025-12-13 21:54:39,005 - INFO - spatial_LccAccuracy: 0.9216; spatial_PA: 0.9476; spatial_UA: 0.9807; spatial_F1: 0.9639
2025-12-13 21:54:39,006 - INFO - temporal_CdAccuracy: 0.9135; temporal_PA: 0.9905; temporal_UA: 0.9632; temporal_F1: 0.9767
2025-12-13 21:54:39,006 - INFO - Confusion Matrix
>>>>>>> 93175a06c110e941919a0524e265707df6271051
 [18117.	    3.	    0.	    9.	    0.]
 [   49.	 2884.	    0.	   64.	    0.]
 [    0.	    0.	    0.	    0.	    0.]
 [    5.	   21.	    0.	 1048.	    0.]
 [    0.	    0.	    0.	    0.	    0.]
<<<<<<< HEAD
2026-01-22 16:53:06,591 - INFO - Change Type PA (Recall) Matrix
=======
2025-12-13 21:54:39,007 - INFO - Change Type PA (Recall) Matrix
>>>>>>> 93175a06c110e941919a0524e265707df6271051
 [[0.    	0.9237	0.    	0.9647	0.    ]
 [0.5   	0.    	0.    	0.    	0.    ]
 [0.    	0.    	0.    	0.    	0.    ]
 [0.    	0.9787	0.    	0.    	0.    ]
 [0.    	0.    	0.    	0.    	0.    ]]
<<<<<<< HEAD
2026-01-22 16:53:06,592 - INFO - Change Type UA (Precision) Matrix
=======
2025-12-13 21:54:39,008 - INFO - Change Type UA (Precision) Matrix
>>>>>>> 93175a06c110e941919a0524e265707df6271051
 [[0.    	0.9603	0.    	0.8962	0.    ]
 [0.5   	0.    	0.    	0.    	0.    ]
 [0.    	0.    	0.    	0.    	0.    ]
 [0.    	0.8364	0.    	0.    	0.    ]
 [0.    	0.    	0.    	0.    	0.    ]]
<<<<<<< HEAD
2026-01-22 16:53:06,593 - INFO - Change Type F1 Matrix
=======
2025-12-13 21:54:39,009 - INFO - Change Type F1 Matrix
>>>>>>> 93175a06c110e941919a0524e265707df6271051
 [[0.    	0.9416	0.    	0.9292	0.    ]
 [0.5   	0.    	0.    	0.    	0.    ]
 [0.    	0.    	0.    	0.    	0.    ]
 [0.    	0.902 	0.    	0.    	0.    ]
 [0.    	0.    	0.    	0.    	0.    ]]
<<<<<<< HEAD
2026-01-22 16:53:06,593 - INFO - Epoch 0 saved.
=======
2025-12-13 21:54:39,009 - INFO - Epoch 0 saved.
>>>>>>> 93175a06c110e941919a0524e265707df6271051
