2026-01-29 17:04:32,622 - INFO - Epoch 0, Train loss: 0.0
2026-01-29 17:04:32,622 - INFO - mIoU: 0.7504; OA: 0.9717; AA: 0.9759; F1: 0.9675; Kappa: 0.9481;
2026-01-29 17:04:32,623 - INFO - spatial_LccAccuracy: 0.817; spatial_PA: 1.0; spatial_UA: 1.0; spatial_F1: 1.0; weighted_F1: 0.8785
2026-01-29 17:04:32,623 - INFO - temporal_CdAccuracy: 0.817; temporal_PA: 0.9417; temporal_UA: 0.8928; temporal_F1: 0.9166
2026-01-29 17:04:32,623 - INFO - Confusion Matrix
 [7031.	 139.	   0.	   1.	   0.]
 [ 154.	5313.	  62.	   1.	   0.]
 [   3.	  18.	 585.	   0.	   2.]
 [   0.	   0.	   0.	 131.	   0.]
 [   0.	   0.	   0.	   0.	   0.]
2026-01-29 17:04:32,624 - INFO - Change Type PA (Recall) Matrix
 [[0.    	0.9556	0.5   	1.    	0.    ]
 [0.8913	0.    	0.8421	0.    	0.    ]
 [0.    	1.    	0.    	0.    	0.    ]
 [0.    	0.    	0.    	0.    	0.    ]
 [0.    	0.    	0.    	0.    	0.    ]]
2026-01-29 17:04:32,625 - INFO - Change Type UA (Precision) Matrix
 [[0.    	0.8687	1.    	1.    	0.    ]
 [0.6308	0.    	0.7805	0.    	0.    ]
 [0.    	1.    	0.    	0.    	0.    ]
 [0.    	0.    	0.    	0.    	0.    ]
 [0.    	0.    	0.    	0.    	0.    ]]
2026-01-29 17:04:32,625 - INFO - Change Type F1 Matrix
 [[0.    	0.9101	0.6667	1.    	0.    ]
 [0.7387	0.    	0.8101	0.    	0.    ]
 [0.    	1.    	0.    	0.    	0.    ]
 [0.    	0.    	0.    	0.    	0.    ]
 [0.    	0.    	0.    	0.    	0.    ]]
2026-01-29 17:04:32,625 - INFO - Epoch 0 saved.
