2026-01-29 22:26:05,350 - INFO - Epoch 0, Train loss: 0.0
2026-01-29 22:26:05,351 - INFO - mIoU: 0.8684; OA: 0.9857; AA: 0.8866; F1: 0.9226; Kappa: 0.9697;
2026-01-29 22:26:05,351 - INFO - spatial_LccAccuracy: 0.8642; spatial_PA: 0.999; spatial_UA: 0.9919; spatial_F1: 0.9954; weighted_F1: 0.9524
2026-01-29 22:26:05,351 - INFO - temporal_CdAccuracy: 0.8642; temporal_PA: 0.9654; temporal_UA: 0.9569; temporal_F1: 0.9612
2026-01-29 22:26:05,351 - INFO - Confusion Matrix
 [11905.	  193.	    0.	    0.	    0.]
 [  228.	20238.	    5.	    0.	    0.]
 [    0.	   41.	   90.	    0.	    0.]
 [    0.	    0.	    0.	    0.	    0.]
 [    0.	    0.	    0.	    0.	    0.]
2026-01-29 22:26:05,351 - INFO - Change Type PA (Recall) Matrix
 [[0.    	0.9704	0.    	0.    	0.    ]
 [0.9565	0.    	0.6   	0.    	0.    ]
 [0.    	0.    	0.    	0.    	0.    ]
 [0.    	0.    	0.    	0.    	0.    ]
 [0.    	0.    	0.    	0.    	0.    ]]
2026-01-29 22:26:05,351 - INFO - Change Type UA (Precision) Matrix
 [[0.    	0.9596	0.    	0.    	0.    ]
 [0.9222	0.    	0.6   	0.    	0.    ]
 [0.    	0.    	0.    	0.    	0.    ]
 [0.    	0.    	0.    	0.    	0.    ]
 [0.    	0.    	0.    	0.    	0.    ]]
2026-01-29 22:26:05,351 - INFO - Change Type F1 Matrix
 [[0.   	0.965	0.   	0.   	0.   ]
 [0.939	0.   	0.6  	0.   	0.   ]
 [0.   	0.   	0.   	0.   	0.   ]
 [0.   	0.   	0.   	0.   	0.   ]
 [0.   	0.   	0.   	0.   	0.   ]]
2026-01-29 22:26:05,351 - INFO - Epoch 0 saved.
