2026-01-29 22:25:51,702 - INFO - Epoch 0, Train loss: 0.0
2026-01-29 22:25:51,702 - INFO - mIoU: 0.7541; OA: 0.9916; AA: 0.9623; F1: 0.9686; Kappa: 0.9856;
2026-01-29 22:25:51,702 - INFO - spatial_LccAccuracy: 0.9322; spatial_PA: 0.998; spatial_UA: 0.999; spatial_F1: 0.9985; weighted_F1: 0.9481
2026-01-29 22:25:51,702 - INFO - temporal_CdAccuracy: 0.9389; temporal_PA: 0.9719; temporal_UA: 0.9598; temporal_F1: 0.9658
2026-01-29 22:25:51,702 - INFO - Confusion Matrix
 [23320.	   44.	    0.	    0.	    0.]
 [  163.	15331.	   58.	    1.	    0.]
 [   14.	   82.	  644.	    3.	    0.]
 [    0.	    0.	    0.	    0.	    0.]
 [    3.	    4.	    0.	    0.	 4553.]
2026-01-29 22:25:51,702 - INFO - Change Type PA (Recall) Matrix
 [[0.    	0.9663	0.8864	0.    	0.    ]
 [0.9367	0.    	0.8421	0.    	0.    ]
 [0.    	0.    	0.    	0.    	0.    ]
 [0.    	0.    	0.    	0.    	0.    ]
 [0.    	0.    	0.    	0.    	0.    ]]
2026-01-29 22:25:51,702 - INFO - Change Type UA (Precision) Matrix
 [[0.    	0.9766	0.78  	0.    	0.    ]
 [0.9136	0.    	0.8421	0.    	0.    ]
 [0.    	0.    	0.    	0.    	0.    ]
 [0.    	0.    	0.    	0.    	0.    ]
 [0.    	0.    	0.    	0.    	0.    ]]
2026-01-29 22:25:51,702 - INFO - Change Type F1 Matrix
 [[0.    	0.9714	0.8298	0.    	0.    ]
 [0.925 	0.    	0.8421	0.    	0.    ]
 [0.    	0.    	0.    	0.    	0.    ]
 [0.    	0.    	0.    	0.    	0.    ]
 [0.    	0.    	0.    	0.    	0.    ]]
2026-01-29 22:25:51,702 - INFO - Epoch 0 saved.
