2026-01-29 22:25:51,827 - INFO - Epoch 0, Train loss: 0.0
2026-01-29 22:25:51,827 - INFO - mIoU: 0.6943; OA: 0.9809; AA: 0.7106; F1: 0.7435; Kappa: 0.9592;
2026-01-29 22:25:51,827 - INFO - spatial_LccAccuracy: 0.844; spatial_PA: 0.9908; spatial_UA: 0.9908; spatial_F1: 0.9908; weighted_F1: 0.9572
2026-01-29 22:25:51,827 - INFO - temporal_CdAccuracy: 0.8459; temporal_PA: 0.9599; temporal_UA: 0.9499; temporal_F1: 0.9549
2026-01-29 22:25:51,827 - INFO - Confusion Matrix
 [11771.	  327.	    0.	    0.	    0.]
 [  177.	20282.	   12.	    0.	    0.]
 [    1.	  108.	   22.	    0.	    0.]
 [    0.	    0.	    0.	    0.	    0.]
 [    0.	    0.	    0.	    0.	    0.]
2026-01-29 22:25:51,827 - INFO - Change Type PA (Recall) Matrix
 [[0.    	0.9732	0.    	0.    	0.    ]
 [0.9658	0.    	0.6   	0.    	0.    ]
 [0.    	0.    	0.    	0.    	0.    ]
 [0.    	0.    	0.    	0.    	0.    ]
 [0.    	0.    	0.    	0.    	0.    ]]
2026-01-29 22:25:51,827 - INFO - Change Type UA (Precision) Matrix
 [[0.    	0.9651	0.    	0.    	0.    ]
 [0.9284	0.    	0.4286	0.    	0.    ]
 [0.    	0.    	0.    	0.    	0.    ]
 [0.    	0.    	0.    	0.    	0.    ]
 [0.    	0.    	0.    	0.    	0.    ]]
2026-01-29 22:25:51,827 - INFO - Change Type F1 Matrix
 [[0.    	0.9691	0.    	0.    	0.    ]
 [0.9467	0.    	0.5   	0.    	0.    ]
 [0.    	0.    	0.    	0.    	0.    ]
 [0.    	0.    	0.    	0.    	0.    ]
 [0.    	0.    	0.    	0.    	0.    ]]
2026-01-29 22:25:51,827 - INFO - Epoch 0 saved.
