2026-01-29 22:25:51,977 - INFO - Epoch 0, Train loss: 0.0
2026-01-29 22:25:51,977 - INFO - mIoU: 0.7583; OA: 0.9745; AA: 0.9728; F1: 0.9729; Kappa: 0.9531;
2026-01-29 22:25:51,977 - INFO - spatial_LccAccuracy: 0.8036; spatial_PA: 1.0; spatial_UA: 1.0; spatial_F1: 1.0; weighted_F1: 0.8953
2026-01-29 22:25:51,977 - INFO - temporal_CdAccuracy: 0.8036; temporal_PA: 0.9385; temporal_UA: 0.8968; temporal_F1: 0.9172
2026-01-29 22:25:51,977 - INFO - Confusion Matrix
 [7024.	 146.	   0.	   1.	   0.]
 [ 129.	5370.	  30.	   0.	   1.]
 [   0.	  36.	 572.	   0.	   0.]
 [   0.	   0.	   0.	 131.	   0.]
 [   0.	   0.	   0.	   0.	   0.]
2026-01-29 22:25:51,977 - INFO - Change Type PA (Recall) Matrix
 [[0.    	0.9667	0.    	1.    	0.    ]
 [0.9565	0.    	0.8421	0.    	0.    ]
 [0.    	0.9474	0.    	0.    	0.    ]
 [0.    	0.    	0.    	0.    	0.    ]
 [0.    	0.    	0.    	0.    	0.    ]]
2026-01-29 22:25:51,977 - INFO - Change Type UA (Precision) Matrix
 [[0.    	0.8969	0.    	1.    	0.    ]
 [0.6984	0.    	0.7805	0.    	0.    ]
 [0.    	1.    	0.    	0.    	0.    ]
 [0.    	0.    	0.    	0.    	0.    ]
 [0.    	0.    	0.    	0.    	0.    ]]
2026-01-29 22:25:51,977 - INFO - Change Type F1 Matrix
 [[0.    	0.9305	0.    	1.    	0.    ]
 [0.8073	0.    	0.8101	0.    	0.    ]
 [0.    	0.973 	0.    	0.    	0.    ]
 [0.    	0.    	0.    	0.    	0.    ]
 [0.    	0.    	0.    	0.    	0.    ]]
2026-01-29 22:25:51,977 - INFO - Epoch 0 saved.
