2026-01-29 22:27:49,980 - INFO - Epoch 0, Train loss: 0.0
2026-01-29 22:27:49,980 - INFO - mIoU: 0.6218; OA: 0.9422; AA: 0.9183; F1: 0.9032; Kappa: 0.8909;
2026-01-29 22:27:49,980 - INFO - spatial_LccAccuracy: 0.6735; spatial_PA: 0.7018; spatial_UA: 0.9667; spatial_F1: 0.8132; weighted_F1: 0.8273
2026-01-29 22:27:49,980 - INFO - temporal_CdAccuracy: 0.6754; temporal_PA: 0.8828; temporal_UA: 0.7955; temporal_F1: 0.8369
2026-01-29 22:27:49,980 - INFO - Confusion Matrix
 [13765.	  408.	    0.	    0.	  108.]
 [ 1027.	15532.	   36.	    0.	  136.]
 [    0.	    0.	    0.	    0.	    0.]
 [    0.	    0.	    0.	    0.	    0.]
 [    4.	  129.	    0.	    0.	  835.]
2026-01-29 22:27:49,980 - INFO - Change Type PA (Recall) Matrix
 [[0.    	0.9382	0.    	0.    	0.    ]
 [0.5   	0.    	0.    	0.    	0.6909]
 [0.    	0.    	0.    	0.    	0.    ]
 [0.    	0.    	0.    	0.    	0.    ]
 [0.    	0.    	0.    	0.    	0.    ]]
2026-01-29 22:27:49,980 - INFO - Change Type UA (Precision) Matrix
 [[0.    	0.8178	0.    	0.    	0.    ]
 [0.141 	0.    	0.    	0.    	0.6552]
 [0.    	0.    	0.    	0.    	0.    ]
 [0.    	0.    	0.    	0.    	0.    ]
 [0.    	0.    	0.    	0.    	0.    ]]
2026-01-29 22:27:49,980 - INFO - Change Type F1 Matrix
 [[0.    	0.8739	0.    	0.    	0.    ]
 [0.22  	0.    	0.    	0.    	0.6726]
 [0.    	0.    	0.    	0.    	0.    ]
 [0.    	0.    	0.    	0.    	0.    ]
 [0.    	0.    	0.    	0.    	0.    ]]
2026-01-29 22:27:49,980 - INFO - Epoch 0 saved.
