2026-01-29 22:27:50,341 - INFO - Epoch 0, Train loss: 0.0
2026-01-29 22:27:50,341 - INFO - mIoU: 0.6899; OA: 0.9738; AA: 0.7105; F1: 0.7464; Kappa: 0.944;
2026-01-29 22:27:50,341 - INFO - spatial_LccAccuracy: 0.756; spatial_PA: 0.9908; spatial_UA: 0.9908; spatial_F1: 0.9908; weighted_F1: 0.9286
2026-01-29 22:27:50,341 - INFO - temporal_CdAccuracy: 0.7578; temporal_PA: 0.9272; temporal_UA: 0.9312; temporal_F1: 0.9292
2026-01-29 22:27:50,341 - INFO - Confusion Matrix
 [11655.	  443.	    0.	    0.	    0.]
 [  298.	20163.	   10.	    0.	    0.]
 [    0.	  107.	   24.	    0.	    0.]
 [    0.	    0.	    0.	    0.	    0.]
 [    0.	    0.	    0.	    0.	    0.]
2026-01-29 22:27:50,341 - INFO - Change Type PA (Recall) Matrix
 [[0.    	0.9465	0.    	0.    	0.    ]
 [0.8944	0.    	0.4   	0.    	0.    ]
 [0.    	0.    	0.    	0.    	0.    ]
 [0.    	0.    	0.    	0.    	0.    ]
 [0.    	0.    	0.    	0.    	0.    ]]
2026-01-29 22:27:50,341 - INFO - Change Type UA (Precision) Matrix
 [[0.    	0.9518	0.    	0.    	0.    ]
 [0.9028	0.    	0.6667	0.    	0.    ]
 [0.    	0.    	0.    	0.    	0.    ]
 [0.    	0.    	0.    	0.    	0.    ]
 [0.    	0.    	0.    	0.    	0.    ]]
2026-01-29 22:27:50,341 - INFO - Change Type F1 Matrix
 [[0.    	0.9492	0.    	0.    	0.    ]
 [0.8986	0.    	0.5   	0.    	0.    ]
 [0.    	0.    	0.    	0.    	0.    ]
 [0.    	0.    	0.    	0.    	0.    ]
 [0.    	0.    	0.    	0.    	0.    ]]
2026-01-29 22:27:50,341 - INFO - Epoch 0 saved.
