2026-01-29 22:27:50,505 - INFO - Epoch 0, Train loss: 0.0
2026-01-29 22:27:50,506 - INFO - mIoU: 0.9017; OA: 0.9635; AA: 0.9421; F1: 0.948; Kappa: 0.933;
2026-01-29 22:27:50,506 - INFO - spatial_LccAccuracy: 0.7321; spatial_PA: 1.0; spatial_UA: 1.0; spatial_F1: 1.0; weighted_F1: 0.8752
2026-01-29 22:27:50,506 - INFO - temporal_CdAccuracy: 0.7321; temporal_PA: 0.8941; temporal_UA: 0.8653; temporal_F1: 0.8794
2026-01-29 22:27:50,506 - INFO - Confusion Matrix
 [6969.	 201.	   0.	   1.	   0.]
 [ 196.	5288.	  46.	   0.	   0.]
 [   0.	  31.	 576.	   1.	   0.]
 [   0.	   1.	  13.	 117.	   0.]
 [   0.	   0.	   0.	   0.	   0.]
2026-01-29 22:27:50,506 - INFO - Change Type PA (Recall) Matrix
 [[0.    	0.9278	0.5   	1.    	0.    ]
 [0.913 	0.    	0.7632	0.    	0.    ]
 [0.    	1.    	0.    	0.    	0.    ]
 [0.    	0.    	0.    	0.    	0.    ]
 [0.    	0.    	0.    	0.    	0.    ]]
2026-01-29 22:27:50,506 - INFO - Change Type UA (Precision) Matrix
 [[0.    	0.8978	0.5   	1.    	0.    ]
 [0.6885	0.    	0.8056	0.    	0.    ]
 [0.    	0.7917	0.    	0.    	0.    ]
 [0.    	0.    	0.    	0.    	0.    ]
 [0.    	0.    	0.    	0.    	0.    ]]
2026-01-29 22:27:50,506 - INFO - Change Type F1 Matrix
 [[0.    	0.9126	0.5   	1.    	0.    ]
 [0.785 	0.    	0.7838	0.    	0.    ]
 [0.    	0.8837	0.    	0.    	0.    ]
 [0.    	0.    	0.    	0.    	0.    ]
 [0.    	0.    	0.    	0.    	0.    ]]
2026-01-29 22:27:50,506 - INFO - Epoch 0 saved.
