2026-01-29 22:28:12,744 - INFO - Epoch 0, Train loss: 0.0
2026-01-29 22:28:12,744 - INFO - mIoU: 0.6265; OA: 0.9458; AA: 0.8844; F1: 0.9071; Kappa: 0.8967;
2026-01-29 22:28:12,744 - INFO - spatial_LccAccuracy: 0.7054; spatial_PA: 0.7632; spatial_UA: 0.9732; spatial_F1: 0.8555; weighted_F1: 0.8655
2026-01-29 22:28:12,744 - INFO - temporal_CdAccuracy: 0.7073; temporal_PA: 0.8815; temporal_UA: 0.8103; temporal_F1: 0.8444
2026-01-29 22:28:12,744 - INFO - Confusion Matrix
 [13815.	  425.	    0.	    0.	   41.]
 [  984.	15708.	   13.	    0.	   26.]
 [    0.	    0.	    0.	    0.	    0.]
 [    0.	    0.	    0.	    0.	    0.]
 [   33.	  212.	    0.	    0.	  723.]
2026-01-29 22:28:12,744 - INFO - Change Type PA (Recall) Matrix
 [[0.    	0.9595	0.    	0.    	0.    ]
 [0.4545	0.    	0.    	0.    	0.8   ]
 [0.    	0.    	0.    	0.    	0.    ]
 [0.    	0.    	0.    	0.    	0.    ]
 [0.    	0.    	0.    	0.    	0.    ]]
2026-01-29 22:28:12,744 - INFO - Change Type UA (Precision) Matrix
 [[0.    	0.8475	0.    	0.    	0.    ]
 [0.1429	0.    	0.    	0.    	0.8627]
 [0.    	0.    	0.    	0.    	0.    ]
 [0.    	0.    	0.    	0.    	0.    ]
 [0.    	0.    	0.    	0.    	0.    ]]
2026-01-29 22:28:12,744 - INFO - Change Type F1 Matrix
 [[0.    	0.9   	0.    	0.    	0.    ]
 [0.2174	0.    	0.    	0.    	0.8302]
 [0.    	0.    	0.    	0.    	0.    ]
 [0.    	0.    	0.    	0.    	0.    ]
 [0.    	0.    	0.    	0.    	0.    ]]
2026-01-29 22:28:12,746 - INFO - Epoch 0 saved.
