2026-01-29 22:28:13,269 - INFO - Epoch 0, Train loss: 0.0
2026-01-29 22:28:13,270 - INFO - mIoU: 0.7611; OA: 0.9754; AA: 0.9768; F1: 0.9748; Kappa: 0.9548;
2026-01-29 22:28:13,270 - INFO - spatial_LccAccuracy: 0.7991; spatial_PA: 1.0; spatial_UA: 1.0; spatial_F1: 1.0; weighted_F1: 0.8953
2026-01-29 22:28:13,270 - INFO - temporal_CdAccuracy: 0.7991; temporal_PA: 0.9283; temporal_UA: 0.8899; temporal_F1: 0.9087
2026-01-29 22:28:13,270 - INFO - Confusion Matrix
 [7016.	 154.	   0.	   1.	   0.]
 [ 116.	5381.	  32.	   0.	   1.]
 [   0.	  27.	 581.	   0.	   0.]
 [   0.	   0.	   0.	 131.	   0.]
 [   0.	   0.	   0.	   0.	   0.]
2026-01-29 22:28:13,270 - INFO - Change Type PA (Recall) Matrix
 [[0.    	0.9611	0.5   	1.    	0.    ]
 [0.9348	0.    	0.8158	0.    	0.    ]
 [0.    	1.    	0.    	0.    	0.    ]
 [0.    	0.    	0.    	0.    	0.    ]
 [0.    	0.    	0.    	0.    	0.    ]]
2026-01-29 22:28:13,270 - INFO - Change Type UA (Precision) Matrix
 [[0.    	0.901 	1.    	1.    	0.    ]
 [0.7049	0.    	0.8158	0.    	0.    ]
 [0.    	0.8261	0.    	0.    	0.    ]
 [0.    	0.    	0.    	0.    	0.    ]
 [0.    	0.    	0.    	0.    	0.    ]]
2026-01-29 22:28:13,270 - INFO - Change Type F1 Matrix
 [[0.    	0.9301	0.6667	1.    	0.    ]
 [0.8037	0.    	0.8158	0.    	0.    ]
 [0.    	0.9048	0.    	0.    	0.    ]
 [0.    	0.    	0.    	0.    	0.    ]
 [0.    	0.    	0.    	0.    	0.    ]]
2026-01-29 22:28:13,270 - INFO - Epoch 0 saved.
