2026-01-29 22:27:56,313 - INFO - Epoch 0, Train loss: 0.0
2026-01-29 22:27:56,313 - INFO - mIoU: 0.9166; OA: 0.9745; AA: 0.9571; F1: 0.9555; Kappa: 0.9563;
2026-01-29 22:27:56,313 - INFO - spatial_LccAccuracy: 0.782; spatial_PA: 0.9518; spatial_UA: 0.9847; spatial_F1: 0.968; weighted_F1: 0.8535
2026-01-29 22:27:56,313 - INFO - temporal_CdAccuracy: 0.7878; temporal_PA: 0.9269; temporal_UA: 0.8963; temporal_F1: 0.9113
2026-01-29 22:27:56,313 - INFO - Confusion Matrix
 [77427.	 1280.	   11.	   44.	  102.]
 [ 1578.	58327.	  224.	   84.	   49.]
 [    3.	  367.	 2679.	    2.	    0.]
 [    5.	   33.	    0.	 1473.	    4.]
 [    6.	  157.	    1.	    2.	11122.]
2026-01-29 22:27:56,313 - INFO - Change Type PA (Recall) Matrix
 [[0.    	0.9181	0.876 	0.9228	0.    ]
 [0.8293	0.    	0.4892	0.    	0.7091]
 [0.    	0.9268	0.    	0.    	0.    ]
 [0.    	0.9697	0.    	0.    	0.    ]
 [0.    	0.    	0.    	0.    	0.    ]]
2026-01-29 22:27:56,313 - INFO - Change Type UA (Precision) Matrix
 [[0.    	0.878 	0.9113	0.8157	0.    ]
 [0.7306	0.    	0.6071	0.    	0.6842]
 [0.    	0.4935	0.    	0.    	0.    ]
 [0.    	0.96  	0.    	0.    	0.    ]
 [0.    	0.    	0.    	0.    	0.    ]]
2026-01-29 22:27:56,314 - INFO - Change Type F1 Matrix
 [[0.    	0.8976	0.8933	0.8659	0.    ]
 [0.7768	0.    	0.5418	0.    	0.6964]
 [0.    	0.6441	0.    	0.    	0.    ]
 [0.    	0.9648	0.    	0.    	0.    ]
 [0.    	0.    	0.    	0.    	0.    ]]
2026-01-29 22:27:56,314 - INFO - Epoch 0 saved.
