2026-01-29 22:27:55,026 - INFO - Epoch 0, Train loss: 0.0
2026-01-29 22:27:55,028 - INFO - mIoU: 0.9105; OA: 0.9742; AA: 0.9422; F1: 0.9523; Kappa: 0.9557;
2026-01-29 22:27:55,028 - INFO - spatial_LccAccuracy: 0.7929; spatial_PA: 0.9549; spatial_UA: 0.9874; spatial_F1: 0.9708; weighted_F1: 0.8593
2026-01-29 22:27:55,028 - INFO - temporal_CdAccuracy: 0.8022; temporal_PA: 0.9313; temporal_UA: 0.9016; temporal_F1: 0.9162
2026-01-29 22:27:55,028 - INFO - Confusion Matrix
 [77407.	 1346.	    1.	   40.	   70.]
 [ 1526.	58610.	   84.	   31.	   11.]
 [    6.	  416.	 2629.	    0.	    0.]
 [   14.	   94.	    0.	 1404.	    3.]
 [  111.	  177.	    8.	   60.	10932.]
2026-01-29 22:27:55,028 - INFO - Change Type PA (Recall) Matrix
 [[0.    	0.9413	0.8062	0.8958	0.    ]
 [0.8593	0.    	0.5324	0.    	0.1455]
 [0.    	0.9268	0.    	0.    	0.    ]
 [0.    	0.9697	0.    	0.    	0.    ]
 [0.    	0.    	0.    	0.    	0.    ]]
2026-01-29 22:27:55,028 - INFO - Change Type UA (Precision) Matrix
 [[0.    	0.8802	0.972 	0.8923	0.    ]
 [0.7123	0.    	0.6667	0.    	0.5   ]
 [0.    	0.8636	0.    	0.    	0.    ]
 [0.    	0.9143	0.    	0.    	0.    ]
 [0.    	0.    	0.    	0.    	0.    ]]
2026-01-29 22:27:55,028 - INFO - Change Type F1 Matrix
 [[0.    	0.9097	0.8814	0.894 	0.    ]
 [0.7789	0.    	0.592 	0.    	0.2254]
 [0.    	0.8941	0.    	0.    	0.    ]
 [0.    	0.9412	0.    	0.    	0.    ]
 [0.    	0.    	0.    	0.    	0.    ]]
2026-01-29 22:27:55,028 - INFO - Epoch 0 saved.
