2026-01-29 22:27:53,839 - INFO - Epoch 0, Train loss: 0.0
2026-01-29 22:27:53,839 - INFO - mIoU: 0.9195; OA: 0.975; AA: 0.9463; F1: 0.9573; Kappa: 0.957;
2026-01-29 22:27:53,839 - INFO - spatial_LccAccuracy: 0.7998; spatial_PA: 0.9494; spatial_UA: 0.985; spatial_F1: 0.9669; weighted_F1: 0.8746
2026-01-29 22:27:53,839 - INFO - temporal_CdAccuracy: 0.806; temporal_PA: 0.9309; temporal_UA: 0.908; temporal_F1: 0.9193
2026-01-29 22:27:53,839 - INFO - Confusion Matrix
 [77450.	 1327.	    1.	   29.	   57.]
 [ 1575.	58550.	   93.	   23.	   21.]
 [   10.	  412.	 2629.	    0.	    0.]
 [   14.	   81.	    0.	 1420.	    0.]
 [   21.	  169.	   23.	   24.	11051.]
2026-01-29 22:27:53,839 - INFO - Change Type PA (Recall) Matrix
 [[0.    	0.9435	0.814 	0.9228	0.    ]
 [0.8405	0.    	0.5683	0.    	0.6182]
 [0.    	0.9512	0.    	0.    	0.    ]
 [0.    	0.9596	0.    	0.    	0.    ]
 [0.    	0.    	0.    	0.    	0.    ]]
2026-01-29 22:27:53,839 - INFO - Change Type UA (Precision) Matrix
 [[0.    	0.8871	0.9906	0.8985	0.    ]
 [0.7593	0.    	0.627 	0.    	0.7391]
 [0.    	0.7647	0.    	0.    	0.    ]
 [0.    	0.9135	0.    	0.    	0.    ]
 [0.    	0.    	0.    	0.    	0.    ]]
2026-01-29 22:27:53,841 - INFO - Change Type F1 Matrix
 [[0.    	0.9144	0.8936	0.9105	0.    ]
 [0.7979	0.    	0.5962	0.    	0.6733]
 [0.    	0.8478	0.    	0.    	0.    ]
 [0.    	0.936 	0.    	0.    	0.    ]
 [0.    	0.    	0.    	0.    	0.    ]]
2026-01-29 22:27:53,841 - INFO - Epoch 0 saved.
