2026-01-29 22:27:57,612 - INFO - Epoch 0, Train loss: 0.0
2026-01-29 22:27:57,612 - INFO - mIoU: 0.9276; OA: 0.9762; AA: 0.9534; F1: 0.9618; Kappa: 0.9591;
2026-01-29 22:27:57,612 - INFO - spatial_LccAccuracy: 0.808; spatial_PA: 0.965; spatial_UA: 0.9893; spatial_F1: 0.977; weighted_F1: 0.882
2026-01-29 22:27:57,612 - INFO - temporal_CdAccuracy: 0.8157; temporal_PA: 0.9334; temporal_UA: 0.9052; temporal_F1: 0.9191
2026-01-29 22:27:57,612 - INFO - Confusion Matrix
 [77595.	 1152.	    1.	   32.	   84.]
 [ 1538.	58543.	  121.	   29.	   31.]
 [    4.	  389.	 2658.	    0.	    0.]
 [    6.	   41.	    0.	 1460.	    8.]
 [   29.	  231.	    0.	    0.	11028.]
2026-01-29 22:27:57,613 - INFO - Change Type PA (Recall) Matrix
 [[0.    	0.9451	0.8837	0.9112	0.    ]
 [0.878 	0.    	0.5396	0.    	0.6364]
 [0.    	0.9268	0.    	0.    	0.    ]
 [0.    	0.9697	0.    	0.    	0.    ]
 [0.    	0.    	0.    	0.    	0.    ]]
2026-01-29 22:27:57,613 - INFO - Change Type UA (Precision) Matrix
 [[0.    	0.8954	0.9828	0.8939	0.    ]
 [0.7573	0.    	0.7009	0.    	0.625 ]
 [0.    	0.7755	0.    	0.    	0.    ]
 [0.    	0.9697	0.    	0.    	0.    ]
 [0.    	0.    	0.    	0.    	0.    ]]
2026-01-29 22:27:57,613 - INFO - Change Type F1 Matrix
 [[0.    	0.9196	0.9306	0.9025	0.    ]
 [0.8132	0.    	0.6098	0.    	0.6306]
 [0.    	0.8444	0.    	0.    	0.    ]
 [0.    	0.9697	0.    	0.    	0.    ]
 [0.    	0.    	0.    	0.    	0.    ]]
2026-01-29 22:27:57,613 - INFO - Epoch 0 saved.
