2026-03-19 14:43:47,568 - INFO - Epoch 0, Train loss: 0.0
2026-03-19 14:43:47,568 - INFO - mIoU: 0.6646; OA: 0.9534; AA: 0.9346; F1: 0.905; cls_weighted_F1: 0.9541; Kappa: 0.9131;
2026-03-19 14:43:47,569 - INFO - spatial_LccAccuracy: 0.7513; spatial_PA: 0.8158; spatial_UA: 0.9805; spatial_F1: 0.8906; weighted_F1: 0.8904
2026-03-19 14:43:47,569 - INFO - temporal_CdAccuracy: 0.753; temporal_PA: 0.9166; temporal_UA: 0.8637; temporal_F1: 0.8893
2026-03-19 14:43:47,570 - INFO - Confusion Matrix
 [15098.	  452.	    6.	    2.	   67.]
 [  774.	16686.	   86.	    6.	   62.]
 [    0.	    8.	  285.	    0.	    0.]
 [    0.	    0.	    0.	    0.	    0.]
 [    7.	  100.	    4.	   32.	  825.]
2026-03-19 14:43:47,571 - INFO - Change Type PA (Recall) Matrix
 [[0.    	0.953 	0.    	0.    	0.    ]
 [0.4091	0.    	1.    	0.    	0.8   ]
 [0.    	1.    	0.    	0.    	0.    ]
 [0.    	0.    	0.    	0.    	0.    ]
 [0.    	0.    	0.    	0.    	0.    ]]
2026-03-19 14:43:47,572 - INFO - Change Type UA (Precision) Matrix
 [[0.    	0.8838	0.    	0.    	0.    ]
 [0.2   	0.    	0.875 	0.    	0.8   ]
 [0.    	0.9333	0.    	0.    	0.    ]
 [0.    	0.    	0.    	0.    	0.    ]
 [0.    	0.    	0.    	0.    	0.    ]]
2026-03-19 14:43:47,573 - INFO - Change Type F1 Matrix
 [[0.    	0.9171	0.    	0.    	0.    ]
 [0.2687	0.    	0.9333	0.    	0.8   ]
 [0.    	0.9655	0.    	0.    	0.    ]
 [0.    	0.    	0.    	0.    	0.    ]
 [0.    	0.    	0.    	0.    	0.    ]]
2026-03-19 14:43:47,573 - INFO - Epoch 0 saved.
