2026-03-19 14:43:47,638 - INFO - Epoch 0, Train loss: 0.0
2026-03-19 14:43:47,638 - INFO - mIoU: 0.9645; OA: 0.9897; AA: 0.9822; F1: 0.9818; cls_weighted_F1: 0.9897; Kappa: 0.981;
2026-03-19 14:43:47,638 - INFO - spatial_LccAccuracy: 0.9206; spatial_PA: 1.0; spatial_UA: 1.0; spatial_F1: 1.0; weighted_F1: 0.9811
2026-03-19 14:43:47,638 - INFO - temporal_CdAccuracy: 0.9206; temporal_PA: 0.936; temporal_UA: 0.9306; temporal_F1: 0.9333
2026-03-19 14:43:47,638 - INFO - Confusion Matrix
 [1538.	  49.	   0.	   0.	   0.]
 [  29.	1264.	   0.	   0.	   0.]
 [   0.	   0.	   0.	   0.	   0.]
 [   0.	   0.	   0.	   0.	   0.]
 [   0.	   0.	   0.	   0.	4680.]
2026-03-19 14:43:47,639 - INFO - Change Type PA (Recall) Matrix
 [[0.    	0.9792	0.    	0.    	0.    ]
 [1.    	0.    	0.    	0.    	0.    ]
 [0.    	0.    	0.    	0.    	0.    ]
 [0.    	0.    	0.    	0.    	0.    ]
 [0.    	0.    	0.    	0.    	0.    ]]
2026-03-19 14:43:47,639 - INFO - Change Type UA (Precision) Matrix
 [[0.    	0.9792	0.    	0.    	0.    ]
 [0.9688	0.    	0.    	0.    	0.    ]
 [0.    	0.    	0.    	0.    	0.    ]
 [0.    	0.    	0.    	0.    	0.    ]
 [0.    	0.    	0.    	0.    	0.    ]]
2026-03-19 14:43:47,639 - INFO - Change Type F1 Matrix
 [[0.    	0.9792	0.    	0.    	0.    ]
 [0.9841	0.    	0.    	0.    	0.    ]
 [0.    	0.    	0.    	0.    	0.    ]
 [0.    	0.    	0.    	0.    	0.    ]
 [0.    	0.    	0.    	0.    	0.    ]]
2026-03-19 14:43:47,639 - INFO - Epoch 0 saved.
