2026-03-19 14:43:47,952 - INFO - Epoch 0, Train loss: 0.0
2026-03-19 14:43:47,952 - INFO - mIoU: 0.9061; OA: 0.9896; AA: 0.9883; F1: 0.9469; cls_weighted_F1: 0.9897; Kappa: 0.9818;
2026-03-19 14:43:47,952 - INFO - spatial_LccAccuracy: 0.9127; spatial_PA: 0.986; spatial_UA: 0.9927; spatial_F1: 0.9893; weighted_F1: 0.9238
2026-03-19 14:43:47,953 - INFO - temporal_CdAccuracy: 0.9155; temporal_PA: 0.9702; temporal_UA: 0.9518; temporal_F1: 0.9609
2026-03-19 14:43:47,953 - INFO - Confusion Matrix
 [24716.	   90.	    0.	    7.	    0.]
 [  221.	12660.	  101.	    2.	    0.]
 [   16.	   12.	  914.	    0.	    0.]
 [    0.	    0.	    0.	   21.	    0.]
 [    0.	    0.	    0.	    0.	 4560.]
2026-03-19 14:43:47,953 - INFO - Change Type PA (Recall) Matrix
 [[0.    	0.9454	0.9756	1.    	0.    ]
 [0.9178	0.    	0.8904	0.    	0.    ]
 [0.    	0.5   	0.    	0.    	0.    ]
 [0.    	0.    	0.    	0.    	0.    ]
 [0.    	0.    	0.    	0.    	0.    ]]
2026-03-19 14:43:47,953 - INFO - Change Type UA (Precision) Matrix
 [[0.    	0.9537	0.7143	0.7778	0.    ]
 [0.8272	0.    	0.9028	0.    	0.    ]
 [0.    	0.1111	0.    	0.    	0.    ]
 [0.    	0.    	0.    	0.    	0.    ]
 [0.    	0.    	0.    	0.    	0.    ]]
2026-03-19 14:43:47,954 - INFO - Change Type F1 Matrix
 [[0.    	0.9496	0.8247	0.875 	0.    ]
 [0.8701	0.    	0.8966	0.    	0.    ]
 [0.    	0.1818	0.    	0.    	0.    ]
 [0.    	0.    	0.    	0.    	0.    ]
 [0.    	0.    	0.    	0.    	0.    ]]
2026-03-19 14:43:47,954 - INFO - Epoch 0 saved.
