2026-03-19 14:43:48,236 - INFO - Epoch 0, Train loss: 0.0
2026-03-19 14:43:48,237 - INFO - mIoU: 0.8511; OA: 0.9804; AA: 0.9181; F1: 0.9108; cls_weighted_F1: 0.9804; Kappa: 0.9601;
2026-03-19 14:43:48,237 - INFO - spatial_LccAccuracy: 0.8284; spatial_PA: 1.0; spatial_UA: 1.0; spatial_F1: 1.0; weighted_F1: 0.9501
2026-03-19 14:43:48,237 - INFO - temporal_CdAccuracy: 0.8284; temporal_PA: 0.9558; temporal_UA: 0.9478; temporal_F1: 0.9518
2026-03-19 14:43:48,238 - INFO - Confusion Matrix
 [14519.	  283.	    0.	    0.	    0.]
 [  276.	21212.	   91.	    0.	    0.]
 [    0.	   71.	  268.	    0.	    0.]
 [    0.	    0.	    0.	    0.	    0.]
 [    0.	    0.	    0.	    0.	    0.]
2026-03-19 14:43:48,238 - INFO - Change Type PA (Recall) Matrix
 [[0.    	0.9717	0.    	0.    	0.    ]
 [0.9589	0.    	0.9273	0.    	0.    ]
 [0.    	0.375 	0.    	0.    	0.    ]
 [0.    	0.    	0.    	0.    	0.    ]
 [0.    	0.    	0.    	0.    	0.    ]]
2026-03-19 14:43:48,239 - INFO - Change Type UA (Precision) Matrix
 [[0.    	0.9646	0.    	0.    	0.    ]
 [0.9284	0.    	0.8644	0.    	0.    ]
 [0.    	0.375 	0.    	0.    	0.    ]
 [0.    	0.    	0.    	0.    	0.    ]
 [0.    	0.    	0.    	0.    	0.    ]]
2026-03-19 14:43:48,239 - INFO - Change Type F1 Matrix
 [[0.    	0.9682	0.    	0.    	0.    ]
 [0.9434	0.    	0.8947	0.    	0.    ]
 [0.    	0.375 	0.    	0.    	0.    ]
 [0.    	0.    	0.    	0.    	0.    ]
 [0.    	0.    	0.    	0.    	0.    ]]
2026-03-19 14:43:48,239 - INFO - Epoch 0 saved.
