2026-03-19 14:43:48,421 - INFO - Epoch 0, Train loss: 0.0
2026-03-19 14:43:48,421 - INFO - mIoU: 0.7296; OA: 0.9957; AA: 0.988; F1: 0.9861; cls_weighted_F1: 0.9957; Kappa: 0.9862;
2026-03-19 14:43:48,421 - INFO - spatial_LccAccuracy: 0.9106; spatial_PA: 1.0; spatial_UA: 1.0; spatial_F1: 1.0; weighted_F1: 0.9522
2026-03-19 14:43:48,422 - INFO - temporal_CdAccuracy: 0.9295; temporal_PA: 0.997; temporal_UA: 0.969; temporal_F1: 0.9828
2026-03-19 14:43:48,422 - INFO - Confusion Matrix
 [18108.	   11.	    1.	    4.	    0.]
 [   21.	 2698.	    0.	   43.	    0.]
 [    0.	    0.	    0.	    0.	    0.]
 [    1.	   14.	    0.	 1239.	    0.]
 [    0.	    0.	    0.	    0.	    0.]
2026-03-19 14:43:48,423 - INFO - Change Type PA (Recall) Matrix
 [[0.    	0.9204	0.    	0.959 	0.    ]
 [0.8571	0.    	0.    	0.    	0.    ]
 [0.    	0.    	0.    	0.    	0.    ]
 [0.    	0.9911	0.    	0.    	0.    ]
 [0.    	0.    	0.    	0.    	0.    ]]
2026-03-19 14:43:48,423 - INFO - Change Type UA (Precision) Matrix
 [[0.    	0.9369	0.    	0.9444	0.    ]
 [0.75  	0.    	0.    	0.    	0.    ]
 [0.    	0.    	0.    	0.    	0.    ]
 [0.    	0.9823	0.    	0.    	0.    ]
 [0.    	0.    	0.    	0.    	0.    ]]
2026-03-19 14:43:48,424 - INFO - Change Type F1 Matrix
 [[0.    	0.9286	0.    	0.9517	0.    ]
 [0.8   	0.    	0.    	0.    	0.    ]
 [0.    	0.    	0.    	0.    	0.    ]
 [0.    	0.9867	0.    	0.    	0.    ]
 [0.    	0.    	0.    	0.    	0.    ]]
2026-03-19 14:43:48,424 - INFO - Epoch 0 saved.
