2026-03-19 14:43:48,538 - INFO - Epoch 0, Train loss: 0.0
2026-03-19 14:43:48,538 - INFO - mIoU: 0.9488; OA: 0.9717; AA: 0.9735; F1: 0.9736; cls_weighted_F1: 0.9718; Kappa: 0.9525;
2026-03-19 14:43:48,538 - INFO - spatial_LccAccuracy: 0.7739; spatial_PA: 0.9717; spatial_UA: 0.9917; spatial_F1: 0.9816; weighted_F1: 0.8859
2026-03-19 14:43:48,539 - INFO - temporal_CdAccuracy: 0.7739; temporal_PA: 0.9355; temporal_UA: 0.8868; temporal_F1: 0.9105
2026-03-19 14:43:48,539 - INFO - Confusion Matrix
 [5979.	 178.	   3.	   5.	   0.]
 [ 119.	5983.	  37.	   0.	   0.]
 [   1.	  43.	1037.	   0.	   0.]
 [   2.	   2.	   0.	 411.	   0.]
 [   0.	   0.	   0.	   0.	   0.]
2026-03-19 14:43:48,540 - INFO - Change Type PA (Recall) Matrix
 [[0.    	0.9583	0.    	0.9744	0.    ]
 [0.9516	0.    	0.7931	0.    	0.    ]
 [1.    	0.9512	0.    	0.    	0.    ]
 [0.    	0.    	0.    	0.    	0.    ]
 [0.    	0.    	0.    	0.    	0.    ]]
2026-03-19 14:43:48,541 - INFO - Change Type UA (Precision) Matrix
 [[0.    	0.8679	0.    	0.9744	0.    ]
 [0.7284	0.    	0.7188	0.    	0.    ]
 [1.    	0.8864	0.    	0.    	0.    ]
 [0.    	0.    	0.    	0.    	0.    ]
 [0.    	0.    	0.    	0.    	0.    ]]
2026-03-19 14:43:48,542 - INFO - Change Type F1 Matrix
 [[0.    	0.9109	0.    	0.9744	0.    ]
 [0.8252	0.    	0.7541	0.    	0.    ]
 [1.    	0.9176	0.    	0.    	0.    ]
 [0.    	0.    	0.    	0.    	0.    ]
 [0.    	0.    	0.    	0.    	0.    ]]
2026-03-19 14:43:48,542 - INFO - Epoch 0 saved.
