2026-03-19 14:45:17,219 - INFO - Epoch 0, Train loss: 0.0
2026-03-19 14:45:17,219 - INFO - mIoU: 0.865; OA: 0.9472; AA: 0.9146; F1: 0.9239; cls_weighted_F1: 0.9471; Kappa: 0.901;
2026-03-19 14:45:17,220 - INFO - spatial_LccAccuracy: 0.7096; spatial_PA: 0.7525; spatial_UA: 0.942; spatial_F1: 0.8366; weighted_F1: 0.8604
2026-03-19 14:45:17,220 - INFO - temporal_CdAccuracy: 0.7113; temporal_PA: 0.9015; temporal_UA: 0.8333; temporal_F1: 0.8661
2026-03-19 14:45:17,220 - INFO - Confusion Matrix
 [15018.	  515.	    0.	    0.	   92.]
 [  945.	16615.	    1.	    0.	   53.]
 [    0.	   10.	  283.	    0.	    0.]
 [    0.	    0.	    0.	    0.	    0.]
 [   22.	  183.	    0.	    0.	  763.]
2026-03-19 14:45:17,221 - INFO - Change Type PA (Recall) Matrix
 [[0.    	0.9432	0.    	0.    	0.    ]
 [0.5   	0.    	1.    	0.    	0.6182]
 [0.    	1.    	0.    	0.    	0.    ]
 [0.    	0.    	0.    	0.    	0.    ]
 [0.    	0.    	0.    	0.    	0.    ]]
2026-03-19 14:45:17,222 - INFO - Change Type UA (Precision) Matrix
 [[0.    	0.8383	0.    	0.    	0.    ]
 [0.1467	0.    	1.    	0.    	0.68  ]
 [0.    	1.    	0.    	0.    	0.    ]
 [0.    	0.    	0.    	0.    	0.    ]
 [0.    	0.    	0.    	0.    	0.    ]]
2026-03-19 14:45:17,222 - INFO - Change Type F1 Matrix
 [[0.    	0.8877	0.    	0.    	0.    ]
 [0.2268	0.    	1.    	0.    	0.6476]
 [0.    	1.    	0.    	0.    	0.    ]
 [0.    	0.    	0.    	0.    	0.    ]
 [0.    	0.    	0.    	0.    	0.    ]]
2026-03-19 14:45:17,224 - INFO - Epoch 0 saved.
