2026-03-19 14:45:17,294 - INFO - Epoch 0, Train loss: 0.0
2026-03-19 14:45:17,294 - INFO - mIoU: 0.9528; OA: 0.9861; AA: 0.9768; F1: 0.9755; cls_weighted_F1: 0.9861; Kappa: 0.9745;
2026-03-19 14:45:17,294 - INFO - spatial_LccAccuracy: 0.8492; spatial_PA: 1.0; spatial_UA: 1.0; spatial_F1: 1.0; weighted_F1: 0.9034
2026-03-19 14:45:17,294 - INFO - temporal_CdAccuracy: 0.8492; temporal_PA: 0.8907; temporal_UA: 0.8552; temporal_F1: 0.8726
2026-03-19 14:45:17,294 - INFO - Confusion Matrix
 [1505.	  82.	   0.	   0.	   0.]
 [  23.	1270.	   0.	   0.	   0.]
 [   0.	   0.	   0.	   0.	   0.]
 [   0.	   0.	   0.	   0.	   0.]
 [   0.	   0.	   0.	   0.	4680.]
2026-03-19 14:45:17,294 - INFO - Change Type PA (Recall) Matrix
 [[0.    	0.9167	0.    	0.    	0.    ]
 [1.    	0.    	0.    	0.    	0.    ]
 [0.    	0.    	0.    	0.    	0.    ]
 [0.    	0.    	0.    	0.    	0.    ]
 [0.    	0.    	0.    	0.    	0.    ]]
2026-03-19 14:45:17,295 - INFO - Change Type UA (Precision) Matrix
 [[0.    	0.88  	0.    	0.    	0.    ]
 [0.8378	0.    	0.    	0.    	0.    ]
 [0.    	0.    	0.    	0.    	0.    ]
 [0.    	0.    	0.    	0.    	0.    ]
 [0.    	0.    	0.    	0.    	0.    ]]
2026-03-19 14:45:17,295 - INFO - Change Type F1 Matrix
 [[0.    	0.898 	0.    	0.    	0.    ]
 [0.9118	0.    	0.    	0.    	0.    ]
 [0.    	0.    	0.    	0.    	0.    ]
 [0.    	0.    	0.    	0.    	0.    ]
 [0.    	0.    	0.    	0.    	0.    ]]
2026-03-19 14:45:17,296 - INFO - Epoch 0 saved.
