2026-03-19 14:45:17,686 - INFO - Epoch 0, Train loss: 0.0
2026-03-19 14:45:17,687 - INFO - mIoU: 0.9498; OA: 0.9896; AA: 0.9811; F1: 0.9737; cls_weighted_F1: 0.9896; Kappa: 0.9817;
2026-03-19 14:45:17,687 - INFO - spatial_LccAccuracy: 0.9183; spatial_PA: 0.976; spatial_UA: 0.9876; spatial_F1: 0.9818; weighted_F1: 0.9338
2026-03-19 14:45:17,687 - INFO - temporal_CdAccuracy: 0.9238; temporal_PA: 0.9749; temporal_UA: 0.957; temporal_F1: 0.9658
2026-03-19 14:45:17,688 - INFO - Confusion Matrix
 [24698.	  114.	    0.	    1.	    0.]
 [  219.	12713.	   51.	    1.	    0.]
 [   12.	   53.	  877.	    0.	    0.]
 [    0.	    0.	    0.	   21.	    0.]
 [    0.	    0.	    0.	    0.	 4560.]
2026-03-19 14:45:17,689 - INFO - Change Type PA (Recall) Matrix
 [[0.    	0.9738	0.8293	1.    	0.    ]
 [0.9178	0.    	0.9315	0.    	0.    ]
 [0.    	0.    	0.    	0.    	0.    ]
 [0.    	0.    	0.    	0.    	0.    ]
 [0.    	0.    	0.    	0.    	0.    ]]
2026-03-19 14:45:17,690 - INFO - Change Type UA (Precision) Matrix
 [[0.    	0.9389	0.85  	1.    	0.    ]
 [0.8701	0.    	0.8831	0.    	0.    ]
 [0.    	0.    	0.    	0.    	0.    ]
 [0.    	0.    	0.    	0.    	0.    ]
 [0.    	0.    	0.    	0.    	0.    ]]
2026-03-19 14:45:17,691 - INFO - Change Type F1 Matrix
 [[0.    	0.9561	0.8395	1.    	0.    ]
 [0.8933	0.    	0.9067	0.    	0.    ]
 [0.    	0.    	0.    	0.    	0.    ]
 [0.    	0.    	0.    	0.    	0.    ]
 [0.    	0.    	0.    	0.    	0.    ]]
2026-03-19 14:45:17,691 - INFO - Epoch 0 saved.
