2026-03-19 14:45:18,032 - INFO - Epoch 0, Train loss: 0.0
2026-03-19 14:45:18,033 - INFO - mIoU: 0.8333; OA: 0.9778; AA: 0.8616; F1: 0.8979; cls_weighted_F1: 0.9775; Kappa: 0.9547;
2026-03-19 14:45:18,033 - INFO - spatial_LccAccuracy: 0.7565; spatial_PA: 1.0; spatial_UA: 1.0; spatial_F1: 1.0; weighted_F1: 0.9326
2026-03-19 14:45:18,033 - INFO - temporal_CdAccuracy: 0.7565; temporal_PA: 0.9265; temporal_UA: 0.9404; temporal_F1: 0.9334
2026-03-19 14:45:18,033 - INFO - Confusion Matrix
 [14393.	  409.	    0.	    0.	    0.]
 [  253.	21300.	   26.	    0.	    0.]
 [    0.	  127.	  212.	    0.	    0.]
 [    0.	    0.	    0.	    0.	    0.]
 [    0.	    0.	    0.	    0.	    0.]
2026-03-19 14:45:18,033 - INFO - Change Type PA (Recall) Matrix
 [[0.    	0.9558	0.    	0.    	0.    ]
 [0.9151	0.    	0.6909	0.    	0.    ]
 [0.    	0.125 	0.    	0.    	0.    ]
 [0.    	0.    	0.    	0.    	0.    ]
 [0.    	0.    	0.    	0.    	0.    ]]
2026-03-19 14:45:18,033 - INFO - Change Type UA (Precision) Matrix
 [[0.    	0.9629	0.    	0.    	0.    ]
 [0.9304	0.    	1.    	0.    	0.    ]
 [0.    	0.5   	0.    	0.    	0.    ]
 [0.    	0.    	0.    	0.    	0.    ]
 [0.    	0.    	0.    	0.    	0.    ]]
2026-03-19 14:45:18,034 - INFO - Change Type F1 Matrix
 [[0.    	0.9593	0.    	0.    	0.    ]
 [0.9227	0.    	0.8172	0.    	0.    ]
 [0.    	0.2   	0.    	0.    	0.    ]
 [0.    	0.    	0.    	0.    	0.    ]
 [0.    	0.    	0.    	0.    	0.    ]]
2026-03-19 14:45:18,034 - INFO - Epoch 0 saved.
