2026-03-19 14:45:18,234 - INFO - Epoch 0, Train loss: 0.0
2026-03-19 14:45:18,235 - INFO - mIoU: 0.9652; OA: 0.9945; AA: 0.9793; F1: 0.9821; cls_weighted_F1: 0.9945; Kappa: 0.9823;
2026-03-19 14:45:18,236 - INFO - spatial_LccAccuracy: 0.9187; spatial_PA: 0.9902; spatial_UA: 0.9902; spatial_F1: 0.9902; weighted_F1: 0.9412
2026-03-19 14:45:18,236 - INFO - temporal_CdAccuracy: 0.981; temporal_PA: 0.9952; temporal_UA: 0.9929; temporal_F1: 0.994
2026-03-19 14:45:18,236 - INFO - Confusion Matrix
 [18083.	   37.	    0.	    4.	    0.]
 [    7.	 2751.	    0.	    4.	    0.]
 [    0.	    0.	    0.	    0.	    0.]
 [    4.	   66.	    0.	 1184.	    0.]
 [    0.	    0.	    0.	    0.	    0.]
2026-03-19 14:45:18,237 - INFO - Change Type PA (Recall) Matrix
 [[0.    	0.9823	0.    	0.8821	0.    ]
 [1.    	0.    	0.    	0.    	0.    ]
 [0.    	0.    	0.    	0.    	0.    ]
 [0.    	1.    	0.    	0.    	0.    ]
 [0.    	0.    	0.    	0.    	0.    ]]
2026-03-19 14:45:18,238 - INFO - Change Type UA (Precision) Matrix
 [[0.    	0.8284	0.    	0.9885	0.    ]
 [0.875 	0.    	0.    	0.    	0.    ]
 [0.    	0.    	0.    	0.    	0.    ]
 [0.    	1.    	0.    	0.    	0.    ]
 [0.    	0.    	0.    	0.    	0.    ]]
2026-03-19 14:45:18,238 - INFO - Change Type F1 Matrix
 [[0.    	0.8988	0.    	0.9322	0.    ]
 [0.9333	0.    	0.    	0.    	0.    ]
 [0.    	0.    	0.    	0.    	0.    ]
 [0.    	1.    	0.    	0.    	0.    ]
 [0.    	0.    	0.    	0.    	0.    ]]
2026-03-19 14:45:18,239 - INFO - Epoch 0 saved.
