2026-03-19 14:45:18,379 - INFO - Epoch 0, Train loss: 0.0
2026-03-19 14:45:18,380 - INFO - mIoU: 0.7366; OA: 0.9673; AA: 0.9487; F1: 0.9586; cls_weighted_F1: 0.9674; Kappa: 0.9449;
2026-03-19 14:45:18,380 - INFO - spatial_LccAccuracy: 0.6913; spatial_PA: 0.9717; spatial_UA: 0.9917; spatial_F1: 0.9816; weighted_F1: 0.8926
2026-03-19 14:45:18,380 - INFO - temporal_CdAccuracy: 0.6913; temporal_PA: 0.9145; temporal_UA: 0.8682; temporal_F1: 0.8908
2026-03-19 14:45:18,380 - INFO - Confusion Matrix
 [5968.	 182.	   1.	  12.	   2.]
 [ 124.	5994.	  21.	   0.	   0.]
 [   0.	  76.	1005.	   0.	   0.]
 [   1.	  26.	   6.	 382.	   0.]
 [   0.	   0.	   0.	   0.	   0.]
2026-03-19 14:45:18,381 - INFO - Change Type PA (Recall) Matrix
 [[0.    	0.9514	0.    	1.    	0.    ]
 [0.9677	0.    	0.6897	0.    	0.    ]
 [1.    	0.878 	0.    	0.    	0.    ]
 [0.    	0.    	0.    	0.    	0.    ]
 [0.    	0.    	0.    	0.    	0.    ]]
2026-03-19 14:45:18,382 - INFO - Change Type UA (Precision) Matrix
 [[0.    	0.8839	0.    	1.    	0.    ]
 [0.7792	0.    	0.8   	0.    	0.    ]
 [1.    	0.878 	0.    	0.    	0.    ]
 [0.    	0.    	0.    	0.    	0.    ]
 [0.    	0.    	0.    	0.    	0.    ]]
2026-03-19 14:45:18,382 - INFO - Change Type F1 Matrix
 [[0.    	0.9164	0.    	1.    	0.    ]
 [0.8633	0.    	0.7407	0.    	0.    ]
 [1.    	0.878 	0.    	0.    	0.    ]
 [0.    	0.    	0.    	0.    	0.    ]
 [0.    	0.    	0.    	0.    	0.    ]]
2026-03-19 14:45:18,382 - INFO - Epoch 0 saved.
