2026-02-22 20:07:34,799 - INFO - Epoch 0, Train loss: 0.0
2026-02-22 20:07:34,801 - INFO - mIoU: 0.9087; OA: 0.9733; AA: 0.9405; F1: 0.9503; cls_weighted_F1: 0.9732; Kappa: 0.9541;
2026-02-22 20:07:34,801 - INFO - spatial_LccAccuracy: 0.7721; spatial_PA: 0.9581; spatial_UA: 0.9878; spatial_F1: 0.9727; weighted_F1: 0.8529
2026-02-22 20:07:34,801 - INFO - temporal_CdAccuracy: 0.7751; temporal_PA: 0.9208; temporal_UA: 0.9012; temporal_F1: 0.9109
2026-02-22 20:07:34,801 - INFO - Confusion Matrix
 [80598.	 1192.	    2.	   22.	   36.]
 [ 1650.	59672.	  228.	   37.	    2.]
 [   12.	  686.	 2840.	    0.	    0.]
 [    5.	   27.	    0.	 1482.	    1.]
 [   60.	  274.	    0.	   28.	10926.]
2026-02-22 20:07:34,801 - INFO - Change Type PA (Recall) Matrix
 [[0.    	0.9437	0.9225	0.9344	0.    ]
 [0.818 	0.    	0.4612	0.    	0.7273]
 [0.    	0.4176	0.    	0.    	0.    ]
 [0.    	0.9091	0.    	0.    	0.    ]
 [0.    	0.    	0.    	0.    	0.    ]]
2026-02-22 20:07:34,801 - INFO - Change Type UA (Precision) Matrix
 [[0.    	0.881 	0.875 	0.9237	0.    ]
 [0.7195	0.    	0.7652	0.    	0.8511]
 [0.    	0.6333	0.    	0.    	0.    ]
 [0.    	0.8824	0.    	0.    	0.    ]
 [0.    	0.    	0.    	0.    	0.    ]]
2026-02-22 20:07:34,801 - INFO - Change Type F1 Matrix
 [[0.    	0.9113	0.8981	0.929 	0.    ]
 [0.7656	0.    	0.5755	0.    	0.7843]
 [0.    	0.5033	0.    	0.    	0.    ]
 [0.    	0.8955	0.    	0.    	0.    ]
 [0.    	0.    	0.    	0.    	0.    ]]
2026-02-22 20:07:34,801 - INFO - Epoch 0 saved.
