2026-02-22 20:07:36,452 - INFO - Epoch 0, Train loss: 0.0
2026-02-22 20:07:36,452 - INFO - mIoU: 0.9159; OA: 0.9746; AA: 0.947; F1: 0.9544; cls_weighted_F1: 0.9745; Kappa: 0.9564;
2026-02-22 20:07:36,452 - INFO - spatial_LccAccuracy: 0.7495; spatial_PA: 0.9705; spatial_UA: 0.9861; spatial_F1: 0.9782; weighted_F1: 0.8578
2026-02-22 20:07:36,452 - INFO - temporal_CdAccuracy: 0.7522; temporal_PA: 0.9114; temporal_UA: 0.892; temporal_F1: 0.9016
2026-02-22 20:07:36,452 - INFO - Confusion Matrix
 [80239.	 1513.	    3.	   43.	   52.]
 [ 1316.	59954.	  250.	   20.	   49.]
 [    1.	  627.	 2909.	    1.	    0.]
 [   28.	   11.	    0.	 1472.	    4.]
 [    1.	  140.	    0.	    2.	11145.]
2026-02-22 20:07:36,452 - INFO - Change Type PA (Recall) Matrix
 [[0.    	0.9262	0.8992	0.9459	0.    ]
 [0.8068	0.    	0.5388	0.    	0.8545]
 [0.    	0.6264	0.    	0.    	0.    ]
 [0.    	0.9293	0.    	0.    	0.    ]
 [0.    	0.    	0.    	0.    	0.    ]]
2026-02-22 20:07:36,452 - INFO - Change Type UA (Precision) Matrix
 [[0.    	0.893 	0.9355	0.9211	0.    ]
 [0.6804	0.    	0.7712	0.    	0.7344]
 [0.    	0.7037	0.    	0.    	0.    ]
 [0.    	0.9293	0.    	0.    	0.    ]
 [0.    	0.    	0.    	0.    	0.    ]]
2026-02-22 20:07:36,452 - INFO - Change Type F1 Matrix
 [[0.    	0.9093	0.917 	0.9333	0.    ]
 [0.7382	0.    	0.6344	0.    	0.7899]
 [0.    	0.6628	0.    	0.    	0.    ]
 [0.    	0.9293	0.    	0.    	0.    ]
 [0.    	0.    	0.    	0.    	0.    ]]
2026-02-22 20:07:36,452 - INFO - Epoch 0 saved.
