2026-02-22 20:07:30,298 - INFO - Epoch 0, Train loss: 0.0
2026-02-22 20:07:30,298 - INFO - mIoU: 0.9133; OA: 0.9736; AA: 0.9429; F1: 0.9527; cls_weighted_F1: 0.9734; Kappa: 0.9546;
2026-02-22 20:07:30,301 - INFO - spatial_LccAccuracy: 0.7814; spatial_PA: 0.959; spatial_UA: 0.988; spatial_F1: 0.9733; weighted_F1: 0.8623
2026-02-22 20:07:30,301 - INFO - temporal_CdAccuracy: 0.7852; temporal_PA: 0.924; temporal_UA: 0.9057; temporal_F1: 0.9148
2026-02-22 20:07:30,301 - INFO - Confusion Matrix
 [80789.	  957.	    1.	   53.	   50.]
 [ 1909.	59406.	  224.	    6.	   44.]
 [    4.	  696.	 2838.	    0.	    0.]
 [    7.	    8.	    1.	 1489.	   10.]
 [   18.	  224.	    4.	    3.	11039.]
2026-02-22 20:07:30,301 - INFO - Change Type PA (Recall) Matrix
 [[0.    	0.9479	0.8992	0.9344	0.    ]
 [0.8518	0.    	0.484 	0.    	0.7273]
 [0.    	0.4725	0.    	0.    	0.    ]
 [0.    	0.9293	0.    	0.    	0.    ]
 [0.    	0.    	0.    	0.    	0.    ]]
2026-02-22 20:07:30,301 - INFO - Change Type UA (Precision) Matrix
 [[0.    	0.8844	0.9508	0.8963	0.    ]
 [0.7443	0.    	0.7852	0.    	0.6154]
 [0.    	0.7963	0.    	0.    	0.    ]
 [0.    	0.902 	0.    	0.    	0.    ]
 [0.    	0.    	0.    	0.    	0.    ]]
2026-02-22 20:07:30,301 - INFO - Change Type F1 Matrix
 [[0.    	0.915 	0.9243	0.9149	0.    ]
 [0.7944	0.    	0.5989	0.    	0.6667]
 [0.    	0.5931	0.    	0.    	0.    ]
 [0.    	0.9154	0.    	0.    	0.    ]
 [0.    	0.    	0.    	0.    	0.    ]]
2026-02-22 20:07:30,301 - INFO - Epoch 0 saved.
