2026-02-22 20:07:33,222 - INFO - Epoch 0, Train loss: 0.0
2026-02-22 20:07:33,222 - INFO - mIoU: 0.9158; OA: 0.9738; AA: 0.9424; F1: 0.9539; cls_weighted_F1: 0.9736; Kappa: 0.955;
2026-02-22 20:07:33,222 - INFO - spatial_LccAccuracy: 0.7769; spatial_PA: 0.9564; spatial_UA: 0.9873; spatial_F1: 0.9716; weighted_F1: 0.865
2026-02-22 20:07:33,222 - INFO - temporal_CdAccuracy: 0.7799; temporal_PA: 0.9144; temporal_UA: 0.8974; temporal_F1: 0.9058
2026-02-22 20:07:33,222 - INFO - Confusion Matrix
 [80468.	 1278.	    2.	   41.	   61.]
 [ 1663.	59689.	  173.	   11.	   53.]
 [   14.	  728.	 2794.	    0.	    2.]
 [   11.	   13.	    3.	 1487.	    1.]
 [   20.	  109.	    1.	    0.	11158.]
2026-02-22 20:07:33,222 - INFO - Change Type PA (Recall) Matrix
 [[0.    	0.938 	0.9225	0.9537	0.    ]
 [0.8762	0.    	0.5297	0.    	0.7091]
 [0.    	0.4286	0.    	0.    	0.    ]
 [0.    	0.9495	0.    	0.    	0.    ]
 [0.    	0.    	0.    	0.    	0.    ]]
2026-02-22 20:07:33,222 - INFO - Change Type UA (Precision) Matrix
 [[0.    	0.8942	0.9675	0.9048	0.    ]
 [0.7119	0.    	0.7389	0.    	0.7358]
 [0.    	0.7647	0.    	0.    	0.    ]
 [0.    	0.9495	0.    	0.    	0.    ]
 [0.    	0.    	0.    	0.    	0.    ]]
2026-02-22 20:07:33,223 - INFO - Change Type F1 Matrix
 [[0.    	0.9156	0.9444	0.9286	0.    ]
 [0.7855	0.    	0.617 	0.    	0.7222]
 [0.    	0.5493	0.    	0.    	0.    ]
 [0.    	0.9495	0.    	0.    	0.    ]
 [0.    	0.    	0.    	0.    	0.    ]]
2026-02-22 20:07:33,223 - INFO - Epoch 0 saved.
