2026-02-22 20:07:31,722 - INFO - Epoch 0, Train loss: 0.0
2026-02-22 20:07:31,722 - INFO - mIoU: 0.9108; OA: 0.9734; AA: 0.9492; F1: 0.9515; cls_weighted_F1: 0.9733; Kappa: 0.9543;
2026-02-22 20:07:31,722 - INFO - spatial_LccAccuracy: 0.7803; spatial_PA: 0.952; spatial_UA: 0.9862; spatial_F1: 0.9688; weighted_F1: 0.847
2026-02-22 20:07:31,722 - INFO - temporal_CdAccuracy: 0.7841; temporal_PA: 0.9166; temporal_UA: 0.9017; temporal_F1: 0.9091
2026-02-22 20:07:31,722 - INFO - Confusion Matrix
 [80643.	 1076.	   34.	   61.	   36.]
 [ 1848.	59388.	  262.	   49.	   42.]
 [    6.	  598.	 2932.	    1.	    1.]
 [    7.	   10.	    0.	 1495.	    3.]
 [   41.	  164.	   10.	    2.	11071.]
2026-02-22 20:07:31,722 - INFO - Change Type PA (Recall) Matrix
 [[0.    	0.9339	0.9535	0.9266	0.    ]
 [0.8011	0.    	0.4703	0.    	0.7455]
 [0.    	0.4505	0.    	0.    	0.    ]
 [0.    	0.8889	0.    	0.    	0.    ]
 [0.    	0.    	0.    	0.    	0.    ]]
2026-02-22 20:07:31,722 - INFO - Change Type UA (Precision) Matrix
 [[0.    	0.8824	0.9044	0.8304	0.    ]
 [0.7337	0.    	0.7153	0.    	0.7193]
 [0.    	0.8039	0.    	0.    	0.    ]
 [0.    	0.8148	0.    	0.    	0.    ]
 [0.    	0.    	0.    	0.    	0.    ]]
2026-02-22 20:07:31,722 - INFO - Change Type F1 Matrix
 [[0.    	0.9074	0.9283	0.8759	0.    ]
 [0.7659	0.    	0.5675	0.    	0.7321]
 [0.    	0.5775	0.    	0.    	0.    ]
 [0.    	0.8502	0.    	0.    	0.    ]
 [0.    	0.    	0.    	0.    	0.    ]]
2026-02-22 20:07:31,722 - INFO - Epoch 0 saved.
