2026-01-29 17:03:59,382 - INFO - Epoch 0, Train loss: 0.0
2026-01-29 17:03:59,383 - INFO - mIoU: 0.6255; OA: 0.9498; AA: 0.8859; F1: 0.9052; Kappa: 0.9044;
2026-01-29 17:03:59,383 - INFO - spatial_LccAccuracy: 0.6792; spatial_PA: 0.807; spatial_UA: 0.9779; spatial_F1: 0.8843; weighted_F1: 0.8619
2026-01-29 17:03:59,383 - INFO - temporal_CdAccuracy: 0.6811; temporal_PA: 0.8659; temporal_UA: 0.8047; temporal_F1: 0.8342
2026-01-29 17:03:59,383 - INFO - Confusion Matrix
 [13703.	  510.	    0.	    0.	   68.]
 [  705.	15951.	   44.	    0.	   31.]
 [    0.	    0.	    0.	    0.	    0.]
 [    0.	    0.	    0.	    0.	    0.]
 [   14.	  233.	    0.	    0.	  721.]
2026-01-29 17:03:59,384 - INFO - Change Type PA (Recall) Matrix
 [[0.    	0.9638	0.    	0.    	0.    ]
 [0.3636	0.    	0.    	0.    	0.7273]
 [0.    	0.    	0.    	0.    	0.    ]
 [0.    	0.    	0.    	0.    	0.    ]
 [0.    	0.    	0.    	0.    	0.    ]]
2026-01-29 17:03:59,385 - INFO - Change Type UA (Precision) Matrix
 [[0.    	0.8626	0.    	0.    	0.    ]
 [0.1667	0.    	0.    	0.    	0.678 ]
 [0.    	0.    	0.    	0.    	0.    ]
 [0.    	0.    	0.    	0.    	0.    ]
 [0.    	0.    	0.    	0.    	0.    ]]
2026-01-29 17:03:59,385 - INFO - Change Type F1 Matrix
 [[0.    	0.9104	0.    	0.    	0.    ]
 [0.2286	0.    	0.    	0.    	0.7018]
 [0.    	0.    	0.    	0.    	0.    ]
 [0.    	0.    	0.    	0.    	0.    ]
 [0.    	0.    	0.    	0.    	0.    ]]
2026-01-29 17:03:59,386 - INFO - Epoch 0 saved.
