2026-01-22 16:52:29,685 - INFO - Epoch 0, Train loss: 0.0
2026-01-22 16:52:29,686 - INFO - mIoU: 0.7545; OA: 0.991; AA: 0.768; F1: 0.7752; Kappa: 0.9846;
2026-01-22 16:52:29,686 - INFO - spatial_LccAccuracy: 0.9213; spatial_PA: 1.0; spatial_UA: 1.0; spatial_F1: 1.0; weighted_F1: 0.9055
2026-01-22 16:52:29,686 - INFO - temporal_CdAccuracy: 0.9267; temporal_PA: 0.9655; temporal_UA: 0.9522; temporal_F1: 0.9588
2026-01-22 16:52:29,686 - INFO - Confusion Matrix
 [23233.	  128.	    3.	    0.	    0.]
 [  118.	15393.	   41.	    1.	    0.]
 [    4.	  103.	  636.	    0.	    0.]
 [    0.	    0.	    0.	    0.	    0.]
 [    1.	    0.	    0.	    0.	 4559.]
2026-01-22 16:52:29,687 - INFO - Change Type PA (Recall) Matrix
 [[0.    	0.9579	0.6364	0.    	0.    ]
 [0.8101	0.    	0.8684	0.    	0.    ]
 [0.    	0.    	0.    	0.    	0.    ]
 [0.    	0.    	0.    	0.    	0.    ]
 [0.    	0.    	0.    	0.    	0.    ]]
2026-01-22 16:52:29,688 - INFO - Change Type UA (Precision) Matrix
 [[0.    	0.9286	0.8235	0.    	0.    ]
 [0.8767	0.    	0.7174	0.    	0.    ]
 [0.    	0.    	0.    	0.    	0.    ]
 [0.    	0.    	0.    	0.    	0.    ]
 [0.    	0.    	0.    	0.    	0.    ]]
2026-01-22 16:52:29,689 - INFO - Change Type F1 Matrix
 [[0.    	0.943 	0.7179	0.    	0.    ]
 [0.8421	0.    	0.7857	0.    	0.    ]
 [0.    	0.    	0.    	0.    	0.    ]
 [0.    	0.    	0.    	0.    	0.    ]
 [0.    	0.    	0.    	0.    	0.    ]]
2026-01-22 16:52:29,689 - INFO - Epoch 0 saved.
