2026-02-22 20:07:08,782 - INFO - Epoch 0, Train loss: 0.0
2026-02-22 20:07:08,783 - INFO - mIoU: 0.9559; OA: 0.9929; AA: 0.9805; F1: 0.9772; cls_weighted_F1: 0.9929; Kappa: 0.9774;
2026-02-22 20:07:08,783 - INFO - spatial_LccAccuracy: 0.8541; spatial_PA: 0.9114; spatial_UA: 0.9721; spatial_F1: 0.9408; weighted_F1: 0.9015
2026-02-22 20:07:08,783 - INFO - temporal_CdAccuracy: 0.8892; temporal_PA: 0.9702; temporal_UA: 0.9503; temporal_F1: 0.9602
2026-02-22 20:07:08,783 - INFO - Confusion Matrix
 [18076.	   40.	    0.	   13.	    0.]
 [   24.	 2928.	    0.	   45.	    0.]
 [    0.	    0.	    0.	    0.	    0.]
 [    4.	   31.	    0.	 1039.	    0.]
 [    0.	    0.	    0.	    0.	    0.]
2026-02-22 20:07:08,783 - INFO - Change Type PA (Recall) Matrix
 [[0.    	0.8779	0.    	0.9294	0.    ]
 [0.5   	0.    	0.    	0.    	0.    ]
 [0.    	0.    	0.    	0.    	0.    ]
 [0.    	0.9681	0.    	0.    	0.    ]
 [0.    	0.    	0.    	0.    	0.    ]]
2026-02-22 20:07:08,783 - INFO - Change Type UA (Precision) Matrix
 [[0.    	0.92  	0.    	0.8316	0.    ]
 [0.4   	0.    	0.    	0.    	0.    ]
 [0.    	0.    	0.    	0.    	0.    ]
 [0.    	0.9681	0.    	0.    	0.    ]
 [0.    	0.    	0.    	0.    	0.    ]]
2026-02-22 20:07:08,783 - INFO - Change Type F1 Matrix
 [[0.    	0.8984	0.    	0.8778	0.    ]
 [0.4444	0.    	0.    	0.    	0.    ]
 [0.    	0.    	0.    	0.    	0.    ]
 [0.    	0.9681	0.    	0.    	0.    ]
 [0.    	0.    	0.    	0.    	0.    ]]
2026-02-22 20:07:08,783 - INFO - Epoch 0 saved.
