2026-01-22 16:52:30,371 - INFO - Epoch 0, Train loss: 0.0
2026-01-22 16:52:30,371 - INFO - mIoU: 0.7497; OA: 0.9706; AA: 0.7704; F1: 0.7736; Kappa: 0.9459;
2026-01-22 16:52:30,372 - INFO - spatial_LccAccuracy: 0.7991; spatial_PA: 1.0; spatial_UA: 1.0; spatial_F1: 1.0; weighted_F1: 0.8347
2026-01-22 16:52:30,372 - INFO - temporal_CdAccuracy: 0.7991; temporal_PA: 0.9314; temporal_UA: 0.8836; temporal_F1: 0.9069
2026-01-22 16:52:30,372 - INFO - Confusion Matrix
 [7010.	 158.	   0.	   2.	   1.]
 [ 154.	5353.	  22.	   0.	   1.]
 [   0.	  57.	 551.	   0.	   0.]
 [   0.	   0.	   0.	 131.	   0.]
 [   0.	   0.	   0.	   0.	   0.]
2026-01-22 16:52:30,373 - INFO - Change Type PA (Recall) Matrix
 [[0.    	0.9444	0.    	1.    	0.    ]
 [0.8696	0.    	0.6842	0.    	0.    ]
 [0.    	0.8421	0.    	0.    	0.    ]
 [0.    	0.    	0.    	0.    	0.    ]
 [0.    	0.    	0.    	0.    	0.    ]]
2026-01-22 16:52:30,374 - INFO - Change Type UA (Precision) Matrix
 [[0.    	0.8333	0.    	1.    	0.    ]
 [0.597 	0.    	0.7429	0.    	0.    ]
 [0.    	0.9412	0.    	0.    	0.    ]
 [0.    	0.    	0.    	0.    	0.    ]
 [0.    	0.    	0.    	0.    	0.    ]]
2026-01-22 16:52:30,375 - INFO - Change Type F1 Matrix
 [[0.    	0.8854	0.    	1.    	0.    ]
 [0.708 	0.    	0.7123	0.    	0.    ]
 [0.    	0.8889	0.    	0.    	0.    ]
 [0.    	0.    	0.    	0.    	0.    ]
 [0.    	0.    	0.    	0.    	0.    ]]
2026-01-22 16:52:30,375 - INFO - Epoch 0 saved.
