2026-03-19 14:43:55,642 - INFO - Epoch 0, Train loss: 0.0
2026-03-19 14:43:55,644 - INFO - mIoU: 0.6708; OA: 0.9532; AA: 0.9049; F1: 0.9083; cls_weighted_F1: 0.9529; Kappa: 0.9121;
2026-03-19 14:43:55,644 - INFO - spatial_LccAccuracy: 0.7183; spatial_PA: 0.77; spatial_UA: 0.9457; spatial_F1: 0.8489; weighted_F1: 0.8848
2026-03-19 14:43:55,644 - INFO - temporal_CdAccuracy: 0.7183; temporal_PA: 0.8981; temporal_UA: 0.8407; temporal_F1: 0.8685
2026-03-19 14:43:55,644 - INFO - Confusion Matrix
 [15201.	  369.	    0.	    0.	   55.]
 [  840.	16702.	   43.	    0.	   29.]
 [    0.	    6.	  287.	    0.	    0.]
 [    0.	    0.	    0.	    0.	    0.]
 [   17.	  249.	    0.	    6.	  696.]
2026-03-19 14:43:55,645 - INFO - Change Type PA (Recall) Matrix
 [[0.    	0.9609	0.    	0.    	0.    ]
 [0.3182	0.    	1.    	0.    	0.8   ]
 [0.    	1.    	0.    	0.    	0.    ]
 [0.    	0.    	0.    	0.    	0.    ]
 [0.    	0.    	0.    	0.    	0.    ]]
2026-03-19 14:43:55,646 - INFO - Change Type UA (Precision) Matrix
 [[0.    	0.866 	0.    	0.    	0.    ]
 [0.1296	0.    	0.875 	0.    	0.8302]
 [0.    	0.9545	0.    	0.    	0.    ]
 [0.    	0.    	0.    	0.    	0.    ]
 [0.    	0.    	0.    	0.    	0.    ]]
2026-03-19 14:43:55,646 - INFO - Change Type F1 Matrix
 [[0.    	0.9109	0.    	0.    	0.    ]
 [0.1842	0.    	0.9333	0.    	0.8148]
 [0.    	0.9767	0.    	0.    	0.    ]
 [0.    	0.    	0.    	0.    	0.    ]
 [0.    	0.    	0.    	0.    	0.    ]]
2026-03-19 14:43:55,647 - INFO - Epoch 0 saved.
