2026-03-19 14:43:55,704 - INFO - Epoch 0, Train loss: 0.0
2026-03-19 14:43:55,705 - INFO - mIoU: 0.9571; OA: 0.9874; AA: 0.9785; F1: 0.9778; cls_weighted_F1: 0.9874; Kappa: 0.9769;
2026-03-19 14:43:55,705 - INFO - spatial_LccAccuracy: 0.9048; spatial_PA: 1.0; spatial_UA: 1.0; spatial_F1: 1.0; weighted_F1: 0.9811
2026-03-19 14:43:55,705 - INFO - temporal_CdAccuracy: 0.9048; temporal_PA: 0.9296; temporal_UA: 0.9243; temporal_F1: 0.9269
2026-03-19 14:43:55,705 - INFO - Confusion Matrix
 [1524.	  63.	   0.	   0.	   0.]
 [  32.	1261.	   0.	   0.	   0.]
 [   0.	   0.	   0.	   0.	   0.]
 [   0.	   0.	   0.	   0.	   0.]
 [   0.	   0.	   0.	   0.	4680.]
2026-03-19 14:43:55,706 - INFO - Change Type PA (Recall) Matrix
 [[0.    	0.9792	0.    	0.    	0.    ]
 [1.    	0.    	0.    	0.    	0.    ]
 [0.    	0.    	0.    	0.    	0.    ]
 [0.    	0.    	0.    	0.    	0.    ]
 [0.    	0.    	0.    	0.    	0.    ]]
2026-03-19 14:43:55,706 - INFO - Change Type UA (Precision) Matrix
 [[0.    	0.9792	0.    	0.    	0.    ]
 [0.9688	0.    	0.    	0.    	0.    ]
 [0.    	0.    	0.    	0.    	0.    ]
 [0.    	0.    	0.    	0.    	0.    ]
 [0.    	0.    	0.    	0.    	0.    ]]
2026-03-19 14:43:55,706 - INFO - Change Type F1 Matrix
 [[0.    	0.9792	0.    	0.    	0.    ]
 [0.9841	0.    	0.    	0.    	0.    ]
 [0.    	0.    	0.    	0.    	0.    ]
 [0.    	0.    	0.    	0.    	0.    ]
 [0.    	0.    	0.    	0.    	0.    ]]
2026-03-19 14:43:55,706 - INFO - Epoch 0 saved.
