2026-03-19 14:43:55,983 - INFO - Epoch 0, Train loss: 0.0
2026-03-19 14:43:55,984 - INFO - mIoU: 0.9109; OA: 0.9859; AA: 0.9859; F1: 0.9512; cls_weighted_F1: 0.986; Kappa: 0.9753;
2026-03-19 14:43:55,984 - INFO - spatial_LccAccuracy: 0.8684; spatial_PA: 0.988; spatial_UA: 0.9937; spatial_F1: 0.9909; weighted_F1: 0.8955
2026-03-19 14:43:55,985 - INFO - temporal_CdAccuracy: 0.8781; temporal_PA: 0.9415; temporal_UA: 0.9236; temporal_F1: 0.9324
2026-03-19 14:43:55,985 - INFO - Confusion Matrix
 [24651.	  155.	    1.	    6.	    0.]
 [  274.	12565.	  143.	    0.	    2.]
 [   18.	   12.	  912.	    0.	    0.]
 [    0.	    0.	    0.	   21.	    0.]
 [    0.	    0.	    0.	    0.	 4560.]
2026-03-19 14:43:55,986 - INFO - Change Type PA (Recall) Matrix
 [[0.    	0.9301	0.9268	0.8571	0.    ]
 [0.8767	0.    	0.8356	0.    	0.    ]
 [0.    	0.5   	0.    	0.    	0.    ]
 [0.    	0.    	0.    	0.    	0.    ]
 [0.    	0.    	0.    	0.    	0.    ]]
2026-03-19 14:43:55,988 - INFO - Change Type UA (Precision) Matrix
 [[0.    	0.9383	0.6129	0.6667	0.    ]
 [0.7711	0.    	0.8592	0.    	0.    ]
 [0.    	0.2   	0.    	0.    	0.    ]
 [0.    	0.    	0.    	0.    	0.    ]
 [0.    	0.    	0.    	0.    	0.    ]]
2026-03-19 14:43:55,988 - INFO - Change Type F1 Matrix
 [[0.    	0.9342	0.7379	0.75  	0.    ]
 [0.8205	0.    	0.8472	0.    	0.    ]
 [0.    	0.2857	0.    	0.    	0.    ]
 [0.    	0.    	0.    	0.    	0.    ]
 [0.    	0.    	0.    	0.    	0.    ]]
2026-03-19 14:43:55,989 - INFO - Epoch 0 saved.
