2026-03-19 14:43:56,252 - INFO - Epoch 0, Train loss: 0.0
2026-03-19 14:43:56,252 - INFO - mIoU: 0.8459; OA: 0.9755; AA: 0.9046; F1: 0.9084; cls_weighted_F1: 0.9755; Kappa: 0.9501;
2026-03-19 14:43:56,253 - INFO - spatial_LccAccuracy: 0.7778; spatial_PA: 1.0; spatial_UA: 1.0; spatial_F1: 1.0; weighted_F1: 0.9316
2026-03-19 14:43:56,253 - INFO - temporal_CdAccuracy: 0.7794; temporal_PA: 0.9435; temporal_UA: 0.9398; temporal_F1: 0.9417
2026-03-19 14:43:56,253 - INFO - Confusion Matrix
 [14368.	  434.	    0.	    0.	    0.]
 [  313.	21194.	   72.	    0.	    0.]
 [    0.	   81.	  258.	    0.	    0.]
 [    0.	    0.	    0.	    0.	    0.]
 [    0.	    0.	    0.	    0.	    0.]
2026-03-19 14:43:56,254 - INFO - Change Type PA (Recall) Matrix
 [[0.    	0.9545	0.    	0.    	0.    ]
 [0.9178	0.    	0.9273	0.    	0.    ]
 [0.    	0.5   	0.    	0.    	0.    ]
 [0.    	0.    	0.    	0.    	0.    ]
 [0.    	0.    	0.    	0.    	0.    ]]
2026-03-19 14:43:56,255 - INFO - Change Type UA (Precision) Matrix
 [[0.    	0.9453	0.    	0.    	0.    ]
 [0.8933	0.    	0.9107	0.    	0.    ]
 [0.    	0.8889	0.    	0.    	0.    ]
 [0.    	0.    	0.    	0.    	0.    ]
 [0.    	0.    	0.    	0.    	0.    ]]
2026-03-19 14:43:56,255 - INFO - Change Type F1 Matrix
 [[0.    	0.9499	0.    	0.    	0.    ]
 [0.9054	0.    	0.9189	0.    	0.    ]
 [0.    	0.64  	0.    	0.    	0.    ]
 [0.    	0.    	0.    	0.    	0.    ]
 [0.    	0.    	0.    	0.    	0.    ]]
2026-03-19 14:43:56,255 - INFO - Epoch 0 saved.
