2026-03-19 14:43:56,424 - INFO - Epoch 0, Train loss: 0.0
2026-03-19 14:43:56,425 - INFO - mIoU: 0.5709; OA: 0.9912; AA: 0.9745; F1: 0.9749; cls_weighted_F1: 0.9917; Kappa: 0.9716;
2026-03-19 14:43:56,425 - INFO - spatial_LccAccuracy: 0.8645; spatial_PA: 0.9788; spatial_UA: 0.9395; spatial_F1: 0.9588; weighted_F1: 0.9182
2026-03-19 14:43:56,426 - INFO - temporal_CdAccuracy: 0.8835; temporal_PA: 0.978; temporal_UA: 0.954; temporal_F1: 0.9659
2026-03-19 14:43:56,426 - INFO - Confusion Matrix
 [18098.	   19.	    0.	    7.	    0.]
 [   52.	 2625.	    3.	   69.	   13.]
 [    0.	    0.	    0.	    0.	    0.]
 [   16.	    9.	    0.	 1222.	    7.]
 [    0.	    0.	    0.	    0.	    0.]
2026-03-19 14:43:56,427 - INFO - Change Type PA (Recall) Matrix
 [[0.    	0.8584	0.    	0.9385	0.    ]
 [0.4286	0.    	0.    	0.    	0.    ]
 [0.    	0.    	0.    	0.    	0.    ]
 [0.    	0.9643	0.    	0.    	0.    ]
 [0.    	0.    	0.    	0.    	0.    ]]
2026-03-19 14:43:56,428 - INFO - Change Type UA (Precision) Matrix
 [[0.    	0.9151	0.    	0.9289	0.    ]
 [0.2   	0.    	0.    	0.    	0.    ]
 [0.    	0.    	0.    	0.    	0.    ]
 [0.    	0.9643	0.    	0.    	0.    ]
 [0.    	0.    	0.    	0.    	0.    ]]
2026-03-19 14:43:56,429 - INFO - Change Type F1 Matrix
 [[0.    	0.8858	0.    	0.9337	0.    ]
 [0.2727	0.    	0.    	0.    	0.    ]
 [0.    	0.    	0.    	0.    	0.    ]
 [0.    	0.9643	0.    	0.    	0.    ]
 [0.    	0.    	0.    	0.    	0.    ]]
2026-03-19 14:43:56,429 - INFO - Epoch 0 saved.
