2026-03-19 14:43:56,542 - INFO - Epoch 0, Train loss: 0.0
2026-03-19 14:43:56,542 - INFO - mIoU: 0.7389; OA: 0.9659; AA: 0.9519; F1: 0.9602; cls_weighted_F1: 0.9661; Kappa: 0.9427;
2026-03-19 14:43:56,543 - INFO - spatial_LccAccuracy: 0.7174; spatial_PA: 0.9717; spatial_UA: 0.9917; spatial_F1: 0.9816; weighted_F1: 0.8791
2026-03-19 14:43:56,543 - INFO - temporal_CdAccuracy: 0.7174; temporal_PA: 0.9113; temporal_UA: 0.8643; temporal_F1: 0.8872
2026-03-19 14:43:56,543 - INFO - Confusion Matrix
 [5936.	 221.	   2.	   6.	   0.]
 [ 130.	5978.	  31.	   0.	   0.]
 [   0.	  43.	1038.	   0.	   0.]
 [  22.	   0.	  10.	 378.	   5.]
 [   0.	   0.	   0.	   0.	   0.]
2026-03-19 14:43:56,543 - INFO - Change Type PA (Recall) Matrix
 [[0.    	0.9444	0.    	1.    	0.    ]
 [0.9194	0.    	0.8276	0.    	0.    ]
 [0.    	0.9512	0.    	0.    	0.    ]
 [0.    	0.    	0.    	0.    	0.    ]
 [0.    	0.    	0.    	0.    	0.    ]]
2026-03-19 14:43:56,543 - INFO - Change Type UA (Precision) Matrix
 [[0.    	0.8395	0.    	1.    	0.    ]
 [0.6951	0.    	0.8   	0.    	0.    ]
 [0.    	0.9512	0.    	0.    	0.    ]
 [0.    	0.    	0.    	0.    	0.    ]
 [0.    	0.    	0.    	0.    	0.    ]]
2026-03-19 14:43:56,544 - INFO - Change Type F1 Matrix
 [[0.    	0.8889	0.    	1.    	0.    ]
 [0.7917	0.    	0.8136	0.    	0.    ]
 [0.    	0.9512	0.    	0.    	0.    ]
 [0.    	0.    	0.    	0.    	0.    ]
 [0.    	0.    	0.    	0.    	0.    ]]
2026-03-19 14:43:56,544 - INFO - Epoch 0 saved.
