2026-03-19 14:44:50,069 - INFO - Epoch 0, Train loss: 0.0
2026-03-19 14:44:50,070 - INFO - mIoU: 0.8717; OA: 0.9524; AA: 0.9117; F1: 0.9269; cls_weighted_F1: 0.9521; Kappa: 0.9104;
2026-03-19 14:44:50,071 - INFO - spatial_LccAccuracy: 0.7009; spatial_PA: 0.8314; spatial_UA: 0.9572; spatial_F1: 0.8899; weighted_F1: 0.8788
2026-03-19 14:44:50,071 - INFO - temporal_CdAccuracy: 0.7026; temporal_PA: 0.8933; temporal_UA: 0.8288; temporal_F1: 0.8598
2026-03-19 14:44:50,071 - INFO - Confusion Matrix
 [14850.	  730.	    0.	    0.	   45.]
 [  555.	16998.	    1.	    0.	   60.]
 [    0.	    4.	  289.	    0.	    0.]
 [    0.	    0.	    0.	    0.	    0.]
 [   17.	  230.	    0.	    0.	  721.]
2026-03-19 14:44:50,072 - INFO - Change Type PA (Recall) Matrix
 [[0.    	0.9569	0.    	0.    	0.    ]
 [0.5909	0.    	1.    	0.    	0.7273]
 [0.    	1.    	0.    	0.    	0.    ]
 [0.    	0.    	0.    	0.    	0.    ]
 [0.    	0.    	0.    	0.    	0.    ]]
2026-03-19 14:44:50,073 - INFO - Change Type UA (Precision) Matrix
 [[0.    	0.846 	0.    	0.    	0.    ]
 [0.1529	0.    	1.    	0.    	0.8163]
 [0.    	1.    	0.    	0.    	0.    ]
 [0.    	0.    	0.    	0.    	0.    ]
 [0.    	0.    	0.    	0.    	0.    ]]
2026-03-19 14:44:50,074 - INFO - Change Type F1 Matrix
 [[0.    	0.8981	0.    	0.    	0.    ]
 [0.243 	0.    	1.    	0.    	0.7692]
 [0.    	1.    	0.    	0.    	0.    ]
 [0.    	0.    	0.    	0.    	0.    ]
 [0.    	0.    	0.    	0.    	0.    ]]
2026-03-19 14:44:50,074 - INFO - Epoch 0 saved.
