2026-03-19 14:44:50,137 - INFO - Epoch 0, Train loss: 0.0
2026-03-19 14:44:50,137 - INFO - mIoU: 0.9485; OA: 0.9848; AA: 0.9748; F1: 0.9732; cls_weighted_F1: 0.9848; Kappa: 0.972;
2026-03-19 14:44:50,138 - INFO - spatial_LccAccuracy: 0.8333; spatial_PA: 1.0; spatial_UA: 1.0; spatial_F1: 1.0; weighted_F1: 0.8754
2026-03-19 14:44:50,138 - INFO - temporal_CdAccuracy: 0.8333; temporal_PA: 0.8969; temporal_UA: 0.8489; temporal_F1: 0.8723
2026-03-19 14:44:50,139 - INFO - Confusion Matrix
 [1494.	  93.	   0.	   0.	   0.]
 [  22.	1271.	   0.	   0.	   0.]
 [   0.	   0.	   0.	   0.	   0.]
 [   0.	   0.	   0.	   0.	   0.]
 [   0.	   0.	   0.	   0.	4680.]
2026-03-19 14:44:50,140 - INFO - Change Type PA (Recall) Matrix
 [[0.    	0.8958	0.    	0.    	0.    ]
 [1.    	0.    	0.    	0.    	0.    ]
 [0.    	0.    	0.    	0.    	0.    ]
 [0.    	0.    	0.    	0.    	0.    ]
 [0.    	0.    	0.    	0.    	0.    ]]
2026-03-19 14:44:50,140 - INFO - Change Type UA (Precision) Matrix
 [[0.    	0.8431	0.    	0.    	0.    ]
 [0.7949	0.    	0.    	0.    	0.    ]
 [0.    	0.    	0.    	0.    	0.    ]
 [0.    	0.    	0.    	0.    	0.    ]
 [0.    	0.    	0.    	0.    	0.    ]]
2026-03-19 14:44:50,141 - INFO - Change Type F1 Matrix
 [[0.    	0.8687	0.    	0.    	0.    ]
 [0.8857	0.    	0.    	0.    	0.    ]
 [0.    	0.    	0.    	0.    	0.    ]
 [0.    	0.    	0.    	0.    	0.    ]
 [0.    	0.    	0.    	0.    	0.    ]]
2026-03-19 14:44:50,141 - INFO - Epoch 0 saved.
