2026-03-19 14:44:50,434 - INFO - Epoch 0, Train loss: 0.0
2026-03-19 14:44:50,435 - INFO - mIoU: 0.9473; OA: 0.9899; AA: 0.9882; F1: 0.9723; cls_weighted_F1: 0.9899; Kappa: 0.9823;
2026-03-19 14:44:50,435 - INFO - spatial_LccAccuracy: 0.9169; spatial_PA: 0.9849; spatial_UA: 0.9906; spatial_F1: 0.9878; weighted_F1: 0.9356
2026-03-19 14:44:50,435 - INFO - temporal_CdAccuracy: 0.9224; temporal_PA: 0.9733; temporal_UA: 0.9555; temporal_F1: 0.9643
2026-03-19 14:44:50,436 - INFO - Confusion Matrix
 [24641.	  169.	    2.	    1.	    0.]
 [  129.	12750.	  104.	    1.	    0.]
 [   12.	   20.	  910.	    0.	    0.]
 [    0.	    0.	    0.	   21.	    0.]
 [    0.	    0.	    0.	    0.	 4560.]
2026-03-19 14:44:50,436 - INFO - Change Type PA (Recall) Matrix
 [[0.    	0.9672	0.9268	1.    	0.    ]
 [0.9589	0.    	0.8904	0.    	0.    ]
 [0.    	0.    	0.    	0.    	0.    ]
 [0.    	0.    	0.    	0.    	0.    ]
 [0.    	0.    	0.    	0.    	0.    ]]
2026-03-19 14:44:50,437 - INFO - Change Type UA (Precision) Matrix
 [[0.    	0.9568	0.76  	1.    	0.    ]
 [0.875 	0.    	0.8442	0.    	0.    ]
 [0.    	0.    	0.    	0.    	0.    ]
 [0.    	0.    	0.    	0.    	0.    ]
 [0.    	0.    	0.    	0.    	0.    ]]
2026-03-19 14:44:50,438 - INFO - Change Type F1 Matrix
 [[0.    	0.962 	0.8352	1.    	0.    ]
 [0.915 	0.    	0.8667	0.    	0.    ]
 [0.    	0.    	0.    	0.    	0.    ]
 [0.    	0.    	0.    	0.    	0.    ]
 [0.    	0.    	0.    	0.    	0.    ]]
2026-03-19 14:44:50,439 - INFO - Epoch 0 saved.
