2026-03-19 14:44:50,708 - INFO - Epoch 0, Train loss: 0.0
2026-03-19 14:44:50,709 - INFO - mIoU: 0.8809; OA: 0.98; AA: 0.9204; F1: 0.9324; cls_weighted_F1: 0.9799; Kappa: 0.9592;
2026-03-19 14:44:50,710 - INFO - spatial_LccAccuracy: 0.7958; spatial_PA: 1.0; spatial_UA: 1.0; spatial_F1: 1.0; weighted_F1: 0.9432
2026-03-19 14:44:50,710 - INFO - temporal_CdAccuracy: 0.7958; temporal_PA: 0.9383; temporal_UA: 0.948; temporal_F1: 0.9431
2026-03-19 14:44:50,710 - INFO - Confusion Matrix
 [14318.	  484.	    0.	    0.	    0.]
 [  143.	21396.	   40.	    0.	    0.]
 [    0.	   67.	  272.	    0.	    0.]
 [    0.	    0.	    0.	    0.	    0.]
 [    0.	    0.	    0.	    0.	    0.]
2026-03-19 14:44:50,711 - INFO - Change Type PA (Recall) Matrix
 [[0.    	0.9545	0.    	0.    	0.    ]
 [0.9014	0.    	0.9273	0.    	0.    ]
 [0.    	0.5625	0.    	0.    	0.    ]
 [0.    	0.    	0.    	0.    	0.    ]
 [0.    	0.    	0.    	0.    	0.    ]]
2026-03-19 14:44:50,711 - INFO - Change Type UA (Precision) Matrix
 [[0.    	0.9676	0.    	0.    	0.    ]
 [0.94  	0.    	0.9444	0.    	0.    ]
 [0.    	0.6   	0.    	0.    	0.    ]
 [0.    	0.    	0.    	0.    	0.    ]
 [0.    	0.    	0.    	0.    	0.    ]]
2026-03-19 14:44:50,712 - INFO - Change Type F1 Matrix
 [[0.    	0.961 	0.    	0.    	0.    ]
 [0.9203	0.    	0.9358	0.    	0.    ]
 [0.    	0.5806	0.    	0.    	0.    ]
 [0.    	0.    	0.    	0.    	0.    ]
 [0.    	0.    	0.    	0.    	0.    ]]
2026-03-19 14:44:50,712 - INFO - Epoch 0 saved.
