2026-03-19 14:44:50,893 - INFO - Epoch 0, Train loss: 0.0
2026-03-19 14:44:50,893 - INFO - mIoU: 0.9773; OA: 0.9963; AA: 0.9905; F1: 0.9885; cls_weighted_F1: 0.9963; Kappa: 0.9883;
2026-03-19 14:44:50,893 - INFO - spatial_LccAccuracy: 0.9268; spatial_PA: 0.9804; spatial_UA: 0.9804; spatial_F1: 0.9804; weighted_F1: 0.9519
2026-03-19 14:44:50,893 - INFO - temporal_CdAccuracy: 0.9539; temporal_PA: 0.9914; temporal_UA: 0.9782; temporal_F1: 0.9847
2026-03-19 14:44:50,893 - INFO - Confusion Matrix
 [18101.	   19.	    0.	    4.	    0.]
 [    9.	 2718.	    0.	   35.	    0.]
 [    0.	    0.	    0.	    0.	    0.]
 [    8.	    6.	    0.	 1240.	    0.]
 [    0.	    0.	    0.	    0.	    0.]
2026-03-19 14:44:50,894 - INFO - Change Type PA (Recall) Matrix
 [[0.    	0.9115	0.    	0.9692	0.    ]
 [1.    	0.    	0.    	0.    	0.    ]
 [0.    	0.    	0.    	0.    	0.    ]
 [0.    	0.9821	0.    	0.    	0.    ]
 [0.    	0.    	0.    	0.    	0.    ]]
2026-03-19 14:44:50,894 - INFO - Change Type UA (Precision) Matrix
 [[0.    	0.9626	0.    	0.931 	0.    ]
 [0.6364	0.    	0.    	0.    	0.    ]
 [0.    	0.    	0.    	0.    	0.    ]
 [0.    	0.9821	0.    	0.    	0.    ]
 [0.    	0.    	0.    	0.    	0.    ]]
2026-03-19 14:44:50,894 - INFO - Change Type F1 Matrix
 [[0.    	0.9364	0.    	0.9497	0.    ]
 [0.7778	0.    	0.    	0.    	0.    ]
 [0.    	0.    	0.    	0.    	0.    ]
 [0.    	0.9821	0.    	0.    	0.    ]
 [0.    	0.    	0.    	0.    	0.    ]]
2026-03-19 14:44:50,894 - INFO - Epoch 0 saved.
