2026-03-19 14:44:51,001 - INFO - Epoch 0, Train loss: 0.0
2026-03-19 14:44:51,001 - INFO - mIoU: 0.9451; OA: 0.9717; AA: 0.9776; F1: 0.9717; cls_weighted_F1: 0.9717; Kappa: 0.9525;
2026-03-19 14:44:51,001 - INFO - spatial_LccAccuracy: 0.787; spatial_PA: 0.9717; spatial_UA: 0.9917; spatial_F1: 0.9816; weighted_F1: 0.8876
2026-03-19 14:44:51,001 - INFO - temporal_CdAccuracy: 0.787; temporal_PA: 0.939; temporal_UA: 0.8986; temporal_F1: 0.9184
2026-03-19 14:44:51,001 - INFO - Confusion Matrix
 [5974.	 176.	   3.	  12.	   0.]
 [ 108.	5973.	  57.	   1.	   0.]
 [   0.	  34.	1047.	   0.	   0.]
 [   0.	   0.	   0.	 415.	   0.]
 [   0.	   0.	   0.	   0.	   0.]
2026-03-19 14:44:51,002 - INFO - Change Type PA (Recall) Matrix
 [[0.    	0.9375	0.    	1.    	0.    ]
 [0.9677	0.    	0.7586	0.    	0.    ]
 [1.    	0.9512	0.    	0.    	0.    ]
 [0.    	0.    	0.    	0.    	0.    ]
 [0.    	0.    	0.    	0.    	0.    ]]
2026-03-19 14:44:51,003 - INFO - Change Type UA (Precision) Matrix
 [[0.    	0.8654	0.    	1.    	0.    ]
 [0.7595	0.    	0.6875	0.    	0.    ]
 [1.    	0.907 	0.    	0.    	0.    ]
 [0.    	0.    	0.    	0.    	0.    ]
 [0.    	0.    	0.    	0.    	0.    ]]
2026-03-19 14:44:51,003 - INFO - Change Type F1 Matrix
 [[0.    	0.9   	0.    	1.    	0.    ]
 [0.8511	0.    	0.7213	0.    	0.    ]
 [1.    	0.9286	0.    	0.    	0.    ]
 [0.    	0.    	0.    	0.    	0.    ]
 [0.    	0.    	0.    	0.    	0.    ]]
2026-03-19 14:44:51,003 - INFO - Epoch 0 saved.
