2026-03-19 14:43:33,091 - INFO - Epoch 0, Train loss: 0.0
2026-03-19 14:43:33,092 - INFO - mIoU: 0.8608; OA: 0.9506; AA: 0.9237; F1: 0.9227; cls_weighted_F1: 0.9504; Kappa: 0.9074;
2026-03-19 14:43:33,092 - INFO - spatial_LccAccuracy: 0.7548; spatial_PA: 0.7018; spatial_UA: 0.9692; spatial_F1: 0.8141; weighted_F1: 0.8667
2026-03-19 14:43:33,093 - INFO - temporal_CdAccuracy: 0.7548; temporal_PA: 0.9193; temporal_UA: 0.8561; temporal_F1: 0.8866
2026-03-19 14:43:33,093 - INFO - Confusion Matrix
 [15267.	  305.	    0.	    0.	   53.]
 [ 1060.	16479.	   29.	    0.	   46.]
 [    0.	    0.	  293.	    0.	    0.]
 [    0.	    0.	    0.	    0.	    0.]
 [   28.	  183.	    0.	    0.	  757.]
2026-03-19 14:43:33,095 - INFO - Change Type PA (Recall) Matrix
 [[0.    	0.9472	0.    	0.    	0.    ]
 [0.0909	0.    	1.    	0.    	0.8   ]
 [0.    	1.    	0.    	0.    	0.    ]
 [0.    	0.    	0.    	0.    	0.    ]
 [0.    	0.    	0.    	0.    	0.    ]]
2026-03-19 14:43:33,095 - INFO - Change Type UA (Precision) Matrix
 [[0.    	0.8447	0.    	0.    	0.    ]
 [0.0339	0.    	0.913 	0.    	0.8302]
 [0.    	0.913 	0.    	0.    	0.    ]
 [0.    	0.    	0.    	0.    	0.    ]
 [0.    	0.    	0.    	0.    	0.    ]]
2026-03-19 14:43:33,096 - INFO - Change Type F1 Matrix
 [[0.    	0.893 	0.    	0.    	0.    ]
 [0.0494	0.    	0.9545	0.    	0.8148]
 [0.    	0.9545	0.    	0.    	0.    ]
 [0.    	0.    	0.    	0.    	0.    ]
 [0.    	0.    	0.    	0.    	0.    ]]
2026-03-19 14:43:33,096 - INFO - Epoch 0 saved.
