2026-03-19 14:43:33,165 - INFO - Epoch 0, Train loss: 0.0
2026-03-19 14:43:33,165 - INFO - mIoU: 0.9636; OA: 0.9894; AA: 0.981; F1: 0.9813; cls_weighted_F1: 0.9894; Kappa: 0.9805;
2026-03-19 14:43:33,165 - INFO - spatial_LccAccuracy: 0.9048; spatial_PA: 1.0; spatial_UA: 1.0; spatial_F1: 1.0; weighted_F1: 0.9811
2026-03-19 14:43:33,166 - INFO - temporal_CdAccuracy: 0.9048; temporal_PA: 0.9296; temporal_UA: 0.9243; temporal_F1: 0.9269
2026-03-19 14:43:33,166 - INFO - Confusion Matrix
 [1553.	  34.	   0.	   0.	   0.]
 [  46.	1247.	   0.	   0.	   0.]
 [   0.	   0.	   0.	   0.	   0.]
 [   0.	   0.	   0.	   0.	   0.]
 [   0.	   0.	   0.	   0.	4680.]
2026-03-19 14:43:33,167 - INFO - Change Type PA (Recall) Matrix
 [[0.    	0.9792	0.    	0.    	0.    ]
 [1.    	0.    	0.    	0.    	0.    ]
 [0.    	0.    	0.    	0.    	0.    ]
 [0.    	0.    	0.    	0.    	0.    ]
 [0.    	0.    	0.    	0.    	0.    ]]
2026-03-19 14:43:33,168 - INFO - Change Type UA (Precision) Matrix
 [[0.    	0.9792	0.    	0.    	0.    ]
 [0.9688	0.    	0.    	0.    	0.    ]
 [0.    	0.    	0.    	0.    	0.    ]
 [0.    	0.    	0.    	0.    	0.    ]
 [0.    	0.    	0.    	0.    	0.    ]]
2026-03-19 14:43:33,168 - INFO - Change Type F1 Matrix
 [[0.    	0.9792	0.    	0.    	0.    ]
 [0.9841	0.    	0.    	0.    	0.    ]
 [0.    	0.    	0.    	0.    	0.    ]
 [0.    	0.    	0.    	0.    	0.    ]
 [0.    	0.    	0.    	0.    	0.    ]]
2026-03-19 14:43:33,169 - INFO - Epoch 0 saved.
