2026-03-19 14:43:33,547 - INFO - Epoch 0, Train loss: 0.0
2026-03-19 14:43:33,547 - INFO - mIoU: 0.939; OA: 0.9912; AA: 0.9874; F1: 0.9675; cls_weighted_F1: 0.9912; Kappa: 0.9845;
2026-03-19 14:43:33,548 - INFO - spatial_LccAccuracy: 0.9252; spatial_PA: 0.996; spatial_UA: 0.9979; spatial_F1: 0.9969; weighted_F1: 0.9412
2026-03-19 14:43:33,548 - INFO - temporal_CdAccuracy: 0.928; temporal_PA: 0.9696; temporal_UA: 0.9613; temporal_F1: 0.9654
2026-03-19 14:43:33,548 - INFO - Confusion Matrix
 [24741.	   68.	    0.	    4.	    0.]
 [  203.	12711.	   70.	    0.	    0.]
 [   13.	   24.	  905.	    0.	    0.]
 [    0.	    0.	    0.	   21.	    0.]
 [    0.	    0.	    0.	    0.	 4560.]
2026-03-19 14:43:33,549 - INFO - Change Type PA (Recall) Matrix
 [[0.    	0.9651	0.9268	1.    	0.    ]
 [0.9041	0.    	0.8904	0.    	0.    ]
 [0.    	0.5   	0.    	0.    	0.    ]
 [0.    	0.    	0.    	0.    	0.    ]
 [0.    	0.    	0.    	0.    	0.    ]]
2026-03-19 14:43:33,549 - INFO - Change Type UA (Precision) Matrix
 [[0.    	0.9693	0.7917	0.875 	0.    ]
 [0.9041	0.    	0.8784	0.    	0.    ]
 [0.    	0.1429	0.    	0.    	0.    ]
 [0.    	0.    	0.    	0.    	0.    ]
 [0.    	0.    	0.    	0.    	0.    ]]
2026-03-19 14:43:33,551 - INFO - Change Type F1 Matrix
 [[0.    	0.9672	0.8539	0.9333	0.    ]
 [0.9041	0.    	0.8844	0.    	0.    ]
 [0.    	0.2222	0.    	0.    	0.    ]
 [0.    	0.    	0.    	0.    	0.    ]
 [0.    	0.    	0.    	0.    	0.    ]]
2026-03-19 14:43:33,551 - INFO - Epoch 0 saved.
