2026-03-19 14:43:33,877 - INFO - Epoch 0, Train loss: 0.0
2026-03-19 14:43:33,878 - INFO - mIoU: 0.871; OA: 0.9811; AA: 0.9104; F1: 0.9253; cls_weighted_F1: 0.981; Kappa: 0.9616;
2026-03-19 14:43:33,878 - INFO - spatial_LccAccuracy: 0.817; spatial_PA: 1.0; spatial_UA: 1.0; spatial_F1: 1.0; weighted_F1: 0.9622
2026-03-19 14:43:33,878 - INFO - temporal_CdAccuracy: 0.817; temporal_PA: 0.9469; temporal_UA: 0.9546; temporal_F1: 0.9507
2026-03-19 14:43:33,878 - INFO - Confusion Matrix
 [14456.	  346.	    0.	    0.	    0.]
 [  226.	21311.	   42.	    0.	    0.]
 [    0.	   79.	  260.	    0.	    0.]
 [    0.	    0.	    0.	    0.	    0.]
 [    0.	    0.	    0.	    0.	    0.]
2026-03-19 14:43:33,880 - INFO - Change Type PA (Recall) Matrix
 [[0.    	0.9644	0.    	0.    	0.    ]
 [0.937 	0.    	0.9636	0.    	0.    ]
 [0.    	0.75  	0.    	0.    	0.    ]
 [0.    	0.    	0.    	0.    	0.    ]
 [0.    	0.    	0.    	0.    	0.    ]]
2026-03-19 14:43:33,880 - INFO - Change Type UA (Precision) Matrix
 [[0.    	0.98  	0.    	0.    	0.    ]
 [0.9607	0.    	0.9815	0.    	0.    ]
 [0.    	0.7059	0.    	0.    	0.    ]
 [0.    	0.    	0.    	0.    	0.    ]
 [0.    	0.    	0.    	0.    	0.    ]]
2026-03-19 14:43:33,882 - INFO - Change Type F1 Matrix
 [[0.    	0.9721	0.    	0.    	0.    ]
 [0.9487	0.    	0.9725	0.    	0.    ]
 [0.    	0.7273	0.    	0.    	0.    ]
 [0.    	0.    	0.    	0.    	0.    ]
 [0.    	0.    	0.    	0.    	0.    ]]
2026-03-19 14:43:33,882 - INFO - Epoch 0 saved.
