2026-03-19 14:43:34,062 - INFO - Epoch 0, Train loss: 0.0
2026-03-19 14:43:34,063 - INFO - mIoU: 0.9795; OA: 0.9965; AA: 0.9863; F1: 0.9896; cls_weighted_F1: 0.9965; Kappa: 0.9886;
2026-03-19 14:43:34,063 - INFO - spatial_LccAccuracy: 0.9431; spatial_PA: 0.9951; spatial_UA: 0.9766; spatial_F1: 0.9858; weighted_F1: 0.9709
2026-03-19 14:43:34,063 - INFO - temporal_CdAccuracy: 0.9648; temporal_PA: 0.9927; temporal_UA: 0.9871; temporal_F1: 0.9899
2026-03-19 14:43:34,063 - INFO - Confusion Matrix
 [18115.	    8.	    0.	    1.	    0.]
 [   26.	 2729.	    0.	    7.	    0.]
 [    0.	    0.	    0.	    0.	    0.]
 [    9.	   27.	    0.	 1218.	    0.]
 [    0.	    0.	    0.	    0.	    0.]
2026-03-19 14:43:34,064 - INFO - Change Type PA (Recall) Matrix
 [[0.    	0.9912	0.    	0.9385	0.    ]
 [1.    	0.    	0.    	0.    	0.    ]
 [0.    	0.    	0.    	0.    	0.    ]
 [0.    	1.    	0.    	0.    	0.    ]
 [0.    	0.    	0.    	0.    	0.    ]]
2026-03-19 14:43:34,066 - INFO - Change Type UA (Precision) Matrix
 [[0.    	0.918 	0.    	0.9946	0.    ]
 [0.875 	0.    	0.    	0.    	0.    ]
 [0.    	0.    	0.    	0.    	0.    ]
 [0.    	1.    	0.    	0.    	0.    ]
 [0.    	0.    	0.    	0.    	0.    ]]
2026-03-19 14:43:34,066 - INFO - Change Type F1 Matrix
 [[0.    	0.9532	0.    	0.9657	0.    ]
 [0.9333	0.    	0.    	0.    	0.    ]
 [0.    	0.    	0.    	0.    	0.    ]
 [0.    	1.    	0.    	0.    	0.    ]
 [0.    	0.    	0.    	0.    	0.    ]]
2026-03-19 14:43:34,066 - INFO - Epoch 0 saved.
