2026-03-19 14:43:34,206 - INFO - Epoch 0, Train loss: 0.0
2026-03-19 14:43:34,207 - INFO - mIoU: 0.9395; OA: 0.9729; AA: 0.9603; F1: 0.9688; cls_weighted_F1: 0.9729; Kappa: 0.9544;
2026-03-19 14:43:34,208 - INFO - spatial_LccAccuracy: 0.7522; spatial_PA: 0.9811; spatial_UA: 0.9944; spatial_F1: 0.9877; weighted_F1: 0.9164
2026-03-19 14:43:34,208 - INFO - temporal_CdAccuracy: 0.7522; temporal_PA: 0.9169; temporal_UA: 0.8916; temporal_F1: 0.9041
2026-03-19 14:43:34,208 - INFO - Confusion Matrix
 [6055.	 109.	   0.	   1.	   0.]
 [ 157.	5951.	  30.	   1.	   0.]
 [   0.	  49.	1032.	   0.	   0.]
 [  25.	   2.	   0.	 388.	   0.]
 [   0.	   0.	   0.	   0.	   0.]
2026-03-19 14:43:34,209 - INFO - Change Type PA (Recall) Matrix
 [[0.    	0.9514	0.    	1.    	0.    ]
 [0.9516	0.    	0.8276	0.    	0.    ]
 [1.    	0.9512	0.    	0.    	0.    ]
 [0.    	0.    	0.    	0.    	0.    ]
 [0.    	0.    	0.    	0.    	0.    ]]
2026-03-19 14:43:34,210 - INFO - Change Type UA (Precision) Matrix
 [[0.    	0.9013	0.    	1.    	0.    ]
 [0.8194	0.    	0.8   	0.    	0.    ]
 [1.    	0.9512	0.    	0.    	0.    ]
 [0.    	0.    	0.    	0.    	0.    ]
 [0.    	0.    	0.    	0.    	0.    ]]
2026-03-19 14:43:34,211 - INFO - Change Type F1 Matrix
 [[0.    	0.9257	0.    	1.    	0.    ]
 [0.8806	0.    	0.8136	0.    	0.    ]
 [1.    	0.9512	0.    	0.    	0.    ]
 [0.    	0.    	0.    	0.    	0.    ]
 [0.    	0.    	0.    	0.    	0.    ]]
2026-03-19 14:43:34,211 - INFO - Epoch 0 saved.
