2026-01-29 17:01:29,264 - INFO - Epoch 0, Train loss: 0.0
2026-01-29 17:01:29,264 - INFO - mIoU: 0.9831; OA: 0.9971; AA: 0.989; F1: 0.9915; Kappa: 0.9907;
2026-01-29 17:01:29,264 - INFO - spatial_LccAccuracy: 0.9459; spatial_PA: 0.9894; spatial_UA: 0.984; spatial_F1: 0.9867; weighted_F1: 0.9751
2026-01-29 17:01:29,265 - INFO - temporal_CdAccuracy: 0.9541; temporal_PA: 0.9871; temporal_UA: 0.9777; temporal_F1: 0.9823
2026-01-29 17:01:29,265 - INFO - Confusion Matrix
 [18124.	    2.	    0.	    3.	    0.]
 [   29.	 2960.	    0.	    8.	    0.]
 [    0.	    0.	    0.	    0.	    0.]
 [    7.	   15.	    0.	 1052.	    0.]
 [    0.	    0.	    0.	    0.	    0.]
2026-01-29 17:01:29,266 - INFO - Change Type PA (Recall) Matrix
 [[0.    	0.9847	0.    	0.9647	0.    ]
 [1.    	0.    	0.    	0.    	0.    ]
 [0.    	0.    	0.    	0.    	0.    ]
 [0.    	1.    	0.    	0.    	0.    ]
 [0.    	0.    	0.    	0.    	0.    ]]
2026-01-29 17:01:29,267 - INFO - Change Type UA (Precision) Matrix
 [[0.    	0.9627	0.    	0.982 	0.    ]
 [0.8   	0.    	0.    	0.    	0.    ]
 [0.    	0.    	0.    	0.    	0.    ]
 [0.    	0.9691	0.    	0.    	0.    ]
 [0.    	0.    	0.    	0.    	0.    ]]
2026-01-29 17:01:29,268 - INFO - Change Type F1 Matrix
 [[0.    	0.9736	0.    	0.9733	0.    ]
 [0.8889	0.    	0.    	0.    	0.    ]
 [0.    	0.    	0.    	0.    	0.    ]
 [0.    	0.9843	0.    	0.    	0.    ]
 [0.    	0.    	0.    	0.    	0.    ]]
2026-01-29 17:01:29,268 - INFO - Epoch 0 saved.
