2026-01-29 17:01:29,372 - INFO - Epoch 0, Train loss: 0.0
2026-01-29 17:01:29,372 - INFO - mIoU: 0.9439; OA: 0.9738; AA: 0.9771; F1: 0.9708; Kappa: 0.9519;
2026-01-29 17:01:29,373 - INFO - spatial_LccAccuracy: 0.8393; spatial_PA: 1.0; spatial_UA: 1.0; spatial_F1: 1.0; weighted_F1: 0.9194
2026-01-29 17:01:29,373 - INFO - temporal_CdAccuracy: 0.8393; temporal_PA: 0.9556; temporal_UA: 0.9062; temporal_F1: 0.9302
2026-01-29 17:01:29,373 - INFO - Confusion Matrix
 [7065.	 105.	   0.	   1.	   0.]
 [ 173.	5306.	  50.	   1.	   0.]
 [   1.	  21.	 586.	   0.	   0.]
 [   0.	   0.	   0.	 131.	   0.]
 [   0.	   0.	   0.	   0.	   0.]
2026-01-29 17:01:29,374 - INFO - Change Type PA (Recall) Matrix
 [[0.    	0.9833	0.5   	1.    	0.    ]
 [1.    	0.    	0.8947	0.    	0.    ]
 [0.    	0.9474	0.    	0.    	0.    ]
 [0.    	0.    	0.    	0.    	0.    ]
 [0.    	0.    	0.    	0.    	0.    ]]
2026-01-29 17:01:29,375 - INFO - Change Type UA (Precision) Matrix
 [[0.    	0.9316	0.5   	1.    	0.    ]
 [0.7541	0.    	0.7391	0.    	0.    ]
 [0.    	0.9   	0.    	0.    	0.    ]
 [0.    	0.    	0.    	0.    	0.    ]
 [0.    	0.    	0.    	0.    	0.    ]]
2026-01-29 17:01:29,376 - INFO - Change Type F1 Matrix
 [[0.    	0.9568	0.5   	1.    	0.    ]
 [0.8598	0.    	0.8095	0.    	0.    ]
 [0.    	0.9231	0.    	0.    	0.    ]
 [0.    	0.    	0.    	0.    	0.    ]
 [0.    	0.    	0.    	0.    	0.    ]]
2026-01-29 17:01:29,376 - INFO - Epoch 0 saved.
