2026-03-19 14:43:13,666 - INFO - Epoch 0, Train loss: 0.0
2026-03-19 14:43:13,667 - INFO - mIoU: 0.8095; OA: 0.9415; AA: 0.8576; F1: 0.8861; cls_weighted_F1: 0.9407; Kappa: 0.8897;
2026-03-19 14:43:13,668 - INFO - spatial_LccAccuracy: 0.6783; spatial_PA: 0.7008; spatial_UA: 0.9483; spatial_F1: 0.806; weighted_F1: 0.8577
2026-03-19 14:43:13,668 - INFO - temporal_CdAccuracy: 0.6783; temporal_PA: 0.889; temporal_UA: 0.8131; temporal_F1: 0.8494
2026-03-19 14:43:13,668 - INFO - Confusion Matrix
 [15002.	  554.	    0.	    0.	   69.]
 [  937.	16618.	    7.	    0.	   52.]
 [    0.	   26.	  267.	    0.	    0.]
 [    0.	    0.	    0.	    0.	    0.]
 [   51.	  321.	    0.	    0.	  596.]
2026-03-19 14:43:13,668 - INFO - Change Type PA (Recall) Matrix
 [[0.    	0.9511	0.    	0.    	0.    ]
 [0.6818	0.    	0.9524	0.    	0.5818]
 [0.    	0.9524	0.    	0.    	0.    ]
 [0.    	0.    	0.    	0.    	0.    ]
 [0.    	0.    	0.    	0.    	0.    ]]
2026-03-19 14:43:13,669 - INFO - Change Type UA (Precision) Matrix
 [[0.    	0.8322	0.    	0.    	0.    ]
 [0.1579	0.    	1.    	0.    	0.7111]
 [0.    	1.    	0.    	0.    	0.    ]
 [0.    	0.    	0.    	0.    	0.    ]
 [0.    	0.    	0.    	0.    	0.    ]]
2026-03-19 14:43:13,670 - INFO - Change Type F1 Matrix
 [[0.    	0.8877	0.    	0.    	0.    ]
 [0.2564	0.    	0.9756	0.    	0.64  ]
 [0.    	0.9756	0.    	0.    	0.    ]
 [0.    	0.    	0.    	0.    	0.    ]
 [0.    	0.    	0.    	0.    	0.    ]]
2026-03-19 14:43:13,671 - INFO - Epoch 0 saved.
