2026-03-19 14:43:13,765 - INFO - Epoch 0, Train loss: 0.0
2026-03-19 14:43:13,765 - INFO - mIoU: 0.9506; OA: 0.9854; AA: 0.9755; F1: 0.9744; cls_weighted_F1: 0.9855; Kappa: 0.9732;
2026-03-19 14:43:13,765 - INFO - spatial_LccAccuracy: 0.8651; spatial_PA: 1.0; spatial_UA: 1.0; spatial_F1: 1.0; weighted_F1: 0.9211
2026-03-19 14:43:13,766 - INFO - temporal_CdAccuracy: 0.8651; temporal_PA: 0.8972; temporal_UA: 0.8652; temporal_F1: 0.8809
2026-03-19 14:43:13,766 - INFO - Confusion Matrix
 [1507.	  80.	   0.	   0.	   0.]
 [  30.	1263.	   0.	   0.	   0.]
 [   0.	   0.	   0.	   0.	   0.]
 [   0.	   0.	   0.	   0.	   0.]
 [   0.	   0.	   0.	   0.	4680.]
2026-03-19 14:43:13,767 - INFO - Change Type PA (Recall) Matrix
 [[0.    	0.9375	0.    	0.    	0.    ]
 [1.    	0.    	0.    	0.    	0.    ]
 [0.    	0.    	0.    	0.    	0.    ]
 [0.    	0.    	0.    	0.    	0.    ]
 [0.    	0.    	0.    	0.    	0.    ]]
2026-03-19 14:43:13,768 - INFO - Change Type UA (Precision) Matrix
 [[0.    	0.9   	0.    	0.    	0.    ]
 [0.8611	0.    	0.    	0.    	0.    ]
 [0.    	0.    	0.    	0.    	0.    ]
 [0.    	0.    	0.    	0.    	0.    ]
 [0.    	0.    	0.    	0.    	0.    ]]
2026-03-19 14:43:13,768 - INFO - Change Type F1 Matrix
 [[0.    	0.9184	0.    	0.    	0.    ]
 [0.9254	0.    	0.    	0.    	0.    ]
 [0.    	0.    	0.    	0.    	0.    ]
 [0.    	0.    	0.    	0.    	0.    ]
 [0.    	0.    	0.    	0.    	0.    ]]
2026-03-19 14:43:13,768 - INFO - Epoch 0 saved.
