2026-03-19 14:43:14,263 - INFO - Epoch 0, Train loss: 0.0
2026-03-19 14:43:14,264 - INFO - mIoU: 0.9486; OA: 0.9872; AA: 0.976; F1: 0.9728; cls_weighted_F1: 0.9872; Kappa: 0.9776;
2026-03-19 14:43:14,264 - INFO - spatial_LccAccuracy: 0.8989; spatial_PA: 0.992; spatial_UA: 0.9958; spatial_F1: 0.9939; weighted_F1: 0.9002
2026-03-19 14:43:14,264 - INFO - temporal_CdAccuracy: 0.9072; temporal_PA: 0.9631; temporal_UA: 0.9412; temporal_F1: 0.9521
2026-03-19 14:43:14,264 - INFO - Confusion Matrix
 [24588.	  224.	    0.	    1.	    0.]
 [  172.	12743.	   69.	    0.	    0.]
 [    9.	   78.	  855.	    0.	    0.]
 [    0.	    0.	    0.	   21.	    0.]
 [    0.	    0.	    0.	    0.	 4560.]
2026-03-19 14:43:14,265 - INFO - Change Type PA (Recall) Matrix
 [[0.    	0.9607	0.6341	0.8571	0.    ]
 [0.863 	0.    	0.9452	0.    	0.    ]
 [0.    	0.    	0.    	0.    	0.    ]
 [0.    	0.    	0.    	0.    	0.    ]
 [0.    	0.    	0.    	0.    	0.    ]]
2026-03-19 14:43:14,265 - INFO - Change Type UA (Precision) Matrix
 [[0.    	0.9148	0.8667	0.8571	0.    ]
 [0.7778	0.    	0.8118	0.    	0.    ]
 [0.    	0.    	0.    	0.    	0.    ]
 [0.    	0.    	0.    	0.    	0.    ]
 [0.    	0.    	0.    	0.    	0.    ]]
2026-03-19 14:43:14,265 - INFO - Change Type F1 Matrix
 [[0.    	0.9372	0.7324	0.8571	0.    ]
 [0.8182	0.    	0.8734	0.    	0.    ]
 [0.    	0.    	0.    	0.    	0.    ]
 [0.    	0.    	0.    	0.    	0.    ]
 [0.    	0.    	0.    	0.    	0.    ]]
2026-03-19 14:43:14,265 - INFO - Epoch 0 saved.
