2026-03-19 14:43:14,640 - INFO - Epoch 0, Train loss: 0.0
2026-03-19 14:43:14,642 - INFO - mIoU: 0.8462; OA: 0.9735; AA: 0.8876; F1: 0.9093; cls_weighted_F1: 0.9733; Kappa: 0.9459;
2026-03-19 14:43:14,642 - INFO - spatial_LccAccuracy: 0.7206; spatial_PA: 0.9991; spatial_UA: 0.9865; spatial_F1: 0.9928; weighted_F1: 0.9135
2026-03-19 14:43:14,642 - INFO - temporal_CdAccuracy: 0.7206; temporal_PA: 0.9224; temporal_UA: 0.9287; temporal_F1: 0.9256
2026-03-19 14:43:14,643 - INFO - Confusion Matrix
 [14171.	  631.	    0.	    0.	    0.]
 [  203.	21334.	   42.	    0.	    0.]
 [    0.	   96.	  243.	    0.	    0.]
 [    0.	    0.	    0.	    0.	    0.]
 [    0.	    0.	    0.	    0.	    0.]
2026-03-19 14:43:14,643 - INFO - Change Type PA (Recall) Matrix
 [[0.    	0.9251	0.    	0.    	0.    ]
 [0.8877	0.    	0.8727	0.    	0.    ]
 [0.    	0.5625	0.    	0.    	0.    ]
 [0.    	0.    	0.    	0.    	0.    ]
 [0.    	0.    	0.    	0.    	0.    ]]
2026-03-19 14:43:14,644 - INFO - Change Type UA (Precision) Matrix
 [[0.    	0.9389	0.    	0.    	0.    ]
 [0.8757	0.    	0.9796	0.    	0.    ]
 [0.    	0.8182	0.    	0.    	0.    ]
 [0.    	0.    	0.    	0.    	0.    ]
 [0.    	0.    	0.    	0.    	0.    ]]
2026-03-19 14:43:14,645 - INFO - Change Type F1 Matrix
 [[0.    	0.9319	0.    	0.    	0.    ]
 [0.8816	0.    	0.9231	0.    	0.    ]
 [0.    	0.6667	0.    	0.    	0.    ]
 [0.    	0.    	0.    	0.    	0.    ]
 [0.    	0.    	0.    	0.    	0.    ]]
2026-03-19 14:43:14,645 - INFO - Epoch 0 saved.
