2026-03-19 14:43:14,896 - INFO - Epoch 0, Train loss: 0.0
2026-03-19 14:43:14,897 - INFO - mIoU: 0.9655; OA: 0.9942; AA: 0.9816; F1: 0.9823; cls_weighted_F1: 0.9942; Kappa: 0.9813;
2026-03-19 14:43:14,897 - INFO - spatial_LccAccuracy: 0.8808; spatial_PA: 0.9656; spatial_UA: 0.9849; spatial_F1: 0.9752; weighted_F1: 0.9274
2026-03-19 14:43:14,897 - INFO - temporal_CdAccuracy: 0.9133; temporal_PA: 0.9816; temporal_UA: 0.9605; temporal_F1: 0.971
2026-03-19 14:43:14,898 - INFO - Confusion Matrix
 [18091.	   25.	    0.	    8.	    0.]
 [   28.	 2709.	    0.	   25.	    0.]
 [    0.	    0.	    0.	    0.	    0.]
 [    6.	   37.	    0.	 1211.	    0.]
 [    0.	    0.	    0.	    0.	    0.]
2026-03-19 14:43:14,899 - INFO - Change Type PA (Recall) Matrix
 [[0.    	0.9115	0.    	0.9333	0.    ]
 [0.8571	0.    	0.    	0.    	0.    ]
 [0.    	0.    	0.    	0.    	0.    ]
 [0.    	0.9911	0.    	0.    	0.    ]
 [0.    	0.    	0.    	0.    	0.    ]]
2026-03-19 14:43:14,899 - INFO - Change Type UA (Precision) Matrix
 [[0.    	0.8803	0.    	0.9333	0.    ]
 [0.5455	0.    	0.    	0.    	0.    ]
 [0.    	0.    	0.    	0.    	0.    ]
 [0.    	0.9407	0.    	0.    	0.    ]
 [0.    	0.    	0.    	0.    	0.    ]]
2026-03-19 14:43:14,900 - INFO - Change Type F1 Matrix
 [[0.    	0.8957	0.    	0.9333	0.    ]
 [0.6667	0.    	0.    	0.    	0.    ]
 [0.    	0.    	0.    	0.    	0.    ]
 [0.    	0.9652	0.    	0.    	0.    ]
 [0.    	0.    	0.    	0.    	0.    ]]
2026-03-19 14:43:14,900 - INFO - Epoch 0 saved.
