2026-03-19 14:43:15,063 - INFO - Epoch 0, Train loss: 0.0
2026-03-19 14:43:15,063 - INFO - mIoU: 0.7317; OA: 0.9621; AA: 0.9414; F1: 0.9553; cls_weighted_F1: 0.9621; Kappa: 0.9361;
2026-03-19 14:43:15,063 - INFO - spatial_LccAccuracy: 0.6913; spatial_PA: 0.9717; spatial_UA: 0.9917; spatial_F1: 0.9816; weighted_F1: 0.8926
2026-03-19 14:43:15,064 - INFO - temporal_CdAccuracy: 0.6913; temporal_PA: 0.8937; temporal_UA: 0.8525; temporal_F1: 0.8726
2026-03-19 14:43:15,064 - INFO - Confusion Matrix
 [5925.	 231.	   2.	   6.	   1.]
 [ 147.	5972.	  19.	   1.	   0.]
 [   0.	  75.	1006.	   0.	   0.]
 [  20.	  21.	   0.	 374.	   0.]
 [   0.	   0.	   0.	   0.	   0.]
2026-03-19 14:43:15,065 - INFO - Change Type PA (Recall) Matrix
 [[0.    	0.9514	0.    	1.    	0.    ]
 [0.9839	0.    	0.6552	0.    	0.    ]
 [1.    	0.9024	0.    	0.    	0.    ]
 [0.    	0.    	0.    	0.    	0.    ]
 [0.    	0.    	0.    	0.    	0.    ]]
2026-03-19 14:43:15,065 - INFO - Change Type UA (Precision) Matrix
 [[0.    	0.8726	0.    	1.    	0.    ]
 [0.7625	0.    	0.8636	0.    	0.    ]
 [1.    	0.9024	0.    	0.    	0.    ]
 [0.    	0.    	0.    	0.    	0.    ]
 [0.    	0.    	0.    	0.    	0.    ]]
2026-03-19 14:43:15,066 - INFO - Change Type F1 Matrix
 [[0.    	0.9103	0.    	1.    	0.    ]
 [0.8592	0.    	0.7451	0.    	0.    ]
 [1.    	0.9024	0.    	0.    	0.    ]
 [0.    	0.    	0.    	0.    	0.    ]
 [0.    	0.    	0.    	0.    	0.    ]]
2026-03-19 14:43:15,066 - INFO - Epoch 0 saved.
