2026-01-29 17:01:43,678 - INFO - Epoch 0, Train loss: 0.0
2026-01-29 17:01:43,679 - INFO - mIoU: 0.6683; OA: 0.9595; AA: 0.938; F1: 0.9417; Kappa: 0.9232;
2026-01-29 17:01:43,679 - INFO - spatial_LccAccuracy: 0.7917; spatial_PA: 0.8235; spatial_UA: 0.9666; spatial_F1: 0.8894; weighted_F1: 0.8967
2026-01-29 17:01:43,679 - INFO - temporal_CdAccuracy: 0.7917; temporal_PA: 0.9289; temporal_UA: 0.878; temporal_F1: 0.9028
2026-01-29 17:01:43,681 - INFO - Confusion Matrix
 [14030.	  218.	    0.	    0.	   33.]
 [  881.	15796.	   10.	    0.	   44.]
 [    0.	    0.	    0.	    0.	    0.]
 [    0.	    0.	    0.	    0.	    0.]
 [    7.	  102.	    0.	    0.	  859.]
2026-01-29 17:01:43,681 - INFO - Change Type PA (Recall) Matrix
 [[0.    	0.968 	0.    	0.    	0.    ]
 [0.5   	0.    	0.    	0.    	0.8182]
 [0.    	0.    	0.    	0.    	0.    ]
 [0.    	0.    	0.    	0.    	0.    ]
 [0.    	0.    	0.    	0.    	0.    ]]
2026-01-29 17:01:43,682 - INFO - Change Type UA (Precision) Matrix
 [[0.    	0.899 	0.    	0.    	0.    ]
 [0.2973	0.    	0.    	0.    	0.7895]
 [0.    	0.    	0.    	0.    	0.    ]
 [0.    	0.    	0.    	0.    	0.    ]
 [0.    	0.    	0.    	0.    	0.    ]]
2026-01-29 17:01:43,682 - INFO - Change Type F1 Matrix
 [[0.    	0.9322	0.    	0.    	0.    ]
 [0.3729	0.    	0.    	0.    	0.8036]
 [0.    	0.    	0.    	0.    	0.    ]
 [0.    	0.    	0.    	0.    	0.    ]
 [0.    	0.    	0.    	0.    	0.    ]]
2026-01-29 17:01:43,683 - INFO - Epoch 0 saved.
