2026-01-29 17:01:44,141 - INFO - Epoch 0, Train loss: 0.0
2026-01-29 17:01:44,142 - INFO - mIoU: 0.967; OA: 0.9955; AA: 0.9739; F1: 0.9826; Kappa: 0.9923;
2026-01-29 17:01:44,142 - INFO - spatial_LccAccuracy: 0.9634; spatial_PA: 1.0; spatial_UA: 1.0; spatial_F1: 1.0; weighted_F1: 0.9671
2026-01-29 17:01:44,142 - INFO - temporal_CdAccuracy: 0.9688; temporal_PA: 0.9895; temporal_UA: 0.9798; temporal_F1: 0.9846
2026-01-29 17:01:44,142 - INFO - Confusion Matrix
 [23333.	   31.	    0.	    0.	    0.]
 [   82.	15456.	   15.	    0.	    0.]
 [   12.	   60.	  671.	    0.	    0.]
 [    0.	    0.	    0.	    0.	    0.]
 [    0.	    0.	    0.	    0.	 4560.]
2026-01-29 17:01:44,143 - INFO - Change Type PA (Recall) Matrix
 [[0.    	0.9895	0.8864	0.    	0.    ]
 [0.962 	0.    	0.9211	0.    	0.    ]
 [0.    	0.    	0.    	0.    	0.    ]
 [0.    	0.    	0.    	0.    	0.    ]
 [0.    	0.    	0.    	0.    	0.    ]]
2026-01-29 17:01:44,145 - INFO - Change Type UA (Precision) Matrix
 [[0.    	0.9691	0.9512	0.    	0.    ]
 [0.9268	0.    	0.9211	0.    	0.    ]
 [0.    	0.    	0.    	0.    	0.    ]
 [0.    	0.    	0.    	0.    	0.    ]
 [0.    	0.    	0.    	0.    	0.    ]]
2026-01-29 17:01:44,145 - INFO - Change Type F1 Matrix
 [[0.    	0.9792	0.9176	0.    	0.    ]
 [0.9441	0.    	0.9211	0.    	0.    ]
 [0.    	0.    	0.    	0.    	0.    ]
 [0.    	0.    	0.    	0.    	0.    ]
 [0.    	0.    	0.    	0.    	0.    ]]
2026-01-29 17:01:44,146 - INFO - Epoch 0 saved.
