2026-01-29 17:01:44,659 - INFO - Epoch 0, Train loss: 0.0
2026-01-29 17:01:44,659 - INFO - mIoU: 0.9883; OA: 0.9977; AA: 0.9916; F1: 0.9941; Kappa: 0.9925;
2026-01-29 17:01:44,660 - INFO - spatial_LccAccuracy: 0.9784; spatial_PA: 1.0; spatial_UA: 1.0; spatial_F1: 1.0; weighted_F1: 0.9875
2026-01-29 17:01:44,660 - INFO - temporal_CdAccuracy: 0.9919; temporal_PA: 0.9962; temporal_UA: 0.9962; temporal_F1: 0.9962
2026-01-29 17:01:44,660 - INFO - Confusion Matrix
 [18127.	    2.	    0.	    0.	    0.]
 [   32.	 2961.	    0.	    4.	    0.]
 [    0.	    0.	    0.	    0.	    0.]
 [    3.	   11.	    0.	 1060.	    0.]
 [    0.	    0.	    0.	    0.	    0.]
2026-01-29 17:01:44,662 - INFO - Change Type PA (Recall) Matrix
 [[0.    	0.9924	0.    	0.9765	0.    ]
 [1.    	0.    	0.    	0.    	0.    ]
 [0.    	0.    	0.    	0.    	0.    ]
 [0.    	1.    	0.    	0.    	0.    ]
 [0.    	0.    	0.    	0.    	0.    ]]
2026-01-29 17:01:44,663 - INFO - Change Type UA (Precision) Matrix
 [[0.    	0.9701	0.    	0.994 	0.    ]
 [1.    	0.    	0.    	0.    	0.    ]
 [0.    	0.    	0.    	0.    	0.    ]
 [0.    	1.    	0.    	0.    	0.    ]
 [0.    	0.    	0.    	0.    	0.    ]]
2026-01-29 17:01:44,663 - INFO - Change Type F1 Matrix
 [[0.    	0.9811	0.    	0.9852	0.    ]
 [1.    	0.    	0.    	0.    	0.    ]
 [0.    	0.    	0.    	0.    	0.    ]
 [0.    	1.    	0.    	0.    	0.    ]
 [0.    	0.    	0.    	0.    	0.    ]]
2026-01-29 17:01:44,663 - INFO - Epoch 0 saved.
