2026-01-29 17:01:44,791 - INFO - Epoch 0, Train loss: 0.0
2026-01-29 17:01:44,792 - INFO - mIoU: 0.9572; OA: 0.9791; AA: 0.9744; F1: 0.9778; Kappa: 0.9615;
2026-01-29 17:01:44,792 - INFO - spatial_LccAccuracy: 0.8705; spatial_PA: 1.0; spatial_UA: 1.0; spatial_F1: 1.0; weighted_F1: 0.9093
2026-01-29 17:01:44,792 - INFO - temporal_CdAccuracy: 0.8705; temporal_PA: 0.9629; temporal_UA: 0.9264; temporal_F1: 0.9443
2026-01-29 17:01:44,792 - INFO - Confusion Matrix
 [7037.	 134.	   0.	   0.	   0.]
 [  90.	5422.	  18.	   0.	   0.]
 [   1.	  38.	 569.	   0.	   0.]
 [   0.	   0.	   0.	 131.	   0.]
 [   0.	   0.	   0.	   0.	   0.]
2026-01-29 17:01:44,793 - INFO - Change Type PA (Recall) Matrix
 [[0.    	0.9778	0.    	1.    	0.    ]
 [0.9783	0.    	0.8421	0.    	0.    ]
 [0.    	0.8947	0.    	0.    	0.    ]
 [0.    	0.    	0.    	0.    	0.    ]
 [0.    	0.    	0.    	0.    	0.    ]]
2026-01-29 17:01:44,794 - INFO - Change Type UA (Precision) Matrix
 [[0.    	0.9312	0.    	1.    	0.    ]
 [0.7895	0.    	0.7442	0.    	0.    ]
 [0.    	0.8095	0.    	0.    	0.    ]
 [0.    	0.    	0.    	0.    	0.    ]
 [0.    	0.    	0.    	0.    	0.    ]]
2026-01-29 17:01:44,795 - INFO - Change Type F1 Matrix
 [[0.    	0.9539	0.    	1.    	0.    ]
 [0.8738	0.    	0.7901	0.    	0.    ]
 [0.    	0.85  	0.    	0.    	0.    ]
 [0.    	0.    	0.    	0.    	0.    ]
 [0.    	0.    	0.    	0.    	0.    ]]
2026-01-29 17:01:44,795 - INFO - Epoch 0 saved.
