2026-03-19 14:43:17,511 - INFO - Epoch 0, Train loss: 0.0
2026-03-19 14:43:17,512 - INFO - mIoU: 0.8398; OA: 0.9494; AA: 0.921; F1: 0.9101; cls_weighted_F1: 0.9492; Kappa: 0.9052;
2026-03-19 14:43:17,512 - INFO - spatial_LccAccuracy: 0.7165; spatial_PA: 0.7973; spatial_UA: 0.9644; spatial_F1: 0.8729; weighted_F1: 0.8754
2026-03-19 14:43:17,512 - INFO - temporal_CdAccuracy: 0.7183; temporal_PA: 0.9004; temporal_UA: 0.8435; temporal_F1: 0.871
2026-03-19 14:43:17,512 - INFO - Confusion Matrix
 [15176.	  373.	    0.	    0.	   76.]
 [  981.	16536.	   52.	    0.	   45.]
 [    0.	    0.	  293.	    0.	    0.]
 [    0.	    0.	    0.	    0.	    0.]
 [   41.	  178.	    0.	    0.	  749.]
2026-03-19 14:43:17,513 - INFO - Change Type PA (Recall) Matrix
 [[0.    	0.953 	0.    	0.    	0.    ]
 [0.2727	0.    	1.    	0.    	0.7273]
 [0.    	1.    	0.    	0.    	0.    ]
 [0.    	0.    	0.    	0.    	0.    ]
 [0.    	0.    	0.    	0.    	0.    ]]
2026-03-19 14:43:17,514 - INFO - Change Type UA (Precision) Matrix
 [[0.    	0.8681	0.    	0.    	0.    ]
 [0.1154	0.    	0.875 	0.    	0.7692]
 [0.    	0.913 	0.    	0.    	0.    ]
 [0.    	0.    	0.    	0.    	0.    ]
 [0.    	0.    	0.    	0.    	0.    ]]
2026-03-19 14:43:17,515 - INFO - Change Type F1 Matrix
 [[0.    	0.9086	0.    	0.    	0.    ]
 [0.1622	0.    	0.9333	0.    	0.7477]
 [0.    	0.9545	0.    	0.    	0.    ]
 [0.    	0.    	0.    	0.    	0.    ]
 [0.    	0.    	0.    	0.    	0.    ]]
2026-03-19 14:43:17,515 - INFO - Epoch 0 saved.
