2026-03-19 14:43:17,600 - INFO - Epoch 0, Train loss: 0.0
2026-03-19 14:43:17,600 - INFO - mIoU: 0.9517; OA: 0.9858; AA: 0.9747; F1: 0.9749; cls_weighted_F1: 0.9858; Kappa: 0.974;
2026-03-19 14:43:17,600 - INFO - spatial_LccAccuracy: 0.8651; spatial_PA: 1.0; spatial_UA: 1.0; spatial_F1: 1.0; weighted_F1: 0.908
2026-03-19 14:43:17,600 - INFO - temporal_CdAccuracy: 0.8651; temporal_PA: 0.8973; temporal_UA: 0.8739; temporal_F1: 0.8855
2026-03-19 14:43:17,600 - INFO - Confusion Matrix
 [1540.	  47.	   0.	   0.	   0.]
 [  60.	1233.	   0.	   0.	   0.]
 [   0.	   0.	   0.	   0.	   0.]
 [   0.	   0.	   0.	   0.	   0.]
 [   0.	   0.	   0.	   0.	4680.]
2026-03-19 14:43:17,601 - INFO - Change Type PA (Recall) Matrix
 [[0.    	0.9375	0.    	0.    	0.    ]
 [0.9355	0.    	0.    	0.    	0.    ]
 [0.    	0.    	0.    	0.    	0.    ]
 [0.    	0.    	0.    	0.    	0.    ]
 [0.    	0.    	0.    	0.    	0.    ]]
2026-03-19 14:43:17,601 - INFO - Change Type UA (Precision) Matrix
 [[0.    	0.8824	0.    	0.    	0.    ]
 [0.8788	0.    	0.    	0.    	0.    ]
 [0.    	0.    	0.    	0.    	0.    ]
 [0.    	0.    	0.    	0.    	0.    ]
 [0.    	0.    	0.    	0.    	0.    ]]
2026-03-19 14:43:17,601 - INFO - Change Type F1 Matrix
 [[0.    	0.9091	0.    	0.    	0.    ]
 [0.9062	0.    	0.    	0.    	0.    ]
 [0.    	0.    	0.    	0.    	0.    ]
 [0.    	0.    	0.    	0.    	0.    ]
 [0.    	0.    	0.    	0.    	0.    ]]
2026-03-19 14:43:17,601 - INFO - Epoch 0 saved.
