2026-03-19 14:43:17,963 - INFO - Epoch 0, Train loss: 0.0
2026-03-19 14:43:17,963 - INFO - mIoU: 0.9035; OA: 0.9864; AA: 0.9879; F1: 0.9464; cls_weighted_F1: 0.9865; Kappa: 0.9762;
2026-03-19 14:43:17,963 - INFO - spatial_LccAccuracy: 0.8864; spatial_PA: 0.972; spatial_UA: 0.9856; spatial_F1: 0.9788; weighted_F1: 0.902
2026-03-19 14:43:17,963 - INFO - temporal_CdAccuracy: 0.8961; temporal_PA: 0.9595; temporal_UA: 0.9507; temporal_F1: 0.9551
2026-03-19 14:43:17,963 - INFO - Confusion Matrix
 [24665.	  138.	    4.	    6.	    0.]
 [  250.	12565.	  168.	    1.	    0.]
 [   14.	    7.	  921.	    0.	    0.]
 [    0.	    0.	    0.	   21.	    0.]
 [    0.	    0.	    0.	    0.	 4560.]
2026-03-19 14:43:17,963 - INFO - Change Type PA (Recall) Matrix
 [[0.    	0.9236	0.9756	1.    	0.    ]
 [0.8767	0.    	0.7808	0.    	0.    ]
 [0.    	0.5   	0.    	0.    	0.    ]
 [0.    	0.    	0.    	0.    	0.    ]
 [0.    	0.    	0.    	0.    	0.    ]]
2026-03-19 14:43:17,964 - INFO - Change Type UA (Precision) Matrix
 [[0.    	0.9463	0.597 	0.7778	0.    ]
 [0.9275	0.    	0.8382	0.    	0.    ]
 [0.    	0.1429	0.    	0.    	0.    ]
 [0.    	0.    	0.    	0.    	0.    ]
 [0.    	0.    	0.    	0.    	0.    ]]
2026-03-19 14:43:17,964 - INFO - Change Type F1 Matrix
 [[0.    	0.9348	0.7407	0.875 	0.    ]
 [0.9014	0.    	0.8085	0.    	0.    ]
 [0.    	0.2222	0.    	0.    	0.    ]
 [0.    	0.    	0.    	0.    	0.    ]
 [0.    	0.    	0.    	0.    	0.    ]]
2026-03-19 14:43:17,964 - INFO - Epoch 0 saved.
