2026-03-19 14:43:18,287 - INFO - Epoch 0, Train loss: 0.0
2026-03-19 14:43:18,287 - INFO - mIoU: 0.8636; OA: 0.9767; AA: 0.9459; F1: 0.9211; cls_weighted_F1: 0.9769; Kappa: 0.9529;
2026-03-19 14:43:18,288 - INFO - spatial_LccAccuracy: 0.768; spatial_PA: 1.0; spatial_UA: 1.0; spatial_F1: 1.0; weighted_F1: 0.9443
2026-03-19 14:43:18,288 - INFO - temporal_CdAccuracy: 0.768; temporal_PA: 0.9434; temporal_UA: 0.936; temporal_F1: 0.9397
2026-03-19 14:43:18,288 - INFO - Confusion Matrix
 [14496.	  306.	    0.	    0.	    0.]
 [  405.	21071.	  103.	    0.	    0.]
 [    0.	   40.	  299.	    0.	    0.]
 [    0.	    0.	    0.	    0.	    0.]
 [    0.	    0.	    0.	    0.	    0.]
2026-03-19 14:43:18,289 - INFO - Change Type PA (Recall) Matrix
 [[0.    	0.9668	0.    	0.    	0.    ]
 [0.9288	0.    	0.9818	0.    	0.    ]
 [0.    	0.6875	0.    	0.    	0.    ]
 [0.    	0.    	0.    	0.    	0.    ]
 [0.    	0.    	0.    	0.    	0.    ]]
2026-03-19 14:43:18,290 - INFO - Change Type UA (Precision) Matrix
 [[0.    	0.9471	0.    	0.    	0.    ]
 [0.9162	0.    	0.9643	0.    	0.    ]
 [0.    	0.7333	0.    	0.    	0.    ]
 [0.    	0.    	0.    	0.    	0.    ]
 [0.    	0.    	0.    	0.    	0.    ]]
2026-03-19 14:43:18,291 - INFO - Change Type F1 Matrix
 [[0.    	0.9568	0.    	0.    	0.    ]
 [0.9224	0.    	0.973 	0.    	0.    ]
 [0.    	0.7097	0.    	0.    	0.    ]
 [0.    	0.    	0.    	0.    	0.    ]
 [0.    	0.    	0.    	0.    	0.    ]]
2026-03-19 14:43:18,291 - INFO - Epoch 0 saved.
