2026-03-19 14:43:18,484 - INFO - Epoch 0, Train loss: 0.0
2026-03-19 14:43:18,485 - INFO - mIoU: 0.9642; OA: 0.9941; AA: 0.983; F1: 0.9816; cls_weighted_F1: 0.9941; Kappa: 0.981;
2026-03-19 14:43:18,485 - INFO - spatial_LccAccuracy: 0.8943; spatial_PA: 0.9722; spatial_UA: 0.9785; spatial_F1: 0.9753; weighted_F1: 0.9231
2026-03-19 14:43:18,486 - INFO - temporal_CdAccuracy: 0.9377; temporal_PA: 0.9785; temporal_UA: 0.9774; temporal_F1: 0.9779
2026-03-19 14:43:18,486 - INFO - Confusion Matrix
 [18100.	   15.	    0.	    9.	    0.]
 [   33.	 2680.	    0.	   49.	    0.]
 [    0.	    0.	    0.	    0.	    0.]
 [    9.	   16.	    0.	 1229.	    0.]
 [    0.	    0.	    0.	    0.	    0.]
2026-03-19 14:43:18,487 - INFO - Change Type PA (Recall) Matrix
 [[0.    	0.8673	0.    	0.9436	0.    ]
 [0.5714	0.    	0.    	0.    	0.    ]
 [0.    	0.    	0.    	0.    	0.    ]
 [0.    	0.9732	0.    	0.    	0.    ]
 [0.    	0.    	0.    	0.    	0.    ]]
2026-03-19 14:43:18,488 - INFO - Change Type UA (Precision) Matrix
 [[0.    	0.9423	0.    	0.8976	0.    ]
 [0.8   	0.    	0.    	0.    	0.    ]
 [0.    	0.    	0.    	0.    	0.    ]
 [0.    	0.9561	0.    	0.    	0.    ]
 [0.    	0.    	0.    	0.    	0.    ]]
2026-03-19 14:43:18,489 - INFO - Change Type F1 Matrix
 [[0.    	0.9032	0.    	0.92  	0.    ]
 [0.6667	0.    	0.    	0.    	0.    ]
 [0.    	0.    	0.    	0.    	0.    ]
 [0.    	0.9646	0.    	0.    	0.    ]
 [0.    	0.    	0.    	0.    	0.    ]]
2026-03-19 14:43:18,489 - INFO - Epoch 0 saved.
