2026-03-19 14:43:18,610 - INFO - Epoch 0, Train loss: 0.0
2026-03-19 14:43:18,610 - INFO - mIoU: 0.7511; OA: 0.9702; AA: 0.9672; F1: 0.9684; cls_weighted_F1: 0.9704; Kappa: 0.95;
2026-03-19 14:43:18,610 - INFO - spatial_LccAccuracy: 0.7652; spatial_PA: 0.9717; spatial_UA: 0.9917; spatial_F1: 0.9816; weighted_F1: 0.9165
2026-03-19 14:43:18,610 - INFO - temporal_CdAccuracy: 0.7652; temporal_PA: 0.9186; temporal_UA: 0.8955; temporal_F1: 0.9069
2026-03-19 14:43:18,611 - INFO - Confusion Matrix
 [6011.	 141.	   2.	   7.	   4.]
 [ 149.	5949.	  40.	   0.	   1.]
 [   1.	  55.	1023.	   2.	   0.]
 [   5.	   0.	   4.	 406.	   0.]
 [   0.	   0.	   0.	   0.	   0.]
2026-03-19 14:43:18,611 - INFO - Change Type PA (Recall) Matrix
 [[0.    	0.9653	0.    	1.    	0.    ]
 [0.9839	0.    	0.6897	0.    	0.    ]
 [1.    	0.9512	0.    	0.    	0.    ]
 [0.    	0.    	0.    	0.    	0.    ]
 [0.    	0.    	0.    	0.    	0.    ]]
2026-03-19 14:43:18,612 - INFO - Change Type UA (Precision) Matrix
 [[0.    	0.9026	0.    	0.975 	0.    ]
 [0.8243	0.    	0.7692	0.    	0.    ]
 [1.    	1.    	0.    	0.    	0.    ]
 [0.    	0.    	0.    	0.    	0.    ]
 [0.    	0.    	0.    	0.    	0.    ]]
2026-03-19 14:43:18,613 - INFO - Change Type F1 Matrix
 [[0.    	0.9329	0.    	0.9873	0.    ]
 [0.8971	0.    	0.7273	0.    	0.    ]
 [1.    	0.975 	0.    	0.    	0.    ]
 [0.    	0.    	0.    	0.    	0.    ]
 [0.    	0.    	0.    	0.    	0.    ]]
2026-03-19 14:43:18,614 - INFO - Epoch 0 saved.
