2025-12-13 21:53:33,142 - INFO - Epoch 0, Train loss: 0.0
2025-12-13 21:53:33,143 - INFO - mIoU: 0.541; OA: 0.9616; AA: 0.5618; F1: 0.5687; Kappa: 0.927;
2025-12-13 21:53:33,143 - INFO - spatial_LccAccuracy: 0.8837; spatial_PA: 0.8421; spatial_UA: 0.9818; spatial_F1: 0.9066
2025-12-13 21:53:33,143 - INFO - temporal_CdAccuracy: 0.7767; temporal_PA: 0.9129; temporal_UA: 0.8555; temporal_F1: 0.8832
2025-12-13 21:53:33,143 - INFO - Confusion Matrix
 [13919.	  357.	    0.	    0.	    5.]
 [  686.	15982.	   30.	    0.	   33.]
 [    0.	    0.	    0.	    0.	    0.]
 [    0.	    0.	    0.	    0.	    0.]
 [    0.	  117.	    0.	    0.	  851.]
2025-12-13 21:53:33,143 - INFO - Change Type PA (Recall) Matrix
 [[0.    	0.9595	0.    	0.    	0.    ]
 [0.4545	0.    	0.    	0.    	0.8909]
 [0.    	0.    	0.    	0.    	0.    ]
 [0.    	0.    	0.    	0.    	0.    ]
 [0.    	0.    	0.    	0.    	0.    ]]
2025-12-13 21:53:33,144 - INFO - Change Type UA (Precision) Matrix
 [[0.    	0.8841	0.    	0.    	0.    ]
 [0.2222	0.    	0.    	0.    	0.7903]
 [0.    	0.    	0.    	0.    	0.    ]
 [0.    	0.    	0.    	0.    	0.    ]
 [0.    	0.    	0.    	0.    	0.    ]]
2025-12-13 21:53:33,144 - INFO - Change Type F1 Matrix
 [[0.    	0.9202	0.    	0.    	0.    ]
 [0.2985	0.    	0.    	0.    	0.8376]
 [0.    	0.    	0.    	0.    	0.    ]
 [0.    	0.    	0.    	0.    	0.    ]
 [0.    	0.    	0.    	0.    	0.    ]]
2025-12-13 21:53:33,144 - INFO - Epoch 0 saved.
