<<<<<<< HEAD
2026-01-22 16:51:55,639 - INFO - Epoch 0, Train loss: 0.0
2026-01-22 16:51:55,640 - INFO - mIoU: 0.7671; OA: 0.9935; AA: 0.7736; F1: 0.7825; Kappa: 0.9889;
2026-01-22 16:51:55,640 - INFO - spatial_LccAccuracy: 0.9308; spatial_PA: 0.998; spatial_UA: 0.999; spatial_F1: 0.9985; weighted_F1: 0.9424
2026-01-22 16:51:55,640 - INFO - temporal_CdAccuracy: 0.9376; temporal_PA: 0.9736; temporal_UA: 0.9656; temporal_F1: 0.9696
2026-01-22 16:51:55,640 - INFO - Confusion Matrix
=======
2025-12-13 21:53:33,572 - INFO - Epoch 0, Train loss: 0.0
2025-12-13 21:53:33,572 - INFO - mIoU: 0.7671; OA: 0.9935; AA: 0.7736; F1: 0.7825; Kappa: 0.9889;
2025-12-13 21:53:33,573 - INFO - spatial_LccAccuracy: 0.9566; spatial_PA: 0.998; spatial_UA: 0.999; spatial_F1: 0.9985
2025-12-13 21:53:33,573 - INFO - temporal_CdAccuracy: 0.9376; temporal_PA: 0.9736; temporal_UA: 0.9656; temporal_F1: 0.9696
2025-12-13 21:53:33,574 - INFO - Confusion Matrix
>>>>>>> 93175a06c110e941919a0524e265707df6271051
 [23271.	   92.	    1.	    0.	    0.]
 [   82.	15457.	   14.	    0.	    0.]
 [    7.	   82.	  654.	    0.	    0.]
 [    0.	    0.	    0.	    0.	    0.]
 [    9.	    0.	    0.	    0.	 4551.]
<<<<<<< HEAD
2026-01-22 16:51:55,641 - INFO - Change Type PA (Recall) Matrix
=======
2025-12-13 21:53:33,575 - INFO - Change Type PA (Recall) Matrix
>>>>>>> 93175a06c110e941919a0524e265707df6271051
 [[0.    	0.9811	0.75  	0.    	0.    ]
 [0.8987	0.    	0.8947	0.    	0.    ]
 [0.    	0.    	0.    	0.    	0.    ]
 [0.    	0.    	0.    	0.    	0.    ]
 [0.    	0.    	0.    	0.    	0.    ]]
<<<<<<< HEAD
2026-01-22 16:51:55,642 - INFO - Change Type UA (Precision) Matrix
=======
2025-12-13 21:53:33,575 - INFO - Change Type UA (Precision) Matrix
>>>>>>> 93175a06c110e941919a0524e265707df6271051
 [[0.    	0.951 	0.9706	0.    	0.    ]
 [0.9103	0.    	0.7907	0.    	0.    ]
 [0.    	0.    	0.    	0.    	0.    ]
 [0.    	0.    	0.    	0.    	0.    ]
 [0.    	0.    	0.    	0.    	0.    ]]
<<<<<<< HEAD
2026-01-22 16:51:55,643 - INFO - Change Type F1 Matrix
=======
2025-12-13 21:53:33,576 - INFO - Change Type F1 Matrix
>>>>>>> 93175a06c110e941919a0524e265707df6271051
 [[0.    	0.9658	0.8462	0.    	0.    ]
 [0.9045	0.    	0.8395	0.    	0.    ]
 [0.    	0.    	0.    	0.    	0.    ]
 [0.    	0.    	0.    	0.    	0.    ]
 [0.    	0.    	0.    	0.    	0.    ]]
<<<<<<< HEAD
2026-01-22 16:51:55,643 - INFO - Epoch 0 saved.
=======
2025-12-13 21:53:33,576 - INFO - Epoch 0 saved.
>>>>>>> 93175a06c110e941919a0524e265707df6271051
