2026-02-22 20:06:48,359 - INFO - Epoch 0, Train loss: 0.0
2026-02-22 20:06:48,359 - INFO - mIoU: 0.8298; OA: 0.9781; AA: 0.8633; F1: 0.8947; cls_weighted_F1: 0.9777; Kappa: 0.955;
2026-02-22 20:06:48,359 - INFO - spatial_LccAccuracy: 0.7542; spatial_PA: 0.9991; spatial_UA: 0.9919; spatial_F1: 0.9955; weighted_F1: 0.9282
2026-02-22 20:06:48,359 - INFO - temporal_CdAccuracy: 0.7559; temporal_PA: 0.9261; temporal_UA: 0.9279; temporal_F1: 0.927
2026-02-22 20:06:48,359 - INFO - Confusion Matrix
 [13513.	  451.	    0.	    0.	    0.]
 [  144.	20876.	   42.	    0.	    0.]
 [    0.	  138.	  236.	    0.	    0.]
 [    0.	    0.	    0.	    0.	    0.]
 [    0.	    0.	    0.	    0.	    0.]
2026-02-22 20:06:48,359 - INFO - Change Type PA (Recall) Matrix
 [[0.    	0.9589	0.    	0.    	0.    ]
 [0.9317	0.    	0.68  	0.    	0.    ]
 [0.    	0.3529	0.    	0.    	0.    ]
 [0.    	0.    	0.    	0.    	0.    ]
 [0.    	0.    	0.    	0.    	0.    ]]
2026-02-22 20:06:48,359 - INFO - Change Type UA (Precision) Matrix
 [[0.    	0.9539	0.    	0.    	0.    ]
 [0.8955	0.    	0.9189	0.    	0.    ]
 [0.    	0.6   	0.    	0.    	0.    ]
 [0.    	0.    	0.    	0.    	0.    ]
 [0.    	0.    	0.    	0.    	0.    ]]
2026-02-22 20:06:48,359 - INFO - Change Type F1 Matrix
 [[0.    	0.9564	0.    	0.    	0.    ]
 [0.9132	0.    	0.7816	0.    	0.    ]
 [0.    	0.4444	0.    	0.    	0.    ]
 [0.    	0.    	0.    	0.    	0.    ]
 [0.    	0.    	0.    	0.    	0.    ]]
2026-02-22 20:06:48,359 - INFO - Epoch 0 saved.
