2025-12-13 21:53:34,181 - INFO - Epoch 0, Train loss: 0.0
2025-12-13 21:53:34,182 - INFO - mIoU: 0.7595; OA: 0.974; AA: 0.7778; F1: 0.7791; Kappa: 0.9523;
2025-12-13 21:53:34,182 - INFO - spatial_LccAccuracy: 0.9063; spatial_PA: 1.0; spatial_UA: 1.0; spatial_F1: 1.0
2025-12-13 21:53:34,182 - INFO - temporal_CdAccuracy: 0.8482; temporal_PA: 0.9523; temporal_UA: 0.9081; temporal_F1: 0.9296
2025-12-13 21:53:34,183 - INFO - Confusion Matrix
 [6985.	 184.	   0.	   2.	   0.]
 [ 109.	5405.	  16.	   0.	   0.]
 [   0.	  38.	 570.	   0.	   0.]
 [   0.	   0.	   0.	 131.	   0.]
 [   0.	   0.	   0.	   0.	   0.]
2025-12-13 21:53:34,184 - INFO - Change Type PA (Recall) Matrix
 [[0.    	0.9722	0.    	1.    	0.    ]
 [0.9348	0.    	0.7895	0.    	0.    ]
 [0.    	0.8947	0.    	0.    	0.    ]
 [0.    	0.    	0.    	0.    	0.    ]
 [0.    	0.    	0.    	0.    	0.    ]]
2025-12-13 21:53:34,185 - INFO - Change Type UA (Precision) Matrix
 [[0.    	0.8883	0.    	1.    	0.    ]
 [0.6825	0.    	0.75  	0.    	0.    ]
 [0.    	0.9444	0.    	0.    	0.    ]
 [0.    	0.    	0.    	0.    	0.    ]
 [0.    	0.    	0.    	0.    	0.    ]]
2025-12-13 21:53:34,186 - INFO - Change Type F1 Matrix
 [[0.    	0.9284	0.    	1.    	0.    ]
 [0.789 	0.    	0.7692	0.    	0.    ]
 [0.    	0.9189	0.    	0.    	0.    ]
 [0.    	0.    	0.    	0.    	0.    ]
 [0.    	0.    	0.    	0.    	0.    ]]
2025-12-13 21:53:34,186 - INFO - Epoch 0 saved.
