<<<<<<< HEAD
2026-01-22 16:52:01,161 - INFO - Epoch 0, Train loss: 0.0
2026-01-22 16:52:01,161 - INFO - mIoU: 0.5316; OA: 0.9602; AA: 0.5525; F1: 0.5631; Kappa: 0.9241;
2026-01-22 16:52:01,162 - INFO - spatial_LccAccuracy: 0.8049; spatial_PA: 0.8709; spatial_UA: 0.9243; spatial_F1: 0.8968; weighted_F1: 0.9019
2026-01-22 16:52:01,162 - INFO - temporal_CdAccuracy: 0.8068; temporal_PA: 0.929; temporal_UA: 0.8817; temporal_F1: 0.9048
2026-01-22 16:52:01,162 - INFO - Confusion Matrix
=======
2025-12-13 21:53:38,680 - INFO - Epoch 0, Train loss: 0.0
2025-12-13 21:53:38,681 - INFO - mIoU: 0.5316; OA: 0.9602; AA: 0.5525; F1: 0.5631; Kappa: 0.9241;
2025-12-13 21:53:38,681 - INFO - spatial_LccAccuracy: 0.8912; spatial_PA: 0.8709; spatial_UA: 0.9243; spatial_F1: 0.8968
2025-12-13 21:53:38,681 - INFO - temporal_CdAccuracy: 0.8068; temporal_PA: 0.929; temporal_UA: 0.8817; temporal_F1: 0.9048
2025-12-13 21:53:38,681 - INFO - Confusion Matrix
>>>>>>> 93175a06c110e941919a0524e265707df6271051
 [13834.	  432.	    0.	    0.	   15.]
 [  621.	16065.	   22.	    0.	   23.]
 [    0.	    0.	    0.	    0.	    0.]
 [    0.	    0.	    0.	    0.	    0.]
 [    0.	  161.	    0.	    0.	  807.]
<<<<<<< HEAD
2026-01-22 16:52:01,163 - INFO - Change Type PA (Recall) Matrix
=======
2025-12-13 21:53:38,682 - INFO - Change Type PA (Recall) Matrix
>>>>>>> 93175a06c110e941919a0524e265707df6271051
 [[0.    	0.9531	0.    	0.    	0.    ]
 [0.7727	0.    	0.    	0.    	0.8545]
 [0.    	0.    	0.    	0.    	0.    ]
 [0.    	0.    	0.    	0.    	0.    ]
 [0.    	0.    	0.    	0.    	0.    ]]
<<<<<<< HEAD
2026-01-22 16:52:01,164 - INFO - Change Type UA (Precision) Matrix
=======
2025-12-13 21:53:38,682 - INFO - Change Type UA (Precision) Matrix
>>>>>>> 93175a06c110e941919a0524e265707df6271051
 [[0.    	0.9085	0.    	0.    	0.    ]
 [0.3778	0.    	0.    	0.    	0.7833]
 [0.    	0.    	0.    	0.    	0.    ]
 [0.    	0.    	0.    	0.    	0.    ]
 [0.    	0.    	0.    	0.    	0.    ]]
<<<<<<< HEAD
2026-01-22 16:52:01,165 - INFO - Change Type F1 Matrix
=======
2025-12-13 21:53:38,683 - INFO - Change Type F1 Matrix
>>>>>>> 93175a06c110e941919a0524e265707df6271051
 [[0.    	0.9303	0.    	0.    	0.    ]
 [0.5075	0.    	0.    	0.    	0.8174]
 [0.    	0.    	0.    	0.    	0.    ]
 [0.    	0.    	0.    	0.    	0.    ]
 [0.    	0.    	0.    	0.    	0.    ]]
<<<<<<< HEAD
2026-01-22 16:52:01,165 - INFO - Epoch 0 saved.
=======
2025-12-13 21:53:38,684 - INFO - Epoch 0 saved.
>>>>>>> 93175a06c110e941919a0524e265707df6271051
