<<<<<<< HEAD
2026-01-22 16:52:01,661 - INFO - Epoch 0, Train loss: 0.0
2026-01-22 16:52:01,661 - INFO - mIoU: 0.7658; OA: 0.9937; AA: 0.7825; F1: 0.7818; Kappa: 0.9893;
2026-01-22 16:52:01,661 - INFO - spatial_LccAccuracy: 0.9417; spatial_PA: 0.998; spatial_UA: 0.999; spatial_F1: 0.9985; weighted_F1: 0.9598
2026-01-22 16:52:01,662 - INFO - temporal_CdAccuracy: 0.9471; temporal_PA: 0.9853; temporal_UA: 0.9645; temporal_F1: 0.9748
2026-01-22 16:52:01,662 - INFO - Confusion Matrix
=======
2025-12-13 21:53:39,115 - INFO - Epoch 0, Train loss: 0.0
2025-12-13 21:53:39,116 - INFO - mIoU: 0.7658; OA: 0.9937; AA: 0.7825; F1: 0.7818; Kappa: 0.9893;
2025-12-13 21:53:39,116 - INFO - spatial_LccAccuracy: 0.9579; spatial_PA: 0.998; spatial_UA: 0.999; spatial_F1: 0.9985
2025-12-13 21:53:39,117 - INFO - temporal_CdAccuracy: 0.9471; temporal_PA: 0.9853; temporal_UA: 0.9645; temporal_F1: 0.9748
2025-12-13 21:53:39,118 - INFO - Confusion Matrix
>>>>>>> 93175a06c110e941919a0524e265707df6271051
 [23311.	   53.	    0.	    0.	    0.]
 [   83.	15407.	   63.	    0.	    0.]
 [    9.	   43.	  691.	    0.	    0.]
 [    0.	    0.	    0.	    0.	    0.]
 [   26.	    0.	    0.	    0.	 4534.]
<<<<<<< HEAD
2026-01-22 16:52:01,662 - INFO - Change Type PA (Recall) Matrix
=======
2025-12-13 21:53:39,119 - INFO - Change Type PA (Recall) Matrix
>>>>>>> 93175a06c110e941919a0524e265707df6271051
 [[0.    	0.9811	0.9318	0.    	0.    ]
 [0.9873	0.    	0.9211	0.    	0.    ]
 [0.    	0.    	0.    	0.    	0.    ]
 [0.    	0.    	0.    	0.    	0.    ]
 [0.    	0.    	0.    	0.    	0.    ]]
<<<<<<< HEAD
2026-01-22 16:52:01,664 - INFO - Change Type UA (Precision) Matrix
=======
2025-12-13 21:53:39,120 - INFO - Change Type UA (Precision) Matrix
>>>>>>> 93175a06c110e941919a0524e265707df6271051
 [[0.    	0.9749	0.8542	0.    	0.    ]
 [0.8966	0.    	0.7955	0.    	0.    ]
 [0.    	0.    	0.    	0.    	0.    ]
 [0.    	0.    	0.    	0.    	0.    ]
 [0.    	0.    	0.    	0.    	0.    ]]
<<<<<<< HEAD
2026-01-22 16:52:01,664 - INFO - Change Type F1 Matrix
=======
2025-12-13 21:53:39,120 - INFO - Change Type F1 Matrix
>>>>>>> 93175a06c110e941919a0524e265707df6271051
 [[0.    	0.978 	0.8913	0.    	0.    ]
 [0.9398	0.    	0.8537	0.    	0.    ]
 [0.    	0.    	0.    	0.    	0.    ]
 [0.    	0.    	0.    	0.    	0.    ]
 [0.    	0.    	0.    	0.    	0.    ]]
<<<<<<< HEAD
2026-01-22 16:52:01,664 - INFO - Epoch 0 saved.
=======
2025-12-13 21:53:39,120 - INFO - Epoch 0 saved.
>>>>>>> 93175a06c110e941919a0524e265707df6271051
