2026-01-29 22:27:45,561 - INFO - Epoch 0, Train loss: 0.0
2026-01-29 22:27:45,561 - INFO - mIoU: 0.6645; OA: 0.9602; AA: 0.9209; F1: 0.9385; Kappa: 0.9241;
2026-01-29 22:27:45,561 - INFO - spatial_LccAccuracy: 0.8049; spatial_PA: 0.8709; spatial_UA: 0.9243; spatial_F1: 0.8968; weighted_F1: 0.9019
2026-01-29 22:27:45,561 - INFO - temporal_CdAccuracy: 0.8068; temporal_PA: 0.929; temporal_UA: 0.8817; temporal_F1: 0.9048
2026-01-29 22:27:45,561 - INFO - Confusion Matrix
 [13834.	  432.	    0.	    0.	   15.]
 [  621.	16065.	   22.	    0.	   23.]
 [    0.	    0.	    0.	    0.	    0.]
 [    0.	    0.	    0.	    0.	    0.]
 [    0.	  161.	    0.	    0.	  807.]
2026-01-29 22:27:45,561 - INFO - Change Type PA (Recall) Matrix
 [[0.    	0.9531	0.    	0.    	0.    ]
 [0.7727	0.    	0.    	0.    	0.8545]
 [0.    	0.    	0.    	0.    	0.    ]
 [0.    	0.    	0.    	0.    	0.    ]
 [0.    	0.    	0.    	0.    	0.    ]]
2026-01-29 22:27:45,561 - INFO - Change Type UA (Precision) Matrix
 [[0.    	0.9085	0.    	0.    	0.    ]
 [0.3778	0.    	0.    	0.    	0.7833]
 [0.    	0.    	0.    	0.    	0.    ]
 [0.    	0.    	0.    	0.    	0.    ]
 [0.    	0.    	0.    	0.    	0.    ]]
2026-01-29 22:27:45,561 - INFO - Change Type F1 Matrix
 [[0.    	0.9303	0.    	0.    	0.    ]
 [0.5075	0.    	0.    	0.    	0.8174]
 [0.    	0.    	0.    	0.    	0.    ]
 [0.    	0.    	0.    	0.    	0.    ]
 [0.    	0.    	0.    	0.    	0.    ]]
2026-01-29 22:27:45,562 - INFO - Epoch 0 saved.
