2026-01-29 22:27:46,364 - INFO - Epoch 0, Train loss: 0.0
2026-01-29 22:27:46,364 - INFO - mIoU: 0.982; OA: 0.9973; AA: 0.9916; F1: 0.9909; Kappa: 0.9912;
2026-01-29 22:27:46,364 - INFO - spatial_LccAccuracy: 0.9514; spatial_PA: 1.0; spatial_UA: 1.0; spatial_F1: 1.0; weighted_F1: 0.9639
2026-01-29 22:27:46,364 - INFO - temporal_CdAccuracy: 0.9757; temporal_PA: 0.996; temporal_UA: 0.9864; temporal_F1: 0.9912
2026-01-29 22:27:46,364 - INFO - Confusion Matrix
 [18125.	    3.	    0.	    1.	    0.]
 [   21.	 2950.	    0.	   26.	    0.]
 [    0.	    0.	    0.	    0.	    0.]
 [    3.	    7.	    0.	 1064.	    0.]
 [    0.	    0.	    0.	    0.	    0.]
2026-01-29 22:27:46,364 - INFO - Change Type PA (Recall) Matrix
 [[0.    	0.9542	0.    	0.9824	0.    ]
 [1.    	0.    	0.    	0.    	0.    ]
 [0.    	0.    	0.    	0.    	0.    ]
 [0.    	0.9681	0.    	0.    	0.    ]
 [0.    	0.    	0.    	0.    	0.    ]]
2026-01-29 22:27:46,364 - INFO - Change Type UA (Precision) Matrix
 [[0.    	0.9615	0.    	0.9598	0.    ]
 [0.8   	0.    	0.    	0.    	0.    ]
 [0.    	0.    	0.    	0.    	0.    ]
 [0.    	0.9579	0.    	0.    	0.    ]
 [0.    	0.    	0.    	0.    	0.    ]]
2026-01-29 22:27:46,364 - INFO - Change Type F1 Matrix
 [[0.    	0.9579	0.    	0.9709	0.    ]
 [0.8889	0.    	0.    	0.    	0.    ]
 [0.    	0.    	0.    	0.    	0.    ]
 [0.    	0.963 	0.    	0.    	0.    ]
 [0.    	0.    	0.    	0.    	0.    ]]
2026-01-29 22:27:46,364 - INFO - Epoch 0 saved.
