2026-03-19 14:44:36,938 - INFO - Epoch 0, Train loss: 0.0
2026-03-19 14:44:36,938 - INFO - mIoU: 0.7045; OA: 0.9622; AA: 0.928; F1: 0.9354; cls_weighted_F1: 0.9621; Kappa: 0.929;
2026-03-19 14:44:36,938 - INFO - spatial_LccAccuracy: 0.793; spatial_PA: 0.8333; spatial_UA: 0.9823; spatial_F1: 0.9017; weighted_F1: 0.9003
2026-03-19 14:44:36,939 - INFO - temporal_CdAccuracy: 0.793; temporal_PA: 0.9305; temporal_UA: 0.8846; temporal_F1: 0.907
2026-03-19 14:44:36,939 - INFO - Confusion Matrix
 [15239.	  350.	    0.	    2.	   34.]
 [  693.	16865.	   22.	    0.	   34.]
 [    0.	   19.	  274.	    0.	    0.]
 [    0.	    0.	    0.	    0.	    0.]
 [    2.	  149.	    0.	    0.	  817.]
2026-03-19 14:44:36,940 - INFO - Change Type PA (Recall) Matrix
 [[0.    	0.9589	0.    	0.    	0.    ]
 [0.3182	0.    	1.    	0.    	0.8545]
 [0.    	1.    	0.    	0.    	0.    ]
 [0.    	0.    	0.    	0.    	0.    ]
 [0.    	0.    	0.    	0.    	0.    ]]
2026-03-19 14:44:36,941 - INFO - Change Type UA (Precision) Matrix
 [[0.    	0.8942	0.    	0.    	0.    ]
 [0.1842	0.    	0.9545	0.    	0.7833]
 [0.    	0.9545	0.    	0.    	0.    ]
 [0.    	0.    	0.    	0.    	0.    ]
 [0.    	0.    	0.    	0.    	0.    ]]
2026-03-19 14:44:36,941 - INFO - Change Type F1 Matrix
 [[0.    	0.9254	0.    	0.    	0.    ]
 [0.2333	0.    	0.9767	0.    	0.8174]
 [0.    	0.9767	0.    	0.    	0.    ]
 [0.    	0.    	0.    	0.    	0.    ]
 [0.    	0.    	0.    	0.    	0.    ]]
2026-03-19 14:44:36,941 - INFO - Epoch 0 saved.
