2026-03-19 14:44:37,025 - INFO - Epoch 0, Train loss: 0.0
2026-03-19 14:44:37,026 - INFO - mIoU: 0.9515; OA: 0.9857; AA: 0.9763; F1: 0.9748; cls_weighted_F1: 0.9857; Kappa: 0.9737;
2026-03-19 14:44:37,027 - INFO - spatial_LccAccuracy: 0.8571; spatial_PA: 1.0; spatial_UA: 1.0; spatial_F1: 1.0; weighted_F1: 0.9571
2026-03-19 14:44:37,027 - INFO - temporal_CdAccuracy: 0.8571; temporal_PA: 0.8781; temporal_UA: 0.8559; temporal_F1: 0.8669
2026-03-19 14:44:37,027 - INFO - Confusion Matrix
 [1501.	  86.	   0.	   0.	   0.]
 [  22.	1271.	   0.	   0.	   0.]
 [   0.	   0.	   0.	   0.	   0.]
 [   0.	   0.	   0.	   0.	   0.]
 [   0.	   0.	   0.	   0.	4680.]
2026-03-19 14:44:37,028 - INFO - Change Type PA (Recall) Matrix
 [[0.    	0.9792	0.    	0.    	0.    ]
 [1.    	0.    	0.    	0.    	0.    ]
 [0.    	0.    	0.    	0.    	0.    ]
 [0.    	0.    	0.    	0.    	0.    ]
 [0.    	0.    	0.    	0.    	0.    ]]
2026-03-19 14:44:37,029 - INFO - Change Type UA (Precision) Matrix
 [[0.    	0.94  	0.    	0.    	0.    ]
 [0.9118	0.    	0.    	0.    	0.    ]
 [0.    	0.    	0.    	0.    	0.    ]
 [0.    	0.    	0.    	0.    	0.    ]
 [0.    	0.    	0.    	0.    	0.    ]]
2026-03-19 14:44:37,029 - INFO - Change Type F1 Matrix
 [[0.    	0.9592	0.    	0.    	0.    ]
 [0.9538	0.    	0.    	0.    	0.    ]
 [0.    	0.    	0.    	0.    	0.    ]
 [0.    	0.    	0.    	0.    	0.    ]
 [0.    	0.    	0.    	0.    	0.    ]]
2026-03-19 14:44:37,031 - INFO - Epoch 0 saved.
