2026-03-19 14:44:37,467 - INFO - Epoch 0, Train loss: 0.0
2026-03-19 14:44:37,467 - INFO - mIoU: 0.9656; OA: 0.9902; AA: 0.9909; F1: 0.9823; cls_weighted_F1: 0.9902; Kappa: 0.9828;
2026-03-19 14:44:37,468 - INFO - spatial_LccAccuracy: 0.9335; spatial_PA: 0.98; spatial_UA: 0.9896; spatial_F1: 0.9848; weighted_F1: 0.9341
2026-03-19 14:44:37,468 - INFO - temporal_CdAccuracy: 0.9377; temporal_PA: 0.9846; temporal_UA: 0.9489; temporal_F1: 0.9664
2026-03-19 14:44:37,468 - INFO - Confusion Matrix
 [24598.	  211.	    3.	    1.	    0.]
 [  133.	12794.	   57.	    0.	    0.]
 [    9.	   12.	  921.	    0.	    0.]
 [    0.	    0.	    0.	   21.	    0.]
 [    0.	    0.	    0.	    0.	 4560.]
2026-03-19 14:44:37,470 - INFO - Change Type PA (Recall) Matrix
 [[0.    	0.9825	0.9024	0.7143	0.    ]
 [0.9452	0.    	0.9863	0.    	0.    ]
 [0.    	1.    	0.    	0.    	0.    ]
 [0.    	0.    	0.    	0.    	0.    ]
 [0.    	0.    	0.    	0.    	0.    ]]
2026-03-19 14:44:37,471 - INFO - Change Type UA (Precision) Matrix
 [[0.    	0.9298	0.9024	0.7143	0.    ]
 [0.7753	0.    	0.878 	0.    	0.    ]
 [0.    	0.5   	0.    	0.    	0.    ]
 [0.    	0.    	0.    	0.    	0.    ]
 [0.    	0.    	0.    	0.    	0.    ]]
2026-03-19 14:44:37,471 - INFO - Change Type F1 Matrix
 [[0.    	0.9554	0.9024	0.7143	0.    ]
 [0.8519	0.    	0.929 	0.    	0.    ]
 [0.    	0.6667	0.    	0.    	0.    ]
 [0.    	0.    	0.    	0.    	0.    ]
 [0.    	0.    	0.    	0.    	0.    ]]
2026-03-19 14:44:37,472 - INFO - Epoch 0 saved.
