2026-03-19 14:44:37,839 - INFO - Epoch 0, Train loss: 0.0
2026-03-19 14:44:37,839 - INFO - mIoU: 0.6564; OA: 0.9795; AA: 0.9211; F1: 0.9286; cls_weighted_F1: 0.9795; Kappa: 0.9582;
2026-03-19 14:44:37,839 - INFO - spatial_LccAccuracy: 0.8105; spatial_PA: 1.0; spatial_UA: 1.0; spatial_F1: 1.0; weighted_F1: 0.9402
2026-03-19 14:44:37,839 - INFO - temporal_CdAccuracy: 0.8105; temporal_PA: 0.95; temporal_UA: 0.9524; temporal_F1: 0.9512
2026-03-19 14:44:37,840 - INFO - Confusion Matrix
 [14326.	  471.	    0.	    5.	    0.]
 [  160.	21369.	   50.	    0.	    0.]
 [    0.	   66.	  273.	    0.	    0.]
 [    0.	    0.	    0.	    0.	    0.]
 [    0.	    0.	    0.	    0.	    0.]
2026-03-19 14:44:37,840 - INFO - Change Type PA (Recall) Matrix
 [[0.    	0.9435	0.    	0.    	0.    ]
 [0.9178	0.    	0.9455	0.    	0.    ]
 [0.    	1.    	0.    	0.    	0.    ]
 [0.    	0.    	0.    	0.    	0.    ]
 [0.    	0.    	0.    	0.    	0.    ]]
2026-03-19 14:44:37,841 - INFO - Change Type UA (Precision) Matrix
 [[0.    	0.9564	0.    	0.    	0.    ]
 [0.9153	0.    	0.963 	0.    	0.    ]
 [0.    	0.8889	0.    	0.    	0.    ]
 [0.    	0.    	0.    	0.    	0.    ]
 [0.    	0.    	0.    	0.    	0.    ]]
2026-03-19 14:44:37,842 - INFO - Change Type F1 Matrix
 [[0.    	0.9499	0.    	0.    	0.    ]
 [0.9166	0.    	0.9541	0.    	0.    ]
 [0.    	0.9412	0.    	0.    	0.    ]
 [0.    	0.    	0.    	0.    	0.    ]
 [0.    	0.    	0.    	0.    	0.    ]]
2026-03-19 14:44:37,843 - INFO - Epoch 0 saved.
