2026-03-19 14:44:38,070 - INFO - Epoch 0, Train loss: 0.0
2026-03-19 14:44:38,070 - INFO - mIoU: 0.7279; OA: 0.9953; AA: 0.9849; F1: 0.9849; cls_weighted_F1: 0.9953; Kappa: 0.9847;
2026-03-19 14:44:38,070 - INFO - spatial_LccAccuracy: 0.9241; spatial_PA: 0.9869; spatial_UA: 0.9746; spatial_F1: 0.9807; weighted_F1: 0.9499
2026-03-19 14:44:38,071 - INFO - temporal_CdAccuracy: 0.9539; temporal_PA: 0.9867; temporal_UA: 0.9801; temporal_F1: 0.9834
2026-03-19 14:44:38,071 - INFO - Confusion Matrix
 [18102.	   19.	    0.	    3.	    0.]
 [   17.	 2711.	    0.	   34.	    0.]
 [    0.	    0.	    0.	    0.	    0.]
 [   11.	   20.	    0.	 1222.	    1.]
 [    0.	    0.	    0.	    0.	    0.]
2026-03-19 14:44:38,072 - INFO - Change Type PA (Recall) Matrix
 [[0.    	0.9204	0.    	0.9487	0.    ]
 [1.    	0.    	0.    	0.    	0.    ]
 [0.    	0.    	0.    	0.    	0.    ]
 [0.    	0.9911	0.    	0.    	0.    ]
 [0.    	0.    	0.    	0.    	0.    ]]
2026-03-19 14:44:38,072 - INFO - Change Type UA (Precision) Matrix
 [[0.    	0.9286	0.    	0.9487	0.    ]
 [0.7778	0.    	0.    	0.    	0.    ]
 [0.    	0.    	0.    	0.    	0.    ]
 [0.    	0.9737	0.    	0.    	0.    ]
 [0.    	0.    	0.    	0.    	0.    ]]
2026-03-19 14:44:38,073 - INFO - Change Type F1 Matrix
 [[0.    	0.9244	0.    	0.9487	0.    ]
 [0.875 	0.    	0.    	0.    	0.    ]
 [0.    	0.    	0.    	0.    	0.    ]
 [0.    	0.9823	0.    	0.    	0.    ]
 [0.    	0.    	0.    	0.    	0.    ]]
2026-03-19 14:44:38,073 - INFO - Epoch 0 saved.
