2026-03-19 14:44:38,230 - INFO - Epoch 0, Train loss: 0.0
2026-03-19 14:44:38,231 - INFO - mIoU: 0.9468; OA: 0.9709; AA: 0.9677; F1: 0.9725; cls_weighted_F1: 0.9709; Kappa: 0.951;
2026-03-19 14:44:38,231 - INFO - spatial_LccAccuracy: 0.7696; spatial_PA: 0.9717; spatial_UA: 0.9917; spatial_F1: 0.9816; weighted_F1: 0.8633
2026-03-19 14:44:38,231 - INFO - temporal_CdAccuracy: 0.7696; temporal_PA: 0.9197; temporal_UA: 0.8821; temporal_F1: 0.9005
2026-03-19 14:44:38,232 - INFO - Confusion Matrix
 [5947.	 214.	   0.	   4.	   0.]
 [  87.	6033.	  19.	   0.	   0.]
 [   0.	  75.	1006.	   0.	   0.]
 [   3.	   0.	   0.	 412.	   0.]
 [   0.	   0.	   0.	   0.	   0.]
2026-03-19 14:44:38,233 - INFO - Change Type PA (Recall) Matrix
 [[0.    	0.9722	0.    	1.    	0.    ]
 [0.9516	0.    	0.5172	0.    	0.    ]
 [0.    	0.878 	0.    	0.    	0.    ]
 [0.    	0.    	0.    	0.    	0.    ]
 [0.    	0.    	0.    	0.    	0.    ]]
2026-03-19 14:44:38,233 - INFO - Change Type UA (Precision) Matrix
 [[0.    	0.8485	0.    	1.    	0.    ]
 [0.7284	0.    	0.6   	0.    	0.    ]
 [0.    	0.9231	0.    	0.    	0.    ]
 [0.    	0.    	0.    	0.    	0.    ]
 [0.    	0.    	0.    	0.    	0.    ]]
2026-03-19 14:44:38,233 - INFO - Change Type F1 Matrix
 [[0.    	0.9061	0.    	1.    	0.    ]
 [0.8252	0.    	0.5556	0.    	0.    ]
 [0.    	0.9   	0.    	0.    	0.    ]
 [0.    	0.    	0.    	0.    	0.    ]
 [0.    	0.    	0.    	0.    	0.    ]]
2026-03-19 14:44:38,234 - INFO - Epoch 0 saved.
