2026-01-29 22:25:54,013 - INFO - Epoch 0, Train loss: 0.0
2026-01-29 22:25:54,013 - INFO - mIoU: 0.6488; OA: 0.9546; AA: 0.9176; F1: 0.9258; Kappa: 0.9139;
2026-01-29 22:25:54,013 - INFO - spatial_LccAccuracy: 0.7917; spatial_PA: 0.7982; spatial_UA: 0.977; spatial_F1: 0.8786; weighted_F1: 0.8818
2026-01-29 22:25:54,013 - INFO - temporal_CdAccuracy: 0.7955; temporal_PA: 0.9243; temporal_UA: 0.8757; temporal_F1: 0.8994
2026-01-29 22:25:54,013 - INFO - Confusion Matrix
 [14004.	  210.	    0.	    0.	   67.]
 [  950.	15719.	   32.	    0.	   30.]
 [    0.	    0.	    0.	    0.	    0.]
 [    0.	    0.	    0.	    0.	    0.]
 [   15.	  147.	    0.	    0.	  806.]
2026-01-29 22:25:54,013 - INFO - Change Type PA (Recall) Matrix
 [[0.    	0.9574	0.    	0.    	0.    ]
 [0.3636	0.    	0.    	0.    	0.8182]
 [0.    	0.    	0.    	0.    	0.    ]
 [0.    	0.    	0.    	0.    	0.    ]
 [0.    	0.    	0.    	0.    	0.    ]]
2026-01-29 22:25:54,013 - INFO - Change Type UA (Precision) Matrix
 [[0.    	0.8856	0.    	0.    	0.    ]
 [0.2051	0.    	0.    	0.    	0.7895]
 [0.    	0.    	0.    	0.    	0.    ]
 [0.    	0.    	0.    	0.    	0.    ]
 [0.    	0.    	0.    	0.    	0.    ]]
2026-01-29 22:25:54,013 - INFO - Change Type F1 Matrix
 [[0.    	0.9201	0.    	0.    	0.    ]
 [0.2623	0.    	0.    	0.    	0.8036]
 [0.    	0.    	0.    	0.    	0.    ]
 [0.    	0.    	0.    	0.    	0.    ]
 [0.    	0.    	0.    	0.    	0.    ]]
2026-01-29 22:25:54,013 - INFO - Epoch 0 saved.
