2026-01-29 22:25:54,222 - INFO - Epoch 0, Train loss: 0.0
2026-01-29 22:25:54,222 - INFO - mIoU: 0.9583; OA: 0.9938; AA: 0.9673; F1: 0.9778; Kappa: 0.9894;
2026-01-29 22:25:54,222 - INFO - spatial_LccAccuracy: 0.9457; spatial_PA: 0.998; spatial_UA: 0.999; spatial_F1: 0.9985; weighted_F1: 0.9474
2026-01-29 22:25:54,222 - INFO - temporal_CdAccuracy: 0.9484; temporal_PA: 0.9775; temporal_UA: 0.9688; temporal_F1: 0.9732
2026-01-29 22:25:54,222 - INFO - Confusion Matrix
 [23293.	   67.	    4.	    0.	    0.]
 [   88.	15450.	   15.	    0.	    0.]
 [    4.	   84.	  655.	    0.	    0.]
 [    0.	    0.	    0.	    0.	    0.]
 [   12.	    0.	    0.	    0.	 4548.]
2026-01-29 22:25:54,222 - INFO - Change Type PA (Recall) Matrix
 [[0.    	0.9726	0.8409	0.    	0.    ]
 [0.8734	0.    	0.9474	0.    	0.    ]
 [0.    	0.    	0.    	0.    	0.    ]
 [0.    	0.    	0.    	0.    	0.    ]
 [0.    	0.    	0.    	0.    	0.    ]]
2026-01-29 22:25:54,222 - INFO - Change Type UA (Precision) Matrix
 [[0.    	0.9645	0.9024	0.    	0.    ]
 [0.92  	0.    	0.8182	0.    	0.    ]
 [0.    	0.    	0.    	0.    	0.    ]
 [0.    	0.    	0.    	0.    	0.    ]
 [0.    	0.    	0.    	0.    	0.    ]]
2026-01-29 22:25:54,222 - INFO - Change Type F1 Matrix
 [[0.    	0.9686	0.8706	0.    	0.    ]
 [0.8961	0.    	0.878 	0.    	0.    ]
 [0.    	0.    	0.    	0.    	0.    ]
 [0.    	0.    	0.    	0.    	0.    ]
 [0.    	0.    	0.    	0.    	0.    ]]
2026-01-29 22:25:54,222 - INFO - Epoch 0 saved.
