2026-01-29 22:25:54,509 - INFO - Epoch 0, Train loss: 0.0
2026-01-29 22:25:54,509 - INFO - mIoU: 0.948; OA: 0.9741; AA: 0.9654; F1: 0.973; Kappa: 0.9522;
2026-01-29 22:25:54,509 - INFO - spatial_LccAccuracy: 0.8304; spatial_PA: 1.0; spatial_UA: 1.0; spatial_F1: 1.0; weighted_F1: 0.8914
2026-01-29 22:25:54,509 - INFO - temporal_CdAccuracy: 0.8304; temporal_PA: 0.9488; temporal_UA: 0.9037; temporal_F1: 0.9257
2026-01-29 22:25:54,509 - INFO - Confusion Matrix
 [7052.	 118.	   0.	   1.	   0.]
 [ 167.	5356.	   7.	   0.	   0.]
 [   1.	  54.	 553.	   0.	   0.]
 [   0.	   0.	   0.	 131.	   0.]
 [   0.	   0.	   0.	   0.	   0.]
2026-01-29 22:25:54,509 - INFO - Change Type PA (Recall) Matrix
 [[0.    	0.9722	0.5   	1.    	0.    ]
 [0.9783	0.    	0.7368	0.    	0.    ]
 [0.    	1.    	0.    	0.    	0.    ]
 [0.    	0.    	0.    	0.    	0.    ]
 [0.    	0.    	0.    	0.    	0.    ]]
2026-01-29 22:25:54,509 - INFO - Change Type UA (Precision) Matrix
 [[0.    	0.8883	0.5   	1.    	0.    ]
 [0.6818	0.    	0.8   	0.    	0.    ]
 [0.    	0.95  	0.    	0.    	0.    ]
 [0.    	0.    	0.    	0.    	0.    ]
 [0.    	0.    	0.    	0.    	0.    ]]
2026-01-29 22:25:54,509 - INFO - Change Type F1 Matrix
 [[0.    	0.9284	0.5   	1.    	0.    ]
 [0.8036	0.    	0.7671	0.    	0.    ]
 [0.    	0.9744	0.    	0.    	0.    ]
 [0.    	0.    	0.    	0.    	0.    ]
 [0.    	0.    	0.    	0.    	0.    ]]
2026-01-29 22:25:54,509 - INFO - Epoch 0 saved.
