2026-03-19 14:45:35,554 - INFO - Epoch 0, Train loss: 0.0
2026-03-19 14:45:35,555 - INFO - mIoU: 0.6993; OA: 0.9611; AA: 0.9376; F1: 0.9313; cls_weighted_F1: 0.9611; Kappa: 0.927;
2026-03-19 14:45:35,555 - INFO - spatial_LccAccuracy: 0.7809; spatial_PA: 0.8051; spatial_UA: 0.9525; spatial_F1: 0.8726; weighted_F1: 0.8948
2026-03-19 14:45:35,555 - INFO - temporal_CdAccuracy: 0.7809; temporal_PA: 0.9325; temporal_UA: 0.8761; temporal_F1: 0.9034
2026-03-19 14:45:35,555 - INFO - Confusion Matrix
 [15149.	  417.	    1.	    1.	   57.]
 [  630.	16921.	   40.	    0.	   23.]
 [    0.	    0.	  293.	    0.	    0.]
 [    0.	    0.	    0.	    0.	    0.]
 [    4.	  162.	    0.	    8.	  794.]
2026-03-19 14:45:35,555 - INFO - Change Type PA (Recall) Matrix
 [[0.    	0.9648	0.    	0.    	0.    ]
 [0.4545	0.    	1.    	0.    	0.8364]
 [0.    	1.    	0.    	0.    	0.    ]
 [0.    	0.    	0.    	0.    	0.    ]
 [0.    	0.    	0.    	0.    	0.    ]]
2026-03-19 14:45:35,556 - INFO - Change Type UA (Precision) Matrix
 [[0.    	0.8851	0.    	0.    	0.    ]
 [0.2326	0.    	0.875 	0.    	0.7188]
 [0.    	0.9545	0.    	0.    	0.    ]
 [0.    	0.    	0.    	0.    	0.    ]
 [0.    	0.    	0.    	0.    	0.    ]]
2026-03-19 14:45:35,556 - INFO - Change Type F1 Matrix
 [[0.    	0.9232	0.    	0.    	0.    ]
 [0.3077	0.    	0.9333	0.    	0.7731]
 [0.    	0.9767	0.    	0.    	0.    ]
 [0.    	0.    	0.    	0.    	0.    ]
 [0.    	0.    	0.    	0.    	0.    ]]
2026-03-19 14:45:35,556 - INFO - Epoch 0 saved.
