2026-03-19 14:45:35,623 - INFO - Epoch 0, Train loss: 0.0
2026-03-19 14:45:35,623 - INFO - mIoU: 0.9704; OA: 0.9914; AA: 0.9859; F1: 0.9848; cls_weighted_F1: 0.9914; Kappa: 0.9842;
2026-03-19 14:45:35,623 - INFO - spatial_LccAccuracy: 0.9524; spatial_PA: 1.0; spatial_UA: 1.0; spatial_F1: 1.0; weighted_F1: 0.9875
2026-03-19 14:45:35,624 - INFO - temporal_CdAccuracy: 0.9524; temporal_PA: 0.9615; temporal_UA: 0.9502; temporal_F1: 0.9558
2026-03-19 14:45:35,624 - INFO - Confusion Matrix
 [1532.	  55.	   0.	   0.	   0.]
 [  10.	1283.	   0.	   0.	   0.]
 [   0.	   0.	   0.	   0.	   0.]
 [   0.	   0.	   0.	   0.	   0.]
 [   0.	   0.	   0.	   0.	4680.]
2026-03-19 14:45:35,624 - INFO - Change Type PA (Recall) Matrix
 [[0.	1.	0.	0.	0.]
 [1.	0.	0.	0.	0.]
 [0.	0.	0.	0.	0.]
 [0.	0.	0.	0.	0.]
 [0.	0.	0.	0.	0.]]
2026-03-19 14:45:35,624 - INFO - Change Type UA (Precision) Matrix
 [[0.    	0.9796	0.    	0.    	0.    ]
 [0.9688	0.    	0.    	0.    	0.    ]
 [0.    	0.    	0.    	0.    	0.    ]
 [0.    	0.    	0.    	0.    	0.    ]
 [0.    	0.    	0.    	0.    	0.    ]]
2026-03-19 14:45:35,624 - INFO - Change Type F1 Matrix
 [[0.    	0.9897	0.    	0.    	0.    ]
 [0.9841	0.    	0.    	0.    	0.    ]
 [0.    	0.    	0.    	0.    	0.    ]
 [0.    	0.    	0.    	0.    	0.    ]
 [0.    	0.    	0.    	0.    	0.    ]]
2026-03-19 14:45:35,624 - INFO - Epoch 0 saved.
