2026-03-19 14:45:35,958 - INFO - Epoch 0, Train loss: 0.0
2026-03-19 14:45:35,958 - INFO - mIoU: 0.9301; OA: 0.992; AA: 0.9918; F1: 0.9618; cls_weighted_F1: 0.992; Kappa: 0.9859;
2026-03-19 14:45:35,960 - INFO - spatial_LccAccuracy: 0.9335; spatial_PA: 0.986; spatial_UA: 0.9927; spatial_F1: 0.9893; weighted_F1: 0.9268
2026-03-19 14:45:35,960 - INFO - temporal_CdAccuracy: 0.9418; temporal_PA: 0.9834; temporal_UA: 0.9673; temporal_F1: 0.9753
2026-03-19 14:45:35,960 - INFO - Confusion Matrix
 [24712.	   90.	    5.	    6.	    0.]
 [  159.	12755.	   70.	    0.	    0.]
 [   10.	    8.	  924.	    0.	    0.]
 [    0.	    0.	    0.	   21.	    0.]
 [    0.	    0.	    0.	    0.	 4560.]
2026-03-19 14:45:35,961 - INFO - Change Type PA (Recall) Matrix
 [[0.    	0.9607	0.9024	1.    	0.    ]
 [0.863 	0.    	0.9178	0.    	0.    ]
 [0.    	1.    	0.    	0.    	0.    ]
 [0.    	0.    	0.    	0.    	0.    ]
 [0.    	0.    	0.    	0.    	0.    ]]
2026-03-19 14:45:35,962 - INFO - Change Type UA (Precision) Matrix
 [[0.    	0.9442	0.8222	0.7778	0.    ]
 [0.9   	0.    	0.8272	0.    	0.    ]
 [0.    	0.2   	0.    	0.    	0.    ]
 [0.    	0.    	0.    	0.    	0.    ]
 [0.    	0.    	0.    	0.    	0.    ]]
2026-03-19 14:45:35,963 - INFO - Change Type F1 Matrix
 [[0.    	0.9524	0.8605	0.875 	0.    ]
 [0.8811	0.    	0.8701	0.    	0.    ]
 [0.    	0.3333	0.    	0.    	0.    ]
 [0.    	0.    	0.    	0.    	0.    ]
 [0.    	0.    	0.    	0.    	0.    ]]
2026-03-19 14:45:35,963 - INFO - Epoch 0 saved.
