2026-03-19 14:45:36,245 - INFO - Epoch 0, Train loss: 0.0
2026-03-19 14:45:36,246 - INFO - mIoU: 0.6552; OA: 0.9806; AA: 0.9302; F1: 0.9272; cls_weighted_F1: 0.9806; Kappa: 0.9605;
2026-03-19 14:45:36,246 - INFO - spatial_LccAccuracy: 0.8284; spatial_PA: 0.9861; spatial_UA: 0.9991; spatial_F1: 0.9926; weighted_F1: 0.9477
2026-03-19 14:45:36,246 - INFO - temporal_CdAccuracy: 0.8284; temporal_PA: 0.965; temporal_UA: 0.9487; temporal_F1: 0.9568
2026-03-19 14:45:36,247 - INFO - Confusion Matrix
 [14427.	  374.	    0.	    1.	    0.]
 [  212.	21300.	   67.	    0.	    0.]
 [    0.	   58.	  281.	    0.	    0.]
 [    0.	    0.	    0.	    0.	    0.]
 [    0.	    0.	    0.	    0.	    0.]
2026-03-19 14:45:36,247 - INFO - Change Type PA (Recall) Matrix
 [[0.    	0.9717	0.    	0.    	0.    ]
 [0.9534	0.    	0.9636	0.    	0.    ]
 [0.    	0.9375	0.    	0.    	0.    ]
 [0.    	0.    	0.    	0.    	0.    ]
 [0.    	0.    	0.    	0.    	0.    ]]
2026-03-19 14:45:36,248 - INFO - Change Type UA (Precision) Matrix
 [[0.    	0.9507	0.    	0.    	0.    ]
 [0.8992	0.    	0.8983	0.    	0.    ]
 [0.    	0.75  	0.    	0.    	0.    ]
 [0.    	0.    	0.    	0.    	0.    ]
 [0.    	0.    	0.    	0.    	0.    ]]
2026-03-19 14:45:36,249 - INFO - Change Type F1 Matrix
 [[0.    	0.9611	0.    	0.    	0.    ]
 [0.9255	0.    	0.9298	0.    	0.    ]
 [0.    	0.8333	0.    	0.    	0.    ]
 [0.    	0.    	0.    	0.    	0.    ]
 [0.    	0.    	0.    	0.    	0.    ]]
2026-03-19 14:45:36,249 - INFO - Epoch 0 saved.
