2026-03-19 14:45:36,431 - INFO - Epoch 0, Train loss: 0.0
2026-03-19 14:45:36,432 - INFO - mIoU: 0.9788; OA: 0.9965; AA: 0.99; F1: 0.9892; cls_weighted_F1: 0.9965; Kappa: 0.9887;
2026-03-19 14:45:36,433 - INFO - spatial_LccAccuracy: 0.9187; spatial_PA: 0.9754; spatial_UA: 0.9952; spatial_F1: 0.9852; weighted_F1: 0.9512
2026-03-19 14:45:36,433 - INFO - temporal_CdAccuracy: 0.9377; temporal_PA: 0.989; temporal_UA: 0.9748; temporal_F1: 0.9818
2026-03-19 14:45:36,434 - INFO - Confusion Matrix
 [18100.	   14.	    0.	   10.	    0.]
 [   16.	 2729.	    0.	   17.	    0.]
 [    0.	    0.	    0.	    0.	    0.]
 [    1.	   20.	    0.	 1233.	    0.]
 [    0.	    0.	    0.	    0.	    0.]
2026-03-19 14:45:36,434 - INFO - Change Type PA (Recall) Matrix
 [[0.    	0.9646	0.    	0.9487	0.    ]
 [0.5714	0.    	0.    	0.    	0.    ]
 [0.    	0.    	0.    	0.    	0.    ]
 [0.    	0.9732	0.    	0.    	0.    ]
 [0.    	0.    	0.    	0.    	0.    ]]
2026-03-19 14:45:36,435 - INFO - Change Type UA (Precision) Matrix
 [[0.    	0.9397	0.    	0.9487	0.    ]
 [1.    	0.    	0.    	0.    	0.    ]
 [0.    	0.    	0.    	0.    	0.    ]
 [0.    	0.9646	0.    	0.    	0.    ]
 [0.    	0.    	0.    	0.    	0.    ]]
2026-03-19 14:45:36,436 - INFO - Change Type F1 Matrix
 [[0.    	0.952 	0.    	0.9487	0.    ]
 [0.7273	0.    	0.    	0.    	0.    ]
 [0.    	0.    	0.    	0.    	0.    ]
 [0.    	0.9689	0.    	0.    	0.    ]
 [0.    	0.    	0.    	0.    	0.    ]]
2026-03-19 14:45:36,436 - INFO - Epoch 0 saved.
