2026-03-19 14:45:36,558 - INFO - Epoch 0, Train loss: 0.0
2026-03-19 14:45:36,558 - INFO - mIoU: 0.9435; OA: 0.9716; AA: 0.9759; F1: 0.9708; cls_weighted_F1: 0.9716; Kappa: 0.9524;
2026-03-19 14:45:36,558 - INFO - spatial_LccAccuracy: 0.7913; spatial_PA: 0.9717; spatial_UA: 0.9917; spatial_F1: 0.9816; weighted_F1: 0.9021
2026-03-19 14:45:36,558 - INFO - temporal_CdAccuracy: 0.7913; temporal_PA: 0.9419; temporal_UA: 0.8904; temporal_F1: 0.9154
2026-03-19 14:45:36,558 - INFO - Confusion Matrix
 [5946.	 205.	   0.	  14.	   0.]
 [  74.	6009.	  56.	   0.	   0.]
 [   3.	  40.	1038.	   0.	   0.]
 [   0.	   0.	   0.	 415.	   0.]
 [   0.	   0.	   0.	   0.	   0.]
2026-03-19 14:45:36,559 - INFO - Change Type PA (Recall) Matrix
 [[0.    	0.9722	0.    	1.    	0.    ]
 [0.9839	0.    	0.8276	0.    	0.    ]
 [1.    	0.9756	0.    	0.    	0.    ]
 [0.    	0.    	0.    	0.    	0.    ]
 [0.    	0.    	0.    	0.    	0.    ]]
2026-03-19 14:45:36,559 - INFO - Change Type UA (Precision) Matrix
 [[0.    	0.8589	0.    	1.    	0.    ]
 [0.7262	0.    	0.75  	0.    	0.    ]
 [1.    	0.9756	0.    	0.    	0.    ]
 [0.    	0.    	0.    	0.    	0.    ]
 [0.    	0.    	0.    	0.    	0.    ]]
2026-03-19 14:45:36,559 - INFO - Change Type F1 Matrix
 [[0.    	0.9121	0.    	1.    	0.    ]
 [0.8356	0.    	0.7869	0.    	0.    ]
 [1.    	0.9756	0.    	0.    	0.    ]
 [0.    	0.    	0.    	0.    	0.    ]
 [0.    	0.    	0.    	0.    	0.    ]]
2026-03-19 14:45:36,559 - INFO - Epoch 0 saved.
