2026-01-22 16:52:26,397 - INFO - Epoch 0, Train loss: 0.0
2026-01-22 16:52:26,397 - INFO - mIoU: 0.5019; OA: 0.9544; AA: 0.5329; F1: 0.5436; Kappa: 0.9132;
2026-01-22 16:52:26,397 - INFO - spatial_LccAccuracy: 0.7561; spatial_PA: 0.8421; spatial_UA: 0.9818; spatial_F1: 0.9066; weighted_F1: 0.8523
2026-01-22 16:52:26,398 - INFO - temporal_CdAccuracy: 0.758; temporal_PA: 0.906; temporal_UA: 0.8108; temporal_F1: 0.8558
2026-01-22 16:52:26,398 - INFO - Confusion Matrix
 [13805.	  395.	    0.	    0.	   81.]
 [  678.	16000.	   24.	    0.	   29.]
 [    0.	    0.	    0.	    0.	    0.]
 [    0.	    0.	    0.	    0.	    0.]
 [   19.	  231.	    0.	    0.	  718.]
2026-01-22 16:52:26,399 - INFO - Change Type PA (Recall) Matrix
 [[0.    	0.9552	0.    	0.    	0.    ]
 [0.7273	0.    	0.    	0.    	0.6364]
 [0.    	0.    	0.    	0.    	0.    ]
 [0.    	0.    	0.    	0.    	0.    ]
 [0.    	0.    	0.    	0.    	0.    ]]
2026-01-22 16:52:26,399 - INFO - Change Type UA (Precision) Matrix
 [[0.    	0.8566	0.    	0.    	0.    ]
 [0.2051	0.    	0.    	0.    	0.625 ]
 [0.    	0.    	0.    	0.    	0.    ]
 [0.    	0.    	0.    	0.    	0.    ]
 [0.    	0.    	0.    	0.    	0.    ]]
2026-01-22 16:52:26,400 - INFO - Change Type F1 Matrix
 [[0.    	0.9032	0.    	0.    	0.    ]
 [0.32  	0.    	0.    	0.    	0.6306]
 [0.    	0.    	0.    	0.    	0.    ]
 [0.    	0.    	0.    	0.    	0.    ]
 [0.    	0.    	0.    	0.    	0.    ]]
2026-01-22 16:52:26,400 - INFO - Epoch 0 saved.
