2026-02-22 20:07:06,790 - INFO - Epoch 0, Train loss: 0.0
2026-02-22 20:07:06,791 - INFO - mIoU: 0.9506; OA: 0.9922; AA: 0.9657; F1: 0.9734; cls_weighted_F1: 0.9921; Kappa: 0.9867;
2026-02-22 20:07:06,791 - INFO - spatial_LccAccuracy: 0.9267; spatial_PA: 0.998; spatial_UA: 0.999; spatial_F1: 0.9985; weighted_F1: 0.9486
2026-02-22 20:07:06,791 - INFO - temporal_CdAccuracy: 0.9362; temporal_PA: 0.9681; temporal_UA: 0.9659; temporal_F1: 0.967
2026-02-22 20:07:06,791 - INFO - Confusion Matrix
 [23281.	   83.	    0.	    0.	    0.]
 [  123.	15391.	   39.	    0.	    0.]
 [    9.	   81.	  653.	    0.	    0.]
 [    0.	    0.	    0.	    0.	    0.]
 [   10.	    0.	    0.	    0.	 4550.]
2026-02-22 20:07:06,791 - INFO - Change Type PA (Recall) Matrix
 [[0.    	0.9726	0.8182	0.    	0.    ]
 [0.8987	0.    	0.8421	0.    	0.    ]
 [0.    	0.    	0.    	0.    	0.    ]
 [0.    	0.    	0.    	0.    	0.    ]
 [0.    	0.    	0.    	0.    	0.    ]]
2026-02-22 20:07:06,791 - INFO - Change Type UA (Precision) Matrix
 [[0.    	0.9726	0.8571	0.    	0.    ]
 [0.9595	0.    	0.8   	0.    	0.    ]
 [0.    	0.    	0.    	0.    	0.    ]
 [0.    	0.    	0.    	0.    	0.    ]
 [0.    	0.    	0.    	0.    	0.    ]]
2026-02-22 20:07:06,792 - INFO - Change Type F1 Matrix
 [[0.    	0.9726	0.8372	0.    	0.    ]
 [0.9281	0.    	0.8205	0.    	0.    ]
 [0.    	0.    	0.    	0.    	0.    ]
 [0.    	0.    	0.    	0.    	0.    ]
 [0.    	0.    	0.    	0.    	0.    ]]
2026-02-22 20:07:06,792 - INFO - Epoch 0 saved.
