2026-02-22 20:07:07,001 - INFO - Epoch 0, Train loss: 0.0
2026-02-22 20:07:07,001 - INFO - mIoU: 0.8161; OA: 0.9743; AA: 0.8893; F1: 0.8846; cls_weighted_F1: 0.9743; Kappa: 0.9476;
2026-02-22 20:07:07,001 - INFO - spatial_LccAccuracy: 0.7729; spatial_PA: 0.9899; spatial_UA: 0.9829; spatial_F1: 0.9864; weighted_F1: 0.9284
2026-02-22 20:07:07,001 - INFO - temporal_CdAccuracy: 0.7729; temporal_PA: 0.9324; temporal_UA: 0.9224; temporal_F1: 0.9273
2026-02-22 20:07:07,001 - INFO - Confusion Matrix
 [13640.	  324.	    0.	    0.	    0.]
 [  358.	20582.	  122.	    0.	    0.]
 [    1.	  106.	  267.	    0.	    0.]
 [    0.	    0.	    0.	    0.	    0.]
 [    0.	    0.	    0.	    0.	    0.]
2026-02-22 20:07:07,002 - INFO - Change Type PA (Recall) Matrix
 [[0.    	0.9656	0.    	0.    	0.    ]
 [0.9534	0.    	0.84  	0.    	0.    ]
 [0.    	0.    	0.    	0.    	0.    ]
 [0.    	0.    	0.    	0.    	0.    ]
 [0.    	0.    	0.    	0.    	0.    ]]
2026-02-22 20:07:07,002 - INFO - Change Type UA (Precision) Matrix
 [[0.    	0.9517	0.    	0.    	0.    ]
 [0.8977	0.    	0.8235	0.    	0.    ]
 [0.    	0.    	0.    	0.    	0.    ]
 [0.    	0.    	0.    	0.    	0.    ]
 [0.    	0.    	0.    	0.    	0.    ]]
2026-02-22 20:07:07,002 - INFO - Change Type F1 Matrix
 [[0.    	0.9586	0.    	0.    	0.    ]
 [0.9247	0.    	0.8317	0.    	0.    ]
 [0.    	0.    	0.    	0.    	0.    ]
 [0.    	0.    	0.    	0.    	0.    ]
 [0.    	0.    	0.    	0.    	0.    ]]
2026-02-22 20:07:07,002 - INFO - Epoch 0 saved.
