2026-03-19 14:42:44,579 - INFO - Epoch 0, Train loss: 0.0
2026-03-19 14:42:44,580 - INFO - mIoU: 0.8799; OA: 0.965; AA: 0.9422; F1: 0.9351; cls_weighted_F1: 0.9649; Kappa: 0.9343;
2026-03-19 14:42:44,580 - INFO - spatial_LccAccuracy: 0.8278; spatial_PA: 0.8577; spatial_UA: 0.9617; spatial_F1: 0.9067; weighted_F1: 0.913
2026-03-19 14:42:44,580 - INFO - temporal_CdAccuracy: 0.8296; temporal_PA: 0.9385; temporal_UA: 0.9065; temporal_F1: 0.9222
2026-03-19 14:42:44,581 - INFO - Confusion Matrix
 [15288.	  315.	    0.	    0.	   22.]
 [  638.	16908.	   54.	    0.	   14.]
 [    0.	    0.	  293.	    0.	    0.]
 [    0.	    0.	    0.	    0.	    0.]
 [    0.	  164.	    0.	    0.	  804.]
2026-03-19 14:42:44,581 - INFO - Change Type PA (Recall) Matrix
 [[0.    	0.9628	0.    	0.    	0.    ]
 [0.5   	0.    	1.    	0.    	0.8   ]
 [0.    	1.    	0.    	0.    	0.    ]
 [0.    	0.    	0.    	0.    	0.    ]
 [0.    	0.    	0.    	0.    	0.    ]]
2026-03-19 14:42:44,583 - INFO - Change Type UA (Precision) Matrix
 [[0.    	0.9179	0.    	0.    	0.    ]
 [0.3548	0.    	0.913 	0.    	0.8   ]
 [0.    	0.913 	0.    	0.    	0.    ]
 [0.    	0.    	0.    	0.    	0.    ]
 [0.    	0.    	0.    	0.    	0.    ]]
2026-03-19 14:42:44,584 - INFO - Change Type F1 Matrix
 [[0.    	0.9398	0.    	0.    	0.    ]
 [0.4151	0.    	0.9545	0.    	0.8   ]
 [0.    	0.9545	0.    	0.    	0.    ]
 [0.    	0.    	0.    	0.    	0.    ]
 [0.    	0.    	0.    	0.    	0.    ]]
2026-03-19 14:42:44,584 - INFO - Epoch 0 saved.
