2026-03-19 14:42:44,703 - INFO - Epoch 0, Train loss: 0.0
2026-03-19 14:42:44,704 - INFO - mIoU: 0.9633; OA: 0.9893; AA: 0.9821; F1: 0.9811; cls_weighted_F1: 0.9893; Kappa: 0.9803;
2026-03-19 14:42:44,704 - INFO - spatial_LccAccuracy: 0.8968; spatial_PA: 1.0; spatial_UA: 1.0; spatial_F1: 1.0; weighted_F1: 0.9439
2026-03-19 14:42:44,704 - INFO - temporal_CdAccuracy: 0.8968; temporal_PA: 0.9294; temporal_UA: 0.9139; temporal_F1: 0.9216
2026-03-19 14:42:44,704 - INFO - Confusion Matrix
 [1525.	  62.	   0.	   0.	   0.]
 [  19.	1274.	   0.	   0.	   0.]
 [   0.	   0.	   0.	   0.	   0.]
 [   0.	   0.	   0.	   0.	   0.]
 [   0.	   0.	   0.	   0.	4680.]
2026-03-19 14:42:44,705 - INFO - Change Type PA (Recall) Matrix
 [[0.    	0.9375	0.    	0.    	0.    ]
 [1.    	0.    	0.    	0.    	0.    ]
 [0.    	0.    	0.    	0.    	0.    ]
 [0.    	0.    	0.    	0.    	0.    ]
 [0.    	0.    	0.    	0.    	0.    ]]
2026-03-19 14:42:44,706 - INFO - Change Type UA (Precision) Matrix
 [[0.    	0.9375	0.    	0.    	0.    ]
 [0.9118	0.    	0.    	0.    	0.    ]
 [0.    	0.    	0.    	0.    	0.    ]
 [0.    	0.    	0.    	0.    	0.    ]
 [0.    	0.    	0.    	0.    	0.    ]]
2026-03-19 14:42:44,707 - INFO - Change Type F1 Matrix
 [[0.    	0.9375	0.    	0.    	0.    ]
 [0.9538	0.    	0.    	0.    	0.    ]
 [0.    	0.    	0.    	0.    	0.    ]
 [0.    	0.    	0.    	0.    	0.    ]
 [0.    	0.    	0.    	0.    	0.    ]]
2026-03-19 14:42:44,707 - INFO - Epoch 0 saved.
