2026-03-19 14:42:45,142 - INFO - Epoch 0, Train loss: 0.0
2026-03-19 14:42:45,143 - INFO - mIoU: 0.9347; OA: 0.991; AA: 0.9912; F1: 0.9648; cls_weighted_F1: 0.991; Kappa: 0.9843;
2026-03-19 14:42:45,144 - INFO - spatial_LccAccuracy: 0.9294; spatial_PA: 0.986; spatial_UA: 0.9927; spatial_F1: 0.9893; weighted_F1: 0.923
2026-03-19 14:42:45,144 - INFO - temporal_CdAccuracy: 0.9321; temporal_PA: 0.9802; temporal_UA: 0.9568; temporal_F1: 0.9684
2026-03-19 14:42:45,144 - INFO - Confusion Matrix
 [24690.	  116.	    2.	    0.	    0.]
 [  173.	12737.	   74.	    0.	    0.]
 [    9.	   10.	  923.	    0.	    0.]
 [    0.	    0.	    0.	    0.	    0.]
 [    0.	    0.	    0.	    0.	    0.]
2026-03-19 14:42:45,145 - INFO - Change Type PA (Recall) Matrix
 [[0.    	0.9651	0.9268	0.  	0.    ]
 [0.8904	0.    	0.9178	0.    	0.    ]
 [0.    	0.     	0.    	0.    	0.    ]
 [0.    	0.    	0.    	0.    	0.    ]
 [0.    	0.    	0.    	0.    	0.    ]]
2026-03-19 14:42:45,146 - INFO - Change Type UA (Precision) Matrix
 [[0.    	0.9345	0.8444	0.  	0.    ]
 [0.8125	0.    	0.8375	0.    	0.    ]
 [0.    	0.    	0.    	0.    	0.    ]
 [0.    	0.    	0.    	0.    	0.    ]
 [0.    	0.    	0.    	0.    	0.    ]]
2026-03-19 14:42:45,147 - INFO - Change Type F1 Matrix
 [[0.    	0.9495	0.8837	0.    	0.    ]
 [0.8497	0.    	0.8758	0.    	0.    ]
 [0.    	0.  	0.    	0.    	0.    ]
 [0.    	0.    	0.    	0.    	0.    ]
 [0.    	0.    	0.    	0.    	0.    ]]
2026-03-19 14:42:45,147 - INFO - Epoch 0 saved.
