2026-03-19 14:42:45,592 - INFO - Epoch 0, Train loss: 0.0
2026-03-19 14:42:45,593 - INFO - mIoU: 0.8746; OA: 0.9801; AA: 0.9365; F1: 0.9281; cls_weighted_F1: 0.9802; Kappa: 0.9595;
2026-03-19 14:42:45,593 - INFO - spatial_LccAccuracy: 0.8056; spatial_PA: 1.0; spatial_UA: 1.0; spatial_F1: 1.0; weighted_F1: 0.9267
2026-03-19 14:42:45,593 - INFO - temporal_CdAccuracy: 0.8056; temporal_PA: 0.9497; temporal_UA: 0.9456; temporal_F1: 0.9477
2026-03-19 14:42:45,593 - INFO - Confusion Matrix
 [14398.	  404.	    0.	    0.	    0.]
 [  201.	21304.	   74.	    0.	    0.]
 [    0.	   51.	  288.	    0.	    0.]
 [    0.	    0.	    0.	    0.	    0.]
 [    0.	    0.	    0.	    0.	    0.]
2026-03-19 14:42:45,594 - INFO - Change Type PA (Recall) Matrix
 [[0.    	0.941 	0.    	0.    	0.    ]
 [0.9041	0.    	0.9636	0.    	0.    ]
 [0.    	0.9375	0.    	0.    	0.    ]
 [0.    	0.    	0.    	0.    	0.    ]
 [0.    	0.    	0.    	0.    	0.    ]]
2026-03-19 14:42:45,595 - INFO - Change Type UA (Precision) Matrix
 [[0.    	0.9445	0.    	0.    	0.    ]
 [0.8895	0.    	0.8833	0.    	0.    ]
 [0.    	0.7143	0.    	0.    	0.    ]
 [0.    	0.    	0.    	0.    	0.    ]
 [0.    	0.    	0.    	0.    	0.    ]]
2026-03-19 14:42:45,596 - INFO - Change Type F1 Matrix
 [[0.    	0.9428	0.    	0.    	0.    ]
 [0.8967	0.    	0.9217	0.    	0.    ]
 [0.    	0.8108	0.    	0.    	0.    ]
 [0.    	0.    	0.    	0.    	0.    ]
 [0.    	0.    	0.    	0.    	0.    ]]
2026-03-19 14:42:45,596 - INFO - Epoch 0 saved.
