2026-03-19 14:42:45,822 - INFO - Epoch 0, Train loss: 0.0
2026-03-19 14:42:45,822 - INFO - mIoU: 0.9732; OA: 0.9961; AA: 0.9849; F1: 0.9863; cls_weighted_F1: 0.9961; Kappa: 0.9875;
2026-03-19 14:42:45,823 - INFO - spatial_LccAccuracy: 0.935; spatial_PA: 0.9968; spatial_UA: 0.9841; spatial_F1: 0.9904; weighted_F1: 0.9445
2026-03-19 14:42:45,823 - INFO - temporal_CdAccuracy: 0.9675; temporal_PA: 0.9927; temporal_UA: 0.986; temporal_F1: 0.9893
2026-03-19 14:42:45,824 - INFO - Confusion Matrix
 [18113.	    8.	    0.	    3.	    0.]
 [   12.	 2727.	    0.	   23.	    0.]
 [    0.	    0.	    0.	    0.	    0.]
 [    7.	   33.	    0.	 1214.	    0.]
 [    0.	    0.	    0.	    0.	    0.]
2026-03-19 14:42:45,825 - INFO - Change Type PA (Recall) Matrix
 [[0.    	0.9558	0.    	0.9282	0.    ]
 [0.8571	0.    	0.    	0.    	0.    ]
 [0.    	0.    	0.    	0.    	0.    ]
 [0.    	0.9821	0.    	0.    	0.    ]
 [0.    	0.    	0.    	0.    	0.    ]]
2026-03-19 14:42:45,825 - INFO - Change Type UA (Precision) Matrix
 [[0.    	0.8852	0.    	0.9679	0.    ]
 [0.75  	0.    	0.    	0.    	0.    ]
 [0.    	0.    	0.    	0.    	0.    ]
 [0.    	0.9649	0.    	0.    	0.    ]
 [0.    	0.    	0.    	0.    	0.    ]]
2026-03-19 14:42:45,826 - INFO - Change Type F1 Matrix
 [[0.    	0.9191	0.    	0.9476	0.    ]
 [0.8   	0.    	0.    	0.    	0.    ]
 [0.    	0.    	0.    	0.    	0.    ]
 [0.    	0.9735	0.    	0.    	0.    ]
 [0.    	0.    	0.    	0.    	0.    ]]
2026-03-19 14:42:45,826 - INFO - Epoch 0 saved.
