2026-03-19 14:42:45,970 - INFO - Epoch 0, Train loss: 0.0
2026-03-19 14:42:45,971 - INFO - mIoU: 0.9583; OA: 0.9758; AA: 0.9781; F1: 0.9787; cls_weighted_F1: 0.9758; Kappa: 0.9594;
2026-03-19 14:42:45,971 - INFO - spatial_LccAccuracy: 0.8174; spatial_PA: 0.9811; spatial_UA: 0.9944; spatial_F1: 0.9877; weighted_F1: 0.896
2026-03-19 14:42:45,971 - INFO - temporal_CdAccuracy: 0.8174; temporal_PA: 0.9441; temporal_UA: 0.9101; temporal_F1: 0.9268
2026-03-19 14:42:45,971 - INFO - Confusion Matrix
 [5971.	 191.	   1.	   2.	   0.]
 [  79.	6029.	  31.	   0.	   0.]
 [   0.	  23.	1058.	   0.	   0.]
 [   7.	   0.	   0.	 408.	   0.]
 [   0.	   0.	   0.	   0.	   0.]
2026-03-19 14:42:45,972 - INFO - Change Type PA (Recall) Matrix
 [[0.    	0.9583	0.    	1.    	0.    ]
 [0.9677	0.    	0.7241	0.    	0.    ]
 [0.    	0.9268	0.    	0.    	0.    ]
 [0.    	0.    	0.    	0.    	0.    ]
 [0.    	0.    	0.    	0.    	0.    ]]
2026-03-19 14:42:45,973 - INFO - Change Type UA (Precision) Matrix
 [[0.    	0.8846	0.    	1.    	0.    ]
 [0.7895	0.    	0.7   	0.    	0.    ]
 [0.    	0.9268	0.    	0.    	0.    ]
 [0.    	0.    	0.    	0.    	0.    ]
 [0.    	0.    	0.    	0.    	0.    ]]
2026-03-19 14:42:45,974 - INFO - Change Type F1 Matrix
 [[0.    	0.92  	0.    	1.    	0.    ]
 [0.8696	0.    	0.7119	0.    	0.    ]
 [0.    	0.9268	0.    	0.    	0.    ]
 [0.    	0.    	0.    	0.    	0.    ]
 [0.    	0.    	0.    	0.    	0.    ]]
2026-03-19 14:42:45,974 - INFO - Epoch 0 saved.
