2026-03-19 14:45:24,019 - INFO - Epoch 0, Train loss: 0.0
2026-03-19 14:45:24,020 - INFO - mIoU: 0.6847; OA: 0.9551; AA: 0.9049; F1: 0.9185; cls_weighted_F1: 0.9553; Kappa: 0.9157;
2026-03-19 14:45:24,020 - INFO - spatial_LccAccuracy: 0.7252; spatial_PA: 0.7456; spatial_UA: 0.9735; spatial_F1: 0.8444; weighted_F1: 0.8494
2026-03-19 14:45:24,021 - INFO - temporal_CdAccuracy: 0.7322; temporal_PA: 0.9202; temporal_UA: 0.8402; temporal_F1: 0.8784
2026-03-19 14:45:24,021 - INFO - Confusion Matrix
 [15282.	  281.	    0.	    0.	   62.]
 [  883.	16683.	   20.	   12.	   16.]
 [    0.	    9.	  284.	    0.	    0.]
 [    0.	    0.	    0.	    0.	    0.]
 [   97.	  139.	    0.	   30.	  702.]
2026-03-19 14:45:24,022 - INFO - Change Type PA (Recall) Matrix
 [[0.    	0.9589	0.    	0.    	0.    ]
 [0.5909	0.    	1.    	0.    	0.2727]
 [0.    	1.    	0.    	0.    	0.    ]
 [0.    	0.    	0.    	0.    	0.    ]
 [0.    	0.    	0.    	0.    	0.    ]]
2026-03-19 14:45:24,022 - INFO - Change Type UA (Precision) Matrix
 [[0.    	0.8596	0.    	0.    	0.    ]
 [0.1494	0.    	0.913 	0.    	0.6522]
 [0.    	0.9545	0.    	0.    	0.    ]
 [0.    	0.    	0.    	0.    	0.    ]
 [0.    	0.    	0.    	0.    	0.    ]]
2026-03-19 14:45:24,023 - INFO - Change Type F1 Matrix
 [[0.    	0.9066	0.    	0.    	0.    ]
 [0.2385	0.    	0.9545	0.    	0.3846]
 [0.    	0.9767	0.    	0.    	0.    ]
 [0.    	0.    	0.    	0.    	0.    ]
 [0.    	0.    	0.    	0.    	0.    ]]
2026-03-19 14:45:24,023 - INFO - Epoch 0 saved.
