2026-03-19 14:45:24,087 - INFO - Epoch 0, Train loss: 0.0
2026-03-19 14:45:24,088 - INFO - mIoU: 0.9579; OA: 0.9877; AA: 0.9783; F1: 0.9782; cls_weighted_F1: 0.9877; Kappa: 0.9774;
2026-03-19 14:45:24,088 - INFO - spatial_LccAccuracy: 0.873; spatial_PA: 1.0; spatial_UA: 1.0; spatial_F1: 1.0; weighted_F1: 0.8068
2026-03-19 14:45:24,088 - INFO - temporal_CdAccuracy: 0.873; temporal_PA: 0.9288; temporal_UA: 0.8688; temporal_F1: 0.8978
2026-03-19 14:45:24,088 - INFO - Confusion Matrix
 [1540.	  47.	   0.	   0.	   0.]
 [  46.	1247.	   0.	   0.	   0.]
 [   0.	   0.	   0.	   0.	   0.]
 [   0.	   0.	   0.	   0.	   0.]
 [   0.	   0.	   0.	   0.	4680.]
2026-03-19 14:45:24,089 - INFO - Change Type PA (Recall) Matrix
 [[0.    	0.8958	0.    	0.    	0.    ]
 [0.8387	0.    	0.    	0.    	0.    ]
 [0.    	0.    	0.    	0.    	0.    ]
 [0.    	0.    	0.    	0.    	0.    ]
 [0.    	0.    	0.    	0.    	0.    ]]
2026-03-19 14:45:24,089 - INFO - Change Type UA (Precision) Matrix
 [[0.    	0.7544	0.    	0.    	0.    ]
 [0.7429	0.    	0.    	0.    	0.    ]
 [0.    	0.    	0.    	0.    	0.    ]
 [0.    	0.    	0.    	0.    	0.    ]
 [0.    	0.    	0.    	0.    	0.    ]]
2026-03-19 14:45:24,089 - INFO - Change Type F1 Matrix
 [[0.    	0.819 	0.    	0.    	0.    ]
 [0.7879	0.    	0.    	0.    	0.    ]
 [0.    	0.    	0.    	0.    	0.    ]
 [0.    	0.    	0.    	0.    	0.    ]
 [0.    	0.    	0.    	0.    	0.    ]]
2026-03-19 14:45:24,089 - INFO - Epoch 0 saved.
