2026-03-19 14:45:24,391 - INFO - Epoch 0, Train loss: 0.0
2026-03-19 14:45:24,391 - INFO - mIoU: 0.9376; OA: 0.9893; AA: 0.9905; F1: 0.9668; cls_weighted_F1: 0.9893; Kappa: 0.9812;
2026-03-19 14:45:24,391 - INFO - spatial_LccAccuracy: 0.9086; spatial_PA: 0.9889; spatial_UA: 0.9927; spatial_F1: 0.9908; weighted_F1: 0.9032
2026-03-19 14:45:24,392 - INFO - temporal_CdAccuracy: 0.9169; temporal_PA: 0.9709; temporal_UA: 0.9512; temporal_F1: 0.961
2026-03-19 14:45:24,392 - INFO - Confusion Matrix
 [24733.	   74.	    3.	    3.	    0.]
 [  237.	12615.	  132.	    0.	    0.]
 [    5.	    8.	  927.	    0.	    2.]
 [    0.	    0.	    0.	   21.	    0.]
 [    0.	    0.	    0.	    0.	 4560.]
2026-03-19 14:45:24,392 - INFO - Change Type PA (Recall) Matrix
 [[0.    	0.9301	0.9268	0.8571	0.    ]
 [0.863 	0.    	0.8904	0.    	0.    ]
 [0.    	1.    	0.    	0.    	0.    ]
 [0.    	0.    	0.    	0.    	0.    ]
 [0.    	0.    	0.    	0.    	0.    ]]
2026-03-19 14:45:24,393 - INFO - Change Type UA (Precision) Matrix
 [[0.    	0.9383	0.6441	0.75  	0.    ]
 [0.7975	0.    	0.8904	0.    	0.    ]
 [0.    	0.1667	0.    	0.    	0.    ]
 [0.    	0.    	0.    	0.    	0.    ]
 [0.    	0.    	0.    	0.    	0.    ]]
2026-03-19 14:45:24,394 - INFO - Change Type F1 Matrix
 [[0.    	0.9342	0.76  	0.8   	0.    ]
 [0.8289	0.    	0.8904	0.    	0.    ]
 [0.    	0.2857	0.    	0.    	0.    ]
 [0.    	0.    	0.    	0.    	0.    ]
 [0.    	0.    	0.    	0.    	0.    ]]
2026-03-19 14:45:24,394 - INFO - Epoch 0 saved.
