2026-03-19 14:45:24,673 - INFO - Epoch 0, Train loss: 0.0
2026-03-19 14:45:24,674 - INFO - mIoU: 0.5159; OA: 0.9798; AA: 0.9043; F1: 0.9176; cls_weighted_F1: 0.9799; Kappa: 0.959;
2026-03-19 14:45:24,674 - INFO - spatial_LccAccuracy: 0.8186; spatial_PA: 1.0; spatial_UA: 1.0; spatial_F1: 1.0; weighted_F1: 0.9357
2026-03-19 14:45:24,674 - INFO - temporal_CdAccuracy: 0.8186; temporal_PA: 0.9536; temporal_UA: 0.954; temporal_F1: 0.9538
2026-03-19 14:45:24,674 - INFO - Confusion Matrix
 [14512.	  280.	    0.	    8.	    2.]
 [  315.	21214.	   50.	    0.	    0.]
 [    0.	   85.	  254.	    0.	    0.]
 [    0.	    0.	    0.	    0.	    0.]
 [    0.	    0.	    0.	    0.	    0.]
2026-03-19 14:45:24,674 - INFO - Change Type PA (Recall) Matrix
 [[0.    	0.9521	0.    	0.    	0.    ]
 [0.9205	0.    	0.8727	0.    	0.    ]
 [0.    	0.5625	0.    	0.    	0.    ]
 [0.    	0.    	0.    	0.    	0.    ]
 [0.    	0.    	0.    	0.    	0.    ]]
2026-03-19 14:45:24,674 - INFO - Change Type UA (Precision) Matrix
 [[0.    	0.9498	0.    	0.    	0.    ]
 [0.913 	0.    	0.96  	0.    	0.    ]
 [0.    	0.8182	0.    	0.    	0.    ]
 [0.    	0.    	0.    	0.    	0.    ]
 [0.    	0.    	0.    	0.    	0.    ]]
2026-03-19 14:45:24,675 - INFO - Change Type F1 Matrix
 [[0.    	0.9509	0.    	0.    	0.    ]
 [0.9168	0.    	0.9143	0.    	0.    ]
 [0.    	0.6667	0.    	0.    	0.    ]
 [0.    	0.    	0.    	0.    	0.    ]
 [0.    	0.    	0.    	0.    	0.    ]]
2026-03-19 14:45:24,675 - INFO - Epoch 0 saved.
