2026-03-19 14:45:24,850 - INFO - Epoch 0, Train loss: 0.0
2026-03-19 14:45:24,852 - INFO - mIoU: 0.9747; OA: 0.9956; AA: 0.9878; F1: 0.9871; cls_weighted_F1: 0.9956; Kappa: 0.9859;
2026-03-19 14:45:24,852 - INFO - spatial_LccAccuracy: 0.8997; spatial_PA: 0.9836; spatial_UA: 0.9968; spatial_F1: 0.9901; weighted_F1: 0.9001
2026-03-19 14:45:24,852 - INFO - temporal_CdAccuracy: 0.9051; temporal_PA: 0.991; temporal_UA: 0.9614; temporal_F1: 0.976
2026-03-19 14:45:24,852 - INFO - Confusion Matrix
 [18115.	    3.	    0.	    6.	    0.]
 [   41.	 2684.	    0.	   37.	    0.]
 [    0.	    0.	    0.	    0.	    0.]
 [    2.	    8.	    0.	 1244.	    0.]
 [    0.	    0.	    0.	    0.	    0.]
2026-03-19 14:45:24,854 - INFO - Change Type PA (Recall) Matrix
 [[0.    	0.8407	0.    	0.9795	0.    ]
 [0.4286	0.    	0.    	0.    	0.    ]
 [0.    	0.    	0.    	0.    	0.    ]
 [0.    	0.9643	0.    	0.    	0.    ]
 [0.    	0.    	0.    	0.    	0.    ]]
2026-03-19 14:45:24,854 - INFO - Change Type UA (Precision) Matrix
 [[0.    	0.9596	0.    	0.8925	0.    ]
 [0.4286	0.    	0.    	0.    	0.    ]
 [0.    	0.    	0.    	0.    	0.    ]
 [0.    	0.8   	0.    	0.    	0.    ]
 [0.    	0.    	0.    	0.    	0.    ]]
2026-03-19 14:45:24,856 - INFO - Change Type F1 Matrix
 [[0.    	0.8962	0.    	0.934 	0.    ]
 [0.4286	0.    	0.    	0.    	0.    ]
 [0.    	0.    	0.    	0.    	0.    ]
 [0.    	0.8745	0.    	0.    	0.    ]
 [0.    	0.    	0.    	0.    	0.    ]]
2026-03-19 14:45:24,856 - INFO - Epoch 0 saved.
