2026-03-19 14:45:24,965 - INFO - Epoch 0, Train loss: 0.0
2026-03-19 14:45:24,966 - INFO - mIoU: 0.9473; OA: 0.9717; AA: 0.9739; F1: 0.9728; cls_weighted_F1: 0.9717; Kappa: 0.9525;
2026-03-19 14:45:24,966 - INFO - spatial_LccAccuracy: 0.7913; spatial_PA: 0.9623; spatial_UA: 0.989; spatial_F1: 0.9754; weighted_F1: 0.8924
2026-03-19 14:45:24,966 - INFO - temporal_CdAccuracy: 0.7913; temporal_PA: 0.9422; temporal_UA: 0.9004; temporal_F1: 0.9208
2026-03-19 14:45:24,967 - INFO - Confusion Matrix
 [6001.	 152.	   2.	  10.	   0.]
 [ 141.	5965.	  33.	   0.	   0.]
 [   2.	  49.	1030.	   0.	   0.]
 [   1.	   0.	   0.	 414.	   0.]
 [   0.	   0.	   0.	   0.	   0.]
2026-03-19 14:45:24,968 - INFO - Change Type PA (Recall) Matrix
 [[0.    	0.9444	0.    	0.9744	0.    ]
 [0.9677	0.    	0.7931	0.    	0.    ]
 [1.    	0.9756	0.    	0.    	0.    ]
 [0.    	0.    	0.    	0.    	0.    ]
 [0.    	0.    	0.    	0.    	0.    ]]
2026-03-19 14:45:24,969 - INFO - Change Type UA (Precision) Matrix
 [[0.    	0.8608	0.    	0.9744	0.    ]
 [0.7317	0.    	0.7931	0.    	0.    ]
 [1.    	0.9524	0.    	0.    	0.    ]
 [0.    	0.    	0.    	0.    	0.    ]
 [0.    	0.    	0.    	0.    	0.    ]]
2026-03-19 14:45:24,970 - INFO - Change Type F1 Matrix
 [[0.    	0.9007	0.    	0.9744	0.    ]
 [0.8333	0.    	0.7931	0.    	0.    ]
 [1.    	0.9639	0.    	0.    	0.    ]
 [0.    	0.    	0.    	0.    	0.    ]
 [0.    	0.    	0.    	0.    	0.    ]]
2026-03-19 14:45:24,970 - INFO - Epoch 0 saved.
