2026-01-29 17:02:09,997 - INFO - Epoch 0, Train loss: 0.0
2026-01-29 17:02:09,998 - INFO - mIoU: 0.7605; OA: 0.9934; AA: 0.9631; F1: 0.9732; Kappa: 0.9888;
2026-01-29 17:02:09,998 - INFO - spatial_LccAccuracy: 0.9294; spatial_PA: 1.0; spatial_UA: 1.0; spatial_F1: 1.0; weighted_F1: 0.9439
2026-01-29 17:02:09,998 - INFO - temporal_CdAccuracy: 0.943; temporal_PA: 0.9697; temporal_UA: 0.9719; temporal_F1: 0.9708
2026-01-29 17:02:09,998 - INFO - Confusion Matrix
 [23286.	   71.	    3.	    4.	    0.]
 [   82.	15442.	   29.	    0.	    0.]
 [    2.	   99.	  641.	    1.	    0.]
 [    0.	    0.	    0.	    0.	    0.]
 [    0.	    0.	    0.	    0.	 4560.]
2026-01-29 17:02:10,000 - INFO - Change Type PA (Recall) Matrix
 [[0.    	0.9747	0.7273	0.    	0.    ]
 [0.8987	0.    	0.8947	0.    	0.    ]
 [0.    	0.    	0.    	0.    	0.    ]
 [0.    	0.    	0.    	0.    	0.    ]
 [0.    	0.    	0.    	0.    	0.    ]]
2026-01-29 17:02:10,000 - INFO - Change Type UA (Precision) Matrix
 [[0.    	0.9606	0.8649	0.    	0.    ]
 [0.9342	0.    	0.8718	0.    	0.    ]
 [0.    	0.    	0.    	0.    	0.    ]
 [0.    	0.    	0.    	0.    	0.    ]
 [0.    	0.    	0.    	0.    	0.    ]]
2026-01-29 17:02:10,001 - INFO - Change Type F1 Matrix
 [[0.    	0.9676	0.7901	0.    	0.    ]
 [0.9161	0.    	0.8831	0.    	0.    ]
 [0.    	0.    	0.    	0.    	0.    ]
 [0.    	0.    	0.    	0.    	0.    ]
 [0.    	0.    	0.    	0.    	0.    ]]
2026-01-29 17:02:10,001 - INFO - Epoch 0 saved.
