2026-01-29 17:02:10,281 - INFO - Epoch 0, Train loss: 0.0
2026-01-29 17:02:10,282 - INFO - mIoU: 0.6357; OA: 0.9829; AA: 0.9013; F1: 0.9078; Kappa: 0.9636;
2026-01-29 17:02:10,282 - INFO - spatial_LccAccuracy: 0.8477; spatial_PA: 0.9815; spatial_UA: 0.9815; spatial_F1: 0.9815; weighted_F1: 0.9452
2026-01-29 17:02:10,283 - INFO - temporal_CdAccuracy: 0.8495; temporal_PA: 0.9568; temporal_UA: 0.9555; temporal_F1: 0.9561
2026-01-29 17:02:10,283 - INFO - Confusion Matrix
 [11773.	  325.	    0.	    0.	    0.]
 [  173.	20270.	   28.	    0.	    0.]
 [    0.	   33.	   97.	    0.	    1.]
 [    0.	    0.	    0.	    0.	    0.]
 [    0.	    0.	    0.	    0.	    0.]
2026-01-29 17:02:10,284 - INFO - Change Type PA (Recall) Matrix
 [[0.    	0.9577	0.    	0.    	0.    ]
 [0.9317	0.    	0.6   	0.    	0.    ]
 [0.    	0.    	0.    	0.    	0.    ]
 [0.    	0.    	0.    	0.    	0.    ]
 [0.    	0.    	0.    	0.    	0.    ]]
2026-01-29 17:02:10,284 - INFO - Change Type UA (Precision) Matrix
 [[0.    	0.9632	0.    	0.    	0.    ]
 [0.9231	0.    	0.4286	0.    	0.    ]
 [0.    	0.    	0.    	0.    	0.    ]
 [0.    	0.    	0.    	0.    	0.    ]
 [0.    	0.    	0.    	0.    	0.    ]]
2026-01-29 17:02:10,285 - INFO - Change Type F1 Matrix
 [[0.    	0.9605	0.    	0.    	0.    ]
 [0.9274	0.    	0.5   	0.    	0.    ]
 [0.    	0.    	0.    	0.    	0.    ]
 [0.    	0.    	0.    	0.    	0.    ]
 [0.    	0.    	0.    	0.    	0.    ]]
2026-01-29 17:02:10,285 - INFO - Epoch 0 saved.
