2026-01-29 17:02:10,594 - INFO - Epoch 0, Train loss: 0.0
2026-01-29 17:02:10,594 - INFO - mIoU: 0.9413; OA: 0.9736; AA: 0.9693; F1: 0.9693; Kappa: 0.9514;
2026-01-29 17:02:10,595 - INFO - spatial_LccAccuracy: 0.8482; spatial_PA: 1.0; spatial_UA: 1.0; spatial_F1: 1.0; weighted_F1: 0.8846
2026-01-29 17:02:10,595 - INFO - temporal_CdAccuracy: 0.8482; temporal_PA: 0.9606; temporal_UA: 0.9084; temporal_F1: 0.9338
2026-01-29 17:02:10,595 - INFO - Confusion Matrix
 [7028.	 140.	   1.	   2.	   0.]
 [ 136.	5362.	  32.	   0.	   0.]
 [   0.	  44.	 564.	   0.	   0.]
 [   0.	   0.	   0.	 131.	   0.]
 [   0.	   0.	   0.	   0.	   0.]
2026-01-29 17:02:10,596 - INFO - Change Type PA (Recall) Matrix
 [[0.    	0.9722	0.5   	1.    	0.    ]
 [0.9565	0.    	0.7632	0.    	0.    ]
 [0.    	1.    	0.    	0.    	0.    ]
 [0.    	0.    	0.    	0.    	0.    ]
 [0.    	0.    	0.    	0.    	0.    ]]
2026-01-29 17:02:10,597 - INFO - Change Type UA (Precision) Matrix
 [[0.    	0.8838	1.    	1.    	0.    ]
 [0.6667	0.    	0.7838	0.    	0.    ]
 [0.    	0.8261	0.    	0.    	0.    ]
 [0.    	0.    	0.    	0.    	0.    ]
 [0.    	0.    	0.    	0.    	0.    ]]
2026-01-29 17:02:10,598 - INFO - Change Type F1 Matrix
 [[0.    	0.9259	0.6667	1.    	0.    ]
 [0.7857	0.    	0.7733	0.    	0.    ]
 [0.    	0.9048	0.    	0.    	0.    ]
 [0.    	0.    	0.    	0.    	0.    ]
 [0.    	0.    	0.    	0.    	0.    ]]
2026-01-29 17:02:10,598 - INFO - Epoch 0 saved.
